Erreur dans le fichier ./CSV3\bulletins\bulletins_propres\table_page_1.csv: En-tête '1001Base' introuvable.
Erreur dans le fichier ./CSV3\bulletins\bulletins_propres\table_page_1.csv: En-tête '1046Base' introuvable.
Erreur dans le fichier ./CSV3\bulletins\bulletins_propres\table_page_1.csv: En-tête 'Base' introuvable.
Erreur dans le fichier ./CSV3\bulletins\bulletins_propres\table_page_1.csv: En-tête '2012Base' introuvable.
Erreur dans le fichier ./CSV3\bulletins\bulletins_propres\table_page_1.csv: En-tête 'Base' introuvable.
Erreur dans le fichier ./CSV3\bulletins\bulletins_propres\table_page_1.csv: En-tête '2018Base' introuvable.
Erreur dans le fichier ./CSV3\bulletins\bulletins_propres\table_page_1.csv: En-tête '2068Base' introuvable.
Erreur dans le fichier ./CSV3\bulletins\bulletins_propres\table_page_1.csv: En-tête '2078Base' introuvable.
Erreur dans le fichier ./CSV3\bulletins\bulletins_propres\table_page_1.csv: En-tête '3350Base' introuvable.
Erreur dans le fichier ./CSV3\bulletins\bulletins_propres\table_page_1.csv: En-tête '3355Base' introuvable.
Erreur dans le fichier ./CSV3\bulletins\bulletins_propres\table_page_1.csv: En-tête '3B80Base' introuvable.
Erreur dans le fichier ./CSV3\bulletins\bulletins_propres\table_page_1.csv: En-tête '3B82Base' introuvable.
Erreur dans le fichier ./CSV3\bulletins\bulletins_propres\table_page_1.csv: En-tête 'Base' introuvable.
Erreur dans le fichier ./CSV3\bulletins\bulletins_propres\table_page_1.csv: En-tête 'TOTAL BRUTBase' introuvable.
Erreur dans le fichier ./CSV3\bulletins\bulletins_propres\table_page_1.csv: En-tête '60F2Base' introuvable.
Erreur dans le fichier ./CSV3\bulletins\bulletins_propres\table_page_1.csv: En-tête '7001Base' introuvable.
Erreur dans le fichier ./CSV3\bulletins\bulletins_propres\table_page_1.csv: En-tête '7010Base' introuvable.
Erreur dans le fichier ./CSV3\bulletins\bulletins_propres\table_page_1.csv: En-tête '7015Base' introuvable.
Erreur dans le fichier ./CSV3\bulletins\bulletins_propres\table_page_1.csv: En-tête 'Base' introuvable.
Erreur dans le fichier ./CSV3\bulletins\bulletins_propres\table_page_1.csv: En-tête '7020Base' introuvable.
Erreur dans le fichier ./CSV3\bulletins\bulletins_propres\table_page_1.csv: En-tête 'Base' introuvable.
Erreur dans le fichier ./CSV3\bulletins\bulletins_propres\table_page_1.csv: En-tête '7030Base' introuvable.
Erreur dans le fichier ./CSV3\bulletins\bulletins_propres\table_page_1.csv: En-tête 'Base' introuvable.
Erreur dans le fichier ./CSV3\bulletins\bulletins_propres\table_page_1.csv: En-tête '7035Base' introuvable.
Erreur dans le fichier ./CSV3\bulletins\bulletins_propres\table_page_1.csv: En-tête 'Base' introuvable.
Erreur dans le fichier ./CSV3\bulletins\bulletins_propres\table_page_1.csv: En-tête '7040Base' introuvable.
Erreur dans le fichier ./CSV3\bulletins\bulletins_propres\table_page_1.csv: En-tête '7045Base' introuvable.
Erreur dans le fichier ./CSV3\bulletins\bulletins_propres\table_page_1.csv: En-tête '7050Base' introuvable.
Erreur dans le fichier ./CSV3\bulletins\bulletins_propres\table_page_1.csv: En-tête '7055Base' introuvable.
Erreur dans le fichier ./CSV3\bulletins\bulletins_propres\table_page_1.csv: En-tête '7C00Base' introuvable.
Erreur dans le fichier ./CSV3\bulletins\bulletins_propres\table_page_1.csv: En-tête '7C20Base' introuvable.
Erreur dans le fichier ./CSV3\bulletins\bulletins_propres\table_page_1.csv: En-tête '7M03Base' introuvable.
Erreur dans le fichier ./CSV3\bulletins\bulletins_propres\table_page_1.csv: En-tête '7P10Base' introuvable.
Erreur dans le fichier ./CSV3\bulletins\bulletins_propres\table_page_1.csv: En-tête '7R56Base' introuvable.
Erreur dans le fichier ./CSV3\bulletins\bulletins_propres\table_page_1.csv: En-tête '7R63Base' introuvable.
Erreur dans le fichier ./CSV3\bulletins\bulletins_propres\table_page_1.csv: En-tête '7T00Base' introuvable.
Erreur dans le fichier ./CSV3\bulletins\bulletins_propres\table_page_1.csv: En-tête 'Base' introuvable.
Erreur dans le fichier ./CSV3\bulletins\bulletins_propres\table_page_1.csv: En-tête '7T02Base' introuvable.
Erreur dans le fichier ./CSV3\bulletins\bulletins_propres\table_page_1.csv: En-tête 'Base' introuvable.
Erreur dans le fichier ./CSV3\bulletins\bulletins_propres\table_page_1.csv: En-tête '7T05Base' introuvable.
Erreur dans le fichier ./CSV3\bulletins\bulletins_propres\table_page_1.csv: En-tête '7T10Base' introuvable.
Erreur dans le fichier ./CSV3\bulletins\bulletins_propres\table_page_1.csv: En-tête '7T15Base' introuvable.
Erreur dans le fichier ./CSV3\bulletins\bulletins_propres\table_page_1.csv: En-tête '7T20Base' introuvable.
Erreur dans le fichier ./CSV3\bulletins\bulletins_propres\table_page_1.csv: En-tête '6082Base' introuvable.
Erreur dans le fichier ./CSV3\bulletins\bulletins_propres\table_page_1.csv: En-tête '6094Base' introuvable.
Erreur dans le fichier ./CSV3\bulletins\bulletins_propres\table_page_1.csv: En-tête 'Total Charges Ded.Base' introuvable.
Erreur dans le fichier ./CSV3\bulletins\bulletins_propres\table_page_1.csv: En-tête '6080Base' introuvable.
Erreur dans le fichier ./CSV3\bulletins\bulletins_propres\table_page_1.csv: En-tête '6084Base' introuvable.
Erreur dans le fichier ./CSV3\bulletins\bulletins_propres\table_page_1.csv: En-tête '6092Base' introuvable.
Erreur dans le fichier ./CSV3\bulletins\bulletins_propres\table_page_1.csv: En-tête '6096Base' introuvable.
Erreur dans le fichier ./CSV3\bulletins\bulletins_propres\table_page_1.csv: En-tête '60F1Base' introuvable.
Erreur dans le fichier ./CSV3\bulletins\bulletins_propres\table_page_1.csv: En-tête '60F3Base' introuvable.
Erreur dans le fichier ./CSV3\bulletins\bulletins_propres\table_page_1.csv: En-tête '60F4Base' introuvable.
Erreur dans le fichier ./CSV3\bulletins\bulletins_propres\table_page_1.csv: En-tête '60F8Base' introuvable.
Erreur dans le fichier ./CSV3\bulletins\bulletins_propres\table_page_1.csv: En-tête '60F9Base' introuvable.
Erreur dans le fichier ./CSV3\bulletins\bulletins_propres\table_page_1.csv: En-tête 'Total Charges Non Ded.Base' introuvable.
Erreur dans le fichier ./CSV3\bulletins\bulletins_propres\table_page_1.csv: En-tête '8009Base' introuvable.
Erreur dans le fichier ./CSV3\bulletins\bulletins_propres\table_page_1.csv: En-tête '8010Base' introuvable.
Erreur dans le fichier ./CSV3\bulletins\bulletins_propres\table_page_1.csv: En-tête '8007Base' introuvable.
Erreur dans le fichier ./CSV3\bulletins\bulletins_propres\table_page_101.csv: En-tête '1002Base' introuvable.
Erreur dans le fichier ./CSV3\bulletins\bulletins_propres\table_page_101.csv: En-tête '2012Base' introuvable.
Erreur dans le fichier ./CSV3\bulletins\bulletins_propres\table_page_101.csv: En-tête '2068Base' introuvable.
Erreur dans le fichier ./CSV3\bulletins\bulletins_propres\table_page_101.csv: En-tête 'TOTAL BRUTBase' introuvable.
Erreur dans le fichier ./CSV3\bulletins\bulletins_propres\table_page_101.csv: En-tête '7001Base' introuvable.
Erreur dans le fichier ./CSV3\bulletins\bulletins_propres\table_page_101.csv: En-tête 'Base' introuvable.
Erreur dans le fichier ./CSV3\bulletins\bulletins_propres\table_page_101.csv: En-tête '7002Base' introuvable.
Erreur dans le fichier ./CSV3\bulletins\bulletins_propres\table_page_101.csv: En-tête '7010Base' introuvable.
Erreur dans le fichier ./CSV3\bulletins\bulletins_propres\table_page_101.csv: En-tête '7015Base' introuvable.
Erreur dans le fichier ./CSV3\bulletins\bulletins_propres\table_page_101.csv: En-tête '7020Base' introuvable.
Erreur dans le fichier ./CSV3\bulletins\bulletins_propres\table_page_101.csv: En-tête '7030Base' introuvable.
Erreur dans le fichier ./CSV3\bulletins\bulletins_propres\table_page_101.csv: En-tête '7035Base' introuvable.
Erreur dans le fichier ./CSV3\bulletins\bulletins_propres\table_page_101.csv: En-tête '7040Base' introuvable.
Erreur dans le fichier ./CSV3\bulletins\bulletins_propres\table_page_101.csv: En-tête '7045Base' introuvable.
Erreur dans le fichier ./CSV3\bulletins\bulletins_propres\table_page_101.csv: En-tête '7050Base' introuvable.
Erreur dans le fichier ./CSV3\bulletins\bulletins_propres\table_page_101.csv: En-tête '7055Base' introuvable.
Erreur dans le fichier ./CSV3\bulletins\bulletins_propres\table_page_101.csv: En-tête '7C00Base' introuvable.
Erreur dans le fichier ./CSV3\bulletins\bulletins_propres\table_page_101.csv: En-tête '7C10Base' introuvable.
Erreur dans le fichier ./CSV3\bulletins\bulletins_propres\table_page_101.csv: En-tête '7C20Base' introuvable.
Erreur dans le fichier ./CSV3\bulletins\bulletins_propres\table_page_101.csv: En-tête '7M05Base' introuvable.
Erreur dans le fichier ./CSV3\bulletins\bulletins_propres\table_page_101.csv: En-tête '7P20Base' introuvable.
Erreur dans le fichier ./CSV3\bulletins\bulletins_propres\table_page_101.csv: En-tête 'Base' introuvable.
Erreur dans le fichier ./CSV3\bulletins\bulletins_propres\table_page_101.csv: En-tête '7P25Base' introuvable.
Erreur dans le fichier ./CSV3\bulletins\bulletins_propres\table_page_101.csv: En-tête '7R44Base' introuvable.
Erreur dans le fichier ./CSV3\bulletins\bulletins_propres\table_page_101.csv: En-tête '7R45Base' introuvable.
Erreur dans le fichier ./CSV3\bulletins\bulletins_propres\table_page_101.csv: En-tête '7R53Base' introuvable.
Erreur dans le fichier ./CSV3\bulletins\bulletins_propres\table_page_101.csv: En-tête '7R54Base' introuvable.
Erreur dans le fichier ./CSV3\bulletins\bulletins_propres\table_page_101.csv: En-tête '7R63Base' introuvable.
Erreur dans le fichier ./CSV3\bulletins\bulletins_propres\table_page_101.csv: En-tête '7R64Base' introuvable.
Erreur dans le fichier ./CSV3\bulletins\bulletins_propres\table_page_101.csv: En-tête '7R70Base' introuvable.
Erreur dans le fichier ./CSV3\bulletins\bulletins_propres\table_page_101.csv: En-tête '7R71Base' introuvable.
Erreur dans le fichier ./CSV3\bulletins\bulletins_propres\table_page_101.csv: En-tête '7T00Base' introuvable.
Erreur dans le fichier ./CSV3\bulletins\bulletins_propres\table_page_101.csv: En-tête '7T02Base' introuvable.
Erreur dans le fichier ./CSV3\bulletins\bulletins_propres\table_page_101.csv: En-tête '7T05Base' introuvable.
Erreur dans le fichier ./CSV3\bulletins\bulletins_propres\table_page_101.csv: En-tête '7T10Base' introuvable.
Erreur dans le fichier ./CSV3\bulletins\bulletins_propres\table_page_101.csv: En-tête '7T15Base' introuvable.
Erreur dans le fichier ./CSV3\bulletins\bulletins_propres\table_page_101.csv: En-tête '7T20Base' introuvable.
Erreur dans le fichier ./CSV3\bulletins\bulletins_propres\table_page_101.csv: En-tête '6082Base' introuvable.
Erreur dans le fichier ./CSV3\bulletins\bulletins_propres\table_page_101.csv: En-tête '6094Base' introuvable.
Erreur dans le fichier ./CSV3\bulletins\bulletins_propres\table_page_101.csv: En-tête 'Total Charges Ded.Base' introuvable.
Erreur dans le fichier ./CSV3\bulletins\bulletins_propres\table_page_101.csv: En-tête '6080Base' introuvable.
Erreur dans le fichier ./CSV3\bulletins\bulletins_propres\table_page_101.csv: En-tête '6084Base' introuvable.
Erreur dans le fichier ./CSV3\bulletins\bulletins_propres\table_page_101.csv: En-tête '6092Base' introuvable.
Erreur dans le fichier ./CSV3\bulletins\bulletins_propres\table_page_101.csv: En-tête '6096Base' introuvable.
Erreur dans le fichier ./CSV3\bulletins\bulletins_propres\table_page_101.csv: En-tête 'Total Charges Non Ded.Base' introuvable.
Erreur dans le fichier ./CSV3\bulletins\bulletins_propres\table_page_101.csv: En-tête '8009Base' introuvable.
Erreur dans le fichier ./CSV3\bulletins\bulletins_propres\table_page_101.csv: En-tête '8010Base' introuvable.
Erreur dans le fichier ./CSV3\bulletins\bulletins_propres\table_page_101.csv: En-tête '8007Base' introuvable.
Erreur dans le fichier ./CSV3\bulletins\bulletins_propres\table_page_103.csv: En-tête '1001Base' introuvable.
Erreur dans le fichier ./CSV3\bulletins\bulletins_propres\table_page_103.csv: En-tête '1046Base' introuvable.
Erreur dans le fichier ./CSV3\bulletins\bulletins_propres\table_page_103.csv: En-tête 'Base' introuvable.
Erreur dans le fichier ./CSV3\bulletins\bulletins_propres\table_page_103.csv: En-tête '2012Base' introuvable.
Erreur dans le fichier ./CSV3\bulletins\bulletins_propres\table_page_103.csv: En-tête 'Base' introuvable.
Erreur dans le fichier ./CSV3\bulletins\bulletins_propres\table_page_103.csv: En-tête '2018Base' introuvable.
Erreur dans le fichier ./CSV3\bulletins\bulletins_propres\table_page_103.csv: En-tête '2068Base' introuvable.
Erreur dans le fichier ./CSV3\bulletins\bulletins_propres\table_page_103.csv: En-tête '2078Base' introuvable.
Erreur dans le fichier ./CSV3\bulletins\bulletins_propres\table_page_103.csv: En-tête '2084Base' introuvable.
Erreur dans le fichier ./CSV3\bulletins\bulletins_propres\table_page_103.csv: En-tête 'Base' introuvable.
Erreur dans le fichier ./CSV3\bulletins\bulletins_propres\table_page_103.csv: En-tête 'TOTAL BRUTBase' introuvable.
Erreur dans le fichier ./CSV3\bulletins\bulletins_propres\table_page_103.csv: En-tête '7001Base' introuvable.
Erreur dans le fichier ./CSV3\bulletins\bulletins_propres\table_page_103.csv: En-tête '7010Base' introuvable.
Erreur dans le fichier ./CSV3\bulletins\bulletins_propres\table_page_103.csv: En-tête '7015Base' introuvable.
Erreur dans le fichier ./CSV3\bulletins\bulletins_propres\table_page_103.csv: En-tête '7020Base' introuvable.
Erreur dans le fichier ./CSV3\bulletins\bulletins_propres\table_page_103.csv: En-tête '7030Base' introuvable.
Erreur dans le fichier ./CSV3\bulletins\bulletins_propres\table_page_103.csv: En-tête '7035Base' introuvable.
Erreur dans le fichier ./CSV3\bulletins\bulletins_propres\table_page_103.csv: En-tête '7040Base' introuvable.
Erreur dans le fichier ./CSV3\bulletins\bulletins_propres\table_page_103.csv: En-tête 'Base' introuvable.
Erreur dans le fichier ./CSV3\bulletins\bulletins_propres\table_page_103.csv: En-tête '7045Base' introuvable.
Erreur dans le fichier ./CSV3\bulletins\bulletins_propres\table_page_103.csv: En-tête 'Base' introuvable.
Erreur dans le fichier ./CSV3\bulletins\bulletins_propres\table_page_103.csv: En-tête '7050Base' introuvable.
Erreur dans le fichier ./CSV3\bulletins\bulletins_propres\table_page_103.csv: En-tête 'Base' introuvable.
Erreur dans le fichier ./CSV3\bulletins\bulletins_propres\table_page_103.csv: En-tête '7055Base' introuvable.
Erreur dans le fichier ./CSV3\bulletins\bulletins_propres\table_page_103.csv: En-tête 'Base' introuvable.
Erreur dans le fichier ./CSV3\bulletins\bulletins_propres\table_page_103.csv: En-tête '7C00Base' introuvable.
Erreur dans le fichier ./CSV3\bulletins\bulletins_propres\table_page_103.csv: En-tête '7C20Base' introuvable.
Erreur dans le fichier ./CSV3\bulletins\bulletins_propres\table_page_103.csv: En-tête '7M03Base' introuvable.
Erreur dans le fichier ./CSV3\bulletins\bulletins_propres\table_page_103.csv: En-tête '7P10Base' introuvable.
Erreur dans le fichier ./CSV3\bulletins\bulletins_propres\table_page_103.csv: En-tête '7R56Base' introuvable.
Erreur dans le fichier ./CSV3\bulletins\bulletins_propres\table_page_103.csv: En-tête '7R63Base' introuvable.
Erreur dans le fichier ./CSV3\bulletins\bulletins_propres\table_page_103.csv: En-tête '7T00Base' introuvable.
Erreur dans le fichier ./CSV3\bulletins\bulletins_propres\table_page_103.csv: En-tête '7T02Base' introuvable.
Erreur dans le fichier ./CSV3\bulletins\bulletins_propres\table_page_103.csv: En-tête '7T05Base' introuvable.
Erreur dans le fichier ./CSV3\bulletins\bulletins_propres\table_page_103.csv: En-tête '7T10Base' introuvable.
Erreur dans le fichier ./CSV3\bulletins\bulletins_propres\table_page_103.csv: En-tête '7T15Base' introuvable.
Erreur dans le fichier ./CSV3\bulletins\bulletins_propres\table_page_103.csv: En-tête 'Base' introuvable.
Erreur dans le fichier ./CSV3\bulletins\bulletins_propres\table_page_103.csv: En-tête '7T20Base' introuvable.
Erreur dans le fichier ./CSV3\bulletins\bulletins_propres\table_page_103.csv: En-tête '6082Base' introuvable.
Erreur dans le fichier ./CSV3\bulletins\bulletins_propres\table_page_103.csv: En-tête '6094Base' introuvable.
Erreur dans le fichier ./CSV3\bulletins\bulletins_propres\table_page_103.csv: En-tête 'Total Charges Ded.Base' introuvable.
Erreur dans le fichier ./CSV3\bulletins\bulletins_propres\table_page_103.csv: En-tête '6080Base' introuvable.
Erreur dans le fichier ./CSV3\bulletins\bulletins_propres\table_page_103.csv: En-tête '6084Base' introuvable.
Erreur dans le fichier ./CSV3\bulletins\bulletins_propres\table_page_103.csv: En-tête '6092Base' introuvable.
Erreur dans le fichier ./CSV3\bulletins\bulletins_propres\table_page_103.csv: En-tête '6096Base' introuvable.
Erreur dans le fichier ./CSV3\bulletins\bulletins_propres\table_page_103.csv: En-tête 'Total Charges Non Ded.Base' introuvable.
Erreur dans le fichier ./CSV3\bulletins\bulletins_propres\table_page_103.csv: En-tête '8009Base' introuvable.
Erreur dans le fichier ./CSV3\bulletins\bulletins_propres\table_page_103.csv: En-tête '8010Base' introuvable.
Erreur dans le fichier ./CSV3\bulletins\bulletins_propres\table_page_103.csv: En-tête '8007Base' introuvable.
Erreur dans le fichier ./CSV3\bulletins\bulletins_propres\table_page_105.csv: En-tête '1001Base' introuvable.
Erreur dans le fichier ./CSV3\bulletins\bulletins_propres\table_page_105.csv: En-tête '2012Base' introuvable.
Erreur dans le fichier ./CSV3\bulletins\bulletins_propres\table_page_105.csv: En-tête 'Base' introuvable.
Erreur dans le fichier ./CSV3\bulletins\bulletins_propres\table_page_105.csv: En-tête '2068Base' introuvable.
Erreur dans le fichier ./CSV3\bulletins\bulletins_propres\table_page_105.csv: En-tête 'Base' introuvable.
Erreur dans le fichier ./CSV3\bulletins\bulletins_propres\table_page_105.csv: En-tête '3310Base' introuvable.
Erreur dans le fichier ./CSV3\bulletins\bulletins_propres\table_page_105.csv: En-tête '3315Base' introuvable.
Erreur dans le fichier ./CSV3\bulletins\bulletins_propres\table_page_105.csv: En-tête '3404Base' introuvable.
Erreur dans le fichier ./CSV3\bulletins\bulletins_propres\table_page_105.csv: En-tête '3406Base' introuvable.
Erreur dans le fichier ./CSV3\bulletins\bulletins_propres\table_page_105.csv: En-tête 'Base' introuvable.
Erreur dans le fichier ./CSV3\bulletins\bulletins_propres\table_page_105.csv: En-tête 'TOTAL BRUTBase' introuvable.
Erreur dans le fichier ./CSV3\bulletins\bulletins_propres\table_page_105.csv: En-tête '7001Base' introuvable.
Erreur dans le fichier ./CSV3\bulletins\bulletins_propres\table_page_105.csv: En-tête '7010Base' introuvable.
Erreur dans le fichier ./CSV3\bulletins\bulletins_propres\table_page_105.csv: En-tête '7015Base' introuvable.
Erreur dans le fichier ./CSV3\bulletins\bulletins_propres\table_page_105.csv: En-tête '7020Base' introuvable.
Erreur dans le fichier ./CSV3\bulletins\bulletins_propres\table_page_105.csv: En-tête '7030Base' introuvable.
Erreur dans le fichier ./CSV3\bulletins\bulletins_propres\table_page_105.csv: En-tête '7035Base' introuvable.
Erreur dans le fichier ./CSV3\bulletins\bulletins_propres\table_page_105.csv: En-tête '7040Base' introuvable.
Erreur dans le fichier ./CSV3\bulletins\bulletins_propres\table_page_105.csv: En-tête 'Base' introuvable.
Erreur dans le fichier ./CSV3\bulletins\bulletins_propres\table_page_105.csv: En-tête '7045Base' introuvable.
Erreur dans le fichier ./CSV3\bulletins\bulletins_propres\table_page_105.csv: En-tête 'Base' introuvable.
Erreur dans le fichier ./CSV3\bulletins\bulletins_propres\table_page_105.csv: En-tête '7050Base' introuvable.
Erreur dans le fichier ./CSV3\bulletins\bulletins_propres\table_page_105.csv: En-tête 'Base' introuvable.
Erreur dans le fichier ./CSV3\bulletins\bulletins_propres\table_page_105.csv: En-tête '7055Base' introuvable.
Erreur dans le fichier ./CSV3\bulletins\bulletins_propres\table_page_105.csv: En-tête 'Base' introuvable.
Erreur dans le fichier ./CSV3\bulletins\bulletins_propres\table_page_105.csv: En-tête '7C00Base' introuvable.
Erreur dans le fichier ./CSV3\bulletins\bulletins_propres\table_page_105.csv: En-tête '7C20Base' introuvable.
Erreur dans le fichier ./CSV3\bulletins\bulletins_propres\table_page_105.csv: En-tête '7M05Base' introuvable.
Erreur dans le fichier ./CSV3\bulletins\bulletins_propres\table_page_105.csv: En-tête '7P20Base' introuvable.
Erreur dans le fichier ./CSV3\bulletins\bulletins_propres\table_page_105.csv: En-tête '7R44Base' introuvable.
Erreur dans le fichier ./CSV3\bulletins\bulletins_propres\table_page_105.csv: En-tête '7R53Base' introuvable.
Erreur dans le fichier ./CSV3\bulletins\bulletins_propres\table_page_105.csv: En-tête '7R63Base' introuvable.
Erreur dans le fichier ./CSV3\bulletins\bulletins_propres\table_page_105.csv: En-tête '7T00Base' introuvable.
Erreur dans le fichier ./CSV3\bulletins\bulletins_propres\table_page_105.csv: En-tête '7T02Base' introuvable.
Erreur dans le fichier ./CSV3\bulletins\bulletins_propres\table_page_105.csv: En-tête '7T05Base' introuvable.
Erreur dans le fichier ./CSV3\bulletins\bulletins_propres\table_page_105.csv: En-tête '7T10Base' introuvable.
Erreur dans le fichier ./CSV3\bulletins\bulletins_propres\table_page_105.csv: En-tête 'Base' introuvable.
Erreur dans le fichier ./CSV3\bulletins\bulletins_propres\table_page_105.csv: En-tête '7T15Base' introuvable.
Erreur dans le fichier ./CSV3\bulletins\bulletins_propres\table_page_105.csv: En-tête 'Base' introuvable.
Erreur dans le fichier ./CSV3\bulletins\bulletins_propres\table_page_105.csv: En-tête '7T20Base' introuvable.
Erreur dans le fichier ./CSV3\bulletins\bulletins_propres\table_page_105.csv: En-tête 'Base' introuvable.
Erreur dans le fichier ./CSV3\bulletins\bulletins_propres\table_page_105.csv: En-tête '6082Base' introuvable.
Erreur dans le fichier ./CSV3\bulletins\bulletins_propres\table_page_105.csv: En-tête '6094Base' introuvable.
Erreur dans le fichier ./CSV3\bulletins\bulletins_propres\table_page_105.csv: En-tête 'Total Charges Ded.Base' introuvable.
Erreur dans le fichier ./CSV3\bulletins\bulletins_propres\table_page_105.csv: En-tête '6080Base' introuvable.
Erreur dans le fichier ./CSV3\bulletins\bulletins_propres\table_page_105.csv: En-tête '6084Base' introuvable.
Erreur dans le fichier ./CSV3\bulletins\bulletins_propres\table_page_105.csv: En-tête '6092Base' introuvable.
Erreur dans le fichier ./CSV3\bulletins\bulletins_propres\table_page_105.csv: En-tête '6096Base' introuvable.
Erreur dans le fichier ./CSV3\bulletins\bulletins_propres\table_page_105.csv: En-tête 'Total Charges Non Ded.Base' introuvable.
Erreur dans le fichier ./CSV3\bulletins\bulletins_propres\table_page_105.csv: En-tête '8009Base' introuvable.
Erreur dans le fichier ./CSV3\bulletins\bulletins_propres\table_page_105.csv: En-tête '8010Base' introuvable.
Erreur dans le fichier ./CSV3\bulletins\bulletins_propres\table_page_105.csv: En-tête '/S11Saisie alimentaireBase' introuvable.
Erreur dans le fichier ./CSV3\bulletins\bulletins_propres\table_page_105.csv: En-tête '8017Base' introuvable.
Erreur dans le fichier ./CSV3\bulletins\bulletins_propres\table_page_105.csv: En-tête '8020Base' introuvable.
Erreur dans le fichier ./CSV3\bulletins\bulletins_propres\table_page_105.csv: En-tête '8192Base' introuvable.
Erreur dans le fichier ./CSV3\bulletins\bulletins_propres\table_page_107.csv: En-tête '1002Base' introuvable.
Erreur dans le fichier ./CSV3\bulletins\bulletins_propres\table_page_107.csv: En-tête '2012Base' introuvable.
Erreur dans le fichier ./CSV3\bulletins\bulletins_propres\table_page_107.csv: En-tête 'Base' introuvable.
Erreur dans le fichier ./CSV3\bulletins\bulletins_propres\table_page_107.csv: En-tête '2068Base' introuvable.
Erreur dans le fichier ./CSV3\bulletins\bulletins_propres\table_page_107.csv: En-tête 'Base' introuvable.
Erreur dans le fichier ./CSV3\bulletins\bulletins_propres\table_page_107.csv: En-tête '3B80Base' introuvable.
Erreur dans le fichier ./CSV3\bulletins\bulletins_propres\table_page_107.csv: En-tête '3B82Base' introuvable.
Erreur dans le fichier ./CSV3\bulletins\bulletins_propres\table_page_107.csv: En-tête 'Base' introuvable.
Erreur dans le fichier ./CSV3\bulletins\bulletins_propres\table_page_107.csv: En-tête 'TOTAL BRUTBase' introuvable.
Erreur dans le fichier ./CSV3\bulletins\bulletins_propres\table_page_107.csv: En-tête '60F2Base' introuvable.
Erreur dans le fichier ./CSV3\bulletins\bulletins_propres\table_page_107.csv: En-tête '7001Base' introuvable.
Erreur dans le fichier ./CSV3\bulletins\bulletins_propres\table_page_107.csv: En-tête '7002Base' introuvable.
Erreur dans le fichier ./CSV3\bulletins\bulletins_propres\table_page_107.csv: En-tête '7010Base' introuvable.
Erreur dans le fichier ./CSV3\bulletins\bulletins_propres\table_page_107.csv: En-tête '7015Base' introuvable.
Erreur dans le fichier ./CSV3\bulletins\bulletins_propres\table_page_107.csv: En-tête '7020Base' introuvable.
Erreur dans le fichier ./CSV3\bulletins\bulletins_propres\table_page_107.csv: En-tête '7030Base' introuvable.
Erreur dans le fichier ./CSV3\bulletins\bulletins_propres\table_page_107.csv: En-tête '7035Base' introuvable.
Erreur dans le fichier ./CSV3\bulletins\bulletins_propres\table_page_107.csv: En-tête '7040Base' introuvable.
Erreur dans le fichier ./CSV3\bulletins\bulletins_propres\table_page_107.csv: En-tête 'Base' introuvable.
Erreur dans le fichier ./CSV3\bulletins\bulletins_propres\table_page_107.csv: En-tête '7045Base' introuvable.
Erreur dans le fichier ./CSV3\bulletins\bulletins_propres\table_page_107.csv: En-tête 'Base' introuvable.
Erreur dans le fichier ./CSV3\bulletins\bulletins_propres\table_page_107.csv: En-tête '7050Base' introuvable.
Erreur dans le fichier ./CSV3\bulletins\bulletins_propres\table_page_107.csv: En-tête 'Base' introuvable.
Erreur dans le fichier ./CSV3\bulletins\bulletins_propres\table_page_107.csv: En-tête '7055Base' introuvable.
Erreur dans le fichier ./CSV3\bulletins\bulletins_propres\table_page_107.csv: En-tête 'Base' introuvable.
Erreur dans le fichier ./CSV3\bulletins\bulletins_propres\table_page_107.csv: En-tête '7C00Base' introuvable.
Erreur dans le fichier ./CSV3\bulletins\bulletins_propres\table_page_107.csv: En-tête '7C10Base' introuvable.
Erreur dans le fichier ./CSV3\bulletins\bulletins_propres\table_page_107.csv: En-tête '7C20Base' introuvable.
Erreur dans le fichier ./CSV3\bulletins\bulletins_propres\table_page_107.csv: En-tête '7M05Base' introuvable.
Erreur dans le fichier ./CSV3\bulletins\bulletins_propres\table_page_107.csv: En-tête '7P20Base' introuvable.
Erreur dans le fichier ./CSV3\bulletins\bulletins_propres\table_page_107.csv: En-tête '7P25Base' introuvable.
Erreur dans le fichier ./CSV3\bulletins\bulletins_propres\table_page_107.csv: En-tête '7R44Base' introuvable.
Erreur dans le fichier ./CSV3\bulletins\bulletins_propres\table_page_107.csv: En-tête '7R45Base' introuvable.
Erreur dans le fichier ./CSV3\bulletins\bulletins_propres\table_page_107.csv: En-tête '7R53Base' introuvable.
Erreur dans le fichier ./CSV3\bulletins\bulletins_propres\table_page_107.csv: En-tête '7R54Base' introuvable.
Erreur dans le fichier ./CSV3\bulletins\bulletins_propres\table_page_107.csv: En-tête '7R63Base' introuvable.
Erreur dans le fichier ./CSV3\bulletins\bulletins_propres\table_page_107.csv: En-tête 'Base' introuvable.
Erreur dans le fichier ./CSV3\bulletins\bulletins_propres\table_page_107.csv: En-tête '7R64Base' introuvable.
Erreur dans le fichier ./CSV3\bulletins\bulletins_propres\table_page_107.csv: En-tête 'Base' introuvable.
Erreur dans le fichier ./CSV3\bulletins\bulletins_propres\table_page_107.csv: En-tête '7R70Base' introuvable.
Erreur dans le fichier ./CSV3\bulletins\bulletins_propres\table_page_107.csv: En-tête '7R71Base' introuvable.
Erreur dans le fichier ./CSV3\bulletins\bulletins_propres\table_page_107.csv: En-tête '7T00Base' introuvable.
Erreur dans le fichier ./CSV3\bulletins\bulletins_propres\table_page_107.csv: En-tête '7T02Base' introuvable.
Erreur dans le fichier ./CSV3\bulletins\bulletins_propres\table_page_107.csv: En-tête '7T05Base' introuvable.
Erreur dans le fichier ./CSV3\bulletins\bulletins_propres\table_page_107.csv: En-tête '7T10Base' introuvable.
Erreur dans le fichier ./CSV3\bulletins\bulletins_propres\table_page_107.csv: En-tête '7T15Base' introuvable.
Erreur dans le fichier ./CSV3\bulletins\bulletins_propres\table_page_107.csv: En-tête '7T20Base' introuvable.
Erreur dans le fichier ./CSV3\bulletins\bulletins_propres\table_page_107.csv: En-tête '6082Base' introuvable.
Erreur dans le fichier ./CSV3\bulletins\bulletins_propres\table_page_107.csv: En-tête '6094Base' introuvable.
Erreur dans le fichier ./CSV3\bulletins\bulletins_propres\table_page_107.csv: En-tête 'Total Charges Ded.Base' introuvable.
Erreur dans le fichier ./CSV3\bulletins\bulletins_propres\table_page_107.csv: En-tête '6080Base' introuvable.
Erreur dans le fichier ./CSV3\bulletins\bulletins_propres\table_page_107.csv: En-tête '6084Base' introuvable.
Erreur dans le fichier ./CSV3\bulletins\bulletins_propres\table_page_107.csv: En-tête '6092Base' introuvable.
Erreur dans le fichier ./CSV3\bulletins\bulletins_propres\table_page_107.csv: En-tête '6096Base' introuvable.
Erreur dans le fichier ./CSV3\bulletins\bulletins_propres\table_page_107.csv: En-tête '60F1Base' introuvable.
Erreur dans le fichier ./CSV3\bulletins\bulletins_propres\table_page_107.csv: En-tête '60F3Base' introuvable.
Erreur dans le fichier ./CSV3\bulletins\bulletins_propres\table_page_107.csv: En-tête '60F4Base' introuvable.
Erreur dans le fichier ./CSV3\bulletins\bulletins_propres\table_page_107.csv: En-tête '60F8Base' introuvable.
Erreur dans le fichier ./CSV3\bulletins\bulletins_propres\table_page_107.csv: En-tête '60F9Base' introuvable.
Erreur dans le fichier ./CSV3\bulletins\bulletins_propres\table_page_107.csv: En-tête 'Total Charges Non Ded.Base' introuvable.
Erreur dans le fichier ./CSV3\bulletins\bulletins_propres\table_page_107.csv: En-tête '8009Base' introuvable.
Erreur dans le fichier ./CSV3\bulletins\bulletins_propres\table_page_109.csv: En-tête '1001Base' introuvable.
Erreur dans le fichier ./CSV3\bulletins\bulletins_propres\table_page_109.csv: En-tête '1046Base' introuvable.
Erreur dans le fichier ./CSV3\bulletins\bulletins_propres\table_page_109.csv: En-tête 'Base' introuvable.
Erreur dans le fichier ./CSV3\bulletins\bulletins_propres\table_page_109.csv: En-tête '2012Base' introuvable.
Erreur dans le fichier ./CSV3\bulletins\bulletins_propres\table_page_109.csv: En-tête 'Base' introuvable.
Erreur dans le fichier ./CSV3\bulletins\bulletins_propres\table_page_109.csv: En-tête '2078Base' introuvable.
Erreur dans le fichier ./CSV3\bulletins\bulletins_propres\table_page_109.csv: En-tête '2082Base' introuvable.
Erreur dans le fichier ./CSV3\bulletins\bulletins_propres\table_page_109.csv: En-tête '2084Base' introuvable.
Erreur dans le fichier ./CSV3\bulletins\bulletins_propres\table_page_109.csv: En-tête '3002Base' introuvable.
Erreur dans le fichier ./CSV3\bulletins\bulletins_propres\table_page_109.csv: En-tête '3006Base' introuvable.
Erreur dans le fichier ./CSV3\bulletins\bulletins_propres\table_page_109.csv: En-tête '3050Base' introuvable.
Erreur dans le fichier ./CSV3\bulletins\bulletins_propres\table_page_109.csv: En-tête '3060Base' introuvable.
Erreur dans le fichier ./CSV3\bulletins\bulletins_propres\table_page_109.csv: En-tête '3200Base' introuvable.
Erreur dans le fichier ./CSV3\bulletins\bulletins_propres\table_page_109.csv: En-tête '3230Base' introuvable.
Erreur dans le fichier ./CSV3\bulletins\bulletins_propres\table_page_109.csv: En-tête '3350Base' introuvable.
Erreur dans le fichier ./CSV3\bulletins\bulletins_propres\table_page_109.csv: En-tête '3355Base' introuvable.
Erreur dans le fichier ./CSV3\bulletins\bulletins_propres\table_page_109.csv: En-tête 'Base' introuvable.
Erreur dans le fichier ./CSV3\bulletins\bulletins_propres\table_page_109.csv: En-tête 'TOTAL BRUTBase' introuvable.
Erreur dans le fichier ./CSV3\bulletins\bulletins_propres\table_page_109.csv: En-tête 'Base' introuvable.
Erreur dans le fichier ./CSV3\bulletins\bulletins_propres\table_page_109.csv: En-tête '6S89Base' introuvable.
Erreur dans le fichier ./CSV3\bulletins\bulletins_propres\table_page_109.csv: En-tête 'Base' introuvable.
Erreur dans le fichier ./CSV3\bulletins\bulletins_propres\table_page_109.csv: En-tête '7001Base' introuvable.
Erreur dans le fichier ./CSV3\bulletins\bulletins_propres\table_page_109.csv: En-tête 'Base' introuvable.
Erreur dans le fichier ./CSV3\bulletins\bulletins_propres\table_page_109.csv: En-tête '7010Base' introuvable.
Erreur dans le fichier ./CSV3\bulletins\bulletins_propres\table_page_109.csv: En-tête 'Base' introuvable.
Erreur dans le fichier ./CSV3\bulletins\bulletins_propres\table_page_109.csv: En-tête '7015Base' introuvable.
Erreur dans le fichier ./CSV3\bulletins\bulletins_propres\table_page_109.csv: En-tête '7020Base' introuvable.
Erreur dans le fichier ./CSV3\bulletins\bulletins_propres\table_page_109.csv: En-tête '7030Base' introuvable.
Erreur dans le fichier ./CSV3\bulletins\bulletins_propres\table_page_109.csv: En-tête '7035Base' introuvable.
Erreur dans le fichier ./CSV3\bulletins\bulletins_propres\table_page_109.csv: En-tête '7040Base' introuvable.
Erreur dans le fichier ./CSV3\bulletins\bulletins_propres\table_page_109.csv: En-tête '7045Base' introuvable.
Erreur dans le fichier ./CSV3\bulletins\bulletins_propres\table_page_109.csv: En-tête '7050Base' introuvable.
Erreur dans le fichier ./CSV3\bulletins\bulletins_propres\table_page_109.csv: En-tête '7055Base' introuvable.
Erreur dans le fichier ./CSV3\bulletins\bulletins_propres\table_page_109.csv: En-tête '7C00Base' introuvable.
Erreur dans le fichier ./CSV3\bulletins\bulletins_propres\table_page_109.csv: En-tête '7C20Base' introuvable.
Erreur dans le fichier ./CSV3\bulletins\bulletins_propres\table_page_109.csv: En-tête '7M04Base' introuvable.
Erreur dans le fichier ./CSV3\bulletins\bulletins_propres\table_page_109.csv: En-tête 'Base' introuvable.
Erreur dans le fichier ./CSV3\bulletins\bulletins_propres\table_page_109.csv: En-tête '7P10Base' introuvable.
Erreur dans le fichier ./CSV3\bulletins\bulletins_propres\table_page_109.csv: En-tête 'Base' introuvable.
Erreur dans le fichier ./CSV3\bulletins\bulletins_propres\table_page_109.csv: En-tête '7R56Base' introuvable.
Erreur dans le fichier ./CSV3\bulletins\bulletins_propres\table_page_109.csv: En-tête 'Base' introuvable.
Erreur dans le fichier ./CSV3\bulletins\bulletins_propres\table_page_109.csv: En-tête '7R63Base' introuvable.
Erreur dans le fichier ./CSV3\bulletins\bulletins_propres\table_page_109.csv: En-tête '7T00Base' introuvable.
Erreur dans le fichier ./CSV3\bulletins\bulletins_propres\table_page_109.csv: En-tête '7T02Base' introuvable.
Erreur dans le fichier ./CSV3\bulletins\bulletins_propres\table_page_109.csv: En-tête '7T05Base' introuvable.
Erreur dans le fichier ./CSV3\bulletins\bulletins_propres\table_page_109.csv: En-tête '7T10Base' introuvable.
Erreur dans le fichier ./CSV3\bulletins\bulletins_propres\table_page_109.csv: En-tête '7T15Base' introuvable.
Erreur dans le fichier ./CSV3\bulletins\bulletins_propres\table_page_109.csv: En-tête '7T20Base' introuvable.
Erreur dans le fichier ./CSV3\bulletins\bulletins_propres\table_page_109.csv: En-tête '6082Base' introuvable.
Erreur dans le fichier ./CSV3\bulletins\bulletins_propres\table_page_109.csv: En-tête '6094Base' introuvable.
Erreur dans le fichier ./CSV3\bulletins\bulletins_propres\table_page_109.csv: En-tête 'Total Charges Ded.Base' introuvable.
Erreur dans le fichier ./CSV3\bulletins\bulletins_propres\table_page_109.csv: En-tête '6070Base' introuvable.
Erreur dans le fichier ./CSV3\bulletins\bulletins_propres\table_page_109.csv: En-tête '6074Base' introuvable.
Erreur dans le fichier ./CSV3\bulletins\bulletins_propres\table_page_109.csv: En-tête '6080Base' introuvable.
Erreur dans le fichier ./CSV3\bulletins\bulletins_propres\table_page_109.csv: En-tête '6084Base' introuvable.
Erreur dans le fichier ./CSV3\bulletins\bulletins_propres\table_page_109.csv: En-tête '6092Base' introuvable.
Erreur dans le fichier ./CSV3\bulletins\bulletins_propres\table_page_109.csv: En-tête '6096Base' introuvable.
Erreur dans le fichier ./CSV3\bulletins\bulletins_propres\table_page_109.csv: En-tête 'Total Charges Non Ded.Base' introuvable.
Erreur dans le fichier ./CSV3\bulletins\bulletins_propres\table_page_109.csv: En-tête '/5I2IJ nette - Maladie 0624Base' introuvable.
Erreur dans le fichier ./CSV3\bulletins\bulletins_propres\table_page_109.csv: En-tête '8009Base' introuvable.
Erreur dans le fichier ./CSV3\bulletins\bulletins_propres\table_page_109.csv: En-tête '8010Base' introuvable.
Erreur dans le fichier ./CSV3\bulletins\bulletins_propres\table_page_109.csv: En-tête '8192Base' introuvable.
Erreur dans le fichier ./CSV3\bulletins\bulletins_propres\table_page_11.csv: En-tête '1001Base' introuvable.
Erreur dans le fichier ./CSV3\bulletins\bulletins_propres\table_page_11.csv: En-tête '2012Base' introuvable.
Erreur dans le fichier ./CSV3\bulletins\bulletins_propres\table_page_11.csv: En-tête 'Base' introuvable.
Erreur dans le fichier ./CSV3\bulletins\bulletins_propres\table_page_11.csv: En-tête '2018Base' introuvable.
Erreur dans le fichier ./CSV3\bulletins\bulletins_propres\table_page_11.csv: En-tête 'Base' introuvable.
Erreur dans le fichier ./CSV3\bulletins\bulletins_propres\table_page_11.csv: En-tête '2068Base' introuvable.
Erreur dans le fichier ./CSV3\bulletins\bulletins_propres\table_page_11.csv: En-tête '2078Base' introuvable.
Erreur dans le fichier ./CSV3\bulletins\bulletins_propres\table_page_11.csv: En-tête 'Base' introuvable.
Erreur dans le fichier ./CSV3\bulletins\bulletins_propres\table_page_11.csv: En-tête 'TOTAL BRUTBase' introuvable.
Erreur dans le fichier ./CSV3\bulletins\bulletins_propres\table_page_11.csv: En-tête '7001Base' introuvable.
Erreur dans le fichier ./CSV3\bulletins\bulletins_propres\table_page_11.csv: En-tête '7010Base' introuvable.
Erreur dans le fichier ./CSV3\bulletins\bulletins_propres\table_page_11.csv: En-tête '7015Base' introuvable.
Erreur dans le fichier ./CSV3\bulletins\bulletins_propres\table_page_11.csv: En-tête '7020Base' introuvable.
Erreur dans le fichier ./CSV3\bulletins\bulletins_propres\table_page_11.csv: En-tête '7030Base' introuvable.
Erreur dans le fichier ./CSV3\bulletins\bulletins_propres\table_page_11.csv: En-tête '7035Base' introuvable.
Erreur dans le fichier ./CSV3\bulletins\bulletins_propres\table_page_11.csv: En-tête '7040Base' introuvable.
Erreur dans le fichier ./CSV3\bulletins\bulletins_propres\table_page_11.csv: En-tête '7045Base' introuvable.
Erreur dans le fichier ./CSV3\bulletins\bulletins_propres\table_page_11.csv: En-tête '7050Base' introuvable.
Erreur dans le fichier ./CSV3\bulletins\bulletins_propres\table_page_11.csv: En-tête 'Base' introuvable.
Erreur dans le fichier ./CSV3\bulletins\bulletins_propres\table_page_11.csv: En-tête '7055Base' introuvable.
Erreur dans le fichier ./CSV3\bulletins\bulletins_propres\table_page_11.csv: En-tête 'Base' introuvable.
Erreur dans le fichier ./CSV3\bulletins\bulletins_propres\table_page_11.csv: En-tête '7C00Base' introuvable.
Erreur dans le fichier ./CSV3\bulletins\bulletins_propres\table_page_11.csv: En-tête 'Base' introuvable.
Erreur dans le fichier ./CSV3\bulletins\bulletins_propres\table_page_11.csv: En-tête '7C20Base' introuvable.
Erreur dans le fichier ./CSV3\bulletins\bulletins_propres\table_page_11.csv: En-tête 'Base' introuvable.
Erreur dans le fichier ./CSV3\bulletins\bulletins_propres\table_page_11.csv: En-tête '7M03Base' introuvable.
Erreur dans le fichier ./CSV3\bulletins\bulletins_propres\table_page_11.csv: En-tête '7P10Base' introuvable.
Erreur dans le fichier ./CSV3\bulletins\bulletins_propres\table_page_11.csv: En-tête '7R56Base' introuvable.
Erreur dans le fichier ./CSV3\bulletins\bulletins_propres\table_page_11.csv: En-tête '7R63Base' introuvable.
Erreur dans le fichier ./CSV3\bulletins\bulletins_propres\table_page_11.csv: En-tête '7T00Base' introuvable.
Erreur dans le fichier ./CSV3\bulletins\bulletins_propres\table_page_11.csv: En-tête '7T02Base' introuvable.
Erreur dans le fichier ./CSV3\bulletins\bulletins_propres\table_page_11.csv: En-tête '7T05Base' introuvable.
Erreur dans le fichier ./CSV3\bulletins\bulletins_propres\table_page_11.csv: En-tête '7T10Base' introuvable.
Erreur dans le fichier ./CSV3\bulletins\bulletins_propres\table_page_11.csv: En-tête '7T15Base' introuvable.
Erreur dans le fichier ./CSV3\bulletins\bulletins_propres\table_page_11.csv: En-tête '7T20Base' introuvable.
Erreur dans le fichier ./CSV3\bulletins\bulletins_propres\table_page_11.csv: En-tête '6082Base' introuvable.
Erreur dans le fichier ./CSV3\bulletins\bulletins_propres\table_page_11.csv: En-tête 'Base' introuvable.
Erreur dans le fichier ./CSV3\bulletins\bulletins_propres\table_page_11.csv: En-tête '6094Base' introuvable.
Erreur dans le fichier ./CSV3\bulletins\bulletins_propres\table_page_11.csv: En-tête 'Total Charges Ded.Base' introuvable.
Erreur dans le fichier ./CSV3\bulletins\bulletins_propres\table_page_11.csv: En-tête '6080Base' introuvable.
Erreur dans le fichier ./CSV3\bulletins\bulletins_propres\table_page_11.csv: En-tête '6084Base' introuvable.
Erreur dans le fichier ./CSV3\bulletins\bulletins_propres\table_page_11.csv: En-tête '6092Base' introuvable.
Erreur dans le fichier ./CSV3\bulletins\bulletins_propres\table_page_11.csv: En-tête '6096Base' introuvable.
Erreur dans le fichier ./CSV3\bulletins\bulletins_propres\table_page_11.csv: En-tête 'Total Charges Non Ded.Base' introuvable.
Erreur dans le fichier ./CSV3\bulletins\bulletins_propres\table_page_11.csv: En-tête '8009Base' introuvable.
Erreur dans le fichier ./CSV3\bulletins\bulletins_propres\table_page_11.csv: En-tête '8010Base' introuvable.
Erreur dans le fichier ./CSV3\bulletins\bulletins_propres\table_page_11.csv: En-tête '8020Base' introuvable.
Erreur dans le fichier ./CSV3\bulletins\bulletins_propres\table_page_111.csv: En-tête '1001Base' introuvable.
Erreur dans le fichier ./CSV3\bulletins\bulletins_propres\table_page_111.csv: En-tête '2012Base' introuvable.
Erreur dans le fichier ./CSV3\bulletins\bulletins_propres\table_page_111.csv: En-tête 'Base' introuvable.
Erreur dans le fichier ./CSV3\bulletins\bulletins_propres\table_page_111.csv: En-tête '2068Base' introuvable.
Erreur dans le fichier ./CSV3\bulletins\bulletins_propres\table_page_111.csv: En-tête 'Base' introuvable.
Erreur dans le fichier ./CSV3\bulletins\bulletins_propres\table_page_111.csv: En-tête '3002Base' introuvable.
Erreur dans le fichier ./CSV3\bulletins\bulletins_propres\table_page_111.csv: En-tête '3006Base' introuvable.
Erreur dans le fichier ./CSV3\bulletins\bulletins_propres\table_page_111.csv: En-tête '3404Base' introuvable.
Erreur dans le fichier ./CSV3\bulletins\bulletins_propres\table_page_111.csv: En-tête '3406Base' introuvable.
Erreur dans le fichier ./CSV3\bulletins\bulletins_propres\table_page_111.csv: En-tête 'Base' introuvable.
Erreur dans le fichier ./CSV3\bulletins\bulletins_propres\table_page_111.csv: En-tête 'TOTAL BRUTBase' introuvable.
Erreur dans le fichier ./CSV3\bulletins\bulletins_propres\table_page_111.csv: En-tête '6S89Base' introuvable.
Erreur dans le fichier ./CSV3\bulletins\bulletins_propres\table_page_111.csv: En-tête '7001Base' introuvable.
Erreur dans le fichier ./CSV3\bulletins\bulletins_propres\table_page_111.csv: En-tête '7002Base' introuvable.
Erreur dans le fichier ./CSV3\bulletins\bulletins_propres\table_page_111.csv: En-tête '7010Base' introuvable.
Erreur dans le fichier ./CSV3\bulletins\bulletins_propres\table_page_111.csv: En-tête '7015Base' introuvable.
Erreur dans le fichier ./CSV3\bulletins\bulletins_propres\table_page_111.csv: En-tête '7020Base' introuvable.
Erreur dans le fichier ./CSV3\bulletins\bulletins_propres\table_page_111.csv: En-tête '7025Base' introuvable.
Erreur dans le fichier ./CSV3\bulletins\bulletins_propres\table_page_111.csv: En-tête 'Base' introuvable.
Erreur dans le fichier ./CSV3\bulletins\bulletins_propres\table_page_111.csv: En-tête '7030Base' introuvable.
Erreur dans le fichier ./CSV3\bulletins\bulletins_propres\table_page_111.csv: En-tête 'Base' introuvable.
Erreur dans le fichier ./CSV3\bulletins\bulletins_propres\table_page_111.csv: En-tête '7035Base' introuvable.
Erreur dans le fichier ./CSV3\bulletins\bulletins_propres\table_page_111.csv: En-tête 'Base' introuvable.
Erreur dans le fichier ./CSV3\bulletins\bulletins_propres\table_page_111.csv: En-tête '7040Base' introuvable.
Erreur dans le fichier ./CSV3\bulletins\bulletins_propres\table_page_111.csv: En-tête 'Base' introuvable.
Erreur dans le fichier ./CSV3\bulletins\bulletins_propres\table_page_111.csv: En-tête '7045Base' introuvable.
Erreur dans le fichier ./CSV3\bulletins\bulletins_propres\table_page_111.csv: En-tête '7050Base' introuvable.
Erreur dans le fichier ./CSV3\bulletins\bulletins_propres\table_page_111.csv: En-tête '7055Base' introuvable.
Erreur dans le fichier ./CSV3\bulletins\bulletins_propres\table_page_111.csv: En-tête '7C00Base' introuvable.
Erreur dans le fichier ./CSV3\bulletins\bulletins_propres\table_page_111.csv: En-tête '7C10Base' introuvable.
Erreur dans le fichier ./CSV3\bulletins\bulletins_propres\table_page_111.csv: En-tête '7C20Base' introuvable.
Erreur dans le fichier ./CSV3\bulletins\bulletins_propres\table_page_111.csv: En-tête '7M05Base' introuvable.
Erreur dans le fichier ./CSV3\bulletins\bulletins_propres\table_page_111.csv: En-tête '7P20Base' introuvable.
Erreur dans le fichier ./CSV3\bulletins\bulletins_propres\table_page_111.csv: En-tête '7P25Base' introuvable.
Erreur dans le fichier ./CSV3\bulletins\bulletins_propres\table_page_111.csv: En-tête '7R44Base' introuvable.
Erreur dans le fichier ./CSV3\bulletins\bulletins_propres\table_page_111.csv: En-tête '7R45Base' introuvable.
Erreur dans le fichier ./CSV3\bulletins\bulletins_propres\table_page_111.csv: En-tête 'Base' introuvable.
Erreur dans le fichier ./CSV3\bulletins\bulletins_propres\table_page_111.csv: En-tête '7R53Base' introuvable.
Erreur dans le fichier ./CSV3\bulletins\bulletins_propres\table_page_111.csv: En-tête 'Base' introuvable.
Erreur dans le fichier ./CSV3\bulletins\bulletins_propres\table_page_111.csv: En-tête '7R54Base' introuvable.
Erreur dans le fichier ./CSV3\bulletins\bulletins_propres\table_page_111.csv: En-tête '7R63Base' introuvable.
Erreur dans le fichier ./CSV3\bulletins\bulletins_propres\table_page_111.csv: En-tête '7R64Base' introuvable.
Erreur dans le fichier ./CSV3\bulletins\bulletins_propres\table_page_111.csv: En-tête '7R70Base' introuvable.
Erreur dans le fichier ./CSV3\bulletins\bulletins_propres\table_page_111.csv: En-tête '7R71Base' introuvable.
Erreur dans le fichier ./CSV3\bulletins\bulletins_propres\table_page_111.csv: En-tête '7T00Base' introuvable.
Erreur dans le fichier ./CSV3\bulletins\bulletins_propres\table_page_111.csv: En-tête '7T02Base' introuvable.
Erreur dans le fichier ./CSV3\bulletins\bulletins_propres\table_page_111.csv: En-tête '7T05Base' introuvable.
Erreur dans le fichier ./CSV3\bulletins\bulletins_propres\table_page_111.csv: En-tête '7T10Base' introuvable.
Erreur dans le fichier ./CSV3\bulletins\bulletins_propres\table_page_111.csv: En-tête '7T15Base' introuvable.
Erreur dans le fichier ./CSV3\bulletins\bulletins_propres\table_page_111.csv: En-tête '7T20Base' introuvable.
Erreur dans le fichier ./CSV3\bulletins\bulletins_propres\table_page_111.csv: En-tête '6082Base' introuvable.
Erreur dans le fichier ./CSV3\bulletins\bulletins_propres\table_page_111.csv: En-tête '6094Base' introuvable.
Erreur dans le fichier ./CSV3\bulletins\bulletins_propres\table_page_111.csv: En-tête 'Total Charges Ded.Base' introuvable.
Erreur dans le fichier ./CSV3\bulletins\bulletins_propres\table_page_111.csv: En-tête '6070Base' introuvable.
Erreur dans le fichier ./CSV3\bulletins\bulletins_propres\table_page_111.csv: En-tête '6074Base' introuvable.
Erreur dans le fichier ./CSV3\bulletins\bulletins_propres\table_page_111.csv: En-tête '6080Base' introuvable.
Erreur dans le fichier ./CSV3\bulletins\bulletins_propres\table_page_111.csv: En-tête '6084Base' introuvable.
Erreur dans le fichier ./CSV3\bulletins\bulletins_propres\table_page_111.csv: En-tête '6092Base' introuvable.
Erreur dans le fichier ./CSV3\bulletins\bulletins_propres\table_page_111.csv: En-tête '6096Base' introuvable.
Erreur dans le fichier ./CSV3\bulletins\bulletins_propres\table_page_111.csv: En-tête 'Total Charges Non Ded.Base' introuvable.
Erreur dans le fichier ./CSV3\bulletins\bulletins_propres\table_page_111.csv: En-tête '8009Base' introuvable.
Erreur dans le fichier ./CSV3\bulletins\bulletins_propres\table_page_113.csv: En-tête '1001Base' introuvable.
Erreur dans le fichier ./CSV3\bulletins\bulletins_propres\table_page_113.csv: En-tête '1046Base' introuvable.
Erreur dans le fichier ./CSV3\bulletins\bulletins_propres\table_page_113.csv: En-tête 'Base' introuvable.
Erreur dans le fichier ./CSV3\bulletins\bulletins_propres\table_page_113.csv: En-tête '2012Base' introuvable.
Erreur dans le fichier ./CSV3\bulletins\bulletins_propres\table_page_113.csv: En-tête 'Base' introuvable.
Erreur dans le fichier ./CSV3\bulletins\bulletins_propres\table_page_113.csv: En-tête '2018Base' introuvable.
Erreur dans le fichier ./CSV3\bulletins\bulletins_propres\table_page_113.csv: En-tête '2068Base' introuvable.
Erreur dans le fichier ./CSV3\bulletins\bulletins_propres\table_page_113.csv: En-tête '3080Base' introuvable.
Erreur dans le fichier ./CSV3\bulletins\bulletins_propres\table_page_113.csv: En-tête '3090Base' introuvable.
Erreur dans le fichier ./CSV3\bulletins\bulletins_propres\table_page_113.csv: En-tête '3200Base' introuvable.
Erreur dans le fichier ./CSV3\bulletins\bulletins_propres\table_page_113.csv: En-tête '3230Base' introuvable.
Erreur dans le fichier ./CSV3\bulletins\bulletins_propres\table_page_113.csv: En-tête '3404Base' introuvable.
Erreur dans le fichier ./CSV3\bulletins\bulletins_propres\table_page_113.csv: En-tête '3406Base' introuvable.
Erreur dans le fichier ./CSV3\bulletins\bulletins_propres\table_page_113.csv: En-tête 'Base' introuvable.
Erreur dans le fichier ./CSV3\bulletins\bulletins_propres\table_page_113.csv: En-tête 'TOTAL BRUTBase' introuvable.
Erreur dans le fichier ./CSV3\bulletins\bulletins_propres\table_page_113.csv: En-tête '7001Base' introuvable.
Erreur dans le fichier ./CSV3\bulletins\bulletins_propres\table_page_113.csv: En-tête '7010Base' introuvable.
Erreur dans le fichier ./CSV3\bulletins\bulletins_propres\table_page_113.csv: En-tête '7015Base' introuvable.
Erreur dans le fichier ./CSV3\bulletins\bulletins_propres\table_page_113.csv: En-tête 'Base' introuvable.
Erreur dans le fichier ./CSV3\bulletins\bulletins_propres\table_page_113.csv: En-tête '7020Base' introuvable.
Erreur dans le fichier ./CSV3\bulletins\bulletins_propres\table_page_113.csv: En-tête 'Base' introuvable.
Erreur dans le fichier ./CSV3\bulletins\bulletins_propres\table_page_113.csv: En-tête '7030Base' introuvable.
Erreur dans le fichier ./CSV3\bulletins\bulletins_propres\table_page_113.csv: En-tête 'Base' introuvable.
Erreur dans le fichier ./CSV3\bulletins\bulletins_propres\table_page_113.csv: En-tête '7035Base' introuvable.
Erreur dans le fichier ./CSV3\bulletins\bulletins_propres\table_page_113.csv: En-tête 'Base' introuvable.
Erreur dans le fichier ./CSV3\bulletins\bulletins_propres\table_page_113.csv: En-tête '7040Base' introuvable.
Erreur dans le fichier ./CSV3\bulletins\bulletins_propres\table_page_113.csv: En-tête '7045Base' introuvable.
Erreur dans le fichier ./CSV3\bulletins\bulletins_propres\table_page_113.csv: En-tête '7050Base' introuvable.
Erreur dans le fichier ./CSV3\bulletins\bulletins_propres\table_page_113.csv: En-tête '7055Base' introuvable.
Erreur dans le fichier ./CSV3\bulletins\bulletins_propres\table_page_113.csv: En-tête '7C00Base' introuvable.
Erreur dans le fichier ./CSV3\bulletins\bulletins_propres\table_page_113.csv: En-tête '7C20Base' introuvable.
Erreur dans le fichier ./CSV3\bulletins\bulletins_propres\table_page_113.csv: En-tête '7M05Base' introuvable.
Erreur dans le fichier ./CSV3\bulletins\bulletins_propres\table_page_113.csv: En-tête '7P20Base' introuvable.
Erreur dans le fichier ./CSV3\bulletins\bulletins_propres\table_page_113.csv: En-tête '7R56Base' introuvable.
Erreur dans le fichier ./CSV3\bulletins\bulletins_propres\table_page_113.csv: En-tête '7R63Base' introuvable.
Erreur dans le fichier ./CSV3\bulletins\bulletins_propres\table_page_113.csv: En-tête '7T00Base' introuvable.
Erreur dans le fichier ./CSV3\bulletins\bulletins_propres\table_page_113.csv: En-tête 'Base' introuvable.
Erreur dans le fichier ./CSV3\bulletins\bulletins_propres\table_page_113.csv: En-tête '7T02Base' introuvable.
Erreur dans le fichier ./CSV3\bulletins\bulletins_propres\table_page_113.csv: En-tête 'Base' introuvable.
Erreur dans le fichier ./CSV3\bulletins\bulletins_propres\table_page_113.csv: En-tête '7T05Base' introuvable.
Erreur dans le fichier ./CSV3\bulletins\bulletins_propres\table_page_113.csv: En-tête 'Base' introuvable.
Erreur dans le fichier ./CSV3\bulletins\bulletins_propres\table_page_113.csv: En-tête '7T10Base' introuvable.
Erreur dans le fichier ./CSV3\bulletins\bulletins_propres\table_page_113.csv: En-tête '7T15Base' introuvable.
Erreur dans le fichier ./CSV3\bulletins\bulletins_propres\table_page_113.csv: En-tête '7T20Base' introuvable.
Erreur dans le fichier ./CSV3\bulletins\bulletins_propres\table_page_113.csv: En-tête '6082Base' introuvable.
Erreur dans le fichier ./CSV3\bulletins\bulletins_propres\table_page_113.csv: En-tête '6094Base' introuvable.
Erreur dans le fichier ./CSV3\bulletins\bulletins_propres\table_page_113.csv: En-tête 'Total Charges Ded.Base' introuvable.
Erreur dans le fichier ./CSV3\bulletins\bulletins_propres\table_page_113.csv: En-tête '6080Base' introuvable.
Erreur dans le fichier ./CSV3\bulletins\bulletins_propres\table_page_113.csv: En-tête '6084Base' introuvable.
Erreur dans le fichier ./CSV3\bulletins\bulletins_propres\table_page_113.csv: En-tête '6092Base' introuvable.
Erreur dans le fichier ./CSV3\bulletins\bulletins_propres\table_page_113.csv: En-tête '6096Base' introuvable.
Erreur dans le fichier ./CSV3\bulletins\bulletins_propres\table_page_113.csv: En-tête 'Total Charges Non Ded.Base' introuvable.
Erreur dans le fichier ./CSV3\bulletins\bulletins_propres\table_page_113.csv: En-tête '/5M3IJSS maj.- Accident trav. 0624Base' introuvable.
Erreur dans le fichier ./CSV3\bulletins\bulletins_propres\table_page_113.csv: En-tête '8009Base' introuvable.
Erreur dans le fichier ./CSV3\bulletins\bulletins_propres\table_page_113.csv: En-tête '8010Base' introuvable.
Erreur dans le fichier ./CSV3\bulletins\bulletins_propres\table_page_113.csv: En-tête '8007Base' introuvable.
Erreur dans le fichier ./CSV3\bulletins\bulletins_propres\table_page_113.csv: En-tête 'Base' introuvable.
Erreur dans le fichier ./CSV3\bulletins\bulletins_propres\table_page_113.csv: En-tête 'Base' introuvable.
Erreur dans le fichier ./CSV3\bulletins\bulletins_propres\table_page_113.csv: En-tête 'Impôt sur le revenuBase' introuvable.
Erreur dans le fichier ./CSV3\bulletins\bulletins_propres\table_page_113.csv: En-tête 'Impôt sur le revenu à la sourceBase' introuvable.
Erreur dans le fichier ./CSV3\bulletins\bulletins_propres\table_page_115.csv: En-tête '1001Base' introuvable.
Erreur dans le fichier ./CSV3\bulletins\bulletins_propres\table_page_115.csv: En-tête '1046Base' introuvable.
Erreur dans le fichier ./CSV3\bulletins\bulletins_propres\table_page_115.csv: En-tête 'Base' introuvable.
Erreur dans le fichier ./CSV3\bulletins\bulletins_propres\table_page_115.csv: En-tête '2012Base' introuvable.
Erreur dans le fichier ./CSV3\bulletins\bulletins_propres\table_page_115.csv: En-tête 'Base' introuvable.
Erreur dans le fichier ./CSV3\bulletins\bulletins_propres\table_page_115.csv: En-tête '2018Base' introuvable.
Erreur dans le fichier ./CSV3\bulletins\bulletins_propres\table_page_115.csv: En-tête '2068Base' introuvable.
Erreur dans le fichier ./CSV3\bulletins\bulletins_propres\table_page_115.csv: En-tête '2078Base' introuvable.
Erreur dans le fichier ./CSV3\bulletins\bulletins_propres\table_page_115.csv: En-tête 'Base' introuvable.
Erreur dans le fichier ./CSV3\bulletins\bulletins_propres\table_page_115.csv: En-tête 'TOTAL BRUTBase' introuvable.
Erreur dans le fichier ./CSV3\bulletins\bulletins_propres\table_page_115.csv: En-tête '7001Base' introuvable.
Erreur dans le fichier ./CSV3\bulletins\bulletins_propres\table_page_115.csv: En-tête '7010Base' introuvable.
Erreur dans le fichier ./CSV3\bulletins\bulletins_propres\table_page_115.csv: En-tête '7015Base' introuvable.
Erreur dans le fichier ./CSV3\bulletins\bulletins_propres\table_page_115.csv: En-tête '7020Base' introuvable.
Erreur dans le fichier ./CSV3\bulletins\bulletins_propres\table_page_115.csv: En-tête '7030Base' introuvable.
Erreur dans le fichier ./CSV3\bulletins\bulletins_propres\table_page_115.csv: En-tête '7035Base' introuvable.
Erreur dans le fichier ./CSV3\bulletins\bulletins_propres\table_page_115.csv: En-tête '7040Base' introuvable.
Erreur dans le fichier ./CSV3\bulletins\bulletins_propres\table_page_115.csv: En-tête '7045Base' introuvable.
Erreur dans le fichier ./CSV3\bulletins\bulletins_propres\table_page_115.csv: En-tête 'Base' introuvable.
Erreur dans le fichier ./CSV3\bulletins\bulletins_propres\table_page_115.csv: En-tête '7050Base' introuvable.
Erreur dans le fichier ./CSV3\bulletins\bulletins_propres\table_page_115.csv: En-tête 'Base' introuvable.
Erreur dans le fichier ./CSV3\bulletins\bulletins_propres\table_page_115.csv: En-tête '7055Base' introuvable.
Erreur dans le fichier ./CSV3\bulletins\bulletins_propres\table_page_115.csv: En-tête 'Base' introuvable.
Erreur dans le fichier ./CSV3\bulletins\bulletins_propres\table_page_115.csv: En-tête '7C00Base' introuvable.
Erreur dans le fichier ./CSV3\bulletins\bulletins_propres\table_page_115.csv: En-tête 'Base' introuvable.
Erreur dans le fichier ./CSV3\bulletins\bulletins_propres\table_page_115.csv: En-tête '7C20Base' introuvable.
Erreur dans le fichier ./CSV3\bulletins\bulletins_propres\table_page_115.csv: En-tête '7M03Base' introuvable.
Erreur dans le fichier ./CSV3\bulletins\bulletins_propres\table_page_115.csv: En-tête '7P10Base' introuvable.
Erreur dans le fichier ./CSV3\bulletins\bulletins_propres\table_page_115.csv: En-tête '7R56Base' introuvable.
Erreur dans le fichier ./CSV3\bulletins\bulletins_propres\table_page_115.csv: En-tête '7R63Base' introuvable.
Erreur dans le fichier ./CSV3\bulletins\bulletins_propres\table_page_115.csv: En-tête '7T00Base' introuvable.
Erreur dans le fichier ./CSV3\bulletins\bulletins_propres\table_page_115.csv: En-tête '7T02Base' introuvable.
Erreur dans le fichier ./CSV3\bulletins\bulletins_propres\table_page_115.csv: En-tête '7T05Base' introuvable.
Erreur dans le fichier ./CSV3\bulletins\bulletins_propres\table_page_115.csv: En-tête '7T10Base' introuvable.
Erreur dans le fichier ./CSV3\bulletins\bulletins_propres\table_page_115.csv: En-tête '7T15Base' introuvable.
Erreur dans le fichier ./CSV3\bulletins\bulletins_propres\table_page_115.csv: En-tête '7T20Base' introuvable.
Erreur dans le fichier ./CSV3\bulletins\bulletins_propres\table_page_115.csv: En-tête 'Base' introuvable.
Erreur dans le fichier ./CSV3\bulletins\bulletins_propres\table_page_115.csv: En-tête '6082Base' introuvable.
Erreur dans le fichier ./CSV3\bulletins\bulletins_propres\table_page_115.csv: En-tête '6094Base' introuvable.
Erreur dans le fichier ./CSV3\bulletins\bulletins_propres\table_page_115.csv: En-tête 'Total Charges Ded.Base' introuvable.
Erreur dans le fichier ./CSV3\bulletins\bulletins_propres\table_page_115.csv: En-tête '6080Base' introuvable.
Erreur dans le fichier ./CSV3\bulletins\bulletins_propres\table_page_115.csv: En-tête '6084Base' introuvable.
Erreur dans le fichier ./CSV3\bulletins\bulletins_propres\table_page_115.csv: En-tête '6092Base' introuvable.
Erreur dans le fichier ./CSV3\bulletins\bulletins_propres\table_page_115.csv: En-tête '6096Base' introuvable.
Erreur dans le fichier ./CSV3\bulletins\bulletins_propres\table_page_115.csv: En-tête 'Total Charges Non Ded.Base' introuvable.
Erreur dans le fichier ./CSV3\bulletins\bulletins_propres\table_page_115.csv: En-tête '8009Base' introuvable.
Erreur dans le fichier ./CSV3\bulletins\bulletins_propres\table_page_115.csv: En-tête '8010Base' introuvable.
Erreur dans le fichier ./CSV3\bulletins\bulletins_propres\table_page_115.csv: En-tête '8007Base' introuvable.
Erreur dans le fichier ./CSV3\bulletins\bulletins_propres\table_page_117.csv: En-tête '1001Base' introuvable.
Erreur dans le fichier ./CSV3\bulletins\bulletins_propres\table_page_117.csv: En-tête '1046Base' introuvable.
Erreur dans le fichier ./CSV3\bulletins\bulletins_propres\table_page_117.csv: En-tête 'Base' introuvable.
Erreur dans le fichier ./CSV3\bulletins\bulletins_propres\table_page_117.csv: En-tête '2012Base' introuvable.
Erreur dans le fichier ./CSV3\bulletins\bulletins_propres\table_page_117.csv: En-tête 'Base' introuvable.
Erreur dans le fichier ./CSV3\bulletins\bulletins_propres\table_page_117.csv: En-tête '2018Base' introuvable.
Erreur dans le fichier ./CSV3\bulletins\bulletins_propres\table_page_117.csv: En-tête '2068Base' introuvable.
Erreur dans le fichier ./CSV3\bulletins\bulletins_propres\table_page_117.csv: En-tête '2078Base' introuvable.
Erreur dans le fichier ./CSV3\bulletins\bulletins_propres\table_page_117.csv: En-tête '3250Base' introuvable.
Erreur dans le fichier ./CSV3\bulletins\bulletins_propres\table_page_117.csv: En-tête '3255Base' introuvable.
Erreur dans le fichier ./CSV3\bulletins\bulletins_propres\table_page_117.csv: En-tête '3B80Base' introuvable.
Erreur dans le fichier ./CSV3\bulletins\bulletins_propres\table_page_117.csv: En-tête '3B82Base' introuvable.
Erreur dans le fichier ./CSV3\bulletins\bulletins_propres\table_page_117.csv: En-tête 'Base' introuvable.
Erreur dans le fichier ./CSV3\bulletins\bulletins_propres\table_page_117.csv: En-tête 'TOTAL BRUTBase' introuvable.
Erreur dans le fichier ./CSV3\bulletins\bulletins_propres\table_page_117.csv: En-tête '60F2Base' introuvable.
Erreur dans le fichier ./CSV3\bulletins\bulletins_propres\table_page_117.csv: En-tête '7001Base' introuvable.
Erreur dans le fichier ./CSV3\bulletins\bulletins_propres\table_page_117.csv: En-tête '7010Base' introuvable.
Erreur dans le fichier ./CSV3\bulletins\bulletins_propres\table_page_117.csv: En-tête '7015Base' introuvable.
Erreur dans le fichier ./CSV3\bulletins\bulletins_propres\table_page_117.csv: En-tête 'Base' introuvable.
Erreur dans le fichier ./CSV3\bulletins\bulletins_propres\table_page_117.csv: En-tête '7020Base' introuvable.
Erreur dans le fichier ./CSV3\bulletins\bulletins_propres\table_page_117.csv: En-tête 'Base' introuvable.
Erreur dans le fichier ./CSV3\bulletins\bulletins_propres\table_page_117.csv: En-tête '7030Base' introuvable.
Erreur dans le fichier ./CSV3\bulletins\bulletins_propres\table_page_117.csv: En-tête 'Base' introuvable.
Erreur dans le fichier ./CSV3\bulletins\bulletins_propres\table_page_117.csv: En-tête '7035Base' introuvable.
Erreur dans le fichier ./CSV3\bulletins\bulletins_propres\table_page_117.csv: En-tête 'Base' introuvable.
Erreur dans le fichier ./CSV3\bulletins\bulletins_propres\table_page_117.csv: En-tête '7040Base' introuvable.
Erreur dans le fichier ./CSV3\bulletins\bulletins_propres\table_page_117.csv: En-tête '7045Base' introuvable.
Erreur dans le fichier ./CSV3\bulletins\bulletins_propres\table_page_117.csv: En-tête '7050Base' introuvable.
Erreur dans le fichier ./CSV3\bulletins\bulletins_propres\table_page_117.csv: En-tête '7055Base' introuvable.
Erreur dans le fichier ./CSV3\bulletins\bulletins_propres\table_page_117.csv: En-tête '7C00Base' introuvable.
Erreur dans le fichier ./CSV3\bulletins\bulletins_propres\table_page_117.csv: En-tête '7C20Base' introuvable.
Erreur dans le fichier ./CSV3\bulletins\bulletins_propres\table_page_117.csv: En-tête '7M04Base' introuvable.
Erreur dans le fichier ./CSV3\bulletins\bulletins_propres\table_page_117.csv: En-tête '7P10Base' introuvable.
Erreur dans le fichier ./CSV3\bulletins\bulletins_propres\table_page_117.csv: En-tête '7R56Base' introuvable.
Erreur dans le fichier ./CSV3\bulletins\bulletins_propres\table_page_117.csv: En-tête '7R63Base' introuvable.
Erreur dans le fichier ./CSV3\bulletins\bulletins_propres\table_page_117.csv: En-tête '7T00Base' introuvable.
Erreur dans le fichier ./CSV3\bulletins\bulletins_propres\table_page_117.csv: En-tête 'Base' introuvable.
Erreur dans le fichier ./CSV3\bulletins\bulletins_propres\table_page_117.csv: En-tête '7T02Base' introuvable.
Erreur dans le fichier ./CSV3\bulletins\bulletins_propres\table_page_117.csv: En-tête 'Base' introuvable.
Erreur dans le fichier ./CSV3\bulletins\bulletins_propres\table_page_117.csv: En-tête '7T05Base' introuvable.
Erreur dans le fichier ./CSV3\bulletins\bulletins_propres\table_page_117.csv: En-tête '7T10Base' introuvable.
Erreur dans le fichier ./CSV3\bulletins\bulletins_propres\table_page_117.csv: En-tête '7T15Base' introuvable.
Erreur dans le fichier ./CSV3\bulletins\bulletins_propres\table_page_117.csv: En-tête '7T20Base' introuvable.
Erreur dans le fichier ./CSV3\bulletins\bulletins_propres\table_page_117.csv: En-tête '6082Base' introuvable.
Erreur dans le fichier ./CSV3\bulletins\bulletins_propres\table_page_117.csv: En-tête '6094Base' introuvable.
Erreur dans le fichier ./CSV3\bulletins\bulletins_propres\table_page_117.csv: En-tête 'PALCAllégement chômageBase' introuvable.
Erreur dans le fichier ./CSV3\bulletins\bulletins_propres\table_page_117.csv: En-tête 'PALFAllégement FillonBase' introuvable.
Erreur dans le fichier ./CSV3\bulletins\bulletins_propres\table_page_117.csv: En-tête 'PALRAllégement retraiteBase' introuvable.
Erreur dans le fichier ./CSV3\bulletins\bulletins_propres\table_page_117.csv: En-tête 'Total Charges Ded.Base' introuvable.
Erreur dans le fichier ./CSV3\bulletins\bulletins_propres\table_page_117.csv: En-tête '6080Base' introuvable.
Erreur dans le fichier ./CSV3\bulletins\bulletins_propres\table_page_117.csv: En-tête '6084Base' introuvable.
Erreur dans le fichier ./CSV3\bulletins\bulletins_propres\table_page_117.csv: En-tête '6092Base' introuvable.
Erreur dans le fichier ./CSV3\bulletins\bulletins_propres\table_page_117.csv: En-tête '6096Base' introuvable.
Erreur dans le fichier ./CSV3\bulletins\bulletins_propres\table_page_117.csv: En-tête '60F1Base' introuvable.
Erreur dans le fichier ./CSV3\bulletins\bulletins_propres\table_page_117.csv: En-tête '60F3Base' introuvable.
Erreur dans le fichier ./CSV3\bulletins\bulletins_propres\table_page_117.csv: En-tête '60F4Base' introuvable.
Erreur dans le fichier ./CSV3\bulletins\bulletins_propres\table_page_117.csv: En-tête '60F8Base' introuvable.
Erreur dans le fichier ./CSV3\bulletins\bulletins_propres\table_page_117.csv: En-tête '60F9Base' introuvable.
Erreur dans le fichier ./CSV3\bulletins\bulletins_propres\table_page_117.csv: En-tête 'Total Charges Non Ded.Base' introuvable.
Erreur dans le fichier ./CSV3\bulletins\bulletins_propres\table_page_117.csv: En-tête '8009Base' introuvable.
Erreur dans le fichier ./CSV3\bulletins\bulletins_propres\table_page_117.csv: En-tête '8010Base' introuvable.
Erreur dans le fichier ./CSV3\bulletins\bulletins_propres\table_page_119.csv: En-tête '1001Base' introuvable.
Erreur dans le fichier ./CSV3\bulletins\bulletins_propres\table_page_119.csv: En-tête '1046Base' introuvable.
Erreur dans le fichier ./CSV3\bulletins\bulletins_propres\table_page_119.csv: En-tête 'Base' introuvable.
Erreur dans le fichier ./CSV3\bulletins\bulletins_propres\table_page_119.csv: En-tête '2012Base' introuvable.
Erreur dans le fichier ./CSV3\bulletins\bulletins_propres\table_page_119.csv: En-tête 'Base' introuvable.
Erreur dans le fichier ./CSV3\bulletins\bulletins_propres\table_page_119.csv: En-tête '2018Base' introuvable.
Erreur dans le fichier ./CSV3\bulletins\bulletins_propres\table_page_119.csv: En-tête '2068Base' introuvable.
Erreur dans le fichier ./CSV3\bulletins\bulletins_propres\table_page_119.csv: En-tête '2078Base' introuvable.
Erreur dans le fichier ./CSV3\bulletins\bulletins_propres\table_page_119.csv: En-tête '3006Base' introuvable.
Erreur dans le fichier ./CSV3\bulletins\bulletins_propres\table_page_119.csv: En-tête '3502Base' introuvable.
Erreur dans le fichier ./CSV3\bulletins\bulletins_propres\table_page_119.csv: En-tête 'Base' introuvable.
Erreur dans le fichier ./CSV3\bulletins\bulletins_propres\table_page_119.csv: En-tête 'TOTAL BRUTBase' introuvable.
Erreur dans le fichier ./CSV3\bulletins\bulletins_propres\table_page_119.csv: En-tête '6S89Base' introuvable.
Erreur dans le fichier ./CSV3\bulletins\bulletins_propres\table_page_119.csv: En-tête '7001Base' introuvable.
Erreur dans le fichier ./CSV3\bulletins\bulletins_propres\table_page_119.csv: En-tête '7010Base' introuvable.
Erreur dans le fichier ./CSV3\bulletins\bulletins_propres\table_page_119.csv: En-tête '7015Base' introuvable.
Erreur dans le fichier ./CSV3\bulletins\bulletins_propres\table_page_119.csv: En-tête '7020Base' introuvable.
Erreur dans le fichier ./CSV3\bulletins\bulletins_propres\table_page_119.csv: En-tête '7030Base' introuvable.
Erreur dans le fichier ./CSV3\bulletins\bulletins_propres\table_page_119.csv: En-tête 'Base' introuvable.
Erreur dans le fichier ./CSV3\bulletins\bulletins_propres\table_page_119.csv: En-tête '7035Base' introuvable.
Erreur dans le fichier ./CSV3\bulletins\bulletins_propres\table_page_119.csv: En-tête 'Base' introuvable.
Erreur dans le fichier ./CSV3\bulletins\bulletins_propres\table_page_119.csv: En-tête '7040Base' introuvable.
Erreur dans le fichier ./CSV3\bulletins\bulletins_propres\table_page_119.csv: En-tête 'Base' introuvable.
Erreur dans le fichier ./CSV3\bulletins\bulletins_propres\table_page_119.csv: En-tête '7045Base' introuvable.
Erreur dans le fichier ./CSV3\bulletins\bulletins_propres\table_page_119.csv: En-tête 'Base' introuvable.
Erreur dans le fichier ./CSV3\bulletins\bulletins_propres\table_page_119.csv: En-tête '7050Base' introuvable.
Erreur dans le fichier ./CSV3\bulletins\bulletins_propres\table_page_119.csv: En-tête '7055Base' introuvable.
Erreur dans le fichier ./CSV3\bulletins\bulletins_propres\table_page_119.csv: En-tête '7C00Base' introuvable.
Erreur dans le fichier ./CSV3\bulletins\bulletins_propres\table_page_119.csv: En-tête '7C20Base' introuvable.
Erreur dans le fichier ./CSV3\bulletins\bulletins_propres\table_page_119.csv: En-tête '7M03Base' introuvable.
Erreur dans le fichier ./CSV3\bulletins\bulletins_propres\table_page_119.csv: En-tête '7P10Base' introuvable.
Erreur dans le fichier ./CSV3\bulletins\bulletins_propres\table_page_119.csv: En-tête '7R56Base' introuvable.
Erreur dans le fichier ./CSV3\bulletins\bulletins_propres\table_page_119.csv: En-tête '7R63Base' introuvable.
Erreur dans le fichier ./CSV3\bulletins\bulletins_propres\table_page_119.csv: En-tête '7T00Base' introuvable.
Erreur dans le fichier ./CSV3\bulletins\bulletins_propres\table_page_119.csv: En-tête '7T02Base' introuvable.
Erreur dans le fichier ./CSV3\bulletins\bulletins_propres\table_page_119.csv: En-tête '7T05Base' introuvable.
Erreur dans le fichier ./CSV3\bulletins\bulletins_propres\table_page_119.csv: En-tête 'Base' introuvable.
Erreur dans le fichier ./CSV3\bulletins\bulletins_propres\table_page_119.csv: En-tête '7T10Base' introuvable.
Erreur dans le fichier ./CSV3\bulletins\bulletins_propres\table_page_119.csv: En-tête 'Base' introuvable.
Erreur dans le fichier ./CSV3\bulletins\bulletins_propres\table_page_119.csv: En-tête '7T15Base' introuvable.
Erreur dans le fichier ./CSV3\bulletins\bulletins_propres\table_page_119.csv: En-tête '7T20Base' introuvable.
Erreur dans le fichier ./CSV3\bulletins\bulletins_propres\table_page_119.csv: En-tête '6082Base' introuvable.
Erreur dans le fichier ./CSV3\bulletins\bulletins_propres\table_page_119.csv: En-tête '6094Base' introuvable.
Erreur dans le fichier ./CSV3\bulletins\bulletins_propres\table_page_119.csv: En-tête 'PALCAllégement chômageBase' introuvable.
Erreur dans le fichier ./CSV3\bulletins\bulletins_propres\table_page_119.csv: En-tête 'PALFAllégement FillonBase' introuvable.
Erreur dans le fichier ./CSV3\bulletins\bulletins_propres\table_page_119.csv: En-tête 'PALRAllégement retraiteBase' introuvable.
Erreur dans le fichier ./CSV3\bulletins\bulletins_propres\table_page_119.csv: En-tête 'Total Charges Ded.Base' introuvable.
Erreur dans le fichier ./CSV3\bulletins\bulletins_propres\table_page_119.csv: En-tête '6070Base' introuvable.
Erreur dans le fichier ./CSV3\bulletins\bulletins_propres\table_page_119.csv: En-tête '6074Base' introuvable.
Erreur dans le fichier ./CSV3\bulletins\bulletins_propres\table_page_119.csv: En-tête '6080Base' introuvable.
Erreur dans le fichier ./CSV3\bulletins\bulletins_propres\table_page_119.csv: En-tête '6084Base' introuvable.
Erreur dans le fichier ./CSV3\bulletins\bulletins_propres\table_page_119.csv: En-tête '6092Base' introuvable.
Erreur dans le fichier ./CSV3\bulletins\bulletins_propres\table_page_119.csv: En-tête '6096Base' introuvable.
Erreur dans le fichier ./CSV3\bulletins\bulletins_propres\table_page_119.csv: En-tête 'Total Charges Non Ded.Base' introuvable.
Erreur dans le fichier ./CSV3\bulletins\bulletins_propres\table_page_119.csv: En-tête '8009Base' introuvable.
Erreur dans le fichier ./CSV3\bulletins\bulletins_propres\table_page_119.csv: En-tête '8010Base' introuvable.
Erreur dans le fichier ./CSV3\bulletins\bulletins_propres\table_page_119.csv: En-tête '8192Base' introuvable.
Erreur dans le fichier ./CSV3\bulletins\bulletins_propres\table_page_119.csv: En-tête '8190Base' introuvable.
Erreur dans le fichier ./CSV3\bulletins\bulletins_propres\table_page_121.csv: En-tête '1001Base' introuvable.
Erreur dans le fichier ./CSV3\bulletins\bulletins_propres\table_page_121.csv: En-tête '2012Base' introuvable.
Erreur dans le fichier ./CSV3\bulletins\bulletins_propres\table_page_121.csv: En-tête 'Base' introuvable.
Erreur dans le fichier ./CSV3\bulletins\bulletins_propres\table_page_121.csv: En-tête '2068Base' introuvable.
Erreur dans le fichier ./CSV3\bulletins\bulletins_propres\table_page_121.csv: En-tête 'Base' introuvable.
Erreur dans le fichier ./CSV3\bulletins\bulletins_propres\table_page_121.csv: En-tête '2078Base' introuvable.
Erreur dans le fichier ./CSV3\bulletins\bulletins_propres\table_page_121.csv: En-tête 'TOTAL BRUTBase' introuvable.
Erreur dans le fichier ./CSV3\bulletins\bulletins_propres\table_page_121.csv: En-tête 'Base' introuvable.
Erreur dans le fichier ./CSV3\bulletins\bulletins_propres\table_page_121.csv: En-tête '7001Base' introuvable.
Erreur dans le fichier ./CSV3\bulletins\bulletins_propres\table_page_121.csv: En-tête '7010Base' introuvable.
Erreur dans le fichier ./CSV3\bulletins\bulletins_propres\table_page_121.csv: En-tête '7015Base' introuvable.
Erreur dans le fichier ./CSV3\bulletins\bulletins_propres\table_page_121.csv: En-tête '7020Base' introuvable.
Erreur dans le fichier ./CSV3\bulletins\bulletins_propres\table_page_121.csv: En-tête '7030Base' introuvable.
Erreur dans le fichier ./CSV3\bulletins\bulletins_propres\table_page_121.csv: En-tête '7035Base' introuvable.
Erreur dans le fichier ./CSV3\bulletins\bulletins_propres\table_page_121.csv: En-tête '7040Base' introuvable.
Erreur dans le fichier ./CSV3\bulletins\bulletins_propres\table_page_121.csv: En-tête '7045Base' introuvable.
Erreur dans le fichier ./CSV3\bulletins\bulletins_propres\table_page_121.csv: En-tête '7050Base' introuvable.
Erreur dans le fichier ./CSV3\bulletins\bulletins_propres\table_page_121.csv: En-tête '7055Base' introuvable.
Erreur dans le fichier ./CSV3\bulletins\bulletins_propres\table_page_121.csv: En-tête 'Base' introuvable.
Erreur dans le fichier ./CSV3\bulletins\bulletins_propres\table_page_121.csv: En-tête '7C00Base' introuvable.
Erreur dans le fichier ./CSV3\bulletins\bulletins_propres\table_page_121.csv: En-tête 'Base' introuvable.
Erreur dans le fichier ./CSV3\bulletins\bulletins_propres\table_page_121.csv: En-tête '7C20Base' introuvable.
Erreur dans le fichier ./CSV3\bulletins\bulletins_propres\table_page_121.csv: En-tête 'Base' introuvable.
Erreur dans le fichier ./CSV3\bulletins\bulletins_propres\table_page_121.csv: En-tête '7M03Base' introuvable.
Erreur dans le fichier ./CSV3\bulletins\bulletins_propres\table_page_121.csv: En-tête 'Base' introuvable.
Erreur dans le fichier ./CSV3\bulletins\bulletins_propres\table_page_121.csv: En-tête '7P10Base' introuvable.
Erreur dans le fichier ./CSV3\bulletins\bulletins_propres\table_page_121.csv: En-tête '7R56Base' introuvable.
Erreur dans le fichier ./CSV3\bulletins\bulletins_propres\table_page_121.csv: En-tête '7R63Base' introuvable.
Erreur dans le fichier ./CSV3\bulletins\bulletins_propres\table_page_121.csv: En-tête '7T00Base' introuvable.
Erreur dans le fichier ./CSV3\bulletins\bulletins_propres\table_page_121.csv: En-tête '7T02Base' introuvable.
Erreur dans le fichier ./CSV3\bulletins\bulletins_propres\table_page_121.csv: En-tête '7T05Base' introuvable.
Erreur dans le fichier ./CSV3\bulletins\bulletins_propres\table_page_121.csv: En-tête '7T10Base' introuvable.
Erreur dans le fichier ./CSV3\bulletins\bulletins_propres\table_page_121.csv: En-tête '7T15Base' introuvable.
Erreur dans le fichier ./CSV3\bulletins\bulletins_propres\table_page_121.csv: En-tête '7T20Base' introuvable.
Erreur dans le fichier ./CSV3\bulletins\bulletins_propres\table_page_121.csv: En-tête '6082Base' introuvable.
Erreur dans le fichier ./CSV3\bulletins\bulletins_propres\table_page_121.csv: En-tête '6094Base' introuvable.
Erreur dans le fichier ./CSV3\bulletins\bulletins_propres\table_page_121.csv: En-tête 'Base' introuvable.
Erreur dans le fichier ./CSV3\bulletins\bulletins_propres\table_page_121.csv: En-tête 'PALCAllégement chômageBase' introuvable.
Erreur dans le fichier ./CSV3\bulletins\bulletins_propres\table_page_121.csv: En-tête 'PALFAllégement FillonBase' introuvable.
Erreur dans le fichier ./CSV3\bulletins\bulletins_propres\table_page_121.csv: En-tête 'PALRAllégement retraiteBase' introuvable.
Erreur dans le fichier ./CSV3\bulletins\bulletins_propres\table_page_121.csv: En-tête 'Total Charges Ded.Base' introuvable.
Erreur dans le fichier ./CSV3\bulletins\bulletins_propres\table_page_121.csv: En-tête '6080Base' introuvable.
Erreur dans le fichier ./CSV3\bulletins\bulletins_propres\table_page_121.csv: En-tête '6084Base' introuvable.
Erreur dans le fichier ./CSV3\bulletins\bulletins_propres\table_page_121.csv: En-tête '6092Base' introuvable.
Erreur dans le fichier ./CSV3\bulletins\bulletins_propres\table_page_121.csv: En-tête '6096Base' introuvable.
Erreur dans le fichier ./CSV3\bulletins\bulletins_propres\table_page_121.csv: En-tête 'Total Charges Non Ded.Base' introuvable.
Erreur dans le fichier ./CSV3\bulletins\bulletins_propres\table_page_121.csv: En-tête '8009Base' introuvable.
Erreur dans le fichier ./CSV3\bulletins\bulletins_propres\table_page_121.csv: En-tête '8010Base' introuvable.
Erreur dans le fichier ./CSV3\bulletins\bulletins_propres\table_page_121.csv: En-tête '8017Base' introuvable.
Erreur dans le fichier ./CSV3\bulletins\bulletins_propres\table_page_121.csv: En-tête '8192Base' introuvable.
Erreur dans le fichier ./CSV3\bulletins\bulletins_propres\table_page_123.csv: En-tête '1001Base' introuvable.
Erreur dans le fichier ./CSV3\bulletins\bulletins_propres\table_page_123.csv: En-tête '1046Base' introuvable.
Erreur dans le fichier ./CSV3\bulletins\bulletins_propres\table_page_123.csv: En-tête 'Base' introuvable.
Erreur dans le fichier ./CSV3\bulletins\bulletins_propres\table_page_123.csv: En-tête '2012Base' introuvable.
Erreur dans le fichier ./CSV3\bulletins\bulletins_propres\table_page_123.csv: En-tête 'Base' introuvable.
Erreur dans le fichier ./CSV3\bulletins\bulletins_propres\table_page_123.csv: En-tête '2018Base' introuvable.
Erreur dans le fichier ./CSV3\bulletins\bulletins_propres\table_page_123.csv: En-tête '2068Base' introuvable.
Erreur dans le fichier ./CSV3\bulletins\bulletins_propres\table_page_123.csv: En-tête '2078Base' introuvable.
Erreur dans le fichier ./CSV3\bulletins\bulletins_propres\table_page_123.csv: En-tête 'Base' introuvable.
Erreur dans le fichier ./CSV3\bulletins\bulletins_propres\table_page_123.csv: En-tête 'TOTAL BRUTBase' introuvable.
Erreur dans le fichier ./CSV3\bulletins\bulletins_propres\table_page_123.csv: En-tête '7001Base' introuvable.
Erreur dans le fichier ./CSV3\bulletins\bulletins_propres\table_page_123.csv: En-tête '7010Base' introuvable.
Erreur dans le fichier ./CSV3\bulletins\bulletins_propres\table_page_123.csv: En-tête '7015Base' introuvable.
Erreur dans le fichier ./CSV3\bulletins\bulletins_propres\table_page_123.csv: En-tête '7020Base' introuvable.
Erreur dans le fichier ./CSV3\bulletins\bulletins_propres\table_page_123.csv: En-tête '7030Base' introuvable.
Erreur dans le fichier ./CSV3\bulletins\bulletins_propres\table_page_123.csv: En-tête '7035Base' introuvable.
Erreur dans le fichier ./CSV3\bulletins\bulletins_propres\table_page_123.csv: En-tête '7040Base' introuvable.
Erreur dans le fichier ./CSV3\bulletins\bulletins_propres\table_page_123.csv: En-tête '7045Base' introuvable.
Erreur dans le fichier ./CSV3\bulletins\bulletins_propres\table_page_123.csv: En-tête 'Base' introuvable.
Erreur dans le fichier ./CSV3\bulletins\bulletins_propres\table_page_123.csv: En-tête '7050Base' introuvable.
Erreur dans le fichier ./CSV3\bulletins\bulletins_propres\table_page_123.csv: En-tête 'Base' introuvable.
Erreur dans le fichier ./CSV3\bulletins\bulletins_propres\table_page_123.csv: En-tête '7055Base' introuvable.
Erreur dans le fichier ./CSV3\bulletins\bulletins_propres\table_page_123.csv: En-tête 'Base' introuvable.
Erreur dans le fichier ./CSV3\bulletins\bulletins_propres\table_page_123.csv: En-tête '7C00Base' introuvable.
Erreur dans le fichier ./CSV3\bulletins\bulletins_propres\table_page_123.csv: En-tête 'Base' introuvable.
Erreur dans le fichier ./CSV3\bulletins\bulletins_propres\table_page_123.csv: En-tête '7C20Base' introuvable.
Erreur dans le fichier ./CSV3\bulletins\bulletins_propres\table_page_123.csv: En-tête '7M04Base' introuvable.
Erreur dans le fichier ./CSV3\bulletins\bulletins_propres\table_page_123.csv: En-tête '7P10Base' introuvable.
Erreur dans le fichier ./CSV3\bulletins\bulletins_propres\table_page_123.csv: En-tête '7R56Base' introuvable.
Erreur dans le fichier ./CSV3\bulletins\bulletins_propres\table_page_123.csv: En-tête '7R63Base' introuvable.
Erreur dans le fichier ./CSV3\bulletins\bulletins_propres\table_page_123.csv: En-tête '7T00Base' introuvable.
Erreur dans le fichier ./CSV3\bulletins\bulletins_propres\table_page_123.csv: En-tête '7T02Base' introuvable.
Erreur dans le fichier ./CSV3\bulletins\bulletins_propres\table_page_123.csv: En-tête '7T05Base' introuvable.
Erreur dans le fichier ./CSV3\bulletins\bulletins_propres\table_page_123.csv: En-tête '7T10Base' introuvable.
Erreur dans le fichier ./CSV3\bulletins\bulletins_propres\table_page_123.csv: En-tête '7T15Base' introuvable.
Erreur dans le fichier ./CSV3\bulletins\bulletins_propres\table_page_123.csv: En-tête '7T20Base' introuvable.
Erreur dans le fichier ./CSV3\bulletins\bulletins_propres\table_page_123.csv: En-tête 'Base' introuvable.
Erreur dans le fichier ./CSV3\bulletins\bulletins_propres\table_page_123.csv: En-tête '6082Base' introuvable.
Erreur dans le fichier ./CSV3\bulletins\bulletins_propres\table_page_123.csv: En-tête '6094Base' introuvable.
Erreur dans le fichier ./CSV3\bulletins\bulletins_propres\table_page_123.csv: En-tête 'Total Charges Ded.Base' introuvable.
Erreur dans le fichier ./CSV3\bulletins\bulletins_propres\table_page_123.csv: En-tête '6080Base' introuvable.
Erreur dans le fichier ./CSV3\bulletins\bulletins_propres\table_page_123.csv: En-tête '6084Base' introuvable.
Erreur dans le fichier ./CSV3\bulletins\bulletins_propres\table_page_123.csv: En-tête '6092Base' introuvable.
Erreur dans le fichier ./CSV3\bulletins\bulletins_propres\table_page_123.csv: En-tête '6096Base' introuvable.
Erreur dans le fichier ./CSV3\bulletins\bulletins_propres\table_page_123.csv: En-tête 'Total Charges Non Ded.Base' introuvable.
Erreur dans le fichier ./CSV3\bulletins\bulletins_propres\table_page_123.csv: En-tête '8009Base' introuvable.
Erreur dans le fichier ./CSV3\bulletins\bulletins_propres\table_page_123.csv: En-tête '8010Base' introuvable.
Erreur dans le fichier ./CSV3\bulletins\bulletins_propres\table_page_123.csv: En-tête '8007Base' introuvable.
Erreur dans le fichier ./CSV3\bulletins\bulletins_propres\table_page_123.csv: En-tête '8192Base' introuvable.
Erreur dans le fichier ./CSV3\bulletins\bulletins_propres\table_page_125.csv: En-tête '1001Base' introuvable.
Erreur dans le fichier ./CSV3\bulletins\bulletins_propres\table_page_125.csv: En-tête '1046Base' introuvable.
Erreur dans le fichier ./CSV3\bulletins\bulletins_propres\table_page_125.csv: En-tête 'Base' introuvable.
Erreur dans le fichier ./CSV3\bulletins\bulletins_propres\table_page_125.csv: En-tête '2012Base' introuvable.
Erreur dans le fichier ./CSV3\bulletins\bulletins_propres\table_page_125.csv: En-tête 'Base' introuvable.
Erreur dans le fichier ./CSV3\bulletins\bulletins_propres\table_page_125.csv: En-tête '2018Base' introuvable.
Erreur dans le fichier ./CSV3\bulletins\bulletins_propres\table_page_125.csv: En-tête '2068Base' introuvable.
Erreur dans le fichier ./CSV3\bulletins\bulletins_propres\table_page_125.csv: En-tête '2078Base' introuvable.
Erreur dans le fichier ./CSV3\bulletins\bulletins_propres\table_page_125.csv: En-tête 'Base' introuvable.
Erreur dans le fichier ./CSV3\bulletins\bulletins_propres\table_page_125.csv: En-tête 'TOTAL BRUTBase' introuvable.
Erreur dans le fichier ./CSV3\bulletins\bulletins_propres\table_page_125.csv: En-tête '7001Base' introuvable.
Erreur dans le fichier ./CSV3\bulletins\bulletins_propres\table_page_125.csv: En-tête '7010Base' introuvable.
Erreur dans le fichier ./CSV3\bulletins\bulletins_propres\table_page_125.csv: En-tête '7015Base' introuvable.
Erreur dans le fichier ./CSV3\bulletins\bulletins_propres\table_page_125.csv: En-tête '7020Base' introuvable.
Erreur dans le fichier ./CSV3\bulletins\bulletins_propres\table_page_125.csv: En-tête '7030Base' introuvable.
Erreur dans le fichier ./CSV3\bulletins\bulletins_propres\table_page_125.csv: En-tête '7035Base' introuvable.
Erreur dans le fichier ./CSV3\bulletins\bulletins_propres\table_page_125.csv: En-tête '7040Base' introuvable.
Erreur dans le fichier ./CSV3\bulletins\bulletins_propres\table_page_125.csv: En-tête '7045Base' introuvable.
Erreur dans le fichier ./CSV3\bulletins\bulletins_propres\table_page_125.csv: En-tête 'Base' introuvable.
Erreur dans le fichier ./CSV3\bulletins\bulletins_propres\table_page_125.csv: En-tête '7050Base' introuvable.
Erreur dans le fichier ./CSV3\bulletins\bulletins_propres\table_page_125.csv: En-tête 'Base' introuvable.
Erreur dans le fichier ./CSV3\bulletins\bulletins_propres\table_page_125.csv: En-tête '7055Base' introuvable.
Erreur dans le fichier ./CSV3\bulletins\bulletins_propres\table_page_125.csv: En-tête 'Base' introuvable.
Erreur dans le fichier ./CSV3\bulletins\bulletins_propres\table_page_125.csv: En-tête '7C00Base' introuvable.
Erreur dans le fichier ./CSV3\bulletins\bulletins_propres\table_page_125.csv: En-tête 'Base' introuvable.
Erreur dans le fichier ./CSV3\bulletins\bulletins_propres\table_page_125.csv: En-tête '7C20Base' introuvable.
Erreur dans le fichier ./CSV3\bulletins\bulletins_propres\table_page_125.csv: En-tête '7M03Base' introuvable.
Erreur dans le fichier ./CSV3\bulletins\bulletins_propres\table_page_125.csv: En-tête '7P10Base' introuvable.
Erreur dans le fichier ./CSV3\bulletins\bulletins_propres\table_page_125.csv: En-tête '7R56Base' introuvable.
Erreur dans le fichier ./CSV3\bulletins\bulletins_propres\table_page_125.csv: En-tête '7R63Base' introuvable.
Erreur dans le fichier ./CSV3\bulletins\bulletins_propres\table_page_125.csv: En-tête '7T00Base' introuvable.
Erreur dans le fichier ./CSV3\bulletins\bulletins_propres\table_page_125.csv: En-tête '7T02Base' introuvable.
Erreur dans le fichier ./CSV3\bulletins\bulletins_propres\table_page_125.csv: En-tête '7T05Base' introuvable.
Erreur dans le fichier ./CSV3\bulletins\bulletins_propres\table_page_125.csv: En-tête '7T10Base' introuvable.
Erreur dans le fichier ./CSV3\bulletins\bulletins_propres\table_page_125.csv: En-tête '7T15Base' introuvable.
Erreur dans le fichier ./CSV3\bulletins\bulletins_propres\table_page_125.csv: En-tête '7T20Base' introuvable.
Erreur dans le fichier ./CSV3\bulletins\bulletins_propres\table_page_125.csv: En-tête 'Base' introuvable.
Erreur dans le fichier ./CSV3\bulletins\bulletins_propres\table_page_125.csv: En-tête '6082Base' introuvable.
Erreur dans le fichier ./CSV3\bulletins\bulletins_propres\table_page_125.csv: En-tête '6094Base' introuvable.
Erreur dans le fichier ./CSV3\bulletins\bulletins_propres\table_page_125.csv: En-tête 'Total Charges Ded.Base' introuvable.
Erreur dans le fichier ./CSV3\bulletins\bulletins_propres\table_page_125.csv: En-tête '6080Base' introuvable.
Erreur dans le fichier ./CSV3\bulletins\bulletins_propres\table_page_125.csv: En-tête '6084Base' introuvable.
Erreur dans le fichier ./CSV3\bulletins\bulletins_propres\table_page_125.csv: En-tête '6092Base' introuvable.
Erreur dans le fichier ./CSV3\bulletins\bulletins_propres\table_page_125.csv: En-tête '6096Base' introuvable.
Erreur dans le fichier ./CSV3\bulletins\bulletins_propres\table_page_125.csv: En-tête 'Total Charges Non Ded.Base' introuvable.
Erreur dans le fichier ./CSV3\bulletins\bulletins_propres\table_page_125.csv: En-tête '8009Base' introuvable.
Erreur dans le fichier ./CSV3\bulletins\bulletins_propres\table_page_125.csv: En-tête '8010Base' introuvable.
Erreur dans le fichier ./CSV3\bulletins\bulletins_propres\table_page_125.csv: En-tête '8192Base' introuvable.
Erreur dans le fichier ./CSV3\bulletins\bulletins_propres\table_page_127.csv: En-tête '1002Base' introuvable.
Erreur dans le fichier ./CSV3\bulletins\bulletins_propres\table_page_127.csv: En-tête '2012Base' introuvable.
Erreur dans le fichier ./CSV3\bulletins\bulletins_propres\table_page_127.csv: En-tête 'Base' introuvable.
Erreur dans le fichier ./CSV3\bulletins\bulletins_propres\table_page_127.csv: En-tête '2068Base' introuvable.
Erreur dans le fichier ./CSV3\bulletins\bulletins_propres\table_page_127.csv: En-tête 'Base' introuvable.
Erreur dans le fichier ./CSV3\bulletins\bulletins_propres\table_page_127.csv: En-tête '3310Base' introuvable.
Erreur dans le fichier ./CSV3\bulletins\bulletins_propres\table_page_127.csv: En-tête '3315Base' introuvable.
Erreur dans le fichier ./CSV3\bulletins\bulletins_propres\table_page_127.csv: En-tête 'Base' introuvable.
Erreur dans le fichier ./CSV3\bulletins\bulletins_propres\table_page_127.csv: En-tête 'TOTAL BRUTBase' introuvable.
Erreur dans le fichier ./CSV3\bulletins\bulletins_propres\table_page_127.csv: En-tête '7001Base' introuvable.
Erreur dans le fichier ./CSV3\bulletins\bulletins_propres\table_page_127.csv: En-tête '7002Base' introuvable.
Erreur dans le fichier ./CSV3\bulletins\bulletins_propres\table_page_127.csv: En-tête '7010Base' introuvable.
Erreur dans le fichier ./CSV3\bulletins\bulletins_propres\table_page_127.csv: En-tête '7015Base' introuvable.
Erreur dans le fichier ./CSV3\bulletins\bulletins_propres\table_page_127.csv: En-tête '7020Base' introuvable.
Erreur dans le fichier ./CSV3\bulletins\bulletins_propres\table_page_127.csv: En-tête '7030Base' introuvable.
Erreur dans le fichier ./CSV3\bulletins\bulletins_propres\table_page_127.csv: En-tête '7035Base' introuvable.
Erreur dans le fichier ./CSV3\bulletins\bulletins_propres\table_page_127.csv: En-tête '7040Base' introuvable.
Erreur dans le fichier ./CSV3\bulletins\bulletins_propres\table_page_127.csv: En-tête '7045Base' introuvable.
Erreur dans le fichier ./CSV3\bulletins\bulletins_propres\table_page_127.csv: En-tête 'Base' introuvable.
Erreur dans le fichier ./CSV3\bulletins\bulletins_propres\table_page_127.csv: En-tête '7050Base' introuvable.
Erreur dans le fichier ./CSV3\bulletins\bulletins_propres\table_page_127.csv: En-tête 'Base' introuvable.
Erreur dans le fichier ./CSV3\bulletins\bulletins_propres\table_page_127.csv: En-tête '7055Base' introuvable.
Erreur dans le fichier ./CSV3\bulletins\bulletins_propres\table_page_127.csv: En-tête 'Base' introuvable.
Erreur dans le fichier ./CSV3\bulletins\bulletins_propres\table_page_127.csv: En-tête '7C00Base' introuvable.
Erreur dans le fichier ./CSV3\bulletins\bulletins_propres\table_page_127.csv: En-tête 'Base' introuvable.
Erreur dans le fichier ./CSV3\bulletins\bulletins_propres\table_page_127.csv: En-tête '7C10Base' introuvable.
Erreur dans le fichier ./CSV3\bulletins\bulletins_propres\table_page_127.csv: En-tête '7C20Base' introuvable.
Erreur dans le fichier ./CSV3\bulletins\bulletins_propres\table_page_127.csv: En-tête '7M05Base' introuvable.
Erreur dans le fichier ./CSV3\bulletins\bulletins_propres\table_page_127.csv: En-tête '7P20Base' introuvable.
Erreur dans le fichier ./CSV3\bulletins\bulletins_propres\table_page_127.csv: En-tête '7P25Base' introuvable.
Erreur dans le fichier ./CSV3\bulletins\bulletins_propres\table_page_127.csv: En-tête '7R44Base' introuvable.
Erreur dans le fichier ./CSV3\bulletins\bulletins_propres\table_page_127.csv: En-tête '7R45Base' introuvable.
Erreur dans le fichier ./CSV3\bulletins\bulletins_propres\table_page_127.csv: En-tête '7R53Base' introuvable.
Erreur dans le fichier ./CSV3\bulletins\bulletins_propres\table_page_127.csv: En-tête '7R54Base' introuvable.
Erreur dans le fichier ./CSV3\bulletins\bulletins_propres\table_page_127.csv: En-tête '7R63Base' introuvable.
Erreur dans le fichier ./CSV3\bulletins\bulletins_propres\table_page_127.csv: En-tête '7R64Base' introuvable.
Erreur dans le fichier ./CSV3\bulletins\bulletins_propres\table_page_127.csv: En-tête 'Base' introuvable.
Erreur dans le fichier ./CSV3\bulletins\bulletins_propres\table_page_127.csv: En-tête '7R70Base' introuvable.
Erreur dans le fichier ./CSV3\bulletins\bulletins_propres\table_page_127.csv: En-tête 'Base' introuvable.
Erreur dans le fichier ./CSV3\bulletins\bulletins_propres\table_page_127.csv: En-tête '7R71Base' introuvable.
Erreur dans le fichier ./CSV3\bulletins\bulletins_propres\table_page_127.csv: En-tête '7T00Base' introuvable.
Erreur dans le fichier ./CSV3\bulletins\bulletins_propres\table_page_127.csv: En-tête '7T02Base' introuvable.
Erreur dans le fichier ./CSV3\bulletins\bulletins_propres\table_page_127.csv: En-tête '7T05Base' introuvable.
Erreur dans le fichier ./CSV3\bulletins\bulletins_propres\table_page_127.csv: En-tête '7T10Base' introuvable.
Erreur dans le fichier ./CSV3\bulletins\bulletins_propres\table_page_127.csv: En-tête '7T15Base' introuvable.
Erreur dans le fichier ./CSV3\bulletins\bulletins_propres\table_page_127.csv: En-tête '7T20Base' introuvable.
Erreur dans le fichier ./CSV3\bulletins\bulletins_propres\table_page_127.csv: En-tête '6082Base' introuvable.
Erreur dans le fichier ./CSV3\bulletins\bulletins_propres\table_page_127.csv: En-tête '6094Base' introuvable.
Erreur dans le fichier ./CSV3\bulletins\bulletins_propres\table_page_127.csv: En-tête 'Total Charges Ded.Base' introuvable.
Erreur dans le fichier ./CSV3\bulletins\bulletins_propres\table_page_127.csv: En-tête '6080Base' introuvable.
Erreur dans le fichier ./CSV3\bulletins\bulletins_propres\table_page_127.csv: En-tête '6084Base' introuvable.
Erreur dans le fichier ./CSV3\bulletins\bulletins_propres\table_page_127.csv: En-tête '6092Base' introuvable.
Erreur dans le fichier ./CSV3\bulletins\bulletins_propres\table_page_127.csv: En-tête '6096Base' introuvable.
Erreur dans le fichier ./CSV3\bulletins\bulletins_propres\table_page_127.csv: En-tête 'Total Charges Non Ded.Base' introuvable.
Erreur dans le fichier ./CSV3\bulletins\bulletins_propres\table_page_127.csv: En-tête '8009Base' introuvable.
Erreur dans le fichier ./CSV3\bulletins\bulletins_propres\table_page_127.csv: En-tête '8010Base' introuvable.
Erreur dans le fichier ./CSV3\bulletins\bulletins_propres\table_page_127.csv: En-tête '8007Base' introuvable.
Erreur dans le fichier ./CSV3\bulletins\bulletins_propres\table_page_129.csv: En-tête '1001Base' introuvable.
Erreur dans le fichier ./CSV3\bulletins\bulletins_propres\table_page_129.csv: En-tête '1046Base' introuvable.
Erreur dans le fichier ./CSV3\bulletins\bulletins_propres\table_page_129.csv: En-tête 'Base' introuvable.
Erreur dans le fichier ./CSV3\bulletins\bulletins_propres\table_page_129.csv: En-tête '2012Base' introuvable.
Erreur dans le fichier ./CSV3\bulletins\bulletins_propres\table_page_129.csv: En-tête 'Base' introuvable.
Erreur dans le fichier ./CSV3\bulletins\bulletins_propres\table_page_129.csv: En-tête '2018Base' introuvable.
Erreur dans le fichier ./CSV3\bulletins\bulletins_propres\table_page_129.csv: En-tête '2068Base' introuvable.
Erreur dans le fichier ./CSV3\bulletins\bulletins_propres\table_page_129.csv: En-tête '2078Base' introuvable.
Erreur dans le fichier ./CSV3\bulletins\bulletins_propres\table_page_129.csv: En-tête '3250Base' introuvable.
Erreur dans le fichier ./CSV3\bulletins\bulletins_propres\table_page_129.csv: En-tête '3255Base' introuvable.
Erreur dans le fichier ./CSV3\bulletins\bulletins_propres\table_page_129.csv: En-tête 'Base' introuvable.
Erreur dans le fichier ./CSV3\bulletins\bulletins_propres\table_page_129.csv: En-tête 'TOTAL BRUTBase' introuvable.
Erreur dans le fichier ./CSV3\bulletins\bulletins_propres\table_page_129.csv: En-tête '7001Base' introuvable.
Erreur dans le fichier ./CSV3\bulletins\bulletins_propres\table_page_129.csv: En-tête '7010Base' introuvable.
Erreur dans le fichier ./CSV3\bulletins\bulletins_propres\table_page_129.csv: En-tête '7015Base' introuvable.
Erreur dans le fichier ./CSV3\bulletins\bulletins_propres\table_page_129.csv: En-tête '7020Base' introuvable.
Erreur dans le fichier ./CSV3\bulletins\bulletins_propres\table_page_129.csv: En-tête '7030Base' introuvable.
Erreur dans le fichier ./CSV3\bulletins\bulletins_propres\table_page_129.csv: En-tête '7035Base' introuvable.
Erreur dans le fichier ./CSV3\bulletins\bulletins_propres\table_page_129.csv: En-tête 'Base' introuvable.
Erreur dans le fichier ./CSV3\bulletins\bulletins_propres\table_page_129.csv: En-tête '7040Base' introuvable.
Erreur dans le fichier ./CSV3\bulletins\bulletins_propres\table_page_129.csv: En-tête 'Base' introuvable.
Erreur dans le fichier ./CSV3\bulletins\bulletins_propres\table_page_129.csv: En-tête '7045Base' introuvable.
Erreur dans le fichier ./CSV3\bulletins\bulletins_propres\table_page_129.csv: En-tête 'Base' introuvable.
Erreur dans le fichier ./CSV3\bulletins\bulletins_propres\table_page_129.csv: En-tête '7050Base' introuvable.
Erreur dans le fichier ./CSV3\bulletins\bulletins_propres\table_page_129.csv: En-tête 'Base' introuvable.
Erreur dans le fichier ./CSV3\bulletins\bulletins_propres\table_page_129.csv: En-tête '7055Base' introuvable.
Erreur dans le fichier ./CSV3\bulletins\bulletins_propres\table_page_129.csv: En-tête '7C00Base' introuvable.
Erreur dans le fichier ./CSV3\bulletins\bulletins_propres\table_page_129.csv: En-tête '7C20Base' introuvable.
Erreur dans le fichier ./CSV3\bulletins\bulletins_propres\table_page_129.csv: En-tête '7M05Base' introuvable.
Erreur dans le fichier ./CSV3\bulletins\bulletins_propres\table_page_129.csv: En-tête '7P20Base' introuvable.
Erreur dans le fichier ./CSV3\bulletins\bulletins_propres\table_page_129.csv: En-tête '7R56Base' introuvable.
Erreur dans le fichier ./CSV3\bulletins\bulletins_propres\table_page_129.csv: En-tête '7R63Base' introuvable.
Erreur dans le fichier ./CSV3\bulletins\bulletins_propres\table_page_129.csv: En-tête '7T00Base' introuvable.
Erreur dans le fichier ./CSV3\bulletins\bulletins_propres\table_page_129.csv: En-tête '7T02Base' introuvable.
Erreur dans le fichier ./CSV3\bulletins\bulletins_propres\table_page_129.csv: En-tête '7T05Base' introuvable.
Erreur dans le fichier ./CSV3\bulletins\bulletins_propres\table_page_129.csv: En-tête '7T10Base' introuvable.
Erreur dans le fichier ./CSV3\bulletins\bulletins_propres\table_page_129.csv: En-tête 'Base' introuvable.
Erreur dans le fichier ./CSV3\bulletins\bulletins_propres\table_page_129.csv: En-tête '7T15Base' introuvable.
Erreur dans le fichier ./CSV3\bulletins\bulletins_propres\table_page_129.csv: En-tête 'Base' introuvable.
Erreur dans le fichier ./CSV3\bulletins\bulletins_propres\table_page_129.csv: En-tête '7T20Base' introuvable.
Erreur dans le fichier ./CSV3\bulletins\bulletins_propres\table_page_129.csv: En-tête '6082Base' introuvable.
Erreur dans le fichier ./CSV3\bulletins\bulletins_propres\table_page_129.csv: En-tête '6094Base' introuvable.
Erreur dans le fichier ./CSV3\bulletins\bulletins_propres\table_page_129.csv: En-tête 'Total Charges Ded.Base' introuvable.
Erreur dans le fichier ./CSV3\bulletins\bulletins_propres\table_page_129.csv: En-tête '6080Base' introuvable.
Erreur dans le fichier ./CSV3\bulletins\bulletins_propres\table_page_129.csv: En-tête '6084Base' introuvable.
Erreur dans le fichier ./CSV3\bulletins\bulletins_propres\table_page_129.csv: En-tête '6092Base' introuvable.
Erreur dans le fichier ./CSV3\bulletins\bulletins_propres\table_page_129.csv: En-tête '6096Base' introuvable.
Erreur dans le fichier ./CSV3\bulletins\bulletins_propres\table_page_129.csv: En-tête 'Total Charges Non Ded.Base' introuvable.
Erreur dans le fichier ./CSV3\bulletins\bulletins_propres\table_page_129.csv: En-tête '8009Base' introuvable.
Erreur dans le fichier ./CSV3\bulletins\bulletins_propres\table_page_129.csv: En-tête '8010Base' introuvable.
Erreur dans le fichier ./CSV3\bulletins\bulletins_propres\table_page_129.csv: En-tête 'Base' introuvable.
Erreur dans le fichier ./CSV3\bulletins\bulletins_propres\table_page_129.csv: En-tête 'Base' introuvable.
Erreur dans le fichier ./CSV3\bulletins\bulletins_propres\table_page_129.csv: En-tête 'Impôt sur le revenuBase' introuvable.
Erreur dans le fichier ./CSV3\bulletins\bulletins_propres\table_page_129.csv: En-tête 'Impôt sur le revenu à la sourceBase' introuvable.
Erreur dans le fichier ./CSV3\bulletins\bulletins_propres\table_page_13.csv: En-tête '1001Base' introuvable.
Erreur dans le fichier ./CSV3\bulletins\bulletins_propres\table_page_13.csv: En-tête '2012Base' introuvable.
Erreur dans le fichier ./CSV3\bulletins\bulletins_propres\table_page_13.csv: En-tête 'Base' introuvable.
Erreur dans le fichier ./CSV3\bulletins\bulletins_propres\table_page_13.csv: En-tête '2068Base' introuvable.
Erreur dans le fichier ./CSV3\bulletins\bulletins_propres\table_page_13.csv: En-tête 'Base' introuvable.
Erreur dans le fichier ./CSV3\bulletins\bulletins_propres\table_page_13.csv: En-tête '3404Base' introuvable.
Erreur dans le fichier ./CSV3\bulletins\bulletins_propres\table_page_13.csv: En-tête '3406Base' introuvable.
Erreur dans le fichier ./CSV3\bulletins\bulletins_propres\table_page_13.csv: En-tête 'Base' introuvable.
Erreur dans le fichier ./CSV3\bulletins\bulletins_propres\table_page_13.csv: En-tête 'TOTAL BRUTBase' introuvable.
Erreur dans le fichier ./CSV3\bulletins\bulletins_propres\table_page_13.csv: En-tête '7001Base' introuvable.
Erreur dans le fichier ./CSV3\bulletins\bulletins_propres\table_page_13.csv: En-tête '7010Base' introuvable.
Erreur dans le fichier ./CSV3\bulletins\bulletins_propres\table_page_13.csv: En-tête '7015Base' introuvable.
Erreur dans le fichier ./CSV3\bulletins\bulletins_propres\table_page_13.csv: En-tête '7020Base' introuvable.
Erreur dans le fichier ./CSV3\bulletins\bulletins_propres\table_page_13.csv: En-tête '7030Base' introuvable.
Erreur dans le fichier ./CSV3\bulletins\bulletins_propres\table_page_13.csv: En-tête '7035Base' introuvable.
Erreur dans le fichier ./CSV3\bulletins\bulletins_propres\table_page_13.csv: En-tête '7040Base' introuvable.
Erreur dans le fichier ./CSV3\bulletins\bulletins_propres\table_page_13.csv: En-tête '7045Base' introuvable.
Erreur dans le fichier ./CSV3\bulletins\bulletins_propres\table_page_13.csv: En-tête '7050Base' introuvable.
Erreur dans le fichier ./CSV3\bulletins\bulletins_propres\table_page_13.csv: En-tête 'Base' introuvable.
Erreur dans le fichier ./CSV3\bulletins\bulletins_propres\table_page_13.csv: En-tête '7055Base' introuvable.
Erreur dans le fichier ./CSV3\bulletins\bulletins_propres\table_page_13.csv: En-tête 'Base' introuvable.
Erreur dans le fichier ./CSV3\bulletins\bulletins_propres\table_page_13.csv: En-tête '7C00Base' introuvable.
Erreur dans le fichier ./CSV3\bulletins\bulletins_propres\table_page_13.csv: En-tête 'Base' introuvable.
Erreur dans le fichier ./CSV3\bulletins\bulletins_propres\table_page_13.csv: En-tête '7C10Base' introuvable.
Erreur dans le fichier ./CSV3\bulletins\bulletins_propres\table_page_13.csv: En-tête 'Base' introuvable.
Erreur dans le fichier ./CSV3\bulletins\bulletins_propres\table_page_13.csv: En-tête '7C20Base' introuvable.
Erreur dans le fichier ./CSV3\bulletins\bulletins_propres\table_page_13.csv: En-tête '7M05Base' introuvable.
Erreur dans le fichier ./CSV3\bulletins\bulletins_propres\table_page_13.csv: En-tête '7P20Base' introuvable.
Erreur dans le fichier ./CSV3\bulletins\bulletins_propres\table_page_13.csv: En-tête '7P25Base' introuvable.
Erreur dans le fichier ./CSV3\bulletins\bulletins_propres\table_page_13.csv: En-tête '7R44Base' introuvable.
Erreur dans le fichier ./CSV3\bulletins\bulletins_propres\table_page_13.csv: En-tête '7R45Base' introuvable.
Erreur dans le fichier ./CSV3\bulletins\bulletins_propres\table_page_13.csv: En-tête '7R53Base' introuvable.
Erreur dans le fichier ./CSV3\bulletins\bulletins_propres\table_page_13.csv: En-tête '7R54Base' introuvable.
Erreur dans le fichier ./CSV3\bulletins\bulletins_propres\table_page_13.csv: En-tête '7R63Base' introuvable.
Erreur dans le fichier ./CSV3\bulletins\bulletins_propres\table_page_13.csv: En-tête '7R64Base' introuvable.
Erreur dans le fichier ./CSV3\bulletins\bulletins_propres\table_page_13.csv: En-tête '7R70Base' introuvable.
Erreur dans le fichier ./CSV3\bulletins\bulletins_propres\table_page_13.csv: En-tête 'Base' introuvable.
Erreur dans le fichier ./CSV3\bulletins\bulletins_propres\table_page_13.csv: En-tête '7R71Base' introuvable.
Erreur dans le fichier ./CSV3\bulletins\bulletins_propres\table_page_13.csv: En-tête 'Base' introuvable.
Erreur dans le fichier ./CSV3\bulletins\bulletins_propres\table_page_13.csv: En-tête '7T00Base' introuvable.
Erreur dans le fichier ./CSV3\bulletins\bulletins_propres\table_page_13.csv: En-tête '7T02Base' introuvable.
Erreur dans le fichier ./CSV3\bulletins\bulletins_propres\table_page_13.csv: En-tête '7T05Base' introuvable.
Erreur dans le fichier ./CSV3\bulletins\bulletins_propres\table_page_13.csv: En-tête '7T10Base' introuvable.
Erreur dans le fichier ./CSV3\bulletins\bulletins_propres\table_page_13.csv: En-tête '7T15Base' introuvable.
Erreur dans le fichier ./CSV3\bulletins\bulletins_propres\table_page_13.csv: En-tête '7T20Base' introuvable.
Erreur dans le fichier ./CSV3\bulletins\bulletins_propres\table_page_13.csv: En-tête '6082Base' introuvable.
Erreur dans le fichier ./CSV3\bulletins\bulletins_propres\table_page_13.csv: En-tête '6094Base' introuvable.
Erreur dans le fichier ./CSV3\bulletins\bulletins_propres\table_page_13.csv: En-tête 'Total Charges Ded.Base' introuvable.
Erreur dans le fichier ./CSV3\bulletins\bulletins_propres\table_page_13.csv: En-tête '6080Base' introuvable.
Erreur dans le fichier ./CSV3\bulletins\bulletins_propres\table_page_13.csv: En-tête '6084Base' introuvable.
Erreur dans le fichier ./CSV3\bulletins\bulletins_propres\table_page_13.csv: En-tête '6092Base' introuvable.
Erreur dans le fichier ./CSV3\bulletins\bulletins_propres\table_page_13.csv: En-tête '6096Base' introuvable.
Erreur dans le fichier ./CSV3\bulletins\bulletins_propres\table_page_13.csv: En-tête 'Total Charges Non Ded.Base' introuvable.
Erreur dans le fichier ./CSV3\bulletins\bulletins_propres\table_page_13.csv: En-tête '8009Base' introuvable.
Erreur dans le fichier ./CSV3\bulletins\bulletins_propres\table_page_13.csv: En-tête '8010Base' introuvable.
Erreur dans le fichier ./CSV3\bulletins\bulletins_propres\table_page_13.csv: En-tête '8007Base' introuvable.
Erreur dans le fichier ./CSV3\bulletins\bulletins_propres\table_page_13.csv: En-tête 'Base' introuvable.
Erreur dans le fichier ./CSV3\bulletins\bulletins_propres\table_page_13.csv: En-tête 'Base' introuvable.
Erreur dans le fichier ./CSV3\bulletins\bulletins_propres\table_page_13.csv: En-tête 'Impôt sur le revenuBase' introuvable.
Erreur dans le fichier ./CSV3\bulletins\bulletins_propres\table_page_13.csv: En-tête 'Impôt sur le revenu à la sourceBase' introuvable.
Erreur dans le fichier ./CSV3\bulletins\bulletins_propres\table_page_131.csv: En-tête '1001Base' introuvable.
Erreur dans le fichier ./CSV3\bulletins\bulletins_propres\table_page_131.csv: En-tête '1046Base' introuvable.
Erreur dans le fichier ./CSV3\bulletins\bulletins_propres\table_page_131.csv: En-tête 'Base' introuvable.
Erreur dans le fichier ./CSV3\bulletins\bulletins_propres\table_page_131.csv: En-tête '2012Base' introuvable.
Erreur dans le fichier ./CSV3\bulletins\bulletins_propres\table_page_131.csv: En-tête 'Base' introuvable.
Erreur dans le fichier ./CSV3\bulletins\bulletins_propres\table_page_131.csv: En-tête '2018Base' introuvable.
Erreur dans le fichier ./CSV3\bulletins\bulletins_propres\table_page_131.csv: En-tête '2068Base' introuvable.
Erreur dans le fichier ./CSV3\bulletins\bulletins_propres\table_page_131.csv: En-tête '2078Base' introuvable.
Erreur dans le fichier ./CSV3\bulletins\bulletins_propres\table_page_131.csv: En-tête '2088Base' introuvable.
Erreur dans le fichier ./CSV3\bulletins\bulletins_propres\table_page_131.csv: En-tête '3B80Base' introuvable.
Erreur dans le fichier ./CSV3\bulletins\bulletins_propres\table_page_131.csv: En-tête '3B82Base' introuvable.
Erreur dans le fichier ./CSV3\bulletins\bulletins_propres\table_page_131.csv: En-tête 'Base' introuvable.
Erreur dans le fichier ./CSV3\bulletins\bulletins_propres\table_page_131.csv: En-tête 'TOTAL BRUTBase' introuvable.
Erreur dans le fichier ./CSV3\bulletins\bulletins_propres\table_page_131.csv: En-tête '60F2Base' introuvable.
Erreur dans le fichier ./CSV3\bulletins\bulletins_propres\table_page_131.csv: En-tête '7001Base' introuvable.
Erreur dans le fichier ./CSV3\bulletins\bulletins_propres\table_page_131.csv: En-tête '7010Base' introuvable.
Erreur dans le fichier ./CSV3\bulletins\bulletins_propres\table_page_131.csv: En-tête '7015Base' introuvable.
Erreur dans le fichier ./CSV3\bulletins\bulletins_propres\table_page_131.csv: En-tête '7020Base' introuvable.
Erreur dans le fichier ./CSV3\bulletins\bulletins_propres\table_page_131.csv: En-tête 'Base' introuvable.
Erreur dans le fichier ./CSV3\bulletins\bulletins_propres\table_page_131.csv: En-tête '7030Base' introuvable.
Erreur dans le fichier ./CSV3\bulletins\bulletins_propres\table_page_131.csv: En-tête 'Base' introuvable.
Erreur dans le fichier ./CSV3\bulletins\bulletins_propres\table_page_131.csv: En-tête '7035Base' introuvable.
Erreur dans le fichier ./CSV3\bulletins\bulletins_propres\table_page_131.csv: En-tête 'Base' introuvable.
Erreur dans le fichier ./CSV3\bulletins\bulletins_propres\table_page_131.csv: En-tête '7040Base' introuvable.
Erreur dans le fichier ./CSV3\bulletins\bulletins_propres\table_page_131.csv: En-tête 'Base' introuvable.
Erreur dans le fichier ./CSV3\bulletins\bulletins_propres\table_page_131.csv: En-tête '7045Base' introuvable.
Erreur dans le fichier ./CSV3\bulletins\bulletins_propres\table_page_131.csv: En-tête '7050Base' introuvable.
Erreur dans le fichier ./CSV3\bulletins\bulletins_propres\table_page_131.csv: En-tête '7055Base' introuvable.
Erreur dans le fichier ./CSV3\bulletins\bulletins_propres\table_page_131.csv: En-tête '7C00Base' introuvable.
Erreur dans le fichier ./CSV3\bulletins\bulletins_propres\table_page_131.csv: En-tête '7C10Base' introuvable.
Erreur dans le fichier ./CSV3\bulletins\bulletins_propres\table_page_131.csv: En-tête '7C20Base' introuvable.
Erreur dans le fichier ./CSV3\bulletins\bulletins_propres\table_page_131.csv: En-tête '7M05Base' introuvable.
Erreur dans le fichier ./CSV3\bulletins\bulletins_propres\table_page_131.csv: En-tête '7P20Base' introuvable.
Erreur dans le fichier ./CSV3\bulletins\bulletins_propres\table_page_131.csv: En-tête '7P25Base' introuvable.
Erreur dans le fichier ./CSV3\bulletins\bulletins_propres\table_page_131.csv: En-tête '7R56Base' introuvable.
Erreur dans le fichier ./CSV3\bulletins\bulletins_propres\table_page_131.csv: En-tête '7R57Base' introuvable.
Erreur dans le fichier ./CSV3\bulletins\bulletins_propres\table_page_131.csv: En-tête 'Base' introuvable.
Erreur dans le fichier ./CSV3\bulletins\bulletins_propres\table_page_131.csv: En-tête '7R63Base' introuvable.
Erreur dans le fichier ./CSV3\bulletins\bulletins_propres\table_page_131.csv: En-tête '7R64Base' introuvable.
Erreur dans le fichier ./CSV3\bulletins\bulletins_propres\table_page_131.csv: En-tête '7R70Base' introuvable.
Erreur dans le fichier ./CSV3\bulletins\bulletins_propres\table_page_131.csv: En-tête '7R71Base' introuvable.
Erreur dans le fichier ./CSV3\bulletins\bulletins_propres\table_page_131.csv: En-tête '7T00Base' introuvable.
Erreur dans le fichier ./CSV3\bulletins\bulletins_propres\table_page_131.csv: En-tête '7T02Base' introuvable.
Erreur dans le fichier ./CSV3\bulletins\bulletins_propres\table_page_131.csv: En-tête '7T05Base' introuvable.
Erreur dans le fichier ./CSV3\bulletins\bulletins_propres\table_page_131.csv: En-tête '7T10Base' introuvable.
Erreur dans le fichier ./CSV3\bulletins\bulletins_propres\table_page_131.csv: En-tête '7T15Base' introuvable.
Erreur dans le fichier ./CSV3\bulletins\bulletins_propres\table_page_131.csv: En-tête '7T20Base' introuvable.
Erreur dans le fichier ./CSV3\bulletins\bulletins_propres\table_page_131.csv: En-tête '6082Base' introuvable.
Erreur dans le fichier ./CSV3\bulletins\bulletins_propres\table_page_131.csv: En-tête '6094Base' introuvable.
Erreur dans le fichier ./CSV3\bulletins\bulletins_propres\table_page_131.csv: En-tête 'Total Charges Ded.Base' introuvable.
Erreur dans le fichier ./CSV3\bulletins\bulletins_propres\table_page_131.csv: En-tête '6080Base' introuvable.
Erreur dans le fichier ./CSV3\bulletins\bulletins_propres\table_page_131.csv: En-tête '6084Base' introuvable.
Erreur dans le fichier ./CSV3\bulletins\bulletins_propres\table_page_131.csv: En-tête '6092Base' introuvable.
Erreur dans le fichier ./CSV3\bulletins\bulletins_propres\table_page_131.csv: En-tête '6096Base' introuvable.
Erreur dans le fichier ./CSV3\bulletins\bulletins_propres\table_page_131.csv: En-tête '60F1Base' introuvable.
Erreur dans le fichier ./CSV3\bulletins\bulletins_propres\table_page_131.csv: En-tête '60F3Base' introuvable.
Erreur dans le fichier ./CSV3\bulletins\bulletins_propres\table_page_131.csv: En-tête '60F4Base' introuvable.
Erreur dans le fichier ./CSV3\bulletins\bulletins_propres\table_page_131.csv: En-tête '60F8Base' introuvable.
Erreur dans le fichier ./CSV3\bulletins\bulletins_propres\table_page_131.csv: En-tête '60F9Base' introuvable.
Erreur dans le fichier ./CSV3\bulletins\bulletins_propres\table_page_131.csv: En-tête 'Total Charges Non Ded.Base' introuvable.
Erreur dans le fichier ./CSV3\bulletins\bulletins_propres\table_page_133.csv: En-tête '1002Base' introuvable.
Erreur dans le fichier ./CSV3\bulletins\bulletins_propres\table_page_133.csv: En-tête '2012Base' introuvable.
Erreur dans le fichier ./CSV3\bulletins\bulletins_propres\table_page_133.csv: En-tête 'Base' introuvable.
Erreur dans le fichier ./CSV3\bulletins\bulletins_propres\table_page_133.csv: En-tête '2068Base' introuvable.
Erreur dans le fichier ./CSV3\bulletins\bulletins_propres\table_page_133.csv: En-tête 'Base' introuvable.
Erreur dans le fichier ./CSV3\bulletins\bulletins_propres\table_page_133.csv: En-tête 'Base' introuvable.
Erreur dans le fichier ./CSV3\bulletins\bulletins_propres\table_page_133.csv: En-tête 'TOTAL BRUTBase' introuvable.
Erreur dans le fichier ./CSV3\bulletins\bulletins_propres\table_page_133.csv: En-tête 'Base' introuvable.
Erreur dans le fichier ./CSV3\bulletins\bulletins_propres\table_page_133.csv: En-tête '7001Base' introuvable.
Erreur dans le fichier ./CSV3\bulletins\bulletins_propres\table_page_133.csv: En-tête '7002Base' introuvable.
Erreur dans le fichier ./CSV3\bulletins\bulletins_propres\table_page_133.csv: En-tête '7010Base' introuvable.
Erreur dans le fichier ./CSV3\bulletins\bulletins_propres\table_page_133.csv: En-tête '7015Base' introuvable.
Erreur dans le fichier ./CSV3\bulletins\bulletins_propres\table_page_133.csv: En-tête '7020Base' introuvable.
Erreur dans le fichier ./CSV3\bulletins\bulletins_propres\table_page_133.csv: En-tête '7025Base' introuvable.
Erreur dans le fichier ./CSV3\bulletins\bulletins_propres\table_page_133.csv: En-tête '7030Base' introuvable.
Erreur dans le fichier ./CSV3\bulletins\bulletins_propres\table_page_133.csv: En-tête '7035Base' introuvable.
Erreur dans le fichier ./CSV3\bulletins\bulletins_propres\table_page_133.csv: En-tête '7040Base' introuvable.
Erreur dans le fichier ./CSV3\bulletins\bulletins_propres\table_page_133.csv: En-tête '7045Base' introuvable.
Erreur dans le fichier ./CSV3\bulletins\bulletins_propres\table_page_133.csv: En-tête '7050Base' introuvable.
Erreur dans le fichier ./CSV3\bulletins\bulletins_propres\table_page_133.csv: En-tête 'Base' introuvable.
Erreur dans le fichier ./CSV3\bulletins\bulletins_propres\table_page_133.csv: En-tête '7055Base' introuvable.
Erreur dans le fichier ./CSV3\bulletins\bulletins_propres\table_page_133.csv: En-tête 'Base' introuvable.
Erreur dans le fichier ./CSV3\bulletins\bulletins_propres\table_page_133.csv: En-tête '7C00Base' introuvable.
Erreur dans le fichier ./CSV3\bulletins\bulletins_propres\table_page_133.csv: En-tête 'Base' introuvable.
Erreur dans le fichier ./CSV3\bulletins\bulletins_propres\table_page_133.csv: En-tête '7C10Base' introuvable.
Erreur dans le fichier ./CSV3\bulletins\bulletins_propres\table_page_133.csv: En-tête 'Base' introuvable.
Erreur dans le fichier ./CSV3\bulletins\bulletins_propres\table_page_133.csv: En-tête '7C20Base' introuvable.
Erreur dans le fichier ./CSV3\bulletins\bulletins_propres\table_page_133.csv: En-tête '7M05Base' introuvable.
Erreur dans le fichier ./CSV3\bulletins\bulletins_propres\table_page_133.csv: En-tête '7P20Base' introuvable.
Erreur dans le fichier ./CSV3\bulletins\bulletins_propres\table_page_133.csv: En-tête '7P25Base' introuvable.
Erreur dans le fichier ./CSV3\bulletins\bulletins_propres\table_page_133.csv: En-tête '7R44Base' introuvable.
Erreur dans le fichier ./CSV3\bulletins\bulletins_propres\table_page_133.csv: En-tête '7R45Base' introuvable.
Erreur dans le fichier ./CSV3\bulletins\bulletins_propres\table_page_133.csv: En-tête '7R53Base' introuvable.
Erreur dans le fichier ./CSV3\bulletins\bulletins_propres\table_page_133.csv: En-tête '7R54Base' introuvable.
Erreur dans le fichier ./CSV3\bulletins\bulletins_propres\table_page_133.csv: En-tête '7R63Base' introuvable.
Erreur dans le fichier ./CSV3\bulletins\bulletins_propres\table_page_133.csv: En-tête '7R64Base' introuvable.
Erreur dans le fichier ./CSV3\bulletins\bulletins_propres\table_page_133.csv: En-tête '7R70Base' introuvable.
Erreur dans le fichier ./CSV3\bulletins\bulletins_propres\table_page_133.csv: En-tête 'Base' introuvable.
Erreur dans le fichier ./CSV3\bulletins\bulletins_propres\table_page_133.csv: En-tête '7R71Base' introuvable.
Erreur dans le fichier ./CSV3\bulletins\bulletins_propres\table_page_133.csv: En-tête 'Base' introuvable.
Erreur dans le fichier ./CSV3\bulletins\bulletins_propres\table_page_133.csv: En-tête '7T00Base' introuvable.
Erreur dans le fichier ./CSV3\bulletins\bulletins_propres\table_page_133.csv: En-tête '7T02Base' introuvable.
Erreur dans le fichier ./CSV3\bulletins\bulletins_propres\table_page_133.csv: En-tête '7T05Base' introuvable.
Erreur dans le fichier ./CSV3\bulletins\bulletins_propres\table_page_133.csv: En-tête '7T10Base' introuvable.
Erreur dans le fichier ./CSV3\bulletins\bulletins_propres\table_page_133.csv: En-tête '7T15Base' introuvable.
Erreur dans le fichier ./CSV3\bulletins\bulletins_propres\table_page_133.csv: En-tête '7T20Base' introuvable.
Erreur dans le fichier ./CSV3\bulletins\bulletins_propres\table_page_133.csv: En-tête '6082Base' introuvable.
Erreur dans le fichier ./CSV3\bulletins\bulletins_propres\table_page_133.csv: En-tête '6094Base' introuvable.
Erreur dans le fichier ./CSV3\bulletins\bulletins_propres\table_page_133.csv: En-tête 'Total Charges Ded.Base' introuvable.
Erreur dans le fichier ./CSV3\bulletins\bulletins_propres\table_page_133.csv: En-tête '6080Base' introuvable.
Erreur dans le fichier ./CSV3\bulletins\bulletins_propres\table_page_133.csv: En-tête '6084Base' introuvable.
Erreur dans le fichier ./CSV3\bulletins\bulletins_propres\table_page_133.csv: En-tête '6092Base' introuvable.
Erreur dans le fichier ./CSV3\bulletins\bulletins_propres\table_page_133.csv: En-tête '6096Base' introuvable.
Erreur dans le fichier ./CSV3\bulletins\bulletins_propres\table_page_133.csv: En-tête 'Total Charges Non Ded.Base' introuvable.
Erreur dans le fichier ./CSV3\bulletins\bulletins_propres\table_page_133.csv: En-tête '8009Base' introuvable.
Erreur dans le fichier ./CSV3\bulletins\bulletins_propres\table_page_133.csv: En-tête '8010Base' introuvable.
Erreur dans le fichier ./CSV3\bulletins\bulletins_propres\table_page_133.csv: En-tête '8007Base' introuvable.
Erreur dans le fichier ./CSV3\bulletins\bulletins_propres\table_page_135.csv: En-tête '1001Base' introuvable.
Erreur dans le fichier ./CSV3\bulletins\bulletins_propres\table_page_135.csv: En-tête '1046Base' introuvable.
Erreur dans le fichier ./CSV3\bulletins\bulletins_propres\table_page_135.csv: En-tête 'Base' introuvable.
Erreur dans le fichier ./CSV3\bulletins\bulletins_propres\table_page_135.csv: En-tête '2012Base' introuvable.
Erreur dans le fichier ./CSV3\bulletins\bulletins_propres\table_page_135.csv: En-tête 'Base' introuvable.
Erreur dans le fichier ./CSV3\bulletins\bulletins_propres\table_page_135.csv: En-tête '2018Base' introuvable.
Erreur dans le fichier ./CSV3\bulletins\bulletins_propres\table_page_135.csv: En-tête '3050Base' introuvable.
Erreur dans le fichier ./CSV3\bulletins\bulletins_propres\table_page_135.csv: En-tête '3552Base' introuvable.
Erreur dans le fichier ./CSV3\bulletins\bulletins_propres\table_page_135.csv: En-tête 'Base' introuvable.
Erreur dans le fichier ./CSV3\bulletins\bulletins_propres\table_page_135.csv: En-tête 'TOTAL BRUTBase' introuvable.
Erreur dans le fichier ./CSV3\bulletins\bulletins_propres\table_page_135.csv: En-tête '7001Base' introuvable.
Erreur dans le fichier ./CSV3\bulletins\bulletins_propres\table_page_135.csv: En-tête '7002Base' introuvable.
Erreur dans le fichier ./CSV3\bulletins\bulletins_propres\table_page_135.csv: En-tête '7010Base' introuvable.
Erreur dans le fichier ./CSV3\bulletins\bulletins_propres\table_page_135.csv: En-tête '7015Base' introuvable.
Erreur dans le fichier ./CSV3\bulletins\bulletins_propres\table_page_135.csv: En-tête '7020Base' introuvable.
Erreur dans le fichier ./CSV3\bulletins\bulletins_propres\table_page_135.csv: En-tête '7025Base' introuvable.
Erreur dans le fichier ./CSV3\bulletins\bulletins_propres\table_page_135.csv: En-tête '7030Base' introuvable.
Erreur dans le fichier ./CSV3\bulletins\bulletins_propres\table_page_135.csv: En-tête '7035Base' introuvable.
Erreur dans le fichier ./CSV3\bulletins\bulletins_propres\table_page_135.csv: En-tête 'Base' introuvable.
Erreur dans le fichier ./CSV3\bulletins\bulletins_propres\table_page_135.csv: En-tête '7040Base' introuvable.
Erreur dans le fichier ./CSV3\bulletins\bulletins_propres\table_page_135.csv: En-tête 'Base' introuvable.
Erreur dans le fichier ./CSV3\bulletins\bulletins_propres\table_page_135.csv: En-tête '7045Base' introuvable.
Erreur dans le fichier ./CSV3\bulletins\bulletins_propres\table_page_135.csv: En-tête 'Base' introuvable.
Erreur dans le fichier ./CSV3\bulletins\bulletins_propres\table_page_135.csv: En-tête '7050Base' introuvable.
Erreur dans le fichier ./CSV3\bulletins\bulletins_propres\table_page_135.csv: En-tête 'Base' introuvable.
Erreur dans le fichier ./CSV3\bulletins\bulletins_propres\table_page_135.csv: En-tête '7055Base' introuvable.
Erreur dans le fichier ./CSV3\bulletins\bulletins_propres\table_page_135.csv: En-tête '7C00Base' introuvable.
Erreur dans le fichier ./CSV3\bulletins\bulletins_propres\table_page_135.csv: En-tête '7C20Base' introuvable.
Erreur dans le fichier ./CSV3\bulletins\bulletins_propres\table_page_135.csv: En-tête '7M04Base' introuvable.
Erreur dans le fichier ./CSV3\bulletins\bulletins_propres\table_page_135.csv: En-tête '7R56Base' introuvable.
Erreur dans le fichier ./CSV3\bulletins\bulletins_propres\table_page_135.csv: En-tête '7R63Base' introuvable.
Erreur dans le fichier ./CSV3\bulletins\bulletins_propres\table_page_135.csv: En-tête '7T00Base' introuvable.
Erreur dans le fichier ./CSV3\bulletins\bulletins_propres\table_page_135.csv: En-tête '7T02Base' introuvable.
Erreur dans le fichier ./CSV3\bulletins\bulletins_propres\table_page_135.csv: En-tête '7T05Base' introuvable.
Erreur dans le fichier ./CSV3\bulletins\bulletins_propres\table_page_135.csv: En-tête '7T10Base' introuvable.
Erreur dans le fichier ./CSV3\bulletins\bulletins_propres\table_page_135.csv: En-tête '7T15Base' introuvable.
Erreur dans le fichier ./CSV3\bulletins\bulletins_propres\table_page_135.csv: En-tête 'Base' introuvable.
Erreur dans le fichier ./CSV3\bulletins\bulletins_propres\table_page_135.csv: En-tête '7T20Base' introuvable.
Erreur dans le fichier ./CSV3\bulletins\bulletins_propres\table_page_135.csv: En-tête 'Base' introuvable.
Erreur dans le fichier ./CSV3\bulletins\bulletins_propres\table_page_135.csv: En-tête '6082Base' introuvable.
Erreur dans le fichier ./CSV3\bulletins\bulletins_propres\table_page_135.csv: En-tête '6094Base' introuvable.
Erreur dans le fichier ./CSV3\bulletins\bulletins_propres\table_page_135.csv: En-tête 'Total Charges Ded.Base' introuvable.
Erreur dans le fichier ./CSV3\bulletins\bulletins_propres\table_page_135.csv: En-tête '6080Base' introuvable.
Erreur dans le fichier ./CSV3\bulletins\bulletins_propres\table_page_135.csv: En-tête '6084Base' introuvable.
Erreur dans le fichier ./CSV3\bulletins\bulletins_propres\table_page_135.csv: En-tête '6092Base' introuvable.
Erreur dans le fichier ./CSV3\bulletins\bulletins_propres\table_page_135.csv: En-tête '6096Base' introuvable.
Erreur dans le fichier ./CSV3\bulletins\bulletins_propres\table_page_135.csv: En-tête 'Total Charges Non Ded.Base' introuvable.
Erreur dans le fichier ./CSV3\bulletins\bulletins_propres\table_page_135.csv: En-tête '8031Base' introuvable.
Erreur dans le fichier ./CSV3\bulletins\bulletins_propres\table_page_135.csv: En-tête 'Base' introuvable.
Erreur dans le fichier ./CSV3\bulletins\bulletins_propres\table_page_135.csv: En-tête 'Base' introuvable.
Erreur dans le fichier ./CSV3\bulletins\bulletins_propres\table_page_135.csv: En-tête 'Impôt sur le revenuBase' introuvable.
Erreur dans le fichier ./CSV3\bulletins\bulletins_propres\table_page_135.csv: En-tête 'Impôt sur le revenu à la sourceBase' introuvable.
Erreur dans le fichier ./CSV3\bulletins\bulletins_propres\table_page_137.csv: En-tête '1001Base' introuvable.
Erreur dans le fichier ./CSV3\bulletins\bulletins_propres\table_page_137.csv: En-tête '2012Base' introuvable.
Erreur dans le fichier ./CSV3\bulletins\bulletins_propres\table_page_137.csv: En-tête 'Base' introuvable.
Erreur dans le fichier ./CSV3\bulletins\bulletins_propres\table_page_137.csv: En-tête '2068Base' introuvable.
Erreur dans le fichier ./CSV3\bulletins\bulletins_propres\table_page_137.csv: En-tête 'Base' introuvable.
Erreur dans le fichier ./CSV3\bulletins\bulletins_propres\table_page_137.csv: En-tête 'Base' introuvable.
Erreur dans le fichier ./CSV3\bulletins\bulletins_propres\table_page_137.csv: En-tête 'TOTAL BRUTBase' introuvable.
Erreur dans le fichier ./CSV3\bulletins\bulletins_propres\table_page_137.csv: En-tête 'Base' introuvable.
Erreur dans le fichier ./CSV3\bulletins\bulletins_propres\table_page_137.csv: En-tête '7001Base' introuvable.
Erreur dans le fichier ./CSV3\bulletins\bulletins_propres\table_page_137.csv: En-tête '7010Base' introuvable.
Erreur dans le fichier ./CSV3\bulletins\bulletins_propres\table_page_137.csv: En-tête '7015Base' introuvable.
Erreur dans le fichier ./CSV3\bulletins\bulletins_propres\table_page_137.csv: En-tête '7020Base' introuvable.
Erreur dans le fichier ./CSV3\bulletins\bulletins_propres\table_page_137.csv: En-tête '7030Base' introuvable.
Erreur dans le fichier ./CSV3\bulletins\bulletins_propres\table_page_137.csv: En-tête '7035Base' introuvable.
Erreur dans le fichier ./CSV3\bulletins\bulletins_propres\table_page_137.csv: En-tête '7040Base' introuvable.
Erreur dans le fichier ./CSV3\bulletins\bulletins_propres\table_page_137.csv: En-tête '7045Base' introuvable.
Erreur dans le fichier ./CSV3\bulletins\bulletins_propres\table_page_137.csv: En-tête '7050Base' introuvable.
Erreur dans le fichier ./CSV3\bulletins\bulletins_propres\table_page_137.csv: En-tête '7055Base' introuvable.
Erreur dans le fichier ./CSV3\bulletins\bulletins_propres\table_page_137.csv: En-tête '7C00Base' introuvable.
Erreur dans le fichier ./CSV3\bulletins\bulletins_propres\table_page_137.csv: En-tête 'Base' introuvable.
Erreur dans le fichier ./CSV3\bulletins\bulletins_propres\table_page_137.csv: En-tête '7C20Base' introuvable.
Erreur dans le fichier ./CSV3\bulletins\bulletins_propres\table_page_137.csv: En-tête 'Base' introuvable.
Erreur dans le fichier ./CSV3\bulletins\bulletins_propres\table_page_137.csv: En-tête '7M05Base' introuvable.
Erreur dans le fichier ./CSV3\bulletins\bulletins_propres\table_page_137.csv: En-tête 'Base' introuvable.
Erreur dans le fichier ./CSV3\bulletins\bulletins_propres\table_page_137.csv: En-tête '7P20Base' introuvable.
Erreur dans le fichier ./CSV3\bulletins\bulletins_propres\table_page_137.csv: En-tête 'Base' introuvable.
Erreur dans le fichier ./CSV3\bulletins\bulletins_propres\table_page_137.csv: En-tête '7R44Base' introuvable.
Erreur dans le fichier ./CSV3\bulletins\bulletins_propres\table_page_137.csv: En-tête '7R53Base' introuvable.
Erreur dans le fichier ./CSV3\bulletins\bulletins_propres\table_page_137.csv: En-tête '7R63Base' introuvable.
Erreur dans le fichier ./CSV3\bulletins\bulletins_propres\table_page_137.csv: En-tête '7T00Base' introuvable.
Erreur dans le fichier ./CSV3\bulletins\bulletins_propres\table_page_137.csv: En-tête '7T02Base' introuvable.
Erreur dans le fichier ./CSV3\bulletins\bulletins_propres\table_page_137.csv: En-tête '7T05Base' introuvable.
Erreur dans le fichier ./CSV3\bulletins\bulletins_propres\table_page_137.csv: En-tête '7T10Base' introuvable.
Erreur dans le fichier ./CSV3\bulletins\bulletins_propres\table_page_137.csv: En-tête '7T15Base' introuvable.
Erreur dans le fichier ./CSV3\bulletins\bulletins_propres\table_page_137.csv: En-tête '7T20Base' introuvable.
Erreur dans le fichier ./CSV3\bulletins\bulletins_propres\table_page_137.csv: En-tête '6082Base' introuvable.
Erreur dans le fichier ./CSV3\bulletins\bulletins_propres\table_page_137.csv: En-tête '6094Base' introuvable.
Erreur dans le fichier ./CSV3\bulletins\bulletins_propres\table_page_137.csv: En-tête 'Base' introuvable.
Erreur dans le fichier ./CSV3\bulletins\bulletins_propres\table_page_137.csv: En-tête 'Total Charges Ded.Base' introuvable.
Erreur dans le fichier ./CSV3\bulletins\bulletins_propres\table_page_137.csv: En-tête '6080Base' introuvable.
Erreur dans le fichier ./CSV3\bulletins\bulletins_propres\table_page_137.csv: En-tête '6084Base' introuvable.
Erreur dans le fichier ./CSV3\bulletins\bulletins_propres\table_page_137.csv: En-tête '6092Base' introuvable.
Erreur dans le fichier ./CSV3\bulletins\bulletins_propres\table_page_137.csv: En-tête '6096Base' introuvable.
Erreur dans le fichier ./CSV3\bulletins\bulletins_propres\table_page_137.csv: En-tête 'Total Charges Non Ded.Base' introuvable.
Erreur dans le fichier ./CSV3\bulletins\bulletins_propres\table_page_137.csv: En-tête '8009Base' introuvable.
Erreur dans le fichier ./CSV3\bulletins\bulletins_propres\table_page_137.csv: En-tête '8010Base' introuvable.
Erreur dans le fichier ./CSV3\bulletins\bulletins_propres\table_page_137.csv: En-tête '8017Base' introuvable.
Erreur dans le fichier ./CSV3\bulletins\bulletins_propres\table_page_137.csv: En-tête 'Base' introuvable.
Erreur dans le fichier ./CSV3\bulletins\bulletins_propres\table_page_137.csv: En-tête 'Base' introuvable.
Erreur dans le fichier ./CSV3\bulletins\bulletins_propres\table_page_137.csv: En-tête 'Impôt sur le revenuBase' introuvable.
Erreur dans le fichier ./CSV3\bulletins\bulletins_propres\table_page_137.csv: En-tête 'Impôt sur le revenu à la sourceBase' introuvable.
Erreur dans le fichier ./CSV3\bulletins\bulletins_propres\table_page_139.csv: En-tête '1001Base' introuvable.
Erreur dans le fichier ./CSV3\bulletins\bulletins_propres\table_page_139.csv: En-tête '2012Base' introuvable.
Erreur dans le fichier ./CSV3\bulletins\bulletins_propres\table_page_139.csv: En-tête 'Base' introuvable.
Erreur dans le fichier ./CSV3\bulletins\bulletins_propres\table_page_139.csv: En-tête '2068Base' introuvable.
Erreur dans le fichier ./CSV3\bulletins\bulletins_propres\table_page_139.csv: En-tête 'Base' introuvable.
Erreur dans le fichier ./CSV3\bulletins\bulletins_propres\table_page_139.csv: En-tête '2078Base' introuvable.
Erreur dans le fichier ./CSV3\bulletins\bulletins_propres\table_page_139.csv: En-tête '3250Base' introuvable.
Erreur dans le fichier ./CSV3\bulletins\bulletins_propres\table_page_139.csv: En-tête '3255Base' introuvable.
Erreur dans le fichier ./CSV3\bulletins\bulletins_propres\table_page_139.csv: En-tête '3270Base' introuvable.
Erreur dans le fichier ./CSV3\bulletins\bulletins_propres\table_page_139.csv: En-tête '3275Base' introuvable.
Erreur dans le fichier ./CSV3\bulletins\bulletins_propres\table_page_139.csv: En-tête '3280Base' introuvable.
Erreur dans le fichier ./CSV3\bulletins\bulletins_propres\table_page_139.csv: En-tête '3285Base' introuvable.
Erreur dans le fichier ./CSV3\bulletins\bulletins_propres\table_page_139.csv: En-tête '3310Base' introuvable.
Erreur dans le fichier ./CSV3\bulletins\bulletins_propres\table_page_139.csv: En-tête '3315Base' introuvable.
Erreur dans le fichier ./CSV3\bulletins\bulletins_propres\table_page_139.csv: En-tête '3704Base' introuvable.
Erreur dans le fichier ./CSV3\bulletins\bulletins_propres\table_page_139.csv: En-tête 'Base' introuvable.
Erreur dans le fichier ./CSV3\bulletins\bulletins_propres\table_page_139.csv: En-tête 'TOTAL BRUTBase' introuvable.
Erreur dans le fichier ./CSV3\bulletins\bulletins_propres\table_page_139.csv: En-tête '7001Base' introuvable.
Erreur dans le fichier ./CSV3\bulletins\bulletins_propres\table_page_139.csv: En-tête 'Base' introuvable.
Erreur dans le fichier ./CSV3\bulletins\bulletins_propres\table_page_139.csv: En-tête '7010Base' introuvable.
Erreur dans le fichier ./CSV3\bulletins\bulletins_propres\table_page_139.csv: En-tête 'Base' introuvable.
Erreur dans le fichier ./CSV3\bulletins\bulletins_propres\table_page_139.csv: En-tête '7015Base' introuvable.
Erreur dans le fichier ./CSV3\bulletins\bulletins_propres\table_page_139.csv: En-tête 'Base' introuvable.
Erreur dans le fichier ./CSV3\bulletins\bulletins_propres\table_page_139.csv: En-tête '7020Base' introuvable.
Erreur dans le fichier ./CSV3\bulletins\bulletins_propres\table_page_139.csv: En-tête 'Base' introuvable.
Erreur dans le fichier ./CSV3\bulletins\bulletins_propres\table_page_139.csv: En-tête '7030Base' introuvable.
Erreur dans le fichier ./CSV3\bulletins\bulletins_propres\table_page_139.csv: En-tête '7035Base' introuvable.
Erreur dans le fichier ./CSV3\bulletins\bulletins_propres\table_page_139.csv: En-tête '7040Base' introuvable.
Erreur dans le fichier ./CSV3\bulletins\bulletins_propres\table_page_139.csv: En-tête '7045Base' introuvable.
Erreur dans le fichier ./CSV3\bulletins\bulletins_propres\table_page_139.csv: En-tête '7050Base' introuvable.
Erreur dans le fichier ./CSV3\bulletins\bulletins_propres\table_page_139.csv: En-tête '7055Base' introuvable.
Erreur dans le fichier ./CSV3\bulletins\bulletins_propres\table_page_139.csv: En-tête '7C00Base' introuvable.
Erreur dans le fichier ./CSV3\bulletins\bulletins_propres\table_page_139.csv: En-tête '7C20Base' introuvable.
Erreur dans le fichier ./CSV3\bulletins\bulletins_propres\table_page_139.csv: En-tête '7M05Base' introuvable.
Erreur dans le fichier ./CSV3\bulletins\bulletins_propres\table_page_139.csv: En-tête '7P20Base' introuvable.
Erreur dans le fichier ./CSV3\bulletins\bulletins_propres\table_page_139.csv: En-tête '7R56Base' introuvable.
Erreur dans le fichier ./CSV3\bulletins\bulletins_propres\table_page_139.csv: En-tête 'Base' introuvable.
Erreur dans le fichier ./CSV3\bulletins\bulletins_propres\table_page_139.csv: En-tête '7R63Base' introuvable.
Erreur dans le fichier ./CSV3\bulletins\bulletins_propres\table_page_139.csv: En-tête 'Base' introuvable.
Erreur dans le fichier ./CSV3\bulletins\bulletins_propres\table_page_139.csv: En-tête '7T00Base' introuvable.
Erreur dans le fichier ./CSV3\bulletins\bulletins_propres\table_page_139.csv: En-tête 'Base' introuvable.
Erreur dans le fichier ./CSV3\bulletins\bulletins_propres\table_page_139.csv: En-tête '7T02Base' introuvable.
Erreur dans le fichier ./CSV3\bulletins\bulletins_propres\table_page_139.csv: En-tête 'Base' introuvable.
Erreur dans le fichier ./CSV3\bulletins\bulletins_propres\table_page_139.csv: En-tête '7T05Base' introuvable.
Erreur dans le fichier ./CSV3\bulletins\bulletins_propres\table_page_139.csv: En-tête '7T10Base' introuvable.
Erreur dans le fichier ./CSV3\bulletins\bulletins_propres\table_page_139.csv: En-tête '7T15Base' introuvable.
Erreur dans le fichier ./CSV3\bulletins\bulletins_propres\table_page_139.csv: En-tête '7T20Base' introuvable.
Erreur dans le fichier ./CSV3\bulletins\bulletins_propres\table_page_139.csv: En-tête '6082Base' introuvable.
Erreur dans le fichier ./CSV3\bulletins\bulletins_propres\table_page_139.csv: En-tête '6094Base' introuvable.
Erreur dans le fichier ./CSV3\bulletins\bulletins_propres\table_page_139.csv: En-tête 'Total Charges Ded.Base' introuvable.
Erreur dans le fichier ./CSV3\bulletins\bulletins_propres\table_page_139.csv: En-tête '6080Base' introuvable.
Erreur dans le fichier ./CSV3\bulletins\bulletins_propres\table_page_139.csv: En-tête '6084Base' introuvable.
Erreur dans le fichier ./CSV3\bulletins\bulletins_propres\table_page_139.csv: En-tête '6092Base' introuvable.
Erreur dans le fichier ./CSV3\bulletins\bulletins_propres\table_page_139.csv: En-tête '6096Base' introuvable.
Erreur dans le fichier ./CSV3\bulletins\bulletins_propres\table_page_139.csv: En-tête 'Total Charges Non Ded.Base' introuvable.
Erreur dans le fichier ./CSV3\bulletins\bulletins_propres\table_page_139.csv: En-tête '8009Base' introuvable.
Erreur dans le fichier ./CSV3\bulletins\bulletins_propres\table_page_139.csv: En-tête '8010Base' introuvable.
Erreur dans le fichier ./CSV3\bulletins\bulletins_propres\table_page_139.csv: En-tête '8017Base' introuvable.
Erreur dans le fichier ./CSV3\bulletins\bulletins_propres\table_page_139.csv: En-tête 'Base' introuvable.
Erreur dans le fichier ./CSV3\bulletins\bulletins_propres\table_page_139.csv: En-tête 'Base' introuvable.
Erreur dans le fichier ./CSV3\bulletins\bulletins_propres\table_page_139.csv: En-tête 'Impôt sur le revenuBase' introuvable.
Erreur dans le fichier ./CSV3\bulletins\bulletins_propres\table_page_139.csv: En-tête 'Impôt sur le revenu à la sourceBase' introuvable.
Erreur dans le fichier ./CSV3\bulletins\bulletins_propres\table_page_141.csv: En-tête '1001Base' introuvable.
Erreur dans le fichier ./CSV3\bulletins\bulletins_propres\table_page_141.csv: En-tête '1046Base' introuvable.
Erreur dans le fichier ./CSV3\bulletins\bulletins_propres\table_page_141.csv: En-tête 'Base' introuvable.
Erreur dans le fichier ./CSV3\bulletins\bulletins_propres\table_page_141.csv: En-tête '2012Base' introuvable.
Erreur dans le fichier ./CSV3\bulletins\bulletins_propres\table_page_141.csv: En-tête 'Base' introuvable.
Erreur dans le fichier ./CSV3\bulletins\bulletins_propres\table_page_141.csv: En-tête '2018Base' introuvable.
Erreur dans le fichier ./CSV3\bulletins\bulletins_propres\table_page_141.csv: En-tête '2068Base' introuvable.
Erreur dans le fichier ./CSV3\bulletins\bulletins_propres\table_page_141.csv: En-tête '3100Base' introuvable.
Erreur dans le fichier ./CSV3\bulletins\bulletins_propres\table_page_141.csv: En-tête '3552Base' introuvable.
Erreur dans le fichier ./CSV3\bulletins\bulletins_propres\table_page_141.csv: En-tête '3B80Base' introuvable.
Erreur dans le fichier ./CSV3\bulletins\bulletins_propres\table_page_141.csv: En-tête '3B82Base' introuvable.
Erreur dans le fichier ./CSV3\bulletins\bulletins_propres\table_page_141.csv: En-tête 'Base' introuvable.
Erreur dans le fichier ./CSV3\bulletins\bulletins_propres\table_page_141.csv: En-tête 'TOTAL BRUTBase' introuvable.
Erreur dans le fichier ./CSV3\bulletins\bulletins_propres\table_page_141.csv: En-tête '60F2Base' introuvable.
Erreur dans le fichier ./CSV3\bulletins\bulletins_propres\table_page_141.csv: En-tête '7001Base' introuvable.
Erreur dans le fichier ./CSV3\bulletins\bulletins_propres\table_page_141.csv: En-tête '7002Base' introuvable.
Erreur dans le fichier ./CSV3\bulletins\bulletins_propres\table_page_141.csv: En-tête '7010Base' introuvable.
Erreur dans le fichier ./CSV3\bulletins\bulletins_propres\table_page_141.csv: En-tête '7015Base' introuvable.
Erreur dans le fichier ./CSV3\bulletins\bulletins_propres\table_page_141.csv: En-tête 'Base' introuvable.
Erreur dans le fichier ./CSV3\bulletins\bulletins_propres\table_page_141.csv: En-tête '7020Base' introuvable.
Erreur dans le fichier ./CSV3\bulletins\bulletins_propres\table_page_141.csv: En-tête 'Base' introuvable.
Erreur dans le fichier ./CSV3\bulletins\bulletins_propres\table_page_141.csv: En-tête '7025Base' introuvable.
Erreur dans le fichier ./CSV3\bulletins\bulletins_propres\table_page_141.csv: En-tête 'Base' introuvable.
Erreur dans le fichier ./CSV3\bulletins\bulletins_propres\table_page_141.csv: En-tête '7030Base' introuvable.
Erreur dans le fichier ./CSV3\bulletins\bulletins_propres\table_page_141.csv: En-tête 'Base' introuvable.
Erreur dans le fichier ./CSV3\bulletins\bulletins_propres\table_page_141.csv: En-tête '7035Base' introuvable.
Erreur dans le fichier ./CSV3\bulletins\bulletins_propres\table_page_141.csv: En-tête '7040Base' introuvable.
Erreur dans le fichier ./CSV3\bulletins\bulletins_propres\table_page_141.csv: En-tête '7045Base' introuvable.
Erreur dans le fichier ./CSV3\bulletins\bulletins_propres\table_page_141.csv: En-tête '7050Base' introuvable.
Erreur dans le fichier ./CSV3\bulletins\bulletins_propres\table_page_141.csv: En-tête '7055Base' introuvable.
Erreur dans le fichier ./CSV3\bulletins\bulletins_propres\table_page_141.csv: En-tête '7C00Base' introuvable.
Erreur dans le fichier ./CSV3\bulletins\bulletins_propres\table_page_141.csv: En-tête '7C20Base' introuvable.
Erreur dans le fichier ./CSV3\bulletins\bulletins_propres\table_page_141.csv: En-tête '7M03Base' introuvable.
Erreur dans le fichier ./CSV3\bulletins\bulletins_propres\table_page_141.csv: En-tête '7P10Base' introuvable.
Erreur dans le fichier ./CSV3\bulletins\bulletins_propres\table_page_141.csv: En-tête '7R56Base' introuvable.
Erreur dans le fichier ./CSV3\bulletins\bulletins_propres\table_page_141.csv: En-tête '7R63Base' introuvable.
Erreur dans le fichier ./CSV3\bulletins\bulletins_propres\table_page_141.csv: En-tête 'Base' introuvable.
Erreur dans le fichier ./CSV3\bulletins\bulletins_propres\table_page_141.csv: En-tête '7T00Base' introuvable.
Erreur dans le fichier ./CSV3\bulletins\bulletins_propres\table_page_141.csv: En-tête 'Base' introuvable.
Erreur dans le fichier ./CSV3\bulletins\bulletins_propres\table_page_141.csv: En-tête '7T02Base' introuvable.
Erreur dans le fichier ./CSV3\bulletins\bulletins_propres\table_page_141.csv: En-tête '7T05Base' introuvable.
Erreur dans le fichier ./CSV3\bulletins\bulletins_propres\table_page_141.csv: En-tête '7T10Base' introuvable.
Erreur dans le fichier ./CSV3\bulletins\bulletins_propres\table_page_141.csv: En-tête '7T15Base' introuvable.
Erreur dans le fichier ./CSV3\bulletins\bulletins_propres\table_page_141.csv: En-tête '7T20Base' introuvable.
Erreur dans le fichier ./CSV3\bulletins\bulletins_propres\table_page_141.csv: En-tête '6082Base' introuvable.
Erreur dans le fichier ./CSV3\bulletins\bulletins_propres\table_page_141.csv: En-tête '6094Base' introuvable.
Erreur dans le fichier ./CSV3\bulletins\bulletins_propres\table_page_141.csv: En-tête 'Total Charges Ded.Base' introuvable.
Erreur dans le fichier ./CSV3\bulletins\bulletins_propres\table_page_141.csv: En-tête '6080Base' introuvable.
Erreur dans le fichier ./CSV3\bulletins\bulletins_propres\table_page_141.csv: En-tête '6084Base' introuvable.
Erreur dans le fichier ./CSV3\bulletins\bulletins_propres\table_page_141.csv: En-tête '6092Base' introuvable.
Erreur dans le fichier ./CSV3\bulletins\bulletins_propres\table_page_141.csv: En-tête '6096Base' introuvable.
Erreur dans le fichier ./CSV3\bulletins\bulletins_propres\table_page_141.csv: En-tête '60F1Base' introuvable.
Erreur dans le fichier ./CSV3\bulletins\bulletins_propres\table_page_141.csv: En-tête '60F3Base' introuvable.
Erreur dans le fichier ./CSV3\bulletins\bulletins_propres\table_page_141.csv: En-tête '60F4Base' introuvable.
Erreur dans le fichier ./CSV3\bulletins\bulletins_propres\table_page_141.csv: En-tête '60F8Base' introuvable.
Erreur dans le fichier ./CSV3\bulletins\bulletins_propres\table_page_141.csv: En-tête '60F9Base' introuvable.
Erreur dans le fichier ./CSV3\bulletins\bulletins_propres\table_page_141.csv: En-tête 'Total Charges Non Ded.Base' introuvable.
Erreur dans le fichier ./CSV3\bulletins\bulletins_propres\table_page_141.csv: En-tête '8031Base' introuvable.
Erreur dans le fichier ./CSV3\bulletins\bulletins_propres\table_page_143.csv: En-tête '1001Base' introuvable.
Erreur dans le fichier ./CSV3\bulletins\bulletins_propres\table_page_143.csv: En-tête '1046Base' introuvable.
Erreur dans le fichier ./CSV3\bulletins\bulletins_propres\table_page_143.csv: En-tête 'Base' introuvable.
Erreur dans le fichier ./CSV3\bulletins\bulletins_propres\table_page_143.csv: En-tête '2012Base' introuvable.
Erreur dans le fichier ./CSV3\bulletins\bulletins_propres\table_page_143.csv: En-tête 'Base' introuvable.
Erreur dans le fichier ./CSV3\bulletins\bulletins_propres\table_page_143.csv: En-tête '2018Base' introuvable.
Erreur dans le fichier ./CSV3\bulletins\bulletins_propres\table_page_143.csv: En-tête '2068Base' introuvable.
Erreur dans le fichier ./CSV3\bulletins\bulletins_propres\table_page_143.csv: En-tête '2078Base' introuvable.
Erreur dans le fichier ./CSV3\bulletins\bulletins_propres\table_page_143.csv: En-tête '3002Base' introuvable.
Erreur dans le fichier ./CSV3\bulletins\bulletins_propres\table_page_143.csv: En-tête '3006Base' introuvable.
Erreur dans le fichier ./CSV3\bulletins\bulletins_propres\table_page_143.csv: En-tête '3280Base' introuvable.
Erreur dans le fichier ./CSV3\bulletins\bulletins_propres\table_page_143.csv: En-tête '3285Base' introuvable.
Erreur dans le fichier ./CSV3\bulletins\bulletins_propres\table_page_143.csv: En-tête 'Base' introuvable.
Erreur dans le fichier ./CSV3\bulletins\bulletins_propres\table_page_143.csv: En-tête 'TOTAL BRUTBase' introuvable.
Erreur dans le fichier ./CSV3\bulletins\bulletins_propres\table_page_143.csv: En-tête '6S89Base' introuvable.
Erreur dans le fichier ./CSV3\bulletins\bulletins_propres\table_page_143.csv: En-tête '7001Base' introuvable.
Erreur dans le fichier ./CSV3\bulletins\bulletins_propres\table_page_143.csv: En-tête '7002Base' introuvable.
Erreur dans le fichier ./CSV3\bulletins\bulletins_propres\table_page_143.csv: En-tête '7010Base' introuvable.
Erreur dans le fichier ./CSV3\bulletins\bulletins_propres\table_page_143.csv: En-tête 'Base' introuvable.
Erreur dans le fichier ./CSV3\bulletins\bulletins_propres\table_page_143.csv: En-tête '7015Base' introuvable.
Erreur dans le fichier ./CSV3\bulletins\bulletins_propres\table_page_143.csv: En-tête 'Base' introuvable.
Erreur dans le fichier ./CSV3\bulletins\bulletins_propres\table_page_143.csv: En-tête '7020Base' introuvable.
Erreur dans le fichier ./CSV3\bulletins\bulletins_propres\table_page_143.csv: En-tête 'Base' introuvable.
Erreur dans le fichier ./CSV3\bulletins\bulletins_propres\table_page_143.csv: En-tête '7030Base' introuvable.
Erreur dans le fichier ./CSV3\bulletins\bulletins_propres\table_page_143.csv: En-tête 'Base' introuvable.
Erreur dans le fichier ./CSV3\bulletins\bulletins_propres\table_page_143.csv: En-tête '7035Base' introuvable.
Erreur dans le fichier ./CSV3\bulletins\bulletins_propres\table_page_143.csv: En-tête '7040Base' introuvable.
Erreur dans le fichier ./CSV3\bulletins\bulletins_propres\table_page_143.csv: En-tête '7045Base' introuvable.
Erreur dans le fichier ./CSV3\bulletins\bulletins_propres\table_page_143.csv: En-tête '7050Base' introuvable.
Erreur dans le fichier ./CSV3\bulletins\bulletins_propres\table_page_143.csv: En-tête '7055Base' introuvable.
Erreur dans le fichier ./CSV3\bulletins\bulletins_propres\table_page_143.csv: En-tête '7C00Base' introuvable.
Erreur dans le fichier ./CSV3\bulletins\bulletins_propres\table_page_143.csv: En-tête '7C10Base' introuvable.
Erreur dans le fichier ./CSV3\bulletins\bulletins_propres\table_page_143.csv: En-tête '7C20Base' introuvable.
Erreur dans le fichier ./CSV3\bulletins\bulletins_propres\table_page_143.csv: En-tête '7M05Base' introuvable.
Erreur dans le fichier ./CSV3\bulletins\bulletins_propres\table_page_143.csv: En-tête '7P20Base' introuvable.
Erreur dans le fichier ./CSV3\bulletins\bulletins_propres\table_page_143.csv: En-tête '7P25Base' introuvable.
Erreur dans le fichier ./CSV3\bulletins\bulletins_propres\table_page_143.csv: En-tête 'Base' introuvable.
Erreur dans le fichier ./CSV3\bulletins\bulletins_propres\table_page_143.csv: En-tête '7R56Base' introuvable.
Erreur dans le fichier ./CSV3\bulletins\bulletins_propres\table_page_143.csv: En-tête 'Base' introuvable.
Erreur dans le fichier ./CSV3\bulletins\bulletins_propres\table_page_143.csv: En-tête '7R57Base' introuvable.
Erreur dans le fichier ./CSV3\bulletins\bulletins_propres\table_page_143.csv: En-tête '7R63Base' introuvable.
Erreur dans le fichier ./CSV3\bulletins\bulletins_propres\table_page_143.csv: En-tête '7R64Base' introuvable.
Erreur dans le fichier ./CSV3\bulletins\bulletins_propres\table_page_143.csv: En-tête '7R70Base' introuvable.
Erreur dans le fichier ./CSV3\bulletins\bulletins_propres\table_page_143.csv: En-tête '7R71Base' introuvable.
Erreur dans le fichier ./CSV3\bulletins\bulletins_propres\table_page_143.csv: En-tête '7T00Base' introuvable.
Erreur dans le fichier ./CSV3\bulletins\bulletins_propres\table_page_143.csv: En-tête '7T02Base' introuvable.
Erreur dans le fichier ./CSV3\bulletins\bulletins_propres\table_page_143.csv: En-tête '7T05Base' introuvable.
Erreur dans le fichier ./CSV3\bulletins\bulletins_propres\table_page_143.csv: En-tête '7T10Base' introuvable.
Erreur dans le fichier ./CSV3\bulletins\bulletins_propres\table_page_143.csv: En-tête '7T15Base' introuvable.
Erreur dans le fichier ./CSV3\bulletins\bulletins_propres\table_page_143.csv: En-tête '7T20Base' introuvable.
Erreur dans le fichier ./CSV3\bulletins\bulletins_propres\table_page_143.csv: En-tête '6082Base' introuvable.
Erreur dans le fichier ./CSV3\bulletins\bulletins_propres\table_page_143.csv: En-tête '6094Base' introuvable.
Erreur dans le fichier ./CSV3\bulletins\bulletins_propres\table_page_143.csv: En-tête 'Total Charges Ded.Base' introuvable.
Erreur dans le fichier ./CSV3\bulletins\bulletins_propres\table_page_143.csv: En-tête '6070Base' introuvable.
Erreur dans le fichier ./CSV3\bulletins\bulletins_propres\table_page_143.csv: En-tête '6074Base' introuvable.
Erreur dans le fichier ./CSV3\bulletins\bulletins_propres\table_page_143.csv: En-tête '6080Base' introuvable.
Erreur dans le fichier ./CSV3\bulletins\bulletins_propres\table_page_143.csv: En-tête '6084Base' introuvable.
Erreur dans le fichier ./CSV3\bulletins\bulletins_propres\table_page_143.csv: En-tête '6092Base' introuvable.
Erreur dans le fichier ./CSV3\bulletins\bulletins_propres\table_page_143.csv: En-tête '6096Base' introuvable.
Erreur dans le fichier ./CSV3\bulletins\bulletins_propres\table_page_143.csv: En-tête 'Total Charges Non Ded.Base' introuvable.
Erreur dans le fichier ./CSV3\bulletins\bulletins_propres\table_page_143.csv: En-tête '8009Base' introuvable.
Erreur dans le fichier ./CSV3\bulletins\bulletins_propres\table_page_145.csv: En-tête '1001Base' introuvable.
Erreur dans le fichier ./CSV3\bulletins\bulletins_propres\table_page_145.csv: En-tête '2012Base' introuvable.
Erreur dans le fichier ./CSV3\bulletins\bulletins_propres\table_page_145.csv: En-tête 'Base' introuvable.
Erreur dans le fichier ./CSV3\bulletins\bulletins_propres\table_page_145.csv: En-tête '2068Base' introuvable.
Erreur dans le fichier ./CSV3\bulletins\bulletins_propres\table_page_145.csv: En-tête 'Base' introuvable.
Erreur dans le fichier ./CSV3\bulletins\bulletins_propres\table_page_145.csv: En-tête '3310Base' introuvable.
Erreur dans le fichier ./CSV3\bulletins\bulletins_propres\table_page_145.csv: En-tête '3315Base' introuvable.
Erreur dans le fichier ./CSV3\bulletins\bulletins_propres\table_page_145.csv: En-tête '3404Base' introuvable.
Erreur dans le fichier ./CSV3\bulletins\bulletins_propres\table_page_145.csv: En-tête '3406Base' introuvable.
Erreur dans le fichier ./CSV3\bulletins\bulletins_propres\table_page_145.csv: En-tête 'Base' introuvable.
Erreur dans le fichier ./CSV3\bulletins\bulletins_propres\table_page_145.csv: En-tête 'TOTAL BRUTBase' introuvable.
Erreur dans le fichier ./CSV3\bulletins\bulletins_propres\table_page_145.csv: En-tête '7001Base' introuvable.
Erreur dans le fichier ./CSV3\bulletins\bulletins_propres\table_page_145.csv: En-tête '7010Base' introuvable.
Erreur dans le fichier ./CSV3\bulletins\bulletins_propres\table_page_145.csv: En-tête '7015Base' introuvable.
Erreur dans le fichier ./CSV3\bulletins\bulletins_propres\table_page_145.csv: En-tête '7020Base' introuvable.
Erreur dans le fichier ./CSV3\bulletins\bulletins_propres\table_page_145.csv: En-tête '7030Base' introuvable.
Erreur dans le fichier ./CSV3\bulletins\bulletins_propres\table_page_145.csv: En-tête '7035Base' introuvable.
Erreur dans le fichier ./CSV3\bulletins\bulletins_propres\table_page_145.csv: En-tête '7040Base' introuvable.
Erreur dans le fichier ./CSV3\bulletins\bulletins_propres\table_page_145.csv: En-tête 'Base' introuvable.
Erreur dans le fichier ./CSV3\bulletins\bulletins_propres\table_page_145.csv: En-tête '7045Base' introuvable.
Erreur dans le fichier ./CSV3\bulletins\bulletins_propres\table_page_145.csv: En-tête 'Base' introuvable.
Erreur dans le fichier ./CSV3\bulletins\bulletins_propres\table_page_145.csv: En-tête '7050Base' introuvable.
Erreur dans le fichier ./CSV3\bulletins\bulletins_propres\table_page_145.csv: En-tête 'Base' introuvable.
Erreur dans le fichier ./CSV3\bulletins\bulletins_propres\table_page_145.csv: En-tête '7055Base' introuvable.
Erreur dans le fichier ./CSV3\bulletins\bulletins_propres\table_page_145.csv: En-tête 'Base' introuvable.
Erreur dans le fichier ./CSV3\bulletins\bulletins_propres\table_page_145.csv: En-tête '7C00Base' introuvable.
Erreur dans le fichier ./CSV3\bulletins\bulletins_propres\table_page_145.csv: En-tête '7C10Base' introuvable.
Erreur dans le fichier ./CSV3\bulletins\bulletins_propres\table_page_145.csv: En-tête '7C20Base' introuvable.
Erreur dans le fichier ./CSV3\bulletins\bulletins_propres\table_page_145.csv: En-tête '7M05Base' introuvable.
Erreur dans le fichier ./CSV3\bulletins\bulletins_propres\table_page_145.csv: En-tête '7P20Base' introuvable.
Erreur dans le fichier ./CSV3\bulletins\bulletins_propres\table_page_145.csv: En-tête '7P25Base' introuvable.
Erreur dans le fichier ./CSV3\bulletins\bulletins_propres\table_page_145.csv: En-tête '7R44Base' introuvable.
Erreur dans le fichier ./CSV3\bulletins\bulletins_propres\table_page_145.csv: En-tête '7R45Base' introuvable.
Erreur dans le fichier ./CSV3\bulletins\bulletins_propres\table_page_145.csv: En-tête '7R53Base' introuvable.
Erreur dans le fichier ./CSV3\bulletins\bulletins_propres\table_page_145.csv: En-tête '7R54Base' introuvable.
Erreur dans le fichier ./CSV3\bulletins\bulletins_propres\table_page_145.csv: En-tête '7R63Base' introuvable.
Erreur dans le fichier ./CSV3\bulletins\bulletins_propres\table_page_145.csv: En-tête 'Base' introuvable.
Erreur dans le fichier ./CSV3\bulletins\bulletins_propres\table_page_145.csv: En-tête '7R64Base' introuvable.
Erreur dans le fichier ./CSV3\bulletins\bulletins_propres\table_page_145.csv: En-tête 'Base' introuvable.
Erreur dans le fichier ./CSV3\bulletins\bulletins_propres\table_page_145.csv: En-tête '7R70Base' introuvable.
Erreur dans le fichier ./CSV3\bulletins\bulletins_propres\table_page_145.csv: En-tête 'Base' introuvable.
Erreur dans le fichier ./CSV3\bulletins\bulletins_propres\table_page_145.csv: En-tête '7R71Base' introuvable.
Erreur dans le fichier ./CSV3\bulletins\bulletins_propres\table_page_145.csv: En-tête 'Base' introuvable.
Erreur dans le fichier ./CSV3\bulletins\bulletins_propres\table_page_145.csv: En-tête '7T00Base' introuvable.
Erreur dans le fichier ./CSV3\bulletins\bulletins_propres\table_page_145.csv: En-tête '7T02Base' introuvable.
Erreur dans le fichier ./CSV3\bulletins\bulletins_propres\table_page_145.csv: En-tête '7T05Base' introuvable.
Erreur dans le fichier ./CSV3\bulletins\bulletins_propres\table_page_145.csv: En-tête '7T10Base' introuvable.
Erreur dans le fichier ./CSV3\bulletins\bulletins_propres\table_page_145.csv: En-tête '7T15Base' introuvable.
Erreur dans le fichier ./CSV3\bulletins\bulletins_propres\table_page_145.csv: En-tête '7T20Base' introuvable.
Erreur dans le fichier ./CSV3\bulletins\bulletins_propres\table_page_145.csv: En-tête '6082Base' introuvable.
Erreur dans le fichier ./CSV3\bulletins\bulletins_propres\table_page_145.csv: En-tête '6094Base' introuvable.
Erreur dans le fichier ./CSV3\bulletins\bulletins_propres\table_page_145.csv: En-tête 'Total Charges Ded.Base' introuvable.
Erreur dans le fichier ./CSV3\bulletins\bulletins_propres\table_page_145.csv: En-tête '6080Base' introuvable.
Erreur dans le fichier ./CSV3\bulletins\bulletins_propres\table_page_145.csv: En-tête '6084Base' introuvable.
Erreur dans le fichier ./CSV3\bulletins\bulletins_propres\table_page_145.csv: En-tête '6092Base' introuvable.
Erreur dans le fichier ./CSV3\bulletins\bulletins_propres\table_page_145.csv: En-tête '6096Base' introuvable.
Erreur dans le fichier ./CSV3\bulletins\bulletins_propres\table_page_145.csv: En-tête 'Total Charges Non Ded.Base' introuvable.
Erreur dans le fichier ./CSV3\bulletins\bulletins_propres\table_page_145.csv: En-tête '8009Base' introuvable.
Erreur dans le fichier ./CSV3\bulletins\bulletins_propres\table_page_145.csv: En-tête '8010Base' introuvable.
Erreur dans le fichier ./CSV3\bulletins\bulletins_propres\table_page_145.csv: En-tête '8007Base' introuvable.
Erreur dans le fichier ./CSV3\bulletins\bulletins_propres\table_page_147.csv: En-tête '1001Base' introuvable.
Erreur dans le fichier ./CSV3\bulletins\bulletins_propres\table_page_147.csv: En-tête '1046Base' introuvable.
Erreur dans le fichier ./CSV3\bulletins\bulletins_propres\table_page_147.csv: En-tête 'Base' introuvable.
Erreur dans le fichier ./CSV3\bulletins\bulletins_propres\table_page_147.csv: En-tête '2012Base' introuvable.
Erreur dans le fichier ./CSV3\bulletins\bulletins_propres\table_page_147.csv: En-tête 'Base' introuvable.
Erreur dans le fichier ./CSV3\bulletins\bulletins_propres\table_page_147.csv: En-tête '2018Base' introuvable.
Erreur dans le fichier ./CSV3\bulletins\bulletins_propres\table_page_147.csv: En-tête '2068Base' introuvable.
Erreur dans le fichier ./CSV3\bulletins\bulletins_propres\table_page_147.csv: En-tête '2078Base' introuvable.
Erreur dans le fichier ./CSV3\bulletins\bulletins_propres\table_page_147.csv: En-tête 'Base' introuvable.
Erreur dans le fichier ./CSV3\bulletins\bulletins_propres\table_page_147.csv: En-tête 'TOTAL BRUTBase' introuvable.
Erreur dans le fichier ./CSV3\bulletins\bulletins_propres\table_page_147.csv: En-tête '7001Base' introuvable.
Erreur dans le fichier ./CSV3\bulletins\bulletins_propres\table_page_147.csv: En-tête '7010Base' introuvable.
Erreur dans le fichier ./CSV3\bulletins\bulletins_propres\table_page_147.csv: En-tête '7015Base' introuvable.
Erreur dans le fichier ./CSV3\bulletins\bulletins_propres\table_page_147.csv: En-tête '7020Base' introuvable.
Erreur dans le fichier ./CSV3\bulletins\bulletins_propres\table_page_147.csv: En-tête '7030Base' introuvable.
Erreur dans le fichier ./CSV3\bulletins\bulletins_propres\table_page_147.csv: En-tête '7035Base' introuvable.
Erreur dans le fichier ./CSV3\bulletins\bulletins_propres\table_page_147.csv: En-tête '7040Base' introuvable.
Erreur dans le fichier ./CSV3\bulletins\bulletins_propres\table_page_147.csv: En-tête '7045Base' introuvable.
Erreur dans le fichier ./CSV3\bulletins\bulletins_propres\table_page_147.csv: En-tête 'Base' introuvable.
Erreur dans le fichier ./CSV3\bulletins\bulletins_propres\table_page_147.csv: En-tête '7050Base' introuvable.
Erreur dans le fichier ./CSV3\bulletins\bulletins_propres\table_page_147.csv: En-tête 'Base' introuvable.
Erreur dans le fichier ./CSV3\bulletins\bulletins_propres\table_page_147.csv: En-tête '7055Base' introuvable.
Erreur dans le fichier ./CSV3\bulletins\bulletins_propres\table_page_147.csv: En-tête 'Base' introuvable.
Erreur dans le fichier ./CSV3\bulletins\bulletins_propres\table_page_147.csv: En-tête '7C00Base' introuvable.
Erreur dans le fichier ./CSV3\bulletins\bulletins_propres\table_page_147.csv: En-tête 'Base' introuvable.
Erreur dans le fichier ./CSV3\bulletins\bulletins_propres\table_page_147.csv: En-tête '7C20Base' introuvable.
Erreur dans le fichier ./CSV3\bulletins\bulletins_propres\table_page_147.csv: En-tête '7M03Base' introuvable.
Erreur dans le fichier ./CSV3\bulletins\bulletins_propres\table_page_147.csv: En-tête '7P10Base' introuvable.
Erreur dans le fichier ./CSV3\bulletins\bulletins_propres\table_page_147.csv: En-tête '7R56Base' introuvable.
Erreur dans le fichier ./CSV3\bulletins\bulletins_propres\table_page_147.csv: En-tête '7R63Base' introuvable.
Erreur dans le fichier ./CSV3\bulletins\bulletins_propres\table_page_147.csv: En-tête '7T00Base' introuvable.
Erreur dans le fichier ./CSV3\bulletins\bulletins_propres\table_page_147.csv: En-tête '7T02Base' introuvable.
Erreur dans le fichier ./CSV3\bulletins\bulletins_propres\table_page_147.csv: En-tête '7T05Base' introuvable.
Erreur dans le fichier ./CSV3\bulletins\bulletins_propres\table_page_147.csv: En-tête '7T10Base' introuvable.
Erreur dans le fichier ./CSV3\bulletins\bulletins_propres\table_page_147.csv: En-tête '7T15Base' introuvable.
Erreur dans le fichier ./CSV3\bulletins\bulletins_propres\table_page_147.csv: En-tête '7T20Base' introuvable.
Erreur dans le fichier ./CSV3\bulletins\bulletins_propres\table_page_147.csv: En-tête 'Base' introuvable.
Erreur dans le fichier ./CSV3\bulletins\bulletins_propres\table_page_147.csv: En-tête '6082Base' introuvable.
Erreur dans le fichier ./CSV3\bulletins\bulletins_propres\table_page_147.csv: En-tête '6094Base' introuvable.
Erreur dans le fichier ./CSV3\bulletins\bulletins_propres\table_page_147.csv: En-tête 'Total Charges Ded.Base' introuvable.
Erreur dans le fichier ./CSV3\bulletins\bulletins_propres\table_page_147.csv: En-tête '6080Base' introuvable.
Erreur dans le fichier ./CSV3\bulletins\bulletins_propres\table_page_147.csv: En-tête '6084Base' introuvable.
Erreur dans le fichier ./CSV3\bulletins\bulletins_propres\table_page_147.csv: En-tête '6092Base' introuvable.
Erreur dans le fichier ./CSV3\bulletins\bulletins_propres\table_page_147.csv: En-tête '6096Base' introuvable.
Erreur dans le fichier ./CSV3\bulletins\bulletins_propres\table_page_147.csv: En-tête 'Total Charges Non Ded.Base' introuvable.
Erreur dans le fichier ./CSV3\bulletins\bulletins_propres\table_page_147.csv: En-tête '8009Base' introuvable.
Erreur dans le fichier ./CSV3\bulletins\bulletins_propres\table_page_147.csv: En-tête '8010Base' introuvable.
Erreur dans le fichier ./CSV3\bulletins\bulletins_propres\table_page_147.csv: En-tête '8017Base' introuvable.
Erreur dans le fichier ./CSV3\bulletins\bulletins_propres\table_page_147.csv: En-tête '8020Base' introuvable.
Erreur dans le fichier ./CSV3\bulletins\bulletins_propres\table_page_149.csv: En-tête '1001Base' introuvable.
Erreur dans le fichier ./CSV3\bulletins\bulletins_propres\table_page_149.csv: En-tête '1046Base' introuvable.
Erreur dans le fichier ./CSV3\bulletins\bulletins_propres\table_page_149.csv: En-tête 'Base' introuvable.
Erreur dans le fichier ./CSV3\bulletins\bulletins_propres\table_page_149.csv: En-tête '2012Base' introuvable.
Erreur dans le fichier ./CSV3\bulletins\bulletins_propres\table_page_149.csv: En-tête 'Base' introuvable.
Erreur dans le fichier ./CSV3\bulletins\bulletins_propres\table_page_149.csv: En-tête '2018Base' introuvable.
Erreur dans le fichier ./CSV3\bulletins\bulletins_propres\table_page_149.csv: En-tête '2068Base' introuvable.
Erreur dans le fichier ./CSV3\bulletins\bulletins_propres\table_page_149.csv: En-tête '2078Base' introuvable.
Erreur dans le fichier ./CSV3\bulletins\bulletins_propres\table_page_149.csv: En-tête '3B80Base' introuvable.
Erreur dans le fichier ./CSV3\bulletins\bulletins_propres\table_page_149.csv: En-tête '3B82Base' introuvable.
Erreur dans le fichier ./CSV3\bulletins\bulletins_propres\table_page_149.csv: En-tête 'Base' introuvable.
Erreur dans le fichier ./CSV3\bulletins\bulletins_propres\table_page_149.csv: En-tête 'TOTAL BRUTBase' introuvable.
Erreur dans le fichier ./CSV3\bulletins\bulletins_propres\table_page_149.csv: En-tête '60F2Base' introuvable.
Erreur dans le fichier ./CSV3\bulletins\bulletins_propres\table_page_149.csv: En-tête '7001Base' introuvable.
Erreur dans le fichier ./CSV3\bulletins\bulletins_propres\table_page_149.csv: En-tête '7010Base' introuvable.
Erreur dans le fichier ./CSV3\bulletins\bulletins_propres\table_page_149.csv: En-tête '7015Base' introuvable.
Erreur dans le fichier ./CSV3\bulletins\bulletins_propres\table_page_149.csv: En-tête '7020Base' introuvable.
Erreur dans le fichier ./CSV3\bulletins\bulletins_propres\table_page_149.csv: En-tête '7030Base' introuvable.
Erreur dans le fichier ./CSV3\bulletins\bulletins_propres\table_page_149.csv: En-tête 'Base' introuvable.
Erreur dans le fichier ./CSV3\bulletins\bulletins_propres\table_page_149.csv: En-tête '7035Base' introuvable.
Erreur dans le fichier ./CSV3\bulletins\bulletins_propres\table_page_149.csv: En-tête 'Base' introuvable.
Erreur dans le fichier ./CSV3\bulletins\bulletins_propres\table_page_149.csv: En-tête '7040Base' introuvable.
Erreur dans le fichier ./CSV3\bulletins\bulletins_propres\table_page_149.csv: En-tête 'Base' introuvable.
Erreur dans le fichier ./CSV3\bulletins\bulletins_propres\table_page_149.csv: En-tête '7045Base' introuvable.
Erreur dans le fichier ./CSV3\bulletins\bulletins_propres\table_page_149.csv: En-tête 'Base' introuvable.
Erreur dans le fichier ./CSV3\bulletins\bulletins_propres\table_page_149.csv: En-tête '7050Base' introuvable.
Erreur dans le fichier ./CSV3\bulletins\bulletins_propres\table_page_149.csv: En-tête '7055Base' introuvable.
Erreur dans le fichier ./CSV3\bulletins\bulletins_propres\table_page_149.csv: En-tête '7C00Base' introuvable.
Erreur dans le fichier ./CSV3\bulletins\bulletins_propres\table_page_149.csv: En-tête '7C20Base' introuvable.
Erreur dans le fichier ./CSV3\bulletins\bulletins_propres\table_page_149.csv: En-tête '7M03Base' introuvable.
Erreur dans le fichier ./CSV3\bulletins\bulletins_propres\table_page_149.csv: En-tête '7P10Base' introuvable.
Erreur dans le fichier ./CSV3\bulletins\bulletins_propres\table_page_149.csv: En-tête '7R56Base' introuvable.
Erreur dans le fichier ./CSV3\bulletins\bulletins_propres\table_page_149.csv: En-tête '7R63Base' introuvable.
Erreur dans le fichier ./CSV3\bulletins\bulletins_propres\table_page_149.csv: En-tête '7T00Base' introuvable.
Erreur dans le fichier ./CSV3\bulletins\bulletins_propres\table_page_149.csv: En-tête '7T02Base' introuvable.
Erreur dans le fichier ./CSV3\bulletins\bulletins_propres\table_page_149.csv: En-tête '7T05Base' introuvable.
Erreur dans le fichier ./CSV3\bulletins\bulletins_propres\table_page_149.csv: En-tête 'Base' introuvable.
Erreur dans le fichier ./CSV3\bulletins\bulletins_propres\table_page_149.csv: En-tête '7T10Base' introuvable.
Erreur dans le fichier ./CSV3\bulletins\bulletins_propres\table_page_149.csv: En-tête '7T15Base' introuvable.
Erreur dans le fichier ./CSV3\bulletins\bulletins_propres\table_page_149.csv: En-tête '7T20Base' introuvable.
Erreur dans le fichier ./CSV3\bulletins\bulletins_propres\table_page_149.csv: En-tête '6082Base' introuvable.
Erreur dans le fichier ./CSV3\bulletins\bulletins_propres\table_page_149.csv: En-tête '6094Base' introuvable.
Erreur dans le fichier ./CSV3\bulletins\bulletins_propres\table_page_149.csv: En-tête 'Total Charges Ded.Base' introuvable.
Erreur dans le fichier ./CSV3\bulletins\bulletins_propres\table_page_149.csv: En-tête '6080Base' introuvable.
Erreur dans le fichier ./CSV3\bulletins\bulletins_propres\table_page_149.csv: En-tête '6084Base' introuvable.
Erreur dans le fichier ./CSV3\bulletins\bulletins_propres\table_page_149.csv: En-tête '6092Base' introuvable.
Erreur dans le fichier ./CSV3\bulletins\bulletins_propres\table_page_149.csv: En-tête '6096Base' introuvable.
Erreur dans le fichier ./CSV3\bulletins\bulletins_propres\table_page_149.csv: En-tête '60F1Base' introuvable.
Erreur dans le fichier ./CSV3\bulletins\bulletins_propres\table_page_149.csv: En-tête '60F3Base' introuvable.
Erreur dans le fichier ./CSV3\bulletins\bulletins_propres\table_page_149.csv: En-tête '60F4Base' introuvable.
Erreur dans le fichier ./CSV3\bulletins\bulletins_propres\table_page_149.csv: En-tête '60F8Base' introuvable.
Erreur dans le fichier ./CSV3\bulletins\bulletins_propres\table_page_149.csv: En-tête '60F9Base' introuvable.
Erreur dans le fichier ./CSV3\bulletins\bulletins_propres\table_page_149.csv: En-tête 'Total Charges Non Ded.Base' introuvable.
Erreur dans le fichier ./CSV3\bulletins\bulletins_propres\table_page_149.csv: En-tête '8009Base' introuvable.
Erreur dans le fichier ./CSV3\bulletins\bulletins_propres\table_page_149.csv: En-tête '8010Base' introuvable.
Erreur dans le fichier ./CSV3\bulletins\bulletins_propres\table_page_149.csv: En-tête '8192Base' introuvable.
Erreur dans le fichier ./CSV3\bulletins\bulletins_propres\table_page_15.csv: En-tête '1001Base' introuvable.
Erreur dans le fichier ./CSV3\bulletins\bulletins_propres\table_page_15.csv: En-tête '1046Base' introuvable.
Erreur dans le fichier ./CSV3\bulletins\bulletins_propres\table_page_15.csv: En-tête 'Base' introuvable.
Erreur dans le fichier ./CSV3\bulletins\bulletins_propres\table_page_15.csv: En-tête '2012Base' introuvable.
Erreur dans le fichier ./CSV3\bulletins\bulletins_propres\table_page_15.csv: En-tête 'Base' introuvable.
Erreur dans le fichier ./CSV3\bulletins\bulletins_propres\table_page_15.csv: En-tête '2016Base' introuvable.
Erreur dans le fichier ./CSV3\bulletins\bulletins_propres\table_page_15.csv: En-tête '2050Base' introuvable.
Erreur dans le fichier ./CSV3\bulletins\bulletins_propres\table_page_15.csv: En-tête '2068Base' introuvable.
Erreur dans le fichier ./CSV3\bulletins\bulletins_propres\table_page_15.csv: En-tête '2078Base' introuvable.
Erreur dans le fichier ./CSV3\bulletins\bulletins_propres\table_page_15.csv: En-tête '2088Base' introuvable.
Erreur dans le fichier ./CSV3\bulletins\bulletins_propres\table_page_15.csv: En-tête '3B80Base' introuvable.
Erreur dans le fichier ./CSV3\bulletins\bulletins_propres\table_page_15.csv: En-tête '3B82Base' introuvable.
Erreur dans le fichier ./CSV3\bulletins\bulletins_propres\table_page_15.csv: En-tête 'Base' introuvable.
Erreur dans le fichier ./CSV3\bulletins\bulletins_propres\table_page_15.csv: En-tête 'TOTAL BRUTBase' introuvable.
Erreur dans le fichier ./CSV3\bulletins\bulletins_propres\table_page_15.csv: En-tête '60F2Base' introuvable.
Erreur dans le fichier ./CSV3\bulletins\bulletins_propres\table_page_15.csv: En-tête '7001Base' introuvable.
Erreur dans le fichier ./CSV3\bulletins\bulletins_propres\table_page_15.csv: En-tête '7002Base' introuvable.
Erreur dans le fichier ./CSV3\bulletins\bulletins_propres\table_page_15.csv: En-tête '7010Base' introuvable.
Erreur dans le fichier ./CSV3\bulletins\bulletins_propres\table_page_15.csv: En-tête 'Base' introuvable.
Erreur dans le fichier ./CSV3\bulletins\bulletins_propres\table_page_15.csv: En-tête '7015Base' introuvable.
Erreur dans le fichier ./CSV3\bulletins\bulletins_propres\table_page_15.csv: En-tête 'Base' introuvable.
Erreur dans le fichier ./CSV3\bulletins\bulletins_propres\table_page_15.csv: En-tête '7020Base' introuvable.
Erreur dans le fichier ./CSV3\bulletins\bulletins_propres\table_page_15.csv: En-tête 'Base' introuvable.
Erreur dans le fichier ./CSV3\bulletins\bulletins_propres\table_page_15.csv: En-tête '7030Base' introuvable.
Erreur dans le fichier ./CSV3\bulletins\bulletins_propres\table_page_15.csv: En-tête 'Base' introuvable.
Erreur dans le fichier ./CSV3\bulletins\bulletins_propres\table_page_15.csv: En-tête '7035Base' introuvable.
Erreur dans le fichier ./CSV3\bulletins\bulletins_propres\table_page_15.csv: En-tête '7040Base' introuvable.
Erreur dans le fichier ./CSV3\bulletins\bulletins_propres\table_page_15.csv: En-tête '7045Base' introuvable.
Erreur dans le fichier ./CSV3\bulletins\bulletins_propres\table_page_15.csv: En-tête '7050Base' introuvable.
Erreur dans le fichier ./CSV3\bulletins\bulletins_propres\table_page_15.csv: En-tête '7055Base' introuvable.
Erreur dans le fichier ./CSV3\bulletins\bulletins_propres\table_page_15.csv: En-tête '7C00Base' introuvable.
Erreur dans le fichier ./CSV3\bulletins\bulletins_propres\table_page_15.csv: En-tête '7C10Base' introuvable.
Erreur dans le fichier ./CSV3\bulletins\bulletins_propres\table_page_15.csv: En-tête '7C20Base' introuvable.
Erreur dans le fichier ./CSV3\bulletins\bulletins_propres\table_page_15.csv: En-tête '7M05Base' introuvable.
Erreur dans le fichier ./CSV3\bulletins\bulletins_propres\table_page_15.csv: En-tête '7P20Base' introuvable.
Erreur dans le fichier ./CSV3\bulletins\bulletins_propres\table_page_15.csv: En-tête '7P25Base' introuvable.
Erreur dans le fichier ./CSV3\bulletins\bulletins_propres\table_page_15.csv: En-tête 'Base' introuvable.
Erreur dans le fichier ./CSV3\bulletins\bulletins_propres\table_page_15.csv: En-tête '7R56Base' introuvable.
Erreur dans le fichier ./CSV3\bulletins\bulletins_propres\table_page_15.csv: En-tête '7R57Base' introuvable.
Erreur dans le fichier ./CSV3\bulletins\bulletins_propres\table_page_15.csv: En-tête '7R63Base' introuvable.
Erreur dans le fichier ./CSV3\bulletins\bulletins_propres\table_page_15.csv: En-tête '7R64Base' introuvable.
Erreur dans le fichier ./CSV3\bulletins\bulletins_propres\table_page_15.csv: En-tête '7R70Base' introuvable.
Erreur dans le fichier ./CSV3\bulletins\bulletins_propres\table_page_15.csv: En-tête '7R71Base' introuvable.
Erreur dans le fichier ./CSV3\bulletins\bulletins_propres\table_page_15.csv: En-tête '7T00Base' introuvable.
Erreur dans le fichier ./CSV3\bulletins\bulletins_propres\table_page_15.csv: En-tête '7T02Base' introuvable.
Erreur dans le fichier ./CSV3\bulletins\bulletins_propres\table_page_15.csv: En-tête '7T05Base' introuvable.
Erreur dans le fichier ./CSV3\bulletins\bulletins_propres\table_page_15.csv: En-tête '7T10Base' introuvable.
Erreur dans le fichier ./CSV3\bulletins\bulletins_propres\table_page_15.csv: En-tête '7T15Base' introuvable.
Erreur dans le fichier ./CSV3\bulletins\bulletins_propres\table_page_15.csv: En-tête '7T20Base' introuvable.
Erreur dans le fichier ./CSV3\bulletins\bulletins_propres\table_page_15.csv: En-tête '6082Base' introuvable.
Erreur dans le fichier ./CSV3\bulletins\bulletins_propres\table_page_15.csv: En-tête '6094Base' introuvable.
Erreur dans le fichier ./CSV3\bulletins\bulletins_propres\table_page_15.csv: En-tête 'Total Charges Ded.Base' introuvable.
Erreur dans le fichier ./CSV3\bulletins\bulletins_propres\table_page_15.csv: En-tête '6080Base' introuvable.
Erreur dans le fichier ./CSV3\bulletins\bulletins_propres\table_page_15.csv: En-tête '6084Base' introuvable.
Erreur dans le fichier ./CSV3\bulletins\bulletins_propres\table_page_15.csv: En-tête '6092Base' introuvable.
Erreur dans le fichier ./CSV3\bulletins\bulletins_propres\table_page_15.csv: En-tête '6096Base' introuvable.
Erreur dans le fichier ./CSV3\bulletins\bulletins_propres\table_page_15.csv: En-tête '60F1Base' introuvable.
Erreur dans le fichier ./CSV3\bulletins\bulletins_propres\table_page_15.csv: En-tête '60F3Base' introuvable.
Erreur dans le fichier ./CSV3\bulletins\bulletins_propres\table_page_15.csv: En-tête '60F4Base' introuvable.
Erreur dans le fichier ./CSV3\bulletins\bulletins_propres\table_page_15.csv: En-tête '60F8Base' introuvable.
Erreur dans le fichier ./CSV3\bulletins\bulletins_propres\table_page_15.csv: En-tête '60F9Base' introuvable.
Erreur dans le fichier ./CSV3\bulletins\bulletins_propres\table_page_15.csv: En-tête 'Total Charges Non Ded.Base' introuvable.
Erreur dans le fichier ./CSV3\bulletins\bulletins_propres\table_page_15.csv: En-tête '8009Base' introuvable.
Erreur dans le fichier ./CSV3\bulletins\bulletins_propres\table_page_15.csv: En-tête '8010Base' introuvable.
Erreur dans le fichier ./CSV3\bulletins\bulletins_propres\table_page_151.csv: En-tête '1001Base' introuvable.
Erreur dans le fichier ./CSV3\bulletins\bulletins_propres\table_page_151.csv: En-tête '2012Base' introuvable.
Erreur dans le fichier ./CSV3\bulletins\bulletins_propres\table_page_151.csv: En-tête 'Base' introuvable.
Erreur dans le fichier ./CSV3\bulletins\bulletins_propres\table_page_151.csv: En-tête '2068Base' introuvable.
Erreur dans le fichier ./CSV3\bulletins\bulletins_propres\table_page_151.csv: En-tête 'Base' introuvable.
Erreur dans le fichier ./CSV3\bulletins\bulletins_propres\table_page_151.csv: En-tête '3310Base' introuvable.
Erreur dans le fichier ./CSV3\bulletins\bulletins_propres\table_page_151.csv: En-tête '3315Base' introuvable.
Erreur dans le fichier ./CSV3\bulletins\bulletins_propres\table_page_151.csv: En-tête '3404Base' introuvable.
Erreur dans le fichier ./CSV3\bulletins\bulletins_propres\table_page_151.csv: En-tête '3406Base' introuvable.
Erreur dans le fichier ./CSV3\bulletins\bulletins_propres\table_page_151.csv: En-tête 'Base' introuvable.
Erreur dans le fichier ./CSV3\bulletins\bulletins_propres\table_page_151.csv: En-tête 'TOTAL BRUTBase' introuvable.
Erreur dans le fichier ./CSV3\bulletins\bulletins_propres\table_page_151.csv: En-tête '7001Base' introuvable.
Erreur dans le fichier ./CSV3\bulletins\bulletins_propres\table_page_151.csv: En-tête '7010Base' introuvable.
Erreur dans le fichier ./CSV3\bulletins\bulletins_propres\table_page_151.csv: En-tête '7015Base' introuvable.
Erreur dans le fichier ./CSV3\bulletins\bulletins_propres\table_page_151.csv: En-tête '7020Base' introuvable.
Erreur dans le fichier ./CSV3\bulletins\bulletins_propres\table_page_151.csv: En-tête '7030Base' introuvable.
Erreur dans le fichier ./CSV3\bulletins\bulletins_propres\table_page_151.csv: En-tête '7035Base' introuvable.
Erreur dans le fichier ./CSV3\bulletins\bulletins_propres\table_page_151.csv: En-tête '7040Base' introuvable.
Erreur dans le fichier ./CSV3\bulletins\bulletins_propres\table_page_151.csv: En-tête 'Base' introuvable.
Erreur dans le fichier ./CSV3\bulletins\bulletins_propres\table_page_151.csv: En-tête '7045Base' introuvable.
Erreur dans le fichier ./CSV3\bulletins\bulletins_propres\table_page_151.csv: En-tête 'Base' introuvable.
Erreur dans le fichier ./CSV3\bulletins\bulletins_propres\table_page_151.csv: En-tête '7050Base' introuvable.
Erreur dans le fichier ./CSV3\bulletins\bulletins_propres\table_page_151.csv: En-tête 'Base' introuvable.
Erreur dans le fichier ./CSV3\bulletins\bulletins_propres\table_page_151.csv: En-tête '7055Base' introuvable.
Erreur dans le fichier ./CSV3\bulletins\bulletins_propres\table_page_151.csv: En-tête 'Base' introuvable.
Erreur dans le fichier ./CSV3\bulletins\bulletins_propres\table_page_151.csv: En-tête '7C00Base' introuvable.
Erreur dans le fichier ./CSV3\bulletins\bulletins_propres\table_page_151.csv: En-tête '7C20Base' introuvable.
Erreur dans le fichier ./CSV3\bulletins\bulletins_propres\table_page_151.csv: En-tête '7M05Base' introuvable.
Erreur dans le fichier ./CSV3\bulletins\bulletins_propres\table_page_151.csv: En-tête '7P20Base' introuvable.
Erreur dans le fichier ./CSV3\bulletins\bulletins_propres\table_page_151.csv: En-tête '7R56Base' introuvable.
Erreur dans le fichier ./CSV3\bulletins\bulletins_propres\table_page_151.csv: En-tête '7R63Base' introuvable.
Erreur dans le fichier ./CSV3\bulletins\bulletins_propres\table_page_151.csv: En-tête '7T00Base' introuvable.
Erreur dans le fichier ./CSV3\bulletins\bulletins_propres\table_page_151.csv: En-tête '7T02Base' introuvable.
Erreur dans le fichier ./CSV3\bulletins\bulletins_propres\table_page_151.csv: En-tête '7T05Base' introuvable.
Erreur dans le fichier ./CSV3\bulletins\bulletins_propres\table_page_151.csv: En-tête '7T10Base' introuvable.
Erreur dans le fichier ./CSV3\bulletins\bulletins_propres\table_page_151.csv: En-tête '7T15Base' introuvable.
Erreur dans le fichier ./CSV3\bulletins\bulletins_propres\table_page_151.csv: En-tête 'Base' introuvable.
Erreur dans le fichier ./CSV3\bulletins\bulletins_propres\table_page_151.csv: En-tête '7T20Base' introuvable.
Erreur dans le fichier ./CSV3\bulletins\bulletins_propres\table_page_151.csv: En-tête 'Base' introuvable.
Erreur dans le fichier ./CSV3\bulletins\bulletins_propres\table_page_151.csv: En-tête '6082Base' introuvable.
Erreur dans le fichier ./CSV3\bulletins\bulletins_propres\table_page_151.csv: En-tête 'Base' introuvable.
Erreur dans le fichier ./CSV3\bulletins\bulletins_propres\table_page_151.csv: En-tête '6094Base' introuvable.
Erreur dans le fichier ./CSV3\bulletins\bulletins_propres\table_page_151.csv: En-tête 'Total Charges Ded.Base' introuvable.
Erreur dans le fichier ./CSV3\bulletins\bulletins_propres\table_page_151.csv: En-tête '6080Base' introuvable.
Erreur dans le fichier ./CSV3\bulletins\bulletins_propres\table_page_151.csv: En-tête '6084Base' introuvable.
Erreur dans le fichier ./CSV3\bulletins\bulletins_propres\table_page_151.csv: En-tête '6092Base' introuvable.
Erreur dans le fichier ./CSV3\bulletins\bulletins_propres\table_page_151.csv: En-tête '6096Base' introuvable.
Erreur dans le fichier ./CSV3\bulletins\bulletins_propres\table_page_151.csv: En-tête 'Total Charges Non Ded.Base' introuvable.
Erreur dans le fichier ./CSV3\bulletins\bulletins_propres\table_page_151.csv: En-tête '8009Base' introuvable.
Erreur dans le fichier ./CSV3\bulletins\bulletins_propres\table_page_151.csv: En-tête '8010Base' introuvable.
Erreur dans le fichier ./CSV3\bulletins\bulletins_propres\table_page_151.csv: En-tête '8020Base' introuvable.
Erreur dans le fichier ./CSV3\bulletins\bulletins_propres\table_page_153.csv: En-tête '1001Base' introuvable.
Erreur dans le fichier ./CSV3\bulletins\bulletins_propres\table_page_153.csv: En-tête '1046Base' introuvable.
Erreur dans le fichier ./CSV3\bulletins\bulletins_propres\table_page_153.csv: En-tête 'Base' introuvable.
Erreur dans le fichier ./CSV3\bulletins\bulletins_propres\table_page_153.csv: En-tête '2012Base' introuvable.
Erreur dans le fichier ./CSV3\bulletins\bulletins_propres\table_page_153.csv: En-tête 'Base' introuvable.
Erreur dans le fichier ./CSV3\bulletins\bulletins_propres\table_page_153.csv: En-tête '2018Base' introuvable.
Erreur dans le fichier ./CSV3\bulletins\bulletins_propres\table_page_153.csv: En-tête '3050Base' introuvable.
Erreur dans le fichier ./CSV3\bulletins\bulletins_propres\table_page_153.csv: En-tête '3060Base' introuvable.
Erreur dans le fichier ./CSV3\bulletins\bulletins_propres\table_page_153.csv: En-tête '3200Base' introuvable.
Erreur dans le fichier ./CSV3\bulletins\bulletins_propres\table_page_153.csv: En-tête '3230Base' introuvable.
Erreur dans le fichier ./CSV3\bulletins\bulletins_propres\table_page_153.csv: En-tête 'Base' introuvable.
Erreur dans le fichier ./CSV3\bulletins\bulletins_propres\table_page_153.csv: En-tête 'TOTAL BRUTBase' introuvable.
Erreur dans le fichier ./CSV3\bulletins\bulletins_propres\table_page_153.csv: En-tête '7001Base' introuvable.
Erreur dans le fichier ./CSV3\bulletins\bulletins_propres\table_page_153.csv: En-tête '7010Base' introuvable.
Erreur dans le fichier ./CSV3\bulletins\bulletins_propres\table_page_153.csv: En-tête '7015Base' introuvable.
Erreur dans le fichier ./CSV3\bulletins\bulletins_propres\table_page_153.csv: En-tête '7020Base' introuvable.
Erreur dans le fichier ./CSV3\bulletins\bulletins_propres\table_page_153.csv: En-tête '7030Base' introuvable.
Erreur dans le fichier ./CSV3\bulletins\bulletins_propres\table_page_153.csv: En-tête '7035Base' introuvable.
Erreur dans le fichier ./CSV3\bulletins\bulletins_propres\table_page_153.csv: En-tête 'Base' introuvable.
Erreur dans le fichier ./CSV3\bulletins\bulletins_propres\table_page_153.csv: En-tête '7040Base' introuvable.
Erreur dans le fichier ./CSV3\bulletins\bulletins_propres\table_page_153.csv: En-tête 'Base' introuvable.
Erreur dans le fichier ./CSV3\bulletins\bulletins_propres\table_page_153.csv: En-tête '7045Base' introuvable.
Erreur dans le fichier ./CSV3\bulletins\bulletins_propres\table_page_153.csv: En-tête 'Base' introuvable.
Erreur dans le fichier ./CSV3\bulletins\bulletins_propres\table_page_153.csv: En-tête '7050Base' introuvable.
Erreur dans le fichier ./CSV3\bulletins\bulletins_propres\table_page_153.csv: En-tête 'Base' introuvable.
Erreur dans le fichier ./CSV3\bulletins\bulletins_propres\table_page_153.csv: En-tête '7055Base' introuvable.
Erreur dans le fichier ./CSV3\bulletins\bulletins_propres\table_page_153.csv: En-tête '7C00Base' introuvable.
Erreur dans le fichier ./CSV3\bulletins\bulletins_propres\table_page_153.csv: En-tête '7C20Base' introuvable.
Erreur dans le fichier ./CSV3\bulletins\bulletins_propres\table_page_153.csv: En-tête '7M03Base' introuvable.
Erreur dans le fichier ./CSV3\bulletins\bulletins_propres\table_page_153.csv: En-tête '7P10Base' introuvable.
Erreur dans le fichier ./CSV3\bulletins\bulletins_propres\table_page_153.csv: En-tête '7R56Base' introuvable.
Erreur dans le fichier ./CSV3\bulletins\bulletins_propres\table_page_153.csv: En-tête '7R63Base' introuvable.
Erreur dans le fichier ./CSV3\bulletins\bulletins_propres\table_page_153.csv: En-tête '7T00Base' introuvable.
Erreur dans le fichier ./CSV3\bulletins\bulletins_propres\table_page_153.csv: En-tête '7T02Base' introuvable.
Erreur dans le fichier ./CSV3\bulletins\bulletins_propres\table_page_153.csv: En-tête '7T05Base' introuvable.
Erreur dans le fichier ./CSV3\bulletins\bulletins_propres\table_page_153.csv: En-tête '7T10Base' introuvable.
Erreur dans le fichier ./CSV3\bulletins\bulletins_propres\table_page_153.csv: En-tête 'Base' introuvable.
Erreur dans le fichier ./CSV3\bulletins\bulletins_propres\table_page_153.csv: En-tête '7T15Base' introuvable.
Erreur dans le fichier ./CSV3\bulletins\bulletins_propres\table_page_153.csv: En-tête 'Base' introuvable.
Erreur dans le fichier ./CSV3\bulletins\bulletins_propres\table_page_153.csv: En-tête '7T20Base' introuvable.
Erreur dans le fichier ./CSV3\bulletins\bulletins_propres\table_page_153.csv: En-tête '6082Base' introuvable.
Erreur dans le fichier ./CSV3\bulletins\bulletins_propres\table_page_153.csv: En-tête '6094Base' introuvable.
Erreur dans le fichier ./CSV3\bulletins\bulletins_propres\table_page_153.csv: En-tête 'Total Charges Ded.Base' introuvable.
Erreur dans le fichier ./CSV3\bulletins\bulletins_propres\table_page_153.csv: En-tête '6080Base' introuvable.
Erreur dans le fichier ./CSV3\bulletins\bulletins_propres\table_page_153.csv: En-tête '6084Base' introuvable.
Erreur dans le fichier ./CSV3\bulletins\bulletins_propres\table_page_153.csv: En-tête '6092Base' introuvable.
Erreur dans le fichier ./CSV3\bulletins\bulletins_propres\table_page_153.csv: En-tête '6096Base' introuvable.
Erreur dans le fichier ./CSV3\bulletins\bulletins_propres\table_page_153.csv: En-tête 'Total Charges Non Ded.Base' introuvable.
Erreur dans le fichier ./CSV3\bulletins\bulletins_propres\table_page_153.csv: En-tête '/5I2IJ nette - Maladie 0624Base' introuvable.
Erreur dans le fichier ./CSV3\bulletins\bulletins_propres\table_page_153.csv: En-tête 'Base' introuvable.
Erreur dans le fichier ./CSV3\bulletins\bulletins_propres\table_page_153.csv: En-tête 'Base' introuvable.
Erreur dans le fichier ./CSV3\bulletins\bulletins_propres\table_page_153.csv: En-tête 'Impôt sur le revenuBase' introuvable.
Erreur dans le fichier ./CSV3\bulletins\bulletins_propres\table_page_153.csv: En-tête 'Impôt sur le revenu à la sourceBase' introuvable.
Erreur dans le fichier ./CSV3\bulletins\bulletins_propres\table_page_155.csv: En-tête '1001Base' introuvable.
Erreur dans le fichier ./CSV3\bulletins\bulletins_propres\table_page_155.csv: En-tête '2012Base' introuvable.
Erreur dans le fichier ./CSV3\bulletins\bulletins_propres\table_page_155.csv: En-tête 'Base' introuvable.
Erreur dans le fichier ./CSV3\bulletins\bulletins_propres\table_page_155.csv: En-tête '2068Base' introuvable.
Erreur dans le fichier ./CSV3\bulletins\bulletins_propres\table_page_155.csv: En-tête 'Base' introuvable.
Erreur dans le fichier ./CSV3\bulletins\bulletins_propres\table_page_155.csv: En-tête '2078Base' introuvable.
Erreur dans le fichier ./CSV3\bulletins\bulletins_propres\table_page_155.csv: En-tête '3404Base' introuvable.
Erreur dans le fichier ./CSV3\bulletins\bulletins_propres\table_page_155.csv: En-tête '3406Base' introuvable.
Erreur dans le fichier ./CSV3\bulletins\bulletins_propres\table_page_155.csv: En-tête '3B80Base' introuvable.
Erreur dans le fichier ./CSV3\bulletins\bulletins_propres\table_page_155.csv: En-tête '3B82Base' introuvable.
Erreur dans le fichier ./CSV3\bulletins\bulletins_propres\table_page_155.csv: En-tête 'Base' introuvable.
Erreur dans le fichier ./CSV3\bulletins\bulletins_propres\table_page_155.csv: En-tête 'TOTAL BRUTBase' introuvable.
Erreur dans le fichier ./CSV3\bulletins\bulletins_propres\table_page_155.csv: En-tête '60F2Base' introuvable.
Erreur dans le fichier ./CSV3\bulletins\bulletins_propres\table_page_155.csv: En-tête '7001Base' introuvable.
Erreur dans le fichier ./CSV3\bulletins\bulletins_propres\table_page_155.csv: En-tête '7010Base' introuvable.
Erreur dans le fichier ./CSV3\bulletins\bulletins_propres\table_page_155.csv: En-tête '7015Base' introuvable.
Erreur dans le fichier ./CSV3\bulletins\bulletins_propres\table_page_155.csv: En-tête '7020Base' introuvable.
Erreur dans le fichier ./CSV3\bulletins\bulletins_propres\table_page_155.csv: En-tête '7030Base' introuvable.
Erreur dans le fichier ./CSV3\bulletins\bulletins_propres\table_page_155.csv: En-tête 'Base' introuvable.
Erreur dans le fichier ./CSV3\bulletins\bulletins_propres\table_page_155.csv: En-tête '7035Base' introuvable.
Erreur dans le fichier ./CSV3\bulletins\bulletins_propres\table_page_155.csv: En-tête 'Base' introuvable.
Erreur dans le fichier ./CSV3\bulletins\bulletins_propres\table_page_155.csv: En-tête '7040Base' introuvable.
Erreur dans le fichier ./CSV3\bulletins\bulletins_propres\table_page_155.csv: En-tête 'Base' introuvable.
Erreur dans le fichier ./CSV3\bulletins\bulletins_propres\table_page_155.csv: En-tête '7045Base' introuvable.
Erreur dans le fichier ./CSV3\bulletins\bulletins_propres\table_page_155.csv: En-tête 'Base' introuvable.
Erreur dans le fichier ./CSV3\bulletins\bulletins_propres\table_page_155.csv: En-tête '7050Base' introuvable.
Erreur dans le fichier ./CSV3\bulletins\bulletins_propres\table_page_155.csv: En-tête '7055Base' introuvable.
Erreur dans le fichier ./CSV3\bulletins\bulletins_propres\table_page_155.csv: En-tête '7C00Base' introuvable.
Erreur dans le fichier ./CSV3\bulletins\bulletins_propres\table_page_155.csv: En-tête '7C20Base' introuvable.
Erreur dans le fichier ./CSV3\bulletins\bulletins_propres\table_page_155.csv: En-tête '7M05Base' introuvable.
Erreur dans le fichier ./CSV3\bulletins\bulletins_propres\table_page_155.csv: En-tête '7P20Base' introuvable.
Erreur dans le fichier ./CSV3\bulletins\bulletins_propres\table_page_155.csv: En-tête '7R56Base' introuvable.
Erreur dans le fichier ./CSV3\bulletins\bulletins_propres\table_page_155.csv: En-tête '7R63Base' introuvable.
Erreur dans le fichier ./CSV3\bulletins\bulletins_propres\table_page_155.csv: En-tête '7T00Base' introuvable.
Erreur dans le fichier ./CSV3\bulletins\bulletins_propres\table_page_155.csv: En-tête '7T02Base' introuvable.
Erreur dans le fichier ./CSV3\bulletins\bulletins_propres\table_page_155.csv: En-tête '7T05Base' introuvable.
Erreur dans le fichier ./CSV3\bulletins\bulletins_propres\table_page_155.csv: En-tête 'Base' introuvable.
Erreur dans le fichier ./CSV3\bulletins\bulletins_propres\table_page_155.csv: En-tête '7T10Base' introuvable.
Erreur dans le fichier ./CSV3\bulletins\bulletins_propres\table_page_155.csv: En-tête 'Base' introuvable.
Erreur dans le fichier ./CSV3\bulletins\bulletins_propres\table_page_155.csv: En-tête '7T15Base' introuvable.
Erreur dans le fichier ./CSV3\bulletins\bulletins_propres\table_page_155.csv: En-tête '7T20Base' introuvable.
Erreur dans le fichier ./CSV3\bulletins\bulletins_propres\table_page_155.csv: En-tête '6082Base' introuvable.
Erreur dans le fichier ./CSV3\bulletins\bulletins_propres\table_page_155.csv: En-tête '6094Base' introuvable.
Erreur dans le fichier ./CSV3\bulletins\bulletins_propres\table_page_155.csv: En-tête 'Total Charges Ded.Base' introuvable.
Erreur dans le fichier ./CSV3\bulletins\bulletins_propres\table_page_155.csv: En-tête '6080Base' introuvable.
Erreur dans le fichier ./CSV3\bulletins\bulletins_propres\table_page_155.csv: En-tête '6084Base' introuvable.
Erreur dans le fichier ./CSV3\bulletins\bulletins_propres\table_page_155.csv: En-tête '6092Base' introuvable.
Erreur dans le fichier ./CSV3\bulletins\bulletins_propres\table_page_155.csv: En-tête '6096Base' introuvable.
Erreur dans le fichier ./CSV3\bulletins\bulletins_propres\table_page_155.csv: En-tête '60F1Base' introuvable.
Erreur dans le fichier ./CSV3\bulletins\bulletins_propres\table_page_155.csv: En-tête '60F3Base' introuvable.
Erreur dans le fichier ./CSV3\bulletins\bulletins_propres\table_page_155.csv: En-tête '60F4Base' introuvable.
Erreur dans le fichier ./CSV3\bulletins\bulletins_propres\table_page_155.csv: En-tête '60F8Base' introuvable.
Erreur dans le fichier ./CSV3\bulletins\bulletins_propres\table_page_155.csv: En-tête '60F9Base' introuvable.
Erreur dans le fichier ./CSV3\bulletins\bulletins_propres\table_page_155.csv: En-tête 'Total Charges Non Ded.Base' introuvable.
Erreur dans le fichier ./CSV3\bulletins\bulletins_propres\table_page_155.csv: En-tête '8009Base' introuvable.
Erreur dans le fichier ./CSV3\bulletins\bulletins_propres\table_page_155.csv: En-tête '8010Base' introuvable.
Erreur dans le fichier ./CSV3\bulletins\bulletins_propres\table_page_155.csv: En-tête '8007Base' introuvable.
Erreur dans le fichier ./CSV3\bulletins\bulletins_propres\table_page_155.csv: En-tête '8192Base' introuvable.
Erreur dans le fichier ./CSV3\bulletins\bulletins_propres\table_page_157.csv: En-tête '1001Base' introuvable.
Erreur dans le fichier ./CSV3\bulletins\bulletins_propres\table_page_157.csv: En-tête '1046Base' introuvable.
Erreur dans le fichier ./CSV3\bulletins\bulletins_propres\table_page_157.csv: En-tête 'Base' introuvable.
Erreur dans le fichier ./CSV3\bulletins\bulletins_propres\table_page_157.csv: En-tête '2012Base' introuvable.
Erreur dans le fichier ./CSV3\bulletins\bulletins_propres\table_page_157.csv: En-tête 'Base' introuvable.
Erreur dans le fichier ./CSV3\bulletins\bulletins_propres\table_page_157.csv: En-tête '2068Base' introuvable.
Erreur dans le fichier ./CSV3\bulletins\bulletins_propres\table_page_157.csv: En-tête '2078Base' introuvable.
Erreur dans le fichier ./CSV3\bulletins\bulletins_propres\table_page_157.csv: En-tête '2082Base' introuvable.
Erreur dans le fichier ./CSV3\bulletins\bulletins_propres\table_page_157.csv: En-tête '2084Base' introuvable.
Erreur dans le fichier ./CSV3\bulletins\bulletins_propres\table_page_157.csv: En-tête '3280Base' introuvable.
Erreur dans le fichier ./CSV3\bulletins\bulletins_propres\table_page_157.csv: En-tête '3285Base' introuvable.
Erreur dans le fichier ./CSV3\bulletins\bulletins_propres\table_page_157.csv: En-tête '3B80Base' introuvable.
Erreur dans le fichier ./CSV3\bulletins\bulletins_propres\table_page_157.csv: En-tête '3B82Base' introuvable.
Erreur dans le fichier ./CSV3\bulletins\bulletins_propres\table_page_157.csv: En-tête 'Base' introuvable.
Erreur dans le fichier ./CSV3\bulletins\bulletins_propres\table_page_157.csv: En-tête 'TOTAL BRUTBase' introuvable.
Erreur dans le fichier ./CSV3\bulletins\bulletins_propres\table_page_157.csv: En-tête '60F2Base' introuvable.
Erreur dans le fichier ./CSV3\bulletins\bulletins_propres\table_page_157.csv: En-tête '7001Base' introuvable.
Erreur dans le fichier ./CSV3\bulletins\bulletins_propres\table_page_157.csv: En-tête '7002Base' introuvable.
Erreur dans le fichier ./CSV3\bulletins\bulletins_propres\table_page_157.csv: En-tête 'Base' introuvable.
Erreur dans le fichier ./CSV3\bulletins\bulletins_propres\table_page_157.csv: En-tête '7010Base' introuvable.
Erreur dans le fichier ./CSV3\bulletins\bulletins_propres\table_page_157.csv: En-tête 'Base' introuvable.
Erreur dans le fichier ./CSV3\bulletins\bulletins_propres\table_page_157.csv: En-tête '7015Base' introuvable.
Erreur dans le fichier ./CSV3\bulletins\bulletins_propres\table_page_157.csv: En-tête 'Base' introuvable.
Erreur dans le fichier ./CSV3\bulletins\bulletins_propres\table_page_157.csv: En-tête '7020Base' introuvable.
Erreur dans le fichier ./CSV3\bulletins\bulletins_propres\table_page_157.csv: En-tête 'Base' introuvable.
Erreur dans le fichier ./CSV3\bulletins\bulletins_propres\table_page_157.csv: En-tête '7025Base' introuvable.
Erreur dans le fichier ./CSV3\bulletins\bulletins_propres\table_page_157.csv: En-tête '7030Base' introuvable.
Erreur dans le fichier ./CSV3\bulletins\bulletins_propres\table_page_157.csv: En-tête '7035Base' introuvable.
Erreur dans le fichier ./CSV3\bulletins\bulletins_propres\table_page_157.csv: En-tête '7040Base' introuvable.
Erreur dans le fichier ./CSV3\bulletins\bulletins_propres\table_page_157.csv: En-tête '7045Base' introuvable.
Erreur dans le fichier ./CSV3\bulletins\bulletins_propres\table_page_157.csv: En-tête '7050Base' introuvable.
Erreur dans le fichier ./CSV3\bulletins\bulletins_propres\table_page_157.csv: En-tête '7055Base' introuvable.
Erreur dans le fichier ./CSV3\bulletins\bulletins_propres\table_page_157.csv: En-tête '7C00Base' introuvable.
Erreur dans le fichier ./CSV3\bulletins\bulletins_propres\table_page_157.csv: En-tête '7C20Base' introuvable.
Erreur dans le fichier ./CSV3\bulletins\bulletins_propres\table_page_157.csv: En-tête '7P20Base' introuvable.
Erreur dans le fichier ./CSV3\bulletins\bulletins_propres\table_page_157.csv: En-tête '7R56Base' introuvable.
Erreur dans le fichier ./CSV3\bulletins\bulletins_propres\table_page_157.csv: En-tête 'Base' introuvable.
Erreur dans le fichier ./CSV3\bulletins\bulletins_propres\table_page_157.csv: En-tête '7R63Base' introuvable.
Erreur dans le fichier ./CSV3\bulletins\bulletins_propres\table_page_157.csv: En-tête 'Base' introuvable.
Erreur dans le fichier ./CSV3\bulletins\bulletins_propres\table_page_157.csv: En-tête '7T00Base' introuvable.
Erreur dans le fichier ./CSV3\bulletins\bulletins_propres\table_page_157.csv: En-tête '7T02Base' introuvable.
Erreur dans le fichier ./CSV3\bulletins\bulletins_propres\table_page_157.csv: En-tête '7T05Base' introuvable.
Erreur dans le fichier ./CSV3\bulletins\bulletins_propres\table_page_157.csv: En-tête '7T10Base' introuvable.
Erreur dans le fichier ./CSV3\bulletins\bulletins_propres\table_page_157.csv: En-tête '7T15Base' introuvable.
Erreur dans le fichier ./CSV3\bulletins\bulletins_propres\table_page_157.csv: En-tête '7T20Base' introuvable.
Erreur dans le fichier ./CSV3\bulletins\bulletins_propres\table_page_157.csv: En-tête '6082Base' introuvable.
Erreur dans le fichier ./CSV3\bulletins\bulletins_propres\table_page_157.csv: En-tête '6094Base' introuvable.
Erreur dans le fichier ./CSV3\bulletins\bulletins_propres\table_page_157.csv: En-tête 'Total Charges Ded.Base' introuvable.
Erreur dans le fichier ./CSV3\bulletins\bulletins_propres\table_page_157.csv: En-tête '6080Base' introuvable.
Erreur dans le fichier ./CSV3\bulletins\bulletins_propres\table_page_157.csv: En-tête '6084Base' introuvable.
Erreur dans le fichier ./CSV3\bulletins\bulletins_propres\table_page_157.csv: En-tête '6092Base' introuvable.
Erreur dans le fichier ./CSV3\bulletins\bulletins_propres\table_page_157.csv: En-tête '6096Base' introuvable.
Erreur dans le fichier ./CSV3\bulletins\bulletins_propres\table_page_157.csv: En-tête '60F1Base' introuvable.
Erreur dans le fichier ./CSV3\bulletins\bulletins_propres\table_page_157.csv: En-tête '60F3Base' introuvable.
Erreur dans le fichier ./CSV3\bulletins\bulletins_propres\table_page_157.csv: En-tête '60F4Base' introuvable.
Erreur dans le fichier ./CSV3\bulletins\bulletins_propres\table_page_157.csv: En-tête '60F8Base' introuvable.
Erreur dans le fichier ./CSV3\bulletins\bulletins_propres\table_page_157.csv: En-tête '60F9Base' introuvable.
Erreur dans le fichier ./CSV3\bulletins\bulletins_propres\table_page_157.csv: En-tête 'Total Charges Non Ded.Base' introuvable.
Erreur dans le fichier ./CSV3\bulletins\bulletins_propres\table_page_157.csv: En-tête '8007Base' introuvable.
Erreur dans le fichier ./CSV3\bulletins\bulletins_propres\table_page_159.csv: En-tête '1001Base' introuvable.
Erreur dans le fichier ./CSV3\bulletins\bulletins_propres\table_page_159.csv: En-tête '2012Base' introuvable.
Erreur dans le fichier ./CSV3\bulletins\bulletins_propres\table_page_159.csv: En-tête 'Base' introuvable.
Erreur dans le fichier ./CSV3\bulletins\bulletins_propres\table_page_159.csv: En-tête '2068Base' introuvable.
Erreur dans le fichier ./CSV3\bulletins\bulletins_propres\table_page_159.csv: En-tête 'Base' introuvable.
Erreur dans le fichier ./CSV3\bulletins\bulletins_propres\table_page_159.csv: En-tête '3310Base' introuvable.
Erreur dans le fichier ./CSV3\bulletins\bulletins_propres\table_page_159.csv: En-tête '3315Base' introuvable.
Erreur dans le fichier ./CSV3\bulletins\bulletins_propres\table_page_159.csv: En-tête '3404Base' introuvable.
Erreur dans le fichier ./CSV3\bulletins\bulletins_propres\table_page_159.csv: En-tête '3406Base' introuvable.
Erreur dans le fichier ./CSV3\bulletins\bulletins_propres\table_page_159.csv: En-tête 'Base' introuvable.
Erreur dans le fichier ./CSV3\bulletins\bulletins_propres\table_page_159.csv: En-tête 'TOTAL BRUTBase' introuvable.
Erreur dans le fichier ./CSV3\bulletins\bulletins_propres\table_page_159.csv: En-tête '7001Base' introuvable.
Erreur dans le fichier ./CSV3\bulletins\bulletins_propres\table_page_159.csv: En-tête '7010Base' introuvable.
Erreur dans le fichier ./CSV3\bulletins\bulletins_propres\table_page_159.csv: En-tête '7015Base' introuvable.
Erreur dans le fichier ./CSV3\bulletins\bulletins_propres\table_page_159.csv: En-tête '7020Base' introuvable.
Erreur dans le fichier ./CSV3\bulletins\bulletins_propres\table_page_159.csv: En-tête '7030Base' introuvable.
Erreur dans le fichier ./CSV3\bulletins\bulletins_propres\table_page_159.csv: En-tête '7035Base' introuvable.
Erreur dans le fichier ./CSV3\bulletins\bulletins_propres\table_page_159.csv: En-tête '7040Base' introuvable.
Erreur dans le fichier ./CSV3\bulletins\bulletins_propres\table_page_159.csv: En-tête 'Base' introuvable.
Erreur dans le fichier ./CSV3\bulletins\bulletins_propres\table_page_159.csv: En-tête '7045Base' introuvable.
Erreur dans le fichier ./CSV3\bulletins\bulletins_propres\table_page_159.csv: En-tête 'Base' introuvable.
Erreur dans le fichier ./CSV3\bulletins\bulletins_propres\table_page_159.csv: En-tête '7050Base' introuvable.
Erreur dans le fichier ./CSV3\bulletins\bulletins_propres\table_page_159.csv: En-tête 'Base' introuvable.
Erreur dans le fichier ./CSV3\bulletins\bulletins_propres\table_page_159.csv: En-tête '7055Base' introuvable.
Erreur dans le fichier ./CSV3\bulletins\bulletins_propres\table_page_159.csv: En-tête 'Base' introuvable.
Erreur dans le fichier ./CSV3\bulletins\bulletins_propres\table_page_159.csv: En-tête '7C00Base' introuvable.
Erreur dans le fichier ./CSV3\bulletins\bulletins_propres\table_page_159.csv: En-tête '7C10Base' introuvable.
Erreur dans le fichier ./CSV3\bulletins\bulletins_propres\table_page_159.csv: En-tête '7C20Base' introuvable.
Erreur dans le fichier ./CSV3\bulletins\bulletins_propres\table_page_159.csv: En-tête '7M05Base' introuvable.
Erreur dans le fichier ./CSV3\bulletins\bulletins_propres\table_page_159.csv: En-tête '7P20Base' introuvable.
Erreur dans le fichier ./CSV3\bulletins\bulletins_propres\table_page_159.csv: En-tête '7P25Base' introuvable.
Erreur dans le fichier ./CSV3\bulletins\bulletins_propres\table_page_159.csv: En-tête '7R56Base' introuvable.
Erreur dans le fichier ./CSV3\bulletins\bulletins_propres\table_page_159.csv: En-tête '7R57Base' introuvable.
Erreur dans le fichier ./CSV3\bulletins\bulletins_propres\table_page_159.csv: En-tête '7R63Base' introuvable.
Erreur dans le fichier ./CSV3\bulletins\bulletins_propres\table_page_159.csv: En-tête '7R64Base' introuvable.
Erreur dans le fichier ./CSV3\bulletins\bulletins_propres\table_page_159.csv: En-tête '7R70Base' introuvable.
Erreur dans le fichier ./CSV3\bulletins\bulletins_propres\table_page_159.csv: En-tête 'Base' introuvable.
Erreur dans le fichier ./CSV3\bulletins\bulletins_propres\table_page_159.csv: En-tête '7R71Base' introuvable.
Erreur dans le fichier ./CSV3\bulletins\bulletins_propres\table_page_159.csv: En-tête 'Base' introuvable.
Erreur dans le fichier ./CSV3\bulletins\bulletins_propres\table_page_159.csv: En-tête '7T00Base' introuvable.
Erreur dans le fichier ./CSV3\bulletins\bulletins_propres\table_page_159.csv: En-tête 'Base' introuvable.
Erreur dans le fichier ./CSV3\bulletins\bulletins_propres\table_page_159.csv: En-tête '7T02Base' introuvable.
Erreur dans le fichier ./CSV3\bulletins\bulletins_propres\table_page_159.csv: En-tête 'Base' introuvable.
Erreur dans le fichier ./CSV3\bulletins\bulletins_propres\table_page_159.csv: En-tête '7T05Base' introuvable.
Erreur dans le fichier ./CSV3\bulletins\bulletins_propres\table_page_159.csv: En-tête '7T10Base' introuvable.
Erreur dans le fichier ./CSV3\bulletins\bulletins_propres\table_page_159.csv: En-tête '7T15Base' introuvable.
Erreur dans le fichier ./CSV3\bulletins\bulletins_propres\table_page_159.csv: En-tête '7T20Base' introuvable.
Erreur dans le fichier ./CSV3\bulletins\bulletins_propres\table_page_159.csv: En-tête '6082Base' introuvable.
Erreur dans le fichier ./CSV3\bulletins\bulletins_propres\table_page_159.csv: En-tête '6094Base' introuvable.
Erreur dans le fichier ./CSV3\bulletins\bulletins_propres\table_page_159.csv: En-tête 'Total Charges Ded.Base' introuvable.
Erreur dans le fichier ./CSV3\bulletins\bulletins_propres\table_page_159.csv: En-tête '6080Base' introuvable.
Erreur dans le fichier ./CSV3\bulletins\bulletins_propres\table_page_159.csv: En-tête '6084Base' introuvable.
Erreur dans le fichier ./CSV3\bulletins\bulletins_propres\table_page_159.csv: En-tête '6092Base' introuvable.
Erreur dans le fichier ./CSV3\bulletins\bulletins_propres\table_page_159.csv: En-tête '6096Base' introuvable.
Erreur dans le fichier ./CSV3\bulletins\bulletins_propres\table_page_159.csv: En-tête 'Total Charges Non Ded.Base' introuvable.
Erreur dans le fichier ./CSV3\bulletins\bulletins_propres\table_page_159.csv: En-tête '8009Base' introuvable.
Erreur dans le fichier ./CSV3\bulletins\bulletins_propres\table_page_159.csv: En-tête '8010Base' introuvable.
Erreur dans le fichier ./CSV3\bulletins\bulletins_propres\table_page_159.csv: En-tête '8007Base' introuvable.
Erreur dans le fichier ./CSV3\bulletins\bulletins_propres\table_page_159.csv: En-tête '8020Base' introuvable.
Erreur dans le fichier ./CSV3\bulletins\bulletins_propres\table_page_161.csv: En-tête '1002Base' introuvable.
Erreur dans le fichier ./CSV3\bulletins\bulletins_propres\table_page_161.csv: En-tête '2012Base' introuvable.
Erreur dans le fichier ./CSV3\bulletins\bulletins_propres\table_page_161.csv: En-tête 'Base' introuvable.
Erreur dans le fichier ./CSV3\bulletins\bulletins_propres\table_page_161.csv: En-tête '2068Base' introuvable.
Erreur dans le fichier ./CSV3\bulletins\bulletins_propres\table_page_161.csv: En-tête 'Base' introuvable.
Erreur dans le fichier ./CSV3\bulletins\bulletins_propres\table_page_161.csv: En-tête '3310Base' introuvable.
Erreur dans le fichier ./CSV3\bulletins\bulletins_propres\table_page_161.csv: En-tête '3315Base' introuvable.
Erreur dans le fichier ./CSV3\bulletins\bulletins_propres\table_page_161.csv: En-tête 'Base' introuvable.
Erreur dans le fichier ./CSV3\bulletins\bulletins_propres\table_page_161.csv: En-tête 'TOTAL BRUTBase' introuvable.
Erreur dans le fichier ./CSV3\bulletins\bulletins_propres\table_page_161.csv: En-tête '7001Base' introuvable.
Erreur dans le fichier ./CSV3\bulletins\bulletins_propres\table_page_161.csv: En-tête '7002Base' introuvable.
Erreur dans le fichier ./CSV3\bulletins\bulletins_propres\table_page_161.csv: En-tête '7010Base' introuvable.
Erreur dans le fichier ./CSV3\bulletins\bulletins_propres\table_page_161.csv: En-tête '7015Base' introuvable.
Erreur dans le fichier ./CSV3\bulletins\bulletins_propres\table_page_161.csv: En-tête '7020Base' introuvable.
Erreur dans le fichier ./CSV3\bulletins\bulletins_propres\table_page_161.csv: En-tête '7030Base' introuvable.
Erreur dans le fichier ./CSV3\bulletins\bulletins_propres\table_page_161.csv: En-tête '7035Base' introuvable.
Erreur dans le fichier ./CSV3\bulletins\bulletins_propres\table_page_161.csv: En-tête '7040Base' introuvable.
Erreur dans le fichier ./CSV3\bulletins\bulletins_propres\table_page_161.csv: En-tête '7045Base' introuvable.
Erreur dans le fichier ./CSV3\bulletins\bulletins_propres\table_page_161.csv: En-tête 'Base' introuvable.
Erreur dans le fichier ./CSV3\bulletins\bulletins_propres\table_page_161.csv: En-tête '7050Base' introuvable.
Erreur dans le fichier ./CSV3\bulletins\bulletins_propres\table_page_161.csv: En-tête 'Base' introuvable.
Erreur dans le fichier ./CSV3\bulletins\bulletins_propres\table_page_161.csv: En-tête '7055Base' introuvable.
Erreur dans le fichier ./CSV3\bulletins\bulletins_propres\table_page_161.csv: En-tête 'Base' introuvable.
Erreur dans le fichier ./CSV3\bulletins\bulletins_propres\table_page_161.csv: En-tête '7C00Base' introuvable.
Erreur dans le fichier ./CSV3\bulletins\bulletins_propres\table_page_161.csv: En-tête 'Base' introuvable.
Erreur dans le fichier ./CSV3\bulletins\bulletins_propres\table_page_161.csv: En-tête '7C10Base' introuvable.
Erreur dans le fichier ./CSV3\bulletins\bulletins_propres\table_page_161.csv: En-tête '7C20Base' introuvable.
Erreur dans le fichier ./CSV3\bulletins\bulletins_propres\table_page_161.csv: En-tête '7M05Base' introuvable.
Erreur dans le fichier ./CSV3\bulletins\bulletins_propres\table_page_161.csv: En-tête '7P20Base' introuvable.
Erreur dans le fichier ./CSV3\bulletins\bulletins_propres\table_page_161.csv: En-tête '7P25Base' introuvable.
Erreur dans le fichier ./CSV3\bulletins\bulletins_propres\table_page_161.csv: En-tête '7R44Base' introuvable.
Erreur dans le fichier ./CSV3\bulletins\bulletins_propres\table_page_161.csv: En-tête '7R45Base' introuvable.
Erreur dans le fichier ./CSV3\bulletins\bulletins_propres\table_page_161.csv: En-tête '7R53Base' introuvable.
Erreur dans le fichier ./CSV3\bulletins\bulletins_propres\table_page_161.csv: En-tête '7R54Base' introuvable.
Erreur dans le fichier ./CSV3\bulletins\bulletins_propres\table_page_161.csv: En-tête '7R63Base' introuvable.
Erreur dans le fichier ./CSV3\bulletins\bulletins_propres\table_page_161.csv: En-tête '7R64Base' introuvable.
Erreur dans le fichier ./CSV3\bulletins\bulletins_propres\table_page_161.csv: En-tête 'Base' introuvable.
Erreur dans le fichier ./CSV3\bulletins\bulletins_propres\table_page_161.csv: En-tête '7R70Base' introuvable.
Erreur dans le fichier ./CSV3\bulletins\bulletins_propres\table_page_161.csv: En-tête 'Base' introuvable.
Erreur dans le fichier ./CSV3\bulletins\bulletins_propres\table_page_161.csv: En-tête '7R71Base' introuvable.
Erreur dans le fichier ./CSV3\bulletins\bulletins_propres\table_page_161.csv: En-tête '7T00Base' introuvable.
Erreur dans le fichier ./CSV3\bulletins\bulletins_propres\table_page_161.csv: En-tête '7T02Base' introuvable.
Erreur dans le fichier ./CSV3\bulletins\bulletins_propres\table_page_161.csv: En-tête '7T05Base' introuvable.
Erreur dans le fichier ./CSV3\bulletins\bulletins_propres\table_page_161.csv: En-tête '7T10Base' introuvable.
Erreur dans le fichier ./CSV3\bulletins\bulletins_propres\table_page_161.csv: En-tête '7T15Base' introuvable.
Erreur dans le fichier ./CSV3\bulletins\bulletins_propres\table_page_161.csv: En-tête '7T20Base' introuvable.
Erreur dans le fichier ./CSV3\bulletins\bulletins_propres\table_page_161.csv: En-tête '6082Base' introuvable.
Erreur dans le fichier ./CSV3\bulletins\bulletins_propres\table_page_161.csv: En-tête '6094Base' introuvable.
Erreur dans le fichier ./CSV3\bulletins\bulletins_propres\table_page_161.csv: En-tête 'Total Charges Ded.Base' introuvable.
Erreur dans le fichier ./CSV3\bulletins\bulletins_propres\table_page_161.csv: En-tête '6080Base' introuvable.
Erreur dans le fichier ./CSV3\bulletins\bulletins_propres\table_page_161.csv: En-tête '6084Base' introuvable.
Erreur dans le fichier ./CSV3\bulletins\bulletins_propres\table_page_161.csv: En-tête '6092Base' introuvable.
Erreur dans le fichier ./CSV3\bulletins\bulletins_propres\table_page_161.csv: En-tête '6096Base' introuvable.
Erreur dans le fichier ./CSV3\bulletins\bulletins_propres\table_page_161.csv: En-tête 'Total Charges Non Ded.Base' introuvable.
Erreur dans le fichier ./CSV3\bulletins\bulletins_propres\table_page_161.csv: En-tête '8009Base' introuvable.
Erreur dans le fichier ./CSV3\bulletins\bulletins_propres\table_page_161.csv: En-tête '8010Base' introuvable.
Erreur dans le fichier ./CSV3\bulletins\bulletins_propres\table_page_161.csv: En-tête '8007Base' introuvable.
Erreur dans le fichier ./CSV3\bulletins\bulletins_propres\table_page_163.csv: En-tête '1001Base' introuvable.
Erreur dans le fichier ./CSV3\bulletins\bulletins_propres\table_page_163.csv: En-tête '1046Base' introuvable.
Erreur dans le fichier ./CSV3\bulletins\bulletins_propres\table_page_163.csv: En-tête 'Base' introuvable.
Erreur dans le fichier ./CSV3\bulletins\bulletins_propres\table_page_163.csv: En-tête '2012Base' introuvable.
Erreur dans le fichier ./CSV3\bulletins\bulletins_propres\table_page_163.csv: En-tête 'Base' introuvable.
Erreur dans le fichier ./CSV3\bulletins\bulletins_propres\table_page_163.csv: En-tête '2018Base' introuvable.
Erreur dans le fichier ./CSV3\bulletins\bulletins_propres\table_page_163.csv: En-tête '2068Base' introuvable.
Erreur dans le fichier ./CSV3\bulletins\bulletins_propres\table_page_163.csv: En-tête '2078Base' introuvable.
Erreur dans le fichier ./CSV3\bulletins\bulletins_propres\table_page_163.csv: En-tête '3280Base' introuvable.
Erreur dans le fichier ./CSV3\bulletins\bulletins_propres\table_page_163.csv: En-tête '3285Base' introuvable.
Erreur dans le fichier ./CSV3\bulletins\bulletins_propres\table_page_163.csv: En-tête '3502Base' introuvable.
Erreur dans le fichier ./CSV3\bulletins\bulletins_propres\table_page_163.csv: En-tête 'Base' introuvable.
Erreur dans le fichier ./CSV3\bulletins\bulletins_propres\table_page_163.csv: En-tête 'TOTAL BRUTBase' introuvable.
Erreur dans le fichier ./CSV3\bulletins\bulletins_propres\table_page_163.csv: En-tête '7001Base' introuvable.
Erreur dans le fichier ./CSV3\bulletins\bulletins_propres\table_page_163.csv: En-tête '7010Base' introuvable.
Erreur dans le fichier ./CSV3\bulletins\bulletins_propres\table_page_163.csv: En-tête '7015Base' introuvable.
Erreur dans le fichier ./CSV3\bulletins\bulletins_propres\table_page_163.csv: En-tête '7020Base' introuvable.
Erreur dans le fichier ./CSV3\bulletins\bulletins_propres\table_page_163.csv: En-tête '7030Base' introuvable.
Erreur dans le fichier ./CSV3\bulletins\bulletins_propres\table_page_163.csv: En-tête 'Base' introuvable.
Erreur dans le fichier ./CSV3\bulletins\bulletins_propres\table_page_163.csv: En-tête '7035Base' introuvable.
Erreur dans le fichier ./CSV3\bulletins\bulletins_propres\table_page_163.csv: En-tête 'Base' introuvable.
Erreur dans le fichier ./CSV3\bulletins\bulletins_propres\table_page_163.csv: En-tête '7040Base' introuvable.
Erreur dans le fichier ./CSV3\bulletins\bulletins_propres\table_page_163.csv: En-tête 'Base' introuvable.
Erreur dans le fichier ./CSV3\bulletins\bulletins_propres\table_page_163.csv: En-tête '7045Base' introuvable.
Erreur dans le fichier ./CSV3\bulletins\bulletins_propres\table_page_163.csv: En-tête 'Base' introuvable.
Erreur dans le fichier ./CSV3\bulletins\bulletins_propres\table_page_163.csv: En-tête '7050Base' introuvable.
Erreur dans le fichier ./CSV3\bulletins\bulletins_propres\table_page_163.csv: En-tête '7055Base' introuvable.
Erreur dans le fichier ./CSV3\bulletins\bulletins_propres\table_page_163.csv: En-tête '7C00Base' introuvable.
Erreur dans le fichier ./CSV3\bulletins\bulletins_propres\table_page_163.csv: En-tête '7C20Base' introuvable.
Erreur dans le fichier ./CSV3\bulletins\bulletins_propres\table_page_163.csv: En-tête '7M03Base' introuvable.
Erreur dans le fichier ./CSV3\bulletins\bulletins_propres\table_page_163.csv: En-tête '7P10Base' introuvable.
Erreur dans le fichier ./CSV3\bulletins\bulletins_propres\table_page_163.csv: En-tête '7R56Base' introuvable.
Erreur dans le fichier ./CSV3\bulletins\bulletins_propres\table_page_163.csv: En-tête '7R63Base' introuvable.
Erreur dans le fichier ./CSV3\bulletins\bulletins_propres\table_page_163.csv: En-tête '7T00Base' introuvable.
Erreur dans le fichier ./CSV3\bulletins\bulletins_propres\table_page_163.csv: En-tête '7T02Base' introuvable.
Erreur dans le fichier ./CSV3\bulletins\bulletins_propres\table_page_163.csv: En-tête '7T05Base' introuvable.
Erreur dans le fichier ./CSV3\bulletins\bulletins_propres\table_page_163.csv: En-tête 'Base' introuvable.
Erreur dans le fichier ./CSV3\bulletins\bulletins_propres\table_page_163.csv: En-tête '7T10Base' introuvable.
Erreur dans le fichier ./CSV3\bulletins\bulletins_propres\table_page_163.csv: En-tête 'Base' introuvable.
Erreur dans le fichier ./CSV3\bulletins\bulletins_propres\table_page_163.csv: En-tête '7T15Base' introuvable.
Erreur dans le fichier ./CSV3\bulletins\bulletins_propres\table_page_163.csv: En-tête 'Base' introuvable.
Erreur dans le fichier ./CSV3\bulletins\bulletins_propres\table_page_163.csv: En-tête '7T20Base' introuvable.
Erreur dans le fichier ./CSV3\bulletins\bulletins_propres\table_page_163.csv: En-tête '6082Base' introuvable.
Erreur dans le fichier ./CSV3\bulletins\bulletins_propres\table_page_163.csv: En-tête '6094Base' introuvable.
Erreur dans le fichier ./CSV3\bulletins\bulletins_propres\table_page_163.csv: En-tête 'Total Charges Ded.Base' introuvable.
Erreur dans le fichier ./CSV3\bulletins\bulletins_propres\table_page_163.csv: En-tête '6080Base' introuvable.
Erreur dans le fichier ./CSV3\bulletins\bulletins_propres\table_page_163.csv: En-tête '6084Base' introuvable.
Erreur dans le fichier ./CSV3\bulletins\bulletins_propres\table_page_163.csv: En-tête '6092Base' introuvable.
Erreur dans le fichier ./CSV3\bulletins\bulletins_propres\table_page_163.csv: En-tête '6096Base' introuvable.
Erreur dans le fichier ./CSV3\bulletins\bulletins_propres\table_page_163.csv: En-tête 'Total Charges Non Ded.Base' introuvable.
Erreur dans le fichier ./CSV3\bulletins\bulletins_propres\table_page_163.csv: En-tête '8009Base' introuvable.
Erreur dans le fichier ./CSV3\bulletins\bulletins_propres\table_page_163.csv: En-tête '8010Base' introuvable.
Erreur dans le fichier ./CSV3\bulletins\bulletins_propres\table_page_163.csv: En-tête '8007Base' introuvable.
Erreur dans le fichier ./CSV3\bulletins\bulletins_propres\table_page_163.csv: En-tête 'Base' introuvable.
Erreur dans le fichier ./CSV3\bulletins\bulletins_propres\table_page_163.csv: En-tête 'Base' introuvable.
Erreur dans le fichier ./CSV3\bulletins\bulletins_propres\table_page_163.csv: En-tête 'Impôt sur le revenuBase' introuvable.
Erreur dans le fichier ./CSV3\bulletins\bulletins_propres\table_page_163.csv: En-tête 'Impôt sur le revenu à la sourceBase' introuvable.
Erreur dans le fichier ./CSV3\bulletins\bulletins_propres\table_page_165.csv: En-tête '1001Base' introuvable.
Erreur dans le fichier ./CSV3\bulletins\bulletins_propres\table_page_165.csv: En-tête '1046Base' introuvable.
Erreur dans le fichier ./CSV3\bulletins\bulletins_propres\table_page_165.csv: En-tête 'Base' introuvable.
Erreur dans le fichier ./CSV3\bulletins\bulletins_propres\table_page_165.csv: En-tête '2012Base' introuvable.
Erreur dans le fichier ./CSV3\bulletins\bulletins_propres\table_page_165.csv: En-tête 'Base' introuvable.
Erreur dans le fichier ./CSV3\bulletins\bulletins_propres\table_page_165.csv: En-tête '2016Base' introuvable.
Erreur dans le fichier ./CSV3\bulletins\bulletins_propres\table_page_165.csv: En-tête '2050Base' introuvable.
Erreur dans le fichier ./CSV3\bulletins\bulletins_propres\table_page_165.csv: En-tête '2068Base' introuvable.
Erreur dans le fichier ./CSV3\bulletins\bulletins_propres\table_page_165.csv: En-tête '2078Base' introuvable.
Erreur dans le fichier ./CSV3\bulletins\bulletins_propres\table_page_165.csv: En-tête 'Base' introuvable.
Erreur dans le fichier ./CSV3\bulletins\bulletins_propres\table_page_165.csv: En-tête 'TOTAL BRUTBase' introuvable.
Erreur dans le fichier ./CSV3\bulletins\bulletins_propres\table_page_165.csv: En-tête '7001Base' introuvable.
Erreur dans le fichier ./CSV3\bulletins\bulletins_propres\table_page_165.csv: En-tête '7002Base' introuvable.
Erreur dans le fichier ./CSV3\bulletins\bulletins_propres\table_page_165.csv: En-tête '7010Base' introuvable.
Erreur dans le fichier ./CSV3\bulletins\bulletins_propres\table_page_165.csv: En-tête '7015Base' introuvable.
Erreur dans le fichier ./CSV3\bulletins\bulletins_propres\table_page_165.csv: En-tête '7020Base' introuvable.
Erreur dans le fichier ./CSV3\bulletins\bulletins_propres\table_page_165.csv: En-tête '7030Base' introuvable.
Erreur dans le fichier ./CSV3\bulletins\bulletins_propres\table_page_165.csv: En-tête '7035Base' introuvable.
Erreur dans le fichier ./CSV3\bulletins\bulletins_propres\table_page_165.csv: En-tête 'Base' introuvable.
Erreur dans le fichier ./CSV3\bulletins\bulletins_propres\table_page_165.csv: En-tête '7040Base' introuvable.
Erreur dans le fichier ./CSV3\bulletins\bulletins_propres\table_page_165.csv: En-tête 'Base' introuvable.
Erreur dans le fichier ./CSV3\bulletins\bulletins_propres\table_page_165.csv: En-tête '7045Base' introuvable.
Erreur dans le fichier ./CSV3\bulletins\bulletins_propres\table_page_165.csv: En-tête 'Base' introuvable.
Erreur dans le fichier ./CSV3\bulletins\bulletins_propres\table_page_165.csv: En-tête '7050Base' introuvable.
Erreur dans le fichier ./CSV3\bulletins\bulletins_propres\table_page_165.csv: En-tête 'Base' introuvable.
Erreur dans le fichier ./CSV3\bulletins\bulletins_propres\table_page_165.csv: En-tête '7055Base' introuvable.
Erreur dans le fichier ./CSV3\bulletins\bulletins_propres\table_page_165.csv: En-tête '7C00Base' introuvable.
Erreur dans le fichier ./CSV3\bulletins\bulletins_propres\table_page_165.csv: En-tête '7C10Base' introuvable.
Erreur dans le fichier ./CSV3\bulletins\bulletins_propres\table_page_165.csv: En-tête '7C20Base' introuvable.
Erreur dans le fichier ./CSV3\bulletins\bulletins_propres\table_page_165.csv: En-tête '7M05Base' introuvable.
Erreur dans le fichier ./CSV3\bulletins\bulletins_propres\table_page_165.csv: En-tête '7P20Base' introuvable.
Erreur dans le fichier ./CSV3\bulletins\bulletins_propres\table_page_165.csv: En-tête '7P25Base' introuvable.
Erreur dans le fichier ./CSV3\bulletins\bulletins_propres\table_page_165.csv: En-tête '7R44Base' introuvable.
Erreur dans le fichier ./CSV3\bulletins\bulletins_propres\table_page_165.csv: En-tête '7R45Base' introuvable.
Erreur dans le fichier ./CSV3\bulletins\bulletins_propres\table_page_165.csv: En-tête '7R53Base' introuvable.
Erreur dans le fichier ./CSV3\bulletins\bulletins_propres\table_page_165.csv: En-tête '7R54Base' introuvable.
Erreur dans le fichier ./CSV3\bulletins\bulletins_propres\table_page_165.csv: En-tête 'Base' introuvable.
Erreur dans le fichier ./CSV3\bulletins\bulletins_propres\table_page_165.csv: En-tête '7R63Base' introuvable.
Erreur dans le fichier ./CSV3\bulletins\bulletins_propres\table_page_165.csv: En-tête '7R64Base' introuvable.
Erreur dans le fichier ./CSV3\bulletins\bulletins_propres\table_page_165.csv: En-tête '7R70Base' introuvable.
Erreur dans le fichier ./CSV3\bulletins\bulletins_propres\table_page_165.csv: En-tête '7R71Base' introuvable.
Erreur dans le fichier ./CSV3\bulletins\bulletins_propres\table_page_165.csv: En-tête '7T00Base' introuvable.
Erreur dans le fichier ./CSV3\bulletins\bulletins_propres\table_page_165.csv: En-tête '7T02Base' introuvable.
Erreur dans le fichier ./CSV3\bulletins\bulletins_propres\table_page_165.csv: En-tête '7T05Base' introuvable.
Erreur dans le fichier ./CSV3\bulletins\bulletins_propres\table_page_165.csv: En-tête '7T10Base' introuvable.
Erreur dans le fichier ./CSV3\bulletins\bulletins_propres\table_page_165.csv: En-tête '7T15Base' introuvable.
Erreur dans le fichier ./CSV3\bulletins\bulletins_propres\table_page_165.csv: En-tête '7T20Base' introuvable.
Erreur dans le fichier ./CSV3\bulletins\bulletins_propres\table_page_165.csv: En-tête '6082Base' introuvable.
Erreur dans le fichier ./CSV3\bulletins\bulletins_propres\table_page_165.csv: En-tête '6094Base' introuvable.
Erreur dans le fichier ./CSV3\bulletins\bulletins_propres\table_page_165.csv: En-tête 'Total Charges Ded.Base' introuvable.
Erreur dans le fichier ./CSV3\bulletins\bulletins_propres\table_page_165.csv: En-tête '6080Base' introuvable.
Erreur dans le fichier ./CSV3\bulletins\bulletins_propres\table_page_165.csv: En-tête '6084Base' introuvable.
Erreur dans le fichier ./CSV3\bulletins\bulletins_propres\table_page_165.csv: En-tête '6092Base' introuvable.
Erreur dans le fichier ./CSV3\bulletins\bulletins_propres\table_page_165.csv: En-tête '6096Base' introuvable.
Erreur dans le fichier ./CSV3\bulletins\bulletins_propres\table_page_165.csv: En-tête 'Total Charges Non Ded.Base' introuvable.
Erreur dans le fichier ./CSV3\bulletins\bulletins_propres\table_page_165.csv: En-tête '8009Base' introuvable.
Erreur dans le fichier ./CSV3\bulletins\bulletins_propres\table_page_165.csv: En-tête '8010Base' introuvable.
Erreur dans le fichier ./CSV3\bulletins\bulletins_propres\table_page_165.csv: En-tête '8007Base' introuvable.
Erreur dans le fichier ./CSV3\bulletins\bulletins_propres\table_page_165.csv: En-tête '8192Base' introuvable.
Erreur dans le fichier ./CSV3\bulletins\bulletins_propres\table_page_167.csv: En-tête '1001Base' introuvable.
Erreur dans le fichier ./CSV3\bulletins\bulletins_propres\table_page_167.csv: En-tête '1046Base' introuvable.
Erreur dans le fichier ./CSV3\bulletins\bulletins_propres\table_page_167.csv: En-tête 'Base' introuvable.
Erreur dans le fichier ./CSV3\bulletins\bulletins_propres\table_page_167.csv: En-tête '2012Base' introuvable.
Erreur dans le fichier ./CSV3\bulletins\bulletins_propres\table_page_167.csv: En-tête 'Base' introuvable.
Erreur dans le fichier ./CSV3\bulletins\bulletins_propres\table_page_167.csv: En-tête '2018Base' introuvable.
Erreur dans le fichier ./CSV3\bulletins\bulletins_propres\table_page_167.csv: En-tête '2068Base' introuvable.
Erreur dans le fichier ./CSV3\bulletins\bulletins_propres\table_page_167.csv: En-tête '2078Base' introuvable.
Erreur dans le fichier ./CSV3\bulletins\bulletins_propres\table_page_167.csv: En-tête '2262Base' introuvable.
Erreur dans le fichier ./CSV3\bulletins\bulletins_propres\table_page_167.csv: En-tête '3250Base' introuvable.
Erreur dans le fichier ./CSV3\bulletins\bulletins_propres\table_page_167.csv: En-tête '3255Base' introuvable.
Erreur dans le fichier ./CSV3\bulletins\bulletins_propres\table_page_167.csv: En-tête '3270Base' introuvable.
Erreur dans le fichier ./CSV3\bulletins\bulletins_propres\table_page_167.csv: En-tête '3275Base' introuvable.
Erreur dans le fichier ./CSV3\bulletins\bulletins_propres\table_page_167.csv: En-tête '3280Base' introuvable.
Erreur dans le fichier ./CSV3\bulletins\bulletins_propres\table_page_167.csv: En-tête '3285Base' introuvable.
Erreur dans le fichier ./CSV3\bulletins\bulletins_propres\table_page_167.csv: En-tête 'Base' introuvable.
Erreur dans le fichier ./CSV3\bulletins\bulletins_propres\table_page_167.csv: En-tête 'TOTAL BRUTBase' introuvable.
Erreur dans le fichier ./CSV3\bulletins\bulletins_propres\table_page_167.csv: En-tête '7001Base' introuvable.
Erreur dans le fichier ./CSV3\bulletins\bulletins_propres\table_page_167.csv: En-tête 'Base' introuvable.
Erreur dans le fichier ./CSV3\bulletins\bulletins_propres\table_page_167.csv: En-tête '7010Base' introuvable.
Erreur dans le fichier ./CSV3\bulletins\bulletins_propres\table_page_167.csv: En-tête 'Base' introuvable.
Erreur dans le fichier ./CSV3\bulletins\bulletins_propres\table_page_167.csv: En-tête '7015Base' introuvable.
Erreur dans le fichier ./CSV3\bulletins\bulletins_propres\table_page_167.csv: En-tête 'Base' introuvable.
Erreur dans le fichier ./CSV3\bulletins\bulletins_propres\table_page_167.csv: En-tête '7020Base' introuvable.
Erreur dans le fichier ./CSV3\bulletins\bulletins_propres\table_page_167.csv: En-tête 'Base' introuvable.
Erreur dans le fichier ./CSV3\bulletins\bulletins_propres\table_page_167.csv: En-tête '7030Base' introuvable.
Erreur dans le fichier ./CSV3\bulletins\bulletins_propres\table_page_167.csv: En-tête '7035Base' introuvable.
Erreur dans le fichier ./CSV3\bulletins\bulletins_propres\table_page_167.csv: En-tête '7040Base' introuvable.
Erreur dans le fichier ./CSV3\bulletins\bulletins_propres\table_page_167.csv: En-tête '7045Base' introuvable.
Erreur dans le fichier ./CSV3\bulletins\bulletins_propres\table_page_167.csv: En-tête '7050Base' introuvable.
Erreur dans le fichier ./CSV3\bulletins\bulletins_propres\table_page_167.csv: En-tête '7055Base' introuvable.
Erreur dans le fichier ./CSV3\bulletins\bulletins_propres\table_page_167.csv: En-tête '7C00Base' introuvable.
Erreur dans le fichier ./CSV3\bulletins\bulletins_propres\table_page_167.csv: En-tête '7C20Base' introuvable.
Erreur dans le fichier ./CSV3\bulletins\bulletins_propres\table_page_167.csv: En-tête '7P10Base' introuvable.
Erreur dans le fichier ./CSV3\bulletins\bulletins_propres\table_page_167.csv: En-tête '7R56Base' introuvable.
Erreur dans le fichier ./CSV3\bulletins\bulletins_propres\table_page_167.csv: En-tête '7R63Base' introuvable.
Erreur dans le fichier ./CSV3\bulletins\bulletins_propres\table_page_167.csv: En-tête 'Base' introuvable.
Erreur dans le fichier ./CSV3\bulletins\bulletins_propres\table_page_167.csv: En-tête '7T00Base' introuvable.
Erreur dans le fichier ./CSV3\bulletins\bulletins_propres\table_page_167.csv: En-tête 'Base' introuvable.
Erreur dans le fichier ./CSV3\bulletins\bulletins_propres\table_page_167.csv: En-tête '7T02Base' introuvable.
Erreur dans le fichier ./CSV3\bulletins\bulletins_propres\table_page_167.csv: En-tête '7T05Base' introuvable.
Erreur dans le fichier ./CSV3\bulletins\bulletins_propres\table_page_167.csv: En-tête '7T10Base' introuvable.
Erreur dans le fichier ./CSV3\bulletins\bulletins_propres\table_page_167.csv: En-tête '7T15Base' introuvable.
Erreur dans le fichier ./CSV3\bulletins\bulletins_propres\table_page_167.csv: En-tête '7T20Base' introuvable.
Erreur dans le fichier ./CSV3\bulletins\bulletins_propres\table_page_167.csv: En-tête '6082Base' introuvable.
Erreur dans le fichier ./CSV3\bulletins\bulletins_propres\table_page_167.csv: En-tête '6094Base' introuvable.
Erreur dans le fichier ./CSV3\bulletins\bulletins_propres\table_page_167.csv: En-tête 'Total Charges Ded.Base' introuvable.
Erreur dans le fichier ./CSV3\bulletins\bulletins_propres\table_page_167.csv: En-tête '6080Base' introuvable.
Erreur dans le fichier ./CSV3\bulletins\bulletins_propres\table_page_167.csv: En-tête '6084Base' introuvable.
Erreur dans le fichier ./CSV3\bulletins\bulletins_propres\table_page_167.csv: En-tête '6092Base' introuvable.
Erreur dans le fichier ./CSV3\bulletins\bulletins_propres\table_page_167.csv: En-tête '6096Base' introuvable.
Erreur dans le fichier ./CSV3\bulletins\bulletins_propres\table_page_167.csv: En-tête 'Total Charges Non Ded.Base' introuvable.
Erreur dans le fichier ./CSV3\bulletins\bulletins_propres\table_page_167.csv: En-tête '8009Base' introuvable.
Erreur dans le fichier ./CSV3\bulletins\bulletins_propres\table_page_167.csv: En-tête '8010Base' introuvable.
Erreur dans le fichier ./CSV3\bulletins\bulletins_propres\table_page_167.csv: En-tête '8007Base' introuvable.
Erreur dans le fichier ./CSV3\bulletins\bulletins_propres\table_page_169.csv: En-tête '1001Base' introuvable.
Erreur dans le fichier ./CSV3\bulletins\bulletins_propres\table_page_169.csv: En-tête '1046Base' introuvable.
Erreur dans le fichier ./CSV3\bulletins\bulletins_propres\table_page_169.csv: En-tête 'Base' introuvable.
Erreur dans le fichier ./CSV3\bulletins\bulletins_propres\table_page_169.csv: En-tête '2012Base' introuvable.
Erreur dans le fichier ./CSV3\bulletins\bulletins_propres\table_page_169.csv: En-tête 'Base' introuvable.
Erreur dans le fichier ./CSV3\bulletins\bulletins_propres\table_page_169.csv: En-tête '2018Base' introuvable.
Erreur dans le fichier ./CSV3\bulletins\bulletins_propres\table_page_169.csv: En-tête '2068Base' introuvable.
Erreur dans le fichier ./CSV3\bulletins\bulletins_propres\table_page_169.csv: En-tête '2078Base' introuvable.
Erreur dans le fichier ./CSV3\bulletins\bulletins_propres\table_page_169.csv: En-tête '2080Base' introuvable.
Erreur dans le fichier ./CSV3\bulletins\bulletins_propres\table_page_169.csv: En-tête '2084Base' introuvable.
Erreur dans le fichier ./CSV3\bulletins\bulletins_propres\table_page_169.csv: En-tête '2091Base' introuvable.
Erreur dans le fichier ./CSV3\bulletins\bulletins_propres\table_page_169.csv: En-tête '3006Base' introuvable.
Erreur dans le fichier ./CSV3\bulletins\bulletins_propres\table_page_169.csv: En-tête 'Base' introuvable.
Erreur dans le fichier ./CSV3\bulletins\bulletins_propres\table_page_169.csv: En-tête 'TOTAL BRUTBase' introuvable.
Erreur dans le fichier ./CSV3\bulletins\bulletins_propres\table_page_169.csv: En-tête '6S89Base' introuvable.
Erreur dans le fichier ./CSV3\bulletins\bulletins_propres\table_page_169.csv: En-tête '7001Base' introuvable.
Erreur dans le fichier ./CSV3\bulletins\bulletins_propres\table_page_169.csv: En-tête '7010Base' introuvable.
Erreur dans le fichier ./CSV3\bulletins\bulletins_propres\table_page_169.csv: En-tête '7015Base' introuvable.
Erreur dans le fichier ./CSV3\bulletins\bulletins_propres\table_page_169.csv: En-tête 'Base' introuvable.
Erreur dans le fichier ./CSV3\bulletins\bulletins_propres\table_page_169.csv: En-tête '7020Base' introuvable.
Erreur dans le fichier ./CSV3\bulletins\bulletins_propres\table_page_169.csv: En-tête 'Base' introuvable.
Erreur dans le fichier ./CSV3\bulletins\bulletins_propres\table_page_169.csv: En-tête '7030Base' introuvable.
Erreur dans le fichier ./CSV3\bulletins\bulletins_propres\table_page_169.csv: En-tête 'Base' introuvable.
Erreur dans le fichier ./CSV3\bulletins\bulletins_propres\table_page_169.csv: En-tête '7035Base' introuvable.
Erreur dans le fichier ./CSV3\bulletins\bulletins_propres\table_page_169.csv: En-tête 'Base' introuvable.
Erreur dans le fichier ./CSV3\bulletins\bulletins_propres\table_page_169.csv: En-tête '7040Base' introuvable.
Erreur dans le fichier ./CSV3\bulletins\bulletins_propres\table_page_169.csv: En-tête '7045Base' introuvable.
Erreur dans le fichier ./CSV3\bulletins\bulletins_propres\table_page_169.csv: En-tête '7050Base' introuvable.
Erreur dans le fichier ./CSV3\bulletins\bulletins_propres\table_page_169.csv: En-tête '7055Base' introuvable.
Erreur dans le fichier ./CSV3\bulletins\bulletins_propres\table_page_169.csv: En-tête '7C00Base' introuvable.
Erreur dans le fichier ./CSV3\bulletins\bulletins_propres\table_page_169.csv: En-tête '7C20Base' introuvable.
Erreur dans le fichier ./CSV3\bulletins\bulletins_propres\table_page_169.csv: En-tête '7M03Base' introuvable.
Erreur dans le fichier ./CSV3\bulletins\bulletins_propres\table_page_169.csv: En-tête '7P10Base' introuvable.
Erreur dans le fichier ./CSV3\bulletins\bulletins_propres\table_page_169.csv: En-tête '7R56Base' introuvable.
Erreur dans le fichier ./CSV3\bulletins\bulletins_propres\table_page_169.csv: En-tête '7R63Base' introuvable.
Erreur dans le fichier ./CSV3\bulletins\bulletins_propres\table_page_169.csv: En-tête '7T00Base' introuvable.
Erreur dans le fichier ./CSV3\bulletins\bulletins_propres\table_page_169.csv: En-tête 'Base' introuvable.
Erreur dans le fichier ./CSV3\bulletins\bulletins_propres\table_page_169.csv: En-tête '7T02Base' introuvable.
Erreur dans le fichier ./CSV3\bulletins\bulletins_propres\table_page_169.csv: En-tête '7T05Base' introuvable.
Erreur dans le fichier ./CSV3\bulletins\bulletins_propres\table_page_169.csv: En-tête '7T10Base' introuvable.
Erreur dans le fichier ./CSV3\bulletins\bulletins_propres\table_page_169.csv: En-tête '7T15Base' introuvable.
Erreur dans le fichier ./CSV3\bulletins\bulletins_propres\table_page_169.csv: En-tête '7T20Base' introuvable.
Erreur dans le fichier ./CSV3\bulletins\bulletins_propres\table_page_169.csv: En-tête '6082Base' introuvable.
Erreur dans le fichier ./CSV3\bulletins\bulletins_propres\table_page_169.csv: En-tête '6094Base' introuvable.
Erreur dans le fichier ./CSV3\bulletins\bulletins_propres\table_page_169.csv: En-tête 'Total Charges Ded.Base' introuvable.
Erreur dans le fichier ./CSV3\bulletins\bulletins_propres\table_page_169.csv: En-tête '6070Base' introuvable.
Erreur dans le fichier ./CSV3\bulletins\bulletins_propres\table_page_169.csv: En-tête '6074Base' introuvable.
Erreur dans le fichier ./CSV3\bulletins\bulletins_propres\table_page_169.csv: En-tête '6080Base' introuvable.
Erreur dans le fichier ./CSV3\bulletins\bulletins_propres\table_page_169.csv: En-tête '6084Base' introuvable.
Erreur dans le fichier ./CSV3\bulletins\bulletins_propres\table_page_169.csv: En-tête '6092Base' introuvable.
Erreur dans le fichier ./CSV3\bulletins\bulletins_propres\table_page_169.csv: En-tête '6096Base' introuvable.
Erreur dans le fichier ./CSV3\bulletins\bulletins_propres\table_page_169.csv: En-tête 'Total Charges Non Ded.Base' introuvable.
Erreur dans le fichier ./CSV3\bulletins\bulletins_propres\table_page_169.csv: En-tête '8009Base' introuvable.
Erreur dans le fichier ./CSV3\bulletins\bulletins_propres\table_page_169.csv: En-tête '8010Base' introuvable.
Erreur dans le fichier ./CSV3\bulletins\bulletins_propres\table_page_169.csv: En-tête '8007Base' introuvable.
Erreur dans le fichier ./CSV3\bulletins\bulletins_propres\table_page_169.csv: En-tête '8192Base' introuvable.
Erreur dans le fichier ./CSV3\bulletins\bulletins_propres\table_page_169.csv: En-tête '8190Base' introuvable.
Erreur dans le fichier ./CSV3\bulletins\bulletins_propres\table_page_17.csv: En-tête '1001Base' introuvable.
Erreur dans le fichier ./CSV3\bulletins\bulletins_propres\table_page_17.csv: En-tête '2012Base' introuvable.
Erreur dans le fichier ./CSV3\bulletins\bulletins_propres\table_page_17.csv: En-tête 'Base' introuvable.
Erreur dans le fichier ./CSV3\bulletins\bulletins_propres\table_page_17.csv: En-tête '2078Base' introuvable.
Erreur dans le fichier ./CSV3\bulletins\bulletins_propres\table_page_17.csv: En-tête 'Base' introuvable.
Erreur dans le fichier ./CSV3\bulletins\bulletins_propres\table_page_17.csv: En-tête '2088Base' introuvable.
Erreur dans le fichier ./CSV3\bulletins\bulletins_propres\table_page_17.csv: En-tête '3050Base' introuvable.
Erreur dans le fichier ./CSV3\bulletins\bulletins_propres\table_page_17.csv: En-tête '3060Base' introuvable.
Erreur dans le fichier ./CSV3\bulletins\bulletins_propres\table_page_17.csv: En-tête '3200Base' introuvable.
Erreur dans le fichier ./CSV3\bulletins\bulletins_propres\table_page_17.csv: En-tête '3230Base' introuvable.
Erreur dans le fichier ./CSV3\bulletins\bulletins_propres\table_page_17.csv: En-tête '3280Base' introuvable.
Erreur dans le fichier ./CSV3\bulletins\bulletins_propres\table_page_17.csv: En-tête '3285Base' introuvable.
Erreur dans le fichier ./CSV3\bulletins\bulletins_propres\table_page_17.csv: En-tête 'Base' introuvable.
Erreur dans le fichier ./CSV3\bulletins\bulletins_propres\table_page_17.csv: En-tête 'TOTAL BRUTBase' introuvable.
Erreur dans le fichier ./CSV3\bulletins\bulletins_propres\table_page_17.csv: En-tête '7001Base' introuvable.
Erreur dans le fichier ./CSV3\bulletins\bulletins_propres\table_page_17.csv: En-tête '7010Base' introuvable.
Erreur dans le fichier ./CSV3\bulletins\bulletins_propres\table_page_17.csv: En-tête '7015Base' introuvable.
Erreur dans le fichier ./CSV3\bulletins\bulletins_propres\table_page_17.csv: En-tête '7015Base' introuvable.
Erreur dans le fichier ./CSV3\bulletins\bulletins_propres\table_page_17.csv: En-tête 'Base' introuvable.
Erreur dans le fichier ./CSV3\bulletins\bulletins_propres\table_page_17.csv: En-tête '7020Base' introuvable.
Erreur dans le fichier ./CSV3\bulletins\bulletins_propres\table_page_17.csv: En-tête 'Base' introuvable.
Erreur dans le fichier ./CSV3\bulletins\bulletins_propres\table_page_17.csv: En-tête '7030Base' introuvable.
Erreur dans le fichier ./CSV3\bulletins\bulletins_propres\table_page_17.csv: En-tête 'Base' introuvable.
Erreur dans le fichier ./CSV3\bulletins\bulletins_propres\table_page_17.csv: En-tête '7035Base' introuvable.
Erreur dans le fichier ./CSV3\bulletins\bulletins_propres\table_page_17.csv: En-tête 'Base' introuvable.
Erreur dans le fichier ./CSV3\bulletins\bulletins_propres\table_page_17.csv: En-tête '7040Base' introuvable.
Erreur dans le fichier ./CSV3\bulletins\bulletins_propres\table_page_17.csv: En-tête '7045Base' introuvable.
Erreur dans le fichier ./CSV3\bulletins\bulletins_propres\table_page_17.csv: En-tête '7050Base' introuvable.
Erreur dans le fichier ./CSV3\bulletins\bulletins_propres\table_page_17.csv: En-tête '7055Base' introuvable.
Erreur dans le fichier ./CSV3\bulletins\bulletins_propres\table_page_17.csv: En-tête '7C00Base' introuvable.
Erreur dans le fichier ./CSV3\bulletins\bulletins_propres\table_page_17.csv: En-tête '7C10Base' introuvable.
Erreur dans le fichier ./CSV3\bulletins\bulletins_propres\table_page_17.csv: En-tête '7C10Base' introuvable.
Erreur dans le fichier ./CSV3\bulletins\bulletins_propres\table_page_17.csv: En-tête '7C20Base' introuvable.
Erreur dans le fichier ./CSV3\bulletins\bulletins_propres\table_page_17.csv: En-tête '7M05Base' introuvable.
Erreur dans le fichier ./CSV3\bulletins\bulletins_propres\table_page_17.csv: En-tête '7P10Base' introuvable.
Erreur dans le fichier ./CSV3\bulletins\bulletins_propres\table_page_17.csv: En-tête '7P11Base' introuvable.
Erreur dans le fichier ./CSV3\bulletins\bulletins_propres\table_page_17.csv: En-tête 'Base' introuvable.
Erreur dans le fichier ./CSV3\bulletins\bulletins_propres\table_page_17.csv: En-tête '7R56Base' introuvable.
Erreur dans le fichier ./CSV3\bulletins\bulletins_propres\table_page_17.csv: En-tête 'Base' introuvable.
Erreur dans le fichier ./CSV3\bulletins\bulletins_propres\table_page_17.csv: En-tête '7R56Base' introuvable.
Erreur dans le fichier ./CSV3\bulletins\bulletins_propres\table_page_17.csv: En-tête 'Base' introuvable.
Erreur dans le fichier ./CSV3\bulletins\bulletins_propres\table_page_17.csv: En-tête '7R57Base' introuvable.
Erreur dans le fichier ./CSV3\bulletins\bulletins_propres\table_page_17.csv: En-tête '7R57Base' introuvable.
Erreur dans le fichier ./CSV3\bulletins\bulletins_propres\table_page_17.csv: En-tête '7R63Base' introuvable.
Erreur dans le fichier ./CSV3\bulletins\bulletins_propres\table_page_17.csv: En-tête '7R63Base' introuvable.
Erreur dans le fichier ./CSV3\bulletins\bulletins_propres\table_page_17.csv: En-tête '7R64Base' introuvable.
Erreur dans le fichier ./CSV3\bulletins\bulletins_propres\table_page_17.csv: En-tête '7R64Base' introuvable.
Erreur dans le fichier ./CSV3\bulletins\bulletins_propres\table_page_17.csv: En-tête '7R70Base' introuvable.
Erreur dans le fichier ./CSV3\bulletins\bulletins_propres\table_page_17.csv: En-tête '7R70Base' introuvable.
Erreur dans le fichier ./CSV3\bulletins\bulletins_propres\table_page_17.csv: En-tête '7R71Base' introuvable.
Erreur dans le fichier ./CSV3\bulletins\bulletins_propres\table_page_17.csv: En-tête '7T00Base' introuvable.
Erreur dans le fichier ./CSV3\bulletins\bulletins_propres\table_page_17.csv: En-tête '7T02Base' introuvable.
Erreur dans le fichier ./CSV3\bulletins\bulletins_propres\table_page_17.csv: En-tête '7T05Base' introuvable.
Erreur dans le fichier ./CSV3\bulletins\bulletins_propres\table_page_17.csv: En-tête '7T10Base' introuvable.
Erreur dans le fichier ./CSV3\bulletins\bulletins_propres\table_page_17.csv: En-tête '7T15Base' introuvable.
Erreur dans le fichier ./CSV3\bulletins\bulletins_propres\table_page_17.csv: En-tête '7T20Base' introuvable.
Erreur dans le fichier ./CSV3\bulletins\bulletins_propres\table_page_17.csv: En-tête '6082Base' introuvable.
Erreur dans le fichier ./CSV3\bulletins\bulletins_propres\table_page_17.csv: En-tête '6094Base' introuvable.
Erreur dans le fichier ./CSV3\bulletins\bulletins_propres\table_page_17.csv: En-tête 'Total Charges Ded.Base' introuvable.
Erreur dans le fichier ./CSV3\bulletins\bulletins_propres\table_page_17.csv: En-tête '6080Base' introuvable.
Erreur dans le fichier ./CSV3\bulletins\bulletins_propres\table_page_17.csv: En-tête '6084Base' introuvable.
Erreur dans le fichier ./CSV3\bulletins\bulletins_propres\table_page_17.csv: En-tête '6092Base' introuvable.
Erreur dans le fichier ./CSV3\bulletins\bulletins_propres\table_page_17.csv: En-tête '6096Base' introuvable.
Erreur dans le fichier ./CSV3\bulletins\bulletins_propres\table_page_17.csv: En-tête 'Total Charges Non Ded.Base' introuvable.
Erreur dans le fichier ./CSV3\bulletins\bulletins_propres\table_page_17.csv: En-tête '/5I2IJ nette - Maladie 0624Base' introuvable.
Erreur dans le fichier ./CSV3\bulletins\bulletins_propres\table_page_17.csv: En-tête '8020Base' introuvable.
Erreur dans le fichier ./CSV3\bulletins\bulletins_propres\table_page_171.csv: En-tête '1001Base' introuvable.
Erreur dans le fichier ./CSV3\bulletins\bulletins_propres\table_page_171.csv: En-tête '1046Base' introuvable.
Erreur dans le fichier ./CSV3\bulletins\bulletins_propres\table_page_171.csv: En-tête 'Base' introuvable.
Erreur dans le fichier ./CSV3\bulletins\bulletins_propres\table_page_171.csv: En-tête '2012Base' introuvable.
Erreur dans le fichier ./CSV3\bulletins\bulletins_propres\table_page_171.csv: En-tête 'Base' introuvable.
Erreur dans le fichier ./CSV3\bulletins\bulletins_propres\table_page_171.csv: En-tête '2068Base' introuvable.
Erreur dans le fichier ./CSV3\bulletins\bulletins_propres\table_page_171.csv: En-tête '2078Base' introuvable.
Erreur dans le fichier ./CSV3\bulletins\bulletins_propres\table_page_171.csv: En-tête '2084Base' introuvable.
Erreur dans le fichier ./CSV3\bulletins\bulletins_propres\table_page_171.csv: En-tête 'Base' introuvable.
Erreur dans le fichier ./CSV3\bulletins\bulletins_propres\table_page_171.csv: En-tête 'TOTAL BRUTBase' introuvable.
Erreur dans le fichier ./CSV3\bulletins\bulletins_propres\table_page_171.csv: En-tête '7001Base' introuvable.
Erreur dans le fichier ./CSV3\bulletins\bulletins_propres\table_page_171.csv: En-tête '7010Base' introuvable.
Erreur dans le fichier ./CSV3\bulletins\bulletins_propres\table_page_171.csv: En-tête '7015Base' introuvable.
Erreur dans le fichier ./CSV3\bulletins\bulletins_propres\table_page_171.csv: En-tête '7020Base' introuvable.
Erreur dans le fichier ./CSV3\bulletins\bulletins_propres\table_page_171.csv: En-tête '7030Base' introuvable.
Erreur dans le fichier ./CSV3\bulletins\bulletins_propres\table_page_171.csv: En-tête '7035Base' introuvable.
Erreur dans le fichier ./CSV3\bulletins\bulletins_propres\table_page_171.csv: En-tête '7040Base' introuvable.
Erreur dans le fichier ./CSV3\bulletins\bulletins_propres\table_page_171.csv: En-tête '7045Base' introuvable.
Erreur dans le fichier ./CSV3\bulletins\bulletins_propres\table_page_171.csv: En-tête 'Base' introuvable.
Erreur dans le fichier ./CSV3\bulletins\bulletins_propres\table_page_171.csv: En-tête '7050Base' introuvable.
Erreur dans le fichier ./CSV3\bulletins\bulletins_propres\table_page_171.csv: En-tête 'Base' introuvable.
Erreur dans le fichier ./CSV3\bulletins\bulletins_propres\table_page_171.csv: En-tête '7055Base' introuvable.
Erreur dans le fichier ./CSV3\bulletins\bulletins_propres\table_page_171.csv: En-tête 'Base' introuvable.
Erreur dans le fichier ./CSV3\bulletins\bulletins_propres\table_page_171.csv: En-tête '7C00Base' introuvable.
Erreur dans le fichier ./CSV3\bulletins\bulletins_propres\table_page_171.csv: En-tête 'Base' introuvable.
Erreur dans le fichier ./CSV3\bulletins\bulletins_propres\table_page_171.csv: En-tête '7C20Base' introuvable.
Erreur dans le fichier ./CSV3\bulletins\bulletins_propres\table_page_171.csv: En-tête '7M03Base' introuvable.
Erreur dans le fichier ./CSV3\bulletins\bulletins_propres\table_page_171.csv: En-tête '7P10Base' introuvable.
Erreur dans le fichier ./CSV3\bulletins\bulletins_propres\table_page_171.csv: En-tête '7R56Base' introuvable.
Erreur dans le fichier ./CSV3\bulletins\bulletins_propres\table_page_171.csv: En-tête '7R63Base' introuvable.
Erreur dans le fichier ./CSV3\bulletins\bulletins_propres\table_page_171.csv: En-tête '7T00Base' introuvable.
Erreur dans le fichier ./CSV3\bulletins\bulletins_propres\table_page_171.csv: En-tête '7T02Base' introuvable.
Erreur dans le fichier ./CSV3\bulletins\bulletins_propres\table_page_171.csv: En-tête '7T05Base' introuvable.
Erreur dans le fichier ./CSV3\bulletins\bulletins_propres\table_page_171.csv: En-tête '7T10Base' introuvable.
Erreur dans le fichier ./CSV3\bulletins\bulletins_propres\table_page_171.csv: En-tête '7T15Base' introuvable.
Erreur dans le fichier ./CSV3\bulletins\bulletins_propres\table_page_171.csv: En-tête '7T20Base' introuvable.
Erreur dans le fichier ./CSV3\bulletins\bulletins_propres\table_page_171.csv: En-tête 'Base' introuvable.
Erreur dans le fichier ./CSV3\bulletins\bulletins_propres\table_page_171.csv: En-tête '6082Base' introuvable.
Erreur dans le fichier ./CSV3\bulletins\bulletins_propres\table_page_171.csv: En-tête '6094Base' introuvable.
Erreur dans le fichier ./CSV3\bulletins\bulletins_propres\table_page_171.csv: En-tête 'Total Charges Ded.Base' introuvable.
Erreur dans le fichier ./CSV3\bulletins\bulletins_propres\table_page_171.csv: En-tête '6080Base' introuvable.
Erreur dans le fichier ./CSV3\bulletins\bulletins_propres\table_page_171.csv: En-tête '6084Base' introuvable.
Erreur dans le fichier ./CSV3\bulletins\bulletins_propres\table_page_171.csv: En-tête '6092Base' introuvable.
Erreur dans le fichier ./CSV3\bulletins\bulletins_propres\table_page_171.csv: En-tête '6096Base' introuvable.
Erreur dans le fichier ./CSV3\bulletins\bulletins_propres\table_page_171.csv: En-tête 'Total Charges Non Ded.Base' introuvable.
Erreur dans le fichier ./CSV3\bulletins\bulletins_propres\table_page_171.csv: En-tête '8009Base' introuvable.
Erreur dans le fichier ./CSV3\bulletins\bulletins_propres\table_page_171.csv: En-tête '8010Base' introuvable.
Erreur dans le fichier ./CSV3\bulletins\bulletins_propres\table_page_171.csv: En-tête '8007Base' introuvable.
Erreur dans le fichier ./CSV3\bulletins\bulletins_propres\table_page_171.csv: En-tête '8020Base' introuvable.
Erreur dans le fichier ./CSV3\bulletins\bulletins_propres\table_page_171.csv: En-tête '8192Base' introuvable.
Erreur dans le fichier ./CSV3\bulletins\bulletins_propres\table_page_173.csv: En-tête '1001Base' introuvable.
Erreur dans le fichier ./CSV3\bulletins\bulletins_propres\table_page_173.csv: En-tête '2012Base' introuvable.
Erreur dans le fichier ./CSV3\bulletins\bulletins_propres\table_page_173.csv: En-tête 'Base' introuvable.
Erreur dans le fichier ./CSV3\bulletins\bulletins_propres\table_page_173.csv: En-tête '2068Base' introuvable.
Erreur dans le fichier ./CSV3\bulletins\bulletins_propres\table_page_173.csv: En-tête 'Base' introuvable.
Erreur dans le fichier ./CSV3\bulletins\bulletins_propres\table_page_173.csv: En-tête '2078Base' introuvable.
Erreur dans le fichier ./CSV3\bulletins\bulletins_propres\table_page_173.csv: En-tête '3404Base' introuvable.
Erreur dans le fichier ./CSV3\bulletins\bulletins_propres\table_page_173.csv: En-tête '3406Base' introuvable.
Erreur dans le fichier ./CSV3\bulletins\bulletins_propres\table_page_173.csv: En-tête 'Base' introuvable.
Erreur dans le fichier ./CSV3\bulletins\bulletins_propres\table_page_173.csv: En-tête 'TOTAL BRUTBase' introuvable.
Erreur dans le fichier ./CSV3\bulletins\bulletins_propres\table_page_173.csv: En-tête '7001Base' introuvable.
Erreur dans le fichier ./CSV3\bulletins\bulletins_propres\table_page_173.csv: En-tête '7010Base' introuvable.
Erreur dans le fichier ./CSV3\bulletins\bulletins_propres\table_page_173.csv: En-tête '7015Base' introuvable.
Erreur dans le fichier ./CSV3\bulletins\bulletins_propres\table_page_173.csv: En-tête '7020Base' introuvable.
Erreur dans le fichier ./CSV3\bulletins\bulletins_propres\table_page_173.csv: En-tête '7030Base' introuvable.
Erreur dans le fichier ./CSV3\bulletins\bulletins_propres\table_page_173.csv: En-tête '7035Base' introuvable.
Erreur dans le fichier ./CSV3\bulletins\bulletins_propres\table_page_173.csv: En-tête '7040Base' introuvable.
Erreur dans le fichier ./CSV3\bulletins\bulletins_propres\table_page_173.csv: En-tête '7045Base' introuvable.
Erreur dans le fichier ./CSV3\bulletins\bulletins_propres\table_page_173.csv: En-tête 'Base' introuvable.
Erreur dans le fichier ./CSV3\bulletins\bulletins_propres\table_page_173.csv: En-tête '7050Base' introuvable.
Erreur dans le fichier ./CSV3\bulletins\bulletins_propres\table_page_173.csv: En-tête 'Base' introuvable.
Erreur dans le fichier ./CSV3\bulletins\bulletins_propres\table_page_173.csv: En-tête '7055Base' introuvable.
Erreur dans le fichier ./CSV3\bulletins\bulletins_propres\table_page_173.csv: En-tête 'Base' introuvable.
Erreur dans le fichier ./CSV3\bulletins\bulletins_propres\table_page_173.csv: En-tête '7C00Base' introuvable.
Erreur dans le fichier ./CSV3\bulletins\bulletins_propres\table_page_173.csv: En-tête 'Base' introuvable.
Erreur dans le fichier ./CSV3\bulletins\bulletins_propres\table_page_173.csv: En-tête '7C10Base' introuvable.
Erreur dans le fichier ./CSV3\bulletins\bulletins_propres\table_page_173.csv: En-tête '7C20Base' introuvable.
Erreur dans le fichier ./CSV3\bulletins\bulletins_propres\table_page_173.csv: En-tête '7M05Base' introuvable.
Erreur dans le fichier ./CSV3\bulletins\bulletins_propres\table_page_173.csv: En-tête '7P20Base' introuvable.
Erreur dans le fichier ./CSV3\bulletins\bulletins_propres\table_page_173.csv: En-tête '7P25Base' introuvable.
Erreur dans le fichier ./CSV3\bulletins\bulletins_propres\table_page_173.csv: En-tête '7R56Base' introuvable.
Erreur dans le fichier ./CSV3\bulletins\bulletins_propres\table_page_173.csv: En-tête '7R57Base' introuvable.
Erreur dans le fichier ./CSV3\bulletins\bulletins_propres\table_page_173.csv: En-tête '7R63Base' introuvable.
Erreur dans le fichier ./CSV3\bulletins\bulletins_propres\table_page_173.csv: En-tête '7R64Base' introuvable.
Erreur dans le fichier ./CSV3\bulletins\bulletins_propres\table_page_173.csv: En-tête '7R70Base' introuvable.
Erreur dans le fichier ./CSV3\bulletins\bulletins_propres\table_page_173.csv: En-tête '7R71Base' introuvable.
Erreur dans le fichier ./CSV3\bulletins\bulletins_propres\table_page_173.csv: En-tête 'Base' introuvable.
Erreur dans le fichier ./CSV3\bulletins\bulletins_propres\table_page_173.csv: En-tête '7T00Base' introuvable.
Erreur dans le fichier ./CSV3\bulletins\bulletins_propres\table_page_173.csv: En-tête 'Base' introuvable.
Erreur dans le fichier ./CSV3\bulletins\bulletins_propres\table_page_173.csv: En-tête '7T02Base' introuvable.
Erreur dans le fichier ./CSV3\bulletins\bulletins_propres\table_page_173.csv: En-tête '7T05Base' introuvable.
Erreur dans le fichier ./CSV3\bulletins\bulletins_propres\table_page_173.csv: En-tête '7T10Base' introuvable.
Erreur dans le fichier ./CSV3\bulletins\bulletins_propres\table_page_173.csv: En-tête '7T15Base' introuvable.
Erreur dans le fichier ./CSV3\bulletins\bulletins_propres\table_page_173.csv: En-tête '7T20Base' introuvable.
Erreur dans le fichier ./CSV3\bulletins\bulletins_propres\table_page_173.csv: En-tête '6082Base' introuvable.
Erreur dans le fichier ./CSV3\bulletins\bulletins_propres\table_page_173.csv: En-tête '6094Base' introuvable.
Erreur dans le fichier ./CSV3\bulletins\bulletins_propres\table_page_173.csv: En-tête 'Total Charges Ded.Base' introuvable.
Erreur dans le fichier ./CSV3\bulletins\bulletins_propres\table_page_173.csv: En-tête '6080Base' introuvable.
Erreur dans le fichier ./CSV3\bulletins\bulletins_propres\table_page_173.csv: En-tête '6084Base' introuvable.
Erreur dans le fichier ./CSV3\bulletins\bulletins_propres\table_page_173.csv: En-tête '6092Base' introuvable.
Erreur dans le fichier ./CSV3\bulletins\bulletins_propres\table_page_173.csv: En-tête '6096Base' introuvable.
Erreur dans le fichier ./CSV3\bulletins\bulletins_propres\table_page_173.csv: En-tête 'Total Charges Non Ded.Base' introuvable.
Erreur dans le fichier ./CSV3\bulletins\bulletins_propres\table_page_173.csv: En-tête '8009Base' introuvable.
Erreur dans le fichier ./CSV3\bulletins\bulletins_propres\table_page_173.csv: En-tête '8010Base' introuvable.
Erreur dans le fichier ./CSV3\bulletins\bulletins_propres\table_page_173.csv: En-tête '8020Base' introuvable.
Erreur dans le fichier ./CSV3\bulletins\bulletins_propres\table_page_175.csv: En-tête '1002Base' introuvable.
Erreur dans le fichier ./CSV3\bulletins\bulletins_propres\table_page_175.csv: En-tête '2012Base' introuvable.
Erreur dans le fichier ./CSV3\bulletins\bulletins_propres\table_page_175.csv: En-tête 'Base' introuvable.
Erreur dans le fichier ./CSV3\bulletins\bulletins_propres\table_page_175.csv: En-tête '2068Base' introuvable.
Erreur dans le fichier ./CSV3\bulletins\bulletins_propres\table_page_175.csv: En-tête 'Base' introuvable.
Erreur dans le fichier ./CSV3\bulletins\bulletins_propres\table_page_175.csv: En-tête '3B80Base' introuvable.
Erreur dans le fichier ./CSV3\bulletins\bulletins_propres\table_page_175.csv: En-tête '3B82Base' introuvable.
Erreur dans le fichier ./CSV3\bulletins\bulletins_propres\table_page_175.csv: En-tête 'Base' introuvable.
Erreur dans le fichier ./CSV3\bulletins\bulletins_propres\table_page_175.csv: En-tête 'TOTAL BRUTBase' introuvable.
Erreur dans le fichier ./CSV3\bulletins\bulletins_propres\table_page_175.csv: En-tête '60F2Base' introuvable.
Erreur dans le fichier ./CSV3\bulletins\bulletins_propres\table_page_175.csv: En-tête '7001Base' introuvable.
Erreur dans le fichier ./CSV3\bulletins\bulletins_propres\table_page_175.csv: En-tête '7002Base' introuvable.
Erreur dans le fichier ./CSV3\bulletins\bulletins_propres\table_page_175.csv: En-tête '7010Base' introuvable.
Erreur dans le fichier ./CSV3\bulletins\bulletins_propres\table_page_175.csv: En-tête '7015Base' introuvable.
Erreur dans le fichier ./CSV3\bulletins\bulletins_propres\table_page_175.csv: En-tête '7020Base' introuvable.
Erreur dans le fichier ./CSV3\bulletins\bulletins_propres\table_page_175.csv: En-tête '7025Base' introuvable.
Erreur dans le fichier ./CSV3\bulletins\bulletins_propres\table_page_175.csv: En-tête '7030Base' introuvable.
Erreur dans le fichier ./CSV3\bulletins\bulletins_propres\table_page_175.csv: En-tête '7035Base' introuvable.
Erreur dans le fichier ./CSV3\bulletins\bulletins_propres\table_page_175.csv: En-tête 'Base' introuvable.
Erreur dans le fichier ./CSV3\bulletins\bulletins_propres\table_page_175.csv: En-tête '7040Base' introuvable.
Erreur dans le fichier ./CSV3\bulletins\bulletins_propres\table_page_175.csv: En-tête 'Base' introuvable.
Erreur dans le fichier ./CSV3\bulletins\bulletins_propres\table_page_175.csv: En-tête '7045Base' introuvable.
Erreur dans le fichier ./CSV3\bulletins\bulletins_propres\table_page_175.csv: En-tête 'Base' introuvable.
Erreur dans le fichier ./CSV3\bulletins\bulletins_propres\table_page_175.csv: En-tête '7050Base' introuvable.
Erreur dans le fichier ./CSV3\bulletins\bulletins_propres\table_page_175.csv: En-tête 'Base' introuvable.
Erreur dans le fichier ./CSV3\bulletins\bulletins_propres\table_page_175.csv: En-tête '7055Base' introuvable.
Erreur dans le fichier ./CSV3\bulletins\bulletins_propres\table_page_175.csv: En-tête '7C00Base' introuvable.
Erreur dans le fichier ./CSV3\bulletins\bulletins_propres\table_page_175.csv: En-tête '7C10Base' introuvable.
Erreur dans le fichier ./CSV3\bulletins\bulletins_propres\table_page_175.csv: En-tête '7C20Base' introuvable.
Erreur dans le fichier ./CSV3\bulletins\bulletins_propres\table_page_175.csv: En-tête '7M05Base' introuvable.
Erreur dans le fichier ./CSV3\bulletins\bulletins_propres\table_page_175.csv: En-tête '7P20Base' introuvable.
Erreur dans le fichier ./CSV3\bulletins\bulletins_propres\table_page_175.csv: En-tête '7P25Base' introuvable.
Erreur dans le fichier ./CSV3\bulletins\bulletins_propres\table_page_175.csv: En-tête '7R44Base' introuvable.
Erreur dans le fichier ./CSV3\bulletins\bulletins_propres\table_page_175.csv: En-tête '7R45Base' introuvable.
Erreur dans le fichier ./CSV3\bulletins\bulletins_propres\table_page_175.csv: En-tête '7R53Base' introuvable.
Erreur dans le fichier ./CSV3\bulletins\bulletins_propres\table_page_175.csv: En-tête '7R54Base' introuvable.
Erreur dans le fichier ./CSV3\bulletins\bulletins_propres\table_page_175.csv: En-tête 'Base' introuvable.
Erreur dans le fichier ./CSV3\bulletins\bulletins_propres\table_page_175.csv: En-tête '7R63Base' introuvable.
Erreur dans le fichier ./CSV3\bulletins\bulletins_propres\table_page_175.csv: En-tête '7R64Base' introuvable.
Erreur dans le fichier ./CSV3\bulletins\bulletins_propres\table_page_175.csv: En-tête '7R70Base' introuvable.
Erreur dans le fichier ./CSV3\bulletins\bulletins_propres\table_page_175.csv: En-tête '7R71Base' introuvable.
Erreur dans le fichier ./CSV3\bulletins\bulletins_propres\table_page_175.csv: En-tête '7T00Base' introuvable.
Erreur dans le fichier ./CSV3\bulletins\bulletins_propres\table_page_175.csv: En-tête '7T02Base' introuvable.
Erreur dans le fichier ./CSV3\bulletins\bulletins_propres\table_page_175.csv: En-tête '7T05Base' introuvable.
Erreur dans le fichier ./CSV3\bulletins\bulletins_propres\table_page_175.csv: En-tête '7T10Base' introuvable.
Erreur dans le fichier ./CSV3\bulletins\bulletins_propres\table_page_175.csv: En-tête '7T15Base' introuvable.
Erreur dans le fichier ./CSV3\bulletins\bulletins_propres\table_page_175.csv: En-tête '7T20Base' introuvable.
Erreur dans le fichier ./CSV3\bulletins\bulletins_propres\table_page_175.csv: En-tête '6082Base' introuvable.
Erreur dans le fichier ./CSV3\bulletins\bulletins_propres\table_page_175.csv: En-tête '6094Base' introuvable.
Erreur dans le fichier ./CSV3\bulletins\bulletins_propres\table_page_175.csv: En-tête 'Total Charges Ded.Base' introuvable.
Erreur dans le fichier ./CSV3\bulletins\bulletins_propres\table_page_175.csv: En-tête '6080Base' introuvable.
Erreur dans le fichier ./CSV3\bulletins\bulletins_propres\table_page_175.csv: En-tête '6084Base' introuvable.
Erreur dans le fichier ./CSV3\bulletins\bulletins_propres\table_page_175.csv: En-tête '6092Base' introuvable.
Erreur dans le fichier ./CSV3\bulletins\bulletins_propres\table_page_175.csv: En-tête '6096Base' introuvable.
Erreur dans le fichier ./CSV3\bulletins\bulletins_propres\table_page_175.csv: En-tête '60F1Base' introuvable.
Erreur dans le fichier ./CSV3\bulletins\bulletins_propres\table_page_175.csv: En-tête '60F3Base' introuvable.
Erreur dans le fichier ./CSV3\bulletins\bulletins_propres\table_page_175.csv: En-tête '60F4Base' introuvable.
Erreur dans le fichier ./CSV3\bulletins\bulletins_propres\table_page_175.csv: En-tête '60F8Base' introuvable.
Erreur dans le fichier ./CSV3\bulletins\bulletins_propres\table_page_175.csv: En-tête '60F9Base' introuvable.
Erreur dans le fichier ./CSV3\bulletins\bulletins_propres\table_page_175.csv: En-tête 'Total Charges Non Ded.Base' introuvable.
Erreur dans le fichier ./CSV3\bulletins\bulletins_propres\table_page_177.csv: En-tête '1001Base' introuvable.
Erreur dans le fichier ./CSV3\bulletins\bulletins_propres\table_page_177.csv: En-tête '1046Base' introuvable.
Erreur dans le fichier ./CSV3\bulletins\bulletins_propres\table_page_177.csv: En-tête 'Base' introuvable.
Erreur dans le fichier ./CSV3\bulletins\bulletins_propres\table_page_177.csv: En-tête '2012Base' introuvable.
Erreur dans le fichier ./CSV3\bulletins\bulletins_propres\table_page_177.csv: En-tête 'Base' introuvable.
Erreur dans le fichier ./CSV3\bulletins\bulletins_propres\table_page_177.csv: En-tête '2018Base' introuvable.
Erreur dans le fichier ./CSV3\bulletins\bulletins_propres\table_page_177.csv: En-tête '2068Base' introuvable.
Erreur dans le fichier ./CSV3\bulletins\bulletins_propres\table_page_177.csv: En-tête '2078Base' introuvable.
Erreur dans le fichier ./CSV3\bulletins\bulletins_propres\table_page_177.csv: En-tête '2082Base' introuvable.
Erreur dans le fichier ./CSV3\bulletins\bulletins_propres\table_page_177.csv: En-tête '2262Base' introuvable.
Erreur dans le fichier ./CSV3\bulletins\bulletins_propres\table_page_177.csv: En-tête '3006Base' introuvable.
Erreur dans le fichier ./CSV3\bulletins\bulletins_propres\table_page_177.csv: En-tête '3310Base' introuvable.
Erreur dans le fichier ./CSV3\bulletins\bulletins_propres\table_page_177.csv: En-tête '3315Base' introuvable.
Erreur dans le fichier ./CSV3\bulletins\bulletins_propres\table_page_177.csv: En-tête 'Base' introuvable.
Erreur dans le fichier ./CSV3\bulletins\bulletins_propres\table_page_177.csv: En-tête 'TOTAL BRUTBase' introuvable.
Erreur dans le fichier ./CSV3\bulletins\bulletins_propres\table_page_177.csv: En-tête '6S89Base' introuvable.
Erreur dans le fichier ./CSV3\bulletins\bulletins_propres\table_page_177.csv: En-tête '7001Base' introuvable.
Erreur dans le fichier ./CSV3\bulletins\bulletins_propres\table_page_177.csv: En-tête '7010Base' introuvable.
Erreur dans le fichier ./CSV3\bulletins\bulletins_propres\table_page_177.csv: En-tête 'Base' introuvable.
Erreur dans le fichier ./CSV3\bulletins\bulletins_propres\table_page_177.csv: En-tête '7015Base' introuvable.
Erreur dans le fichier ./CSV3\bulletins\bulletins_propres\table_page_177.csv: En-tête 'Base' introuvable.
Erreur dans le fichier ./CSV3\bulletins\bulletins_propres\table_page_177.csv: En-tête '7020Base' introuvable.
Erreur dans le fichier ./CSV3\bulletins\bulletins_propres\table_page_177.csv: En-tête 'Base' introuvable.
Erreur dans le fichier ./CSV3\bulletins\bulletins_propres\table_page_177.csv: En-tête '7030Base' introuvable.
Erreur dans le fichier ./CSV3\bulletins\bulletins_propres\table_page_177.csv: En-tête 'Base' introuvable.
Erreur dans le fichier ./CSV3\bulletins\bulletins_propres\table_page_177.csv: En-tête '7035Base' introuvable.
Erreur dans le fichier ./CSV3\bulletins\bulletins_propres\table_page_177.csv: En-tête '7040Base' introuvable.
Erreur dans le fichier ./CSV3\bulletins\bulletins_propres\table_page_177.csv: En-tête '7045Base' introuvable.
Erreur dans le fichier ./CSV3\bulletins\bulletins_propres\table_page_177.csv: En-tête '7050Base' introuvable.
Erreur dans le fichier ./CSV3\bulletins\bulletins_propres\table_page_177.csv: En-tête '7055Base' introuvable.
Erreur dans le fichier ./CSV3\bulletins\bulletins_propres\table_page_177.csv: En-tête '7C00Base' introuvable.
Erreur dans le fichier ./CSV3\bulletins\bulletins_propres\table_page_177.csv: En-tête '7C20Base' introuvable.
Erreur dans le fichier ./CSV3\bulletins\bulletins_propres\table_page_177.csv: En-tête '7M04Base' introuvable.
Erreur dans le fichier ./CSV3\bulletins\bulletins_propres\table_page_177.csv: En-tête '7P10Base' introuvable.
Erreur dans le fichier ./CSV3\bulletins\bulletins_propres\table_page_177.csv: En-tête '7R56Base' introuvable.
Erreur dans le fichier ./CSV3\bulletins\bulletins_propres\table_page_177.csv: En-tête '7R63Base' introuvable.
Erreur dans le fichier ./CSV3\bulletins\bulletins_propres\table_page_177.csv: En-tête 'Base' introuvable.
Erreur dans le fichier ./CSV3\bulletins\bulletins_propres\table_page_177.csv: En-tête '7T00Base' introuvable.
Erreur dans le fichier ./CSV3\bulletins\bulletins_propres\table_page_177.csv: En-tête 'Base' introuvable.
Erreur dans le fichier ./CSV3\bulletins\bulletins_propres\table_page_177.csv: En-tête '7T02Base' introuvable.
Erreur dans le fichier ./CSV3\bulletins\bulletins_propres\table_page_177.csv: En-tête '7T05Base' introuvable.
Erreur dans le fichier ./CSV3\bulletins\bulletins_propres\table_page_177.csv: En-tête '7T10Base' introuvable.
Erreur dans le fichier ./CSV3\bulletins\bulletins_propres\table_page_177.csv: En-tête '7T15Base' introuvable.
Erreur dans le fichier ./CSV3\bulletins\bulletins_propres\table_page_177.csv: En-tête '7T20Base' introuvable.
Erreur dans le fichier ./CSV3\bulletins\bulletins_propres\table_page_177.csv: En-tête '6082Base' introuvable.
Erreur dans le fichier ./CSV3\bulletins\bulletins_propres\table_page_177.csv: En-tête '6094Base' introuvable.
Erreur dans le fichier ./CSV3\bulletins\bulletins_propres\table_page_177.csv: En-tête 'Total Charges Ded.Base' introuvable.
Erreur dans le fichier ./CSV3\bulletins\bulletins_propres\table_page_177.csv: En-tête '6070Base' introuvable.
Erreur dans le fichier ./CSV3\bulletins\bulletins_propres\table_page_177.csv: En-tête '6074Base' introuvable.
Erreur dans le fichier ./CSV3\bulletins\bulletins_propres\table_page_177.csv: En-tête '6080Base' introuvable.
Erreur dans le fichier ./CSV3\bulletins\bulletins_propres\table_page_177.csv: En-tête '6084Base' introuvable.
Erreur dans le fichier ./CSV3\bulletins\bulletins_propres\table_page_177.csv: En-tête '6092Base' introuvable.
Erreur dans le fichier ./CSV3\bulletins\bulletins_propres\table_page_177.csv: En-tête '6096Base' introuvable.
Erreur dans le fichier ./CSV3\bulletins\bulletins_propres\table_page_177.csv: En-tête 'Total Charges Non Ded.Base' introuvable.
Erreur dans le fichier ./CSV3\bulletins\bulletins_propres\table_page_177.csv: En-tête '8009Base' introuvable.
Erreur dans le fichier ./CSV3\bulletins\bulletins_propres\table_page_177.csv: En-tête '8010Base' introuvable.
Erreur dans le fichier ./CSV3\bulletins\bulletins_propres\table_page_177.csv: En-tête '8007Base' introuvable.
Erreur dans le fichier ./CSV3\bulletins\bulletins_propres\table_page_177.csv: En-tête '8192Base' introuvable.
Erreur dans le fichier ./CSV3\bulletins\bulletins_propres\table_page_177.csv: En-tête '8190Base' introuvable.
Erreur dans le fichier ./CSV3\bulletins\bulletins_propres\table_page_179.csv: En-tête '1001Base' introuvable.
Erreur dans le fichier ./CSV3\bulletins\bulletins_propres\table_page_179.csv: En-tête '1046Base' introuvable.
Erreur dans le fichier ./CSV3\bulletins\bulletins_propres\table_page_179.csv: En-tête 'Base' introuvable.
Erreur dans le fichier ./CSV3\bulletins\bulletins_propres\table_page_179.csv: En-tête '2012Base' introuvable.
Erreur dans le fichier ./CSV3\bulletins\bulletins_propres\table_page_179.csv: En-tête 'Base' introuvable.
Erreur dans le fichier ./CSV3\bulletins\bulletins_propres\table_page_179.csv: En-tête '2016Base' introuvable.
Erreur dans le fichier ./CSV3\bulletins\bulletins_propres\table_page_179.csv: En-tête '2050Base' introuvable.
Erreur dans le fichier ./CSV3\bulletins\bulletins_propres\table_page_179.csv: En-tête '2078Base' introuvable.
Erreur dans le fichier ./CSV3\bulletins\bulletins_propres\table_page_179.csv: En-tête '3050Base' introuvable.
Erreur dans le fichier ./CSV3\bulletins\bulletins_propres\table_page_179.csv: En-tête '3060Base' introuvable.
Erreur dans le fichier ./CSV3\bulletins\bulletins_propres\table_page_179.csv: En-tête '3200Base' introuvable.
Erreur dans le fichier ./CSV3\bulletins\bulletins_propres\table_page_179.csv: En-tête '3230Base' introuvable.
Erreur dans le fichier ./CSV3\bulletins\bulletins_propres\table_page_179.csv: En-tête '3B80Base' introuvable.
Erreur dans le fichier ./CSV3\bulletins\bulletins_propres\table_page_179.csv: En-tête '3B82Base' introuvable.
Erreur dans le fichier ./CSV3\bulletins\bulletins_propres\table_page_179.csv: En-tête 'Base' introuvable.
Erreur dans le fichier ./CSV3\bulletins\bulletins_propres\table_page_179.csv: En-tête 'TOTAL BRUTBase' introuvable.
Erreur dans le fichier ./CSV3\bulletins\bulletins_propres\table_page_179.csv: En-tête '60F2Base' introuvable.
Erreur dans le fichier ./CSV3\bulletins\bulletins_propres\table_page_179.csv: En-tête '7001Base' introuvable.
Erreur dans le fichier ./CSV3\bulletins\bulletins_propres\table_page_179.csv: En-tête 'Base' introuvable.
Erreur dans le fichier ./CSV3\bulletins\bulletins_propres\table_page_179.csv: En-tête '7010Base' introuvable.
Erreur dans le fichier ./CSV3\bulletins\bulletins_propres\table_page_179.csv: En-tête 'Base' introuvable.
Erreur dans le fichier ./CSV3\bulletins\bulletins_propres\table_page_179.csv: En-tête '7015Base' introuvable.
Erreur dans le fichier ./CSV3\bulletins\bulletins_propres\table_page_179.csv: En-tête 'Base' introuvable.
Erreur dans le fichier ./CSV3\bulletins\bulletins_propres\table_page_179.csv: En-tête '7020Base' introuvable.
Erreur dans le fichier ./CSV3\bulletins\bulletins_propres\table_page_179.csv: En-tête 'Base' introuvable.
Erreur dans le fichier ./CSV3\bulletins\bulletins_propres\table_page_179.csv: En-tête '7030Base' introuvable.
Erreur dans le fichier ./CSV3\bulletins\bulletins_propres\table_page_179.csv: En-tête '7035Base' introuvable.
Erreur dans le fichier ./CSV3\bulletins\bulletins_propres\table_page_179.csv: En-tête '7040Base' introuvable.
Erreur dans le fichier ./CSV3\bulletins\bulletins_propres\table_page_179.csv: En-tête '7045Base' introuvable.
Erreur dans le fichier ./CSV3\bulletins\bulletins_propres\table_page_179.csv: En-tête '7050Base' introuvable.
Erreur dans le fichier ./CSV3\bulletins\bulletins_propres\table_page_179.csv: En-tête '7055Base' introuvable.
Erreur dans le fichier ./CSV3\bulletins\bulletins_propres\table_page_179.csv: En-tête '7C00Base' introuvable.
Erreur dans le fichier ./CSV3\bulletins\bulletins_propres\table_page_179.csv: En-tête '7C20Base' introuvable.
Erreur dans le fichier ./CSV3\bulletins\bulletins_propres\table_page_179.csv: En-tête '7M03Base' introuvable.
Erreur dans le fichier ./CSV3\bulletins\bulletins_propres\table_page_179.csv: En-tête '7P10Base' introuvable.
Erreur dans le fichier ./CSV3\bulletins\bulletins_propres\table_page_179.csv: En-tête '7R56Base' introuvable.
Erreur dans le fichier ./CSV3\bulletins\bulletins_propres\table_page_179.csv: En-tête 'Base' introuvable.
Erreur dans le fichier ./CSV3\bulletins\bulletins_propres\table_page_179.csv: En-tête '7R63Base' introuvable.
Erreur dans le fichier ./CSV3\bulletins\bulletins_propres\table_page_179.csv: En-tête 'Base' introuvable.
Erreur dans le fichier ./CSV3\bulletins\bulletins_propres\table_page_179.csv: En-tête '7T00Base' introuvable.
Erreur dans le fichier ./CSV3\bulletins\bulletins_propres\table_page_179.csv: En-tête '7T02Base' introuvable.
Erreur dans le fichier ./CSV3\bulletins\bulletins_propres\table_page_179.csv: En-tête '7T05Base' introuvable.
Erreur dans le fichier ./CSV3\bulletins\bulletins_propres\table_page_179.csv: En-tête '7T10Base' introuvable.
Erreur dans le fichier ./CSV3\bulletins\bulletins_propres\table_page_179.csv: En-tête '7T15Base' introuvable.
Erreur dans le fichier ./CSV3\bulletins\bulletins_propres\table_page_179.csv: En-tête '7T20Base' introuvable.
Erreur dans le fichier ./CSV3\bulletins\bulletins_propres\table_page_179.csv: En-tête '6082Base' introuvable.
Erreur dans le fichier ./CSV3\bulletins\bulletins_propres\table_page_179.csv: En-tête '6094Base' introuvable.
Erreur dans le fichier ./CSV3\bulletins\bulletins_propres\table_page_179.csv: En-tête 'Total Charges Ded.Base' introuvable.
Erreur dans le fichier ./CSV3\bulletins\bulletins_propres\table_page_179.csv: En-tête '6080Base' introuvable.
Erreur dans le fichier ./CSV3\bulletins\bulletins_propres\table_page_179.csv: En-tête '6084Base' introuvable.
Erreur dans le fichier ./CSV3\bulletins\bulletins_propres\table_page_179.csv: En-tête '6092Base' introuvable.
Erreur dans le fichier ./CSV3\bulletins\bulletins_propres\table_page_179.csv: En-tête '6096Base' introuvable.
Erreur dans le fichier ./CSV3\bulletins\bulletins_propres\table_page_179.csv: En-tête '60F1Base' introuvable.
Erreur dans le fichier ./CSV3\bulletins\bulletins_propres\table_page_179.csv: En-tête '60F3Base' introuvable.
Erreur dans le fichier ./CSV3\bulletins\bulletins_propres\table_page_179.csv: En-tête '60F4Base' introuvable.
Erreur dans le fichier ./CSV3\bulletins\bulletins_propres\table_page_179.csv: En-tête '60F8Base' introuvable.
Erreur dans le fichier ./CSV3\bulletins\bulletins_propres\table_page_179.csv: En-tête '60F9Base' introuvable.
Erreur dans le fichier ./CSV3\bulletins\bulletins_propres\table_page_179.csv: En-tête 'Total Charges Non Ded.Base' introuvable.
Erreur dans le fichier ./CSV3\bulletins\bulletins_propres\table_page_179.csv: En-tête '/5I2IJ nette - Maladie 0624Base' introuvable.
Erreur dans le fichier ./CSV3\bulletins\bulletins_propres\table_page_179.csv: En-tête '8009Base' introuvable.
Erreur dans le fichier ./CSV3\bulletins\bulletins_propres\table_page_179.csv: En-tête '8010Base' introuvable.
Erreur dans le fichier ./CSV3\bulletins\bulletins_propres\table_page_181.csv: En-tête '1001Base' introuvable.
Erreur dans le fichier ./CSV3\bulletins\bulletins_propres\table_page_181.csv: En-tête '1046Base' introuvable.
Erreur dans le fichier ./CSV3\bulletins\bulletins_propres\table_page_181.csv: En-tête 'Base' introuvable.
Erreur dans le fichier ./CSV3\bulletins\bulletins_propres\table_page_181.csv: En-tête '2012Base' introuvable.
Erreur dans le fichier ./CSV3\bulletins\bulletins_propres\table_page_181.csv: En-tête 'Base' introuvable.
Erreur dans le fichier ./CSV3\bulletins\bulletins_propres\table_page_181.csv: En-tête '2018Base' introuvable.
Erreur dans le fichier ./CSV3\bulletins\bulletins_propres\table_page_181.csv: En-tête '2068Base' introuvable.
Erreur dans le fichier ./CSV3\bulletins\bulletins_propres\table_page_181.csv: En-tête '2078Base' introuvable.
Erreur dans le fichier ./CSV3\bulletins\bulletins_propres\table_page_181.csv: En-tête 'Base' introuvable.
Erreur dans le fichier ./CSV3\bulletins\bulletins_propres\table_page_181.csv: En-tête 'TOTAL BRUTBase' introuvable.
Erreur dans le fichier ./CSV3\bulletins\bulletins_propres\table_page_181.csv: En-tête '7001Base' introuvable.
Erreur dans le fichier ./CSV3\bulletins\bulletins_propres\table_page_181.csv: En-tête '7010Base' introuvable.
Erreur dans le fichier ./CSV3\bulletins\bulletins_propres\table_page_181.csv: En-tête '7015Base' introuvable.
Erreur dans le fichier ./CSV3\bulletins\bulletins_propres\table_page_181.csv: En-tête '7020Base' introuvable.
Erreur dans le fichier ./CSV3\bulletins\bulletins_propres\table_page_181.csv: En-tête '7030Base' introuvable.
Erreur dans le fichier ./CSV3\bulletins\bulletins_propres\table_page_181.csv: En-tête '7035Base' introuvable.
Erreur dans le fichier ./CSV3\bulletins\bulletins_propres\table_page_181.csv: En-tête '7040Base' introuvable.
Erreur dans le fichier ./CSV3\bulletins\bulletins_propres\table_page_181.csv: En-tête '7045Base' introuvable.
Erreur dans le fichier ./CSV3\bulletins\bulletins_propres\table_page_181.csv: En-tête 'Base' introuvable.
Erreur dans le fichier ./CSV3\bulletins\bulletins_propres\table_page_181.csv: En-tête '7050Base' introuvable.
Erreur dans le fichier ./CSV3\bulletins\bulletins_propres\table_page_181.csv: En-tête 'Base' introuvable.
Erreur dans le fichier ./CSV3\bulletins\bulletins_propres\table_page_181.csv: En-tête '7055Base' introuvable.
Erreur dans le fichier ./CSV3\bulletins\bulletins_propres\table_page_181.csv: En-tête 'Base' introuvable.
Erreur dans le fichier ./CSV3\bulletins\bulletins_propres\table_page_181.csv: En-tête '7C00Base' introuvable.
Erreur dans le fichier ./CSV3\bulletins\bulletins_propres\table_page_181.csv: En-tête 'Base' introuvable.
Erreur dans le fichier ./CSV3\bulletins\bulletins_propres\table_page_181.csv: En-tête '7C20Base' introuvable.
Erreur dans le fichier ./CSV3\bulletins\bulletins_propres\table_page_181.csv: En-tête '7M05Base' introuvable.
Erreur dans le fichier ./CSV3\bulletins\bulletins_propres\table_page_181.csv: En-tête '7P20Base' introuvable.
Erreur dans le fichier ./CSV3\bulletins\bulletins_propres\table_page_181.csv: En-tête '7R56Base' introuvable.
Erreur dans le fichier ./CSV3\bulletins\bulletins_propres\table_page_181.csv: En-tête '7R63Base' introuvable.
Erreur dans le fichier ./CSV3\bulletins\bulletins_propres\table_page_181.csv: En-tête '7T00Base' introuvable.
Erreur dans le fichier ./CSV3\bulletins\bulletins_propres\table_page_181.csv: En-tête '7T02Base' introuvable.
Erreur dans le fichier ./CSV3\bulletins\bulletins_propres\table_page_181.csv: En-tête '7T05Base' introuvable.
Erreur dans le fichier ./CSV3\bulletins\bulletins_propres\table_page_181.csv: En-tête '7T10Base' introuvable.
Erreur dans le fichier ./CSV3\bulletins\bulletins_propres\table_page_181.csv: En-tête '7T15Base' introuvable.
Erreur dans le fichier ./CSV3\bulletins\bulletins_propres\table_page_181.csv: En-tête '7T20Base' introuvable.
Erreur dans le fichier ./CSV3\bulletins\bulletins_propres\table_page_181.csv: En-tête 'Base' introuvable.
Erreur dans le fichier ./CSV3\bulletins\bulletins_propres\table_page_181.csv: En-tête '6082Base' introuvable.
Erreur dans le fichier ./CSV3\bulletins\bulletins_propres\table_page_181.csv: En-tête '6094Base' introuvable.
Erreur dans le fichier ./CSV3\bulletins\bulletins_propres\table_page_181.csv: En-tête 'Total Charges Ded.Base' introuvable.
Erreur dans le fichier ./CSV3\bulletins\bulletins_propres\table_page_181.csv: En-tête '6080Base' introuvable.
Erreur dans le fichier ./CSV3\bulletins\bulletins_propres\table_page_181.csv: En-tête '6084Base' introuvable.
Erreur dans le fichier ./CSV3\bulletins\bulletins_propres\table_page_181.csv: En-tête '6092Base' introuvable.
Erreur dans le fichier ./CSV3\bulletins\bulletins_propres\table_page_181.csv: En-tête '6096Base' introuvable.
Erreur dans le fichier ./CSV3\bulletins\bulletins_propres\table_page_181.csv: En-tête 'Total Charges Non Ded.Base' introuvable.
Erreur dans le fichier ./CSV3\bulletins\bulletins_propres\table_page_181.csv: En-tête '8009Base' introuvable.
Erreur dans le fichier ./CSV3\bulletins\bulletins_propres\table_page_181.csv: En-tête '8010Base' introuvable.
Erreur dans le fichier ./CSV3\bulletins\bulletins_propres\table_page_181.csv: En-tête '8007Base' introuvable.
Erreur dans le fichier ./CSV3\bulletins\bulletins_propres\table_page_183.csv: En-tête '1001Base' introuvable.
Erreur dans le fichier ./CSV3\bulletins\bulletins_propres\table_page_183.csv: En-tête '2012Base' introuvable.
Erreur dans le fichier ./CSV3\bulletins\bulletins_propres\table_page_183.csv: En-tête 'Base' introuvable.
Erreur dans le fichier ./CSV3\bulletins\bulletins_propres\table_page_183.csv: En-tête '2068Base' introuvable.
Erreur dans le fichier ./CSV3\bulletins\bulletins_propres\table_page_183.csv: En-tête 'Base' introuvable.
Erreur dans le fichier ./CSV3\bulletins\bulletins_propres\table_page_183.csv: En-tête '2078Base' introuvable.
Erreur dans le fichier ./CSV3\bulletins\bulletins_propres\table_page_183.csv: En-tête 'TOTAL BRUTBase' introuvable.
Erreur dans le fichier ./CSV3\bulletins\bulletins_propres\table_page_183.csv: En-tête 'Base' introuvable.
Erreur dans le fichier ./CSV3\bulletins\bulletins_propres\table_page_183.csv: En-tête '7001Base' introuvable.
Erreur dans le fichier ./CSV3\bulletins\bulletins_propres\table_page_183.csv: En-tête '7010Base' introuvable.
Erreur dans le fichier ./CSV3\bulletins\bulletins_propres\table_page_183.csv: En-tête '7015Base' introuvable.
Erreur dans le fichier ./CSV3\bulletins\bulletins_propres\table_page_183.csv: En-tête '7020Base' introuvable.
Erreur dans le fichier ./CSV3\bulletins\bulletins_propres\table_page_183.csv: En-tête '7030Base' introuvable.
Erreur dans le fichier ./CSV3\bulletins\bulletins_propres\table_page_183.csv: En-tête '7035Base' introuvable.
Erreur dans le fichier ./CSV3\bulletins\bulletins_propres\table_page_183.csv: En-tête '7040Base' introuvable.
Erreur dans le fichier ./CSV3\bulletins\bulletins_propres\table_page_183.csv: En-tête '7045Base' introuvable.
Erreur dans le fichier ./CSV3\bulletins\bulletins_propres\table_page_183.csv: En-tête '7050Base' introuvable.
Erreur dans le fichier ./CSV3\bulletins\bulletins_propres\table_page_183.csv: En-tête '7055Base' introuvable.
Erreur dans le fichier ./CSV3\bulletins\bulletins_propres\table_page_183.csv: En-tête 'Base' introuvable.
Erreur dans le fichier ./CSV3\bulletins\bulletins_propres\table_page_183.csv: En-tête '7C00Base' introuvable.
Erreur dans le fichier ./CSV3\bulletins\bulletins_propres\table_page_183.csv: En-tête 'Base' introuvable.
Erreur dans le fichier ./CSV3\bulletins\bulletins_propres\table_page_183.csv: En-tête '7C20Base' introuvable.
Erreur dans le fichier ./CSV3\bulletins\bulletins_propres\table_page_183.csv: En-tête 'Base' introuvable.
Erreur dans le fichier ./CSV3\bulletins\bulletins_propres\table_page_183.csv: En-tête '7M05Base' introuvable.
Erreur dans le fichier ./CSV3\bulletins\bulletins_propres\table_page_183.csv: En-tête 'Base' introuvable.
Erreur dans le fichier ./CSV3\bulletins\bulletins_propres\table_page_183.csv: En-tête '7P20Base' introuvable.
Erreur dans le fichier ./CSV3\bulletins\bulletins_propres\table_page_183.csv: En-tête '7R56Base' introuvable.
Erreur dans le fichier ./CSV3\bulletins\bulletins_propres\table_page_183.csv: En-tête '7R63Base' introuvable.
Erreur dans le fichier ./CSV3\bulletins\bulletins_propres\table_page_183.csv: En-tête '7T00Base' introuvable.
Erreur dans le fichier ./CSV3\bulletins\bulletins_propres\table_page_183.csv: En-tête '7T02Base' introuvable.
Erreur dans le fichier ./CSV3\bulletins\bulletins_propres\table_page_183.csv: En-tête '7T05Base' introuvable.
Erreur dans le fichier ./CSV3\bulletins\bulletins_propres\table_page_183.csv: En-tête '7T10Base' introuvable.
Erreur dans le fichier ./CSV3\bulletins\bulletins_propres\table_page_183.csv: En-tête '7T15Base' introuvable.
Erreur dans le fichier ./CSV3\bulletins\bulletins_propres\table_page_183.csv: En-tête '7T20Base' introuvable.
Erreur dans le fichier ./CSV3\bulletins\bulletins_propres\table_page_183.csv: En-tête '6082Base' introuvable.
Erreur dans le fichier ./CSV3\bulletins\bulletins_propres\table_page_183.csv: En-tête '6094Base' introuvable.
Erreur dans le fichier ./CSV3\bulletins\bulletins_propres\table_page_183.csv: En-tête 'Base' introuvable.
Erreur dans le fichier ./CSV3\bulletins\bulletins_propres\table_page_183.csv: En-tête 'Total Charges Ded.Base' introuvable.
Erreur dans le fichier ./CSV3\bulletins\bulletins_propres\table_page_183.csv: En-tête '6080Base' introuvable.
Erreur dans le fichier ./CSV3\bulletins\bulletins_propres\table_page_183.csv: En-tête '6084Base' introuvable.
Erreur dans le fichier ./CSV3\bulletins\bulletins_propres\table_page_183.csv: En-tête '6092Base' introuvable.
Erreur dans le fichier ./CSV3\bulletins\bulletins_propres\table_page_183.csv: En-tête '6096Base' introuvable.
Erreur dans le fichier ./CSV3\bulletins\bulletins_propres\table_page_183.csv: En-tête 'Total Charges Non Ded.Base' introuvable.
Erreur dans le fichier ./CSV3\bulletins\bulletins_propres\table_page_183.csv: En-tête '8009Base' introuvable.
Erreur dans le fichier ./CSV3\bulletins\bulletins_propres\table_page_183.csv: En-tête '8010Base' introuvable.
Erreur dans le fichier ./CSV3\bulletins\bulletins_propres\table_page_183.csv: En-tête '8007Base' introuvable.
Erreur dans le fichier ./CSV3\bulletins\bulletins_propres\table_page_183.csv: En-tête '8192Base' introuvable.
Erreur dans le fichier ./CSV3\bulletins\bulletins_propres\table_page_183.csv: En-tête 'Base' introuvable.
Erreur dans le fichier ./CSV3\bulletins\bulletins_propres\table_page_183.csv: En-tête 'Base' introuvable.
Erreur dans le fichier ./CSV3\bulletins\bulletins_propres\table_page_183.csv: En-tête 'Impôt sur le revenuBase' introuvable.
Erreur dans le fichier ./CSV3\bulletins\bulletins_propres\table_page_183.csv: En-tête 'Impôt sur le revenu à la sourceBase' introuvable.
Erreur dans le fichier ./CSV3\bulletins\bulletins_propres\table_page_185.csv: En-tête '1001Base' introuvable.
Erreur dans le fichier ./CSV3\bulletins\bulletins_propres\table_page_185.csv: En-tête '1046Base' introuvable.
Erreur dans le fichier ./CSV3\bulletins\bulletins_propres\table_page_185.csv: En-tête 'Base' introuvable.
Erreur dans le fichier ./CSV3\bulletins\bulletins_propres\table_page_185.csv: En-tête '2012Base' introuvable.
Erreur dans le fichier ./CSV3\bulletins\bulletins_propres\table_page_185.csv: En-tête 'Base' introuvable.
Erreur dans le fichier ./CSV3\bulletins\bulletins_propres\table_page_185.csv: En-tête '2016Base' introuvable.
Erreur dans le fichier ./CSV3\bulletins\bulletins_propres\table_page_185.csv: En-tête '2050Base' introuvable.
Erreur dans le fichier ./CSV3\bulletins\bulletins_propres\table_page_185.csv: En-tête '2068Base' introuvable.
Erreur dans le fichier ./CSV3\bulletins\bulletins_propres\table_page_185.csv: En-tête '2078Base' introuvable.
Erreur dans le fichier ./CSV3\bulletins\bulletins_propres\table_page_185.csv: En-tête '2082Base' introuvable.
Erreur dans le fichier ./CSV3\bulletins\bulletins_propres\table_page_185.csv: En-tête '3006Base' introuvable.
Erreur dans le fichier ./CSV3\bulletins\bulletins_propres\table_page_185.csv: En-tête 'Base' introuvable.
Erreur dans le fichier ./CSV3\bulletins\bulletins_propres\table_page_185.csv: En-tête 'TOTAL BRUTBase' introuvable.
Erreur dans le fichier ./CSV3\bulletins\bulletins_propres\table_page_185.csv: En-tête '6S89Base' introuvable.
Erreur dans le fichier ./CSV3\bulletins\bulletins_propres\table_page_185.csv: En-tête '7001Base' introuvable.
Erreur dans le fichier ./CSV3\bulletins\bulletins_propres\table_page_185.csv: En-tête '7010Base' introuvable.
Erreur dans le fichier ./CSV3\bulletins\bulletins_propres\table_page_185.csv: En-tête '7015Base' introuvable.
Erreur dans le fichier ./CSV3\bulletins\bulletins_propres\table_page_185.csv: En-tête '7020Base' introuvable.
Erreur dans le fichier ./CSV3\bulletins\bulletins_propres\table_page_185.csv: En-tête 'Base' introuvable.
Erreur dans le fichier ./CSV3\bulletins\bulletins_propres\table_page_185.csv: En-tête '7030Base' introuvable.
Erreur dans le fichier ./CSV3\bulletins\bulletins_propres\table_page_185.csv: En-tête 'Base' introuvable.
Erreur dans le fichier ./CSV3\bulletins\bulletins_propres\table_page_185.csv: En-tête '7035Base' introuvable.
Erreur dans le fichier ./CSV3\bulletins\bulletins_propres\table_page_185.csv: En-tête 'Base' introuvable.
Erreur dans le fichier ./CSV3\bulletins\bulletins_propres\table_page_185.csv: En-tête '7040Base' introuvable.
Erreur dans le fichier ./CSV3\bulletins\bulletins_propres\table_page_185.csv: En-tête 'Base' introuvable.
Erreur dans le fichier ./CSV3\bulletins\bulletins_propres\table_page_185.csv: En-tête '7045Base' introuvable.
Erreur dans le fichier ./CSV3\bulletins\bulletins_propres\table_page_185.csv: En-tête '7050Base' introuvable.
Erreur dans le fichier ./CSV3\bulletins\bulletins_propres\table_page_185.csv: En-tête '7055Base' introuvable.
Erreur dans le fichier ./CSV3\bulletins\bulletins_propres\table_page_185.csv: En-tête '7C00Base' introuvable.
Erreur dans le fichier ./CSV3\bulletins\bulletins_propres\table_page_185.csv: En-tête '7C20Base' introuvable.
Erreur dans le fichier ./CSV3\bulletins\bulletins_propres\table_page_185.csv: En-tête '7M04Base' introuvable.
Erreur dans le fichier ./CSV3\bulletins\bulletins_propres\table_page_185.csv: En-tête '7P10Base' introuvable.
Erreur dans le fichier ./CSV3\bulletins\bulletins_propres\table_page_185.csv: En-tête '7R56Base' introuvable.
Erreur dans le fichier ./CSV3\bulletins\bulletins_propres\table_page_185.csv: En-tête '7R63Base' introuvable.
Erreur dans le fichier ./CSV3\bulletins\bulletins_propres\table_page_185.csv: En-tête '7T00Base' introuvable.
Erreur dans le fichier ./CSV3\bulletins\bulletins_propres\table_page_185.csv: En-tête '7T02Base' introuvable.
Erreur dans le fichier ./CSV3\bulletins\bulletins_propres\table_page_185.csv: En-tête 'Base' introuvable.
Erreur dans le fichier ./CSV3\bulletins\bulletins_propres\table_page_185.csv: En-tête '7T05Base' introuvable.
Erreur dans le fichier ./CSV3\bulletins\bulletins_propres\table_page_185.csv: En-tête '7T10Base' introuvable.
Erreur dans le fichier ./CSV3\bulletins\bulletins_propres\table_page_185.csv: En-tête '7T15Base' introuvable.
Erreur dans le fichier ./CSV3\bulletins\bulletins_propres\table_page_185.csv: En-tête '7T20Base' introuvable.
Erreur dans le fichier ./CSV3\bulletins\bulletins_propres\table_page_185.csv: En-tête '6082Base' introuvable.
Erreur dans le fichier ./CSV3\bulletins\bulletins_propres\table_page_185.csv: En-tête '6094Base' introuvable.
Erreur dans le fichier ./CSV3\bulletins\bulletins_propres\table_page_185.csv: En-tête 'Total Charges Ded.Base' introuvable.
Erreur dans le fichier ./CSV3\bulletins\bulletins_propres\table_page_185.csv: En-tête '6070Base' introuvable.
Erreur dans le fichier ./CSV3\bulletins\bulletins_propres\table_page_185.csv: En-tête '6074Base' introuvable.
Erreur dans le fichier ./CSV3\bulletins\bulletins_propres\table_page_185.csv: En-tête '6080Base' introuvable.
Erreur dans le fichier ./CSV3\bulletins\bulletins_propres\table_page_185.csv: En-tête '6084Base' introuvable.
Erreur dans le fichier ./CSV3\bulletins\bulletins_propres\table_page_185.csv: En-tête '6092Base' introuvable.
Erreur dans le fichier ./CSV3\bulletins\bulletins_propres\table_page_185.csv: En-tête '6096Base' introuvable.
Erreur dans le fichier ./CSV3\bulletins\bulletins_propres\table_page_185.csv: En-tête 'Total Charges Non Ded.Base' introuvable.
Erreur dans le fichier ./CSV3\bulletins\bulletins_propres\table_page_185.csv: En-tête '8009Base' introuvable.
Erreur dans le fichier ./CSV3\bulletins\bulletins_propres\table_page_185.csv: En-tête '8010Base' introuvable.
Erreur dans le fichier ./CSV3\bulletins\bulletins_propres\table_page_185.csv: En-tête '8192Base' introuvable.
Erreur dans le fichier ./CSV3\bulletins\bulletins_propres\table_page_185.csv: En-tête '8190Base' introuvable.
Erreur dans le fichier ./CSV3\bulletins\bulletins_propres\table_page_187.csv: En-tête '1001Base' introuvable.
Erreur dans le fichier ./CSV3\bulletins\bulletins_propres\table_page_187.csv: En-tête '2012Base' introuvable.
Erreur dans le fichier ./CSV3\bulletins\bulletins_propres\table_page_187.csv: En-tête 'Base' introuvable.
Erreur dans le fichier ./CSV3\bulletins\bulletins_propres\table_page_187.csv: En-tête '2068Base' introuvable.
Erreur dans le fichier ./CSV3\bulletins\bulletins_propres\table_page_187.csv: En-tête 'Base' introuvable.
Erreur dans le fichier ./CSV3\bulletins\bulletins_propres\table_page_187.csv: En-tête '2078Base' introuvable.
Erreur dans le fichier ./CSV3\bulletins\bulletins_propres\table_page_187.csv: En-tête '3270Base' introuvable.
Erreur dans le fichier ./CSV3\bulletins\bulletins_propres\table_page_187.csv: En-tête '3275Base' introuvable.
Erreur dans le fichier ./CSV3\bulletins\bulletins_propres\table_page_187.csv: En-tête '3280Base' introuvable.
Erreur dans le fichier ./CSV3\bulletins\bulletins_propres\table_page_187.csv: En-tête '3285Base' introuvable.
Erreur dans le fichier ./CSV3\bulletins\bulletins_propres\table_page_187.csv: En-tête 'Base' introuvable.
Erreur dans le fichier ./CSV3\bulletins\bulletins_propres\table_page_187.csv: En-tête 'TOTAL BRUTBase' introuvable.
Erreur dans le fichier ./CSV3\bulletins\bulletins_propres\table_page_187.csv: En-tête '7001Base' introuvable.
Erreur dans le fichier ./CSV3\bulletins\bulletins_propres\table_page_187.csv: En-tête '7010Base' introuvable.
Erreur dans le fichier ./CSV3\bulletins\bulletins_propres\table_page_187.csv: En-tête '7015Base' introuvable.
Erreur dans le fichier ./CSV3\bulletins\bulletins_propres\table_page_187.csv: En-tête '7020Base' introuvable.
Erreur dans le fichier ./CSV3\bulletins\bulletins_propres\table_page_187.csv: En-tête '7030Base' introuvable.
Erreur dans le fichier ./CSV3\bulletins\bulletins_propres\table_page_187.csv: En-tête '7035Base' introuvable.
Erreur dans le fichier ./CSV3\bulletins\bulletins_propres\table_page_187.csv: En-tête 'Base' introuvable.
Erreur dans le fichier ./CSV3\bulletins\bulletins_propres\table_page_187.csv: En-tête '7040Base' introuvable.
Erreur dans le fichier ./CSV3\bulletins\bulletins_propres\table_page_187.csv: En-tête 'Base' introuvable.
Erreur dans le fichier ./CSV3\bulletins\bulletins_propres\table_page_187.csv: En-tête '7045Base' introuvable.
Erreur dans le fichier ./CSV3\bulletins\bulletins_propres\table_page_187.csv: En-tête 'Base' introuvable.
Erreur dans le fichier ./CSV3\bulletins\bulletins_propres\table_page_187.csv: En-tête '7050Base' introuvable.
Erreur dans le fichier ./CSV3\bulletins\bulletins_propres\table_page_187.csv: En-tête 'Base' introuvable.
Erreur dans le fichier ./CSV3\bulletins\bulletins_propres\table_page_187.csv: En-tête '7055Base' introuvable.
Erreur dans le fichier ./CSV3\bulletins\bulletins_propres\table_page_187.csv: En-tête '7C00Base' introuvable.
Erreur dans le fichier ./CSV3\bulletins\bulletins_propres\table_page_187.csv: En-tête '7C20Base' introuvable.
Erreur dans le fichier ./CSV3\bulletins\bulletins_propres\table_page_187.csv: En-tête '7M05Base' introuvable.
Erreur dans le fichier ./CSV3\bulletins\bulletins_propres\table_page_187.csv: En-tête '7P20Base' introuvable.
Erreur dans le fichier ./CSV3\bulletins\bulletins_propres\table_page_187.csv: En-tête '7R56Base' introuvable.
Erreur dans le fichier ./CSV3\bulletins\bulletins_propres\table_page_187.csv: En-tête '7R63Base' introuvable.
Erreur dans le fichier ./CSV3\bulletins\bulletins_propres\table_page_187.csv: En-tête '7T00Base' introuvable.
Erreur dans le fichier ./CSV3\bulletins\bulletins_propres\table_page_187.csv: En-tête '7T02Base' introuvable.
Erreur dans le fichier ./CSV3\bulletins\bulletins_propres\table_page_187.csv: En-tête '7T05Base' introuvable.
Erreur dans le fichier ./CSV3\bulletins\bulletins_propres\table_page_187.csv: En-tête '7T10Base' introuvable.
Erreur dans le fichier ./CSV3\bulletins\bulletins_propres\table_page_187.csv: En-tête 'Base' introuvable.
Erreur dans le fichier ./CSV3\bulletins\bulletins_propres\table_page_187.csv: En-tête '7T15Base' introuvable.
Erreur dans le fichier ./CSV3\bulletins\bulletins_propres\table_page_187.csv: En-tête 'Base' introuvable.
Erreur dans le fichier ./CSV3\bulletins\bulletins_propres\table_page_187.csv: En-tête '7T20Base' introuvable.
Erreur dans le fichier ./CSV3\bulletins\bulletins_propres\table_page_187.csv: En-tête '6082Base' introuvable.
Erreur dans le fichier ./CSV3\bulletins\bulletins_propres\table_page_187.csv: En-tête '6094Base' introuvable.
Erreur dans le fichier ./CSV3\bulletins\bulletins_propres\table_page_187.csv: En-tête 'Total Charges Ded.Base' introuvable.
Erreur dans le fichier ./CSV3\bulletins\bulletins_propres\table_page_187.csv: En-tête '6080Base' introuvable.
Erreur dans le fichier ./CSV3\bulletins\bulletins_propres\table_page_187.csv: En-tête '6084Base' introuvable.
Erreur dans le fichier ./CSV3\bulletins\bulletins_propres\table_page_187.csv: En-tête '6092Base' introuvable.
Erreur dans le fichier ./CSV3\bulletins\bulletins_propres\table_page_187.csv: En-tête '6096Base' introuvable.
Erreur dans le fichier ./CSV3\bulletins\bulletins_propres\table_page_187.csv: En-tête 'Total Charges Non Ded.Base' introuvable.
Erreur dans le fichier ./CSV3\bulletins\bulletins_propres\table_page_187.csv: En-tête '8009Base' introuvable.
Erreur dans le fichier ./CSV3\bulletins\bulletins_propres\table_page_187.csv: En-tête '8010Base' introuvable.
Erreur dans le fichier ./CSV3\bulletins\bulletins_propres\table_page_187.csv: En-tête '8007Base' introuvable.
Erreur dans le fichier ./CSV3\bulletins\bulletins_propres\table_page_189.csv: En-tête '1002Base' introuvable.
Erreur dans le fichier ./CSV3\bulletins\bulletins_propres\table_page_189.csv: En-tête '2012Base' introuvable.
Erreur dans le fichier ./CSV3\bulletins\bulletins_propres\table_page_189.csv: En-tête 'Base' introuvable.
Erreur dans le fichier ./CSV3\bulletins\bulletins_propres\table_page_189.csv: En-tête '2068Base' introuvable.
Erreur dans le fichier ./CSV3\bulletins\bulletins_propres\table_page_189.csv: En-tête 'Base' introuvable.
Erreur dans le fichier ./CSV3\bulletins\bulletins_propres\table_page_189.csv: En-tête '3270Base' introuvable.
Erreur dans le fichier ./CSV3\bulletins\bulletins_propres\table_page_189.csv: En-tête '3275Base' introuvable.
Erreur dans le fichier ./CSV3\bulletins\bulletins_propres\table_page_189.csv: En-tête '3280Base' introuvable.
Erreur dans le fichier ./CSV3\bulletins\bulletins_propres\table_page_189.csv: En-tête '3285Base' introuvable.
Erreur dans le fichier ./CSV3\bulletins\bulletins_propres\table_page_189.csv: En-tête '3B80Base' introuvable.
Erreur dans le fichier ./CSV3\bulletins\bulletins_propres\table_page_189.csv: En-tête '3B82Base' introuvable.
Erreur dans le fichier ./CSV3\bulletins\bulletins_propres\table_page_189.csv: En-tête 'Base' introuvable.
Erreur dans le fichier ./CSV3\bulletins\bulletins_propres\table_page_189.csv: En-tête 'TOTAL BRUTBase' introuvable.
Erreur dans le fichier ./CSV3\bulletins\bulletins_propres\table_page_189.csv: En-tête '60F2Base' introuvable.
Erreur dans le fichier ./CSV3\bulletins\bulletins_propres\table_page_189.csv: En-tête '7001Base' introuvable.
Erreur dans le fichier ./CSV3\bulletins\bulletins_propres\table_page_189.csv: En-tête '7002Base' introuvable.
Erreur dans le fichier ./CSV3\bulletins\bulletins_propres\table_page_189.csv: En-tête '7010Base' introuvable.
Erreur dans le fichier ./CSV3\bulletins\bulletins_propres\table_page_189.csv: En-tête '7015Base' introuvable.
Erreur dans le fichier ./CSV3\bulletins\bulletins_propres\table_page_189.csv: En-tête 'Base' introuvable.
Erreur dans le fichier ./CSV3\bulletins\bulletins_propres\table_page_189.csv: En-tête '7020Base' introuvable.
Erreur dans le fichier ./CSV3\bulletins\bulletins_propres\table_page_189.csv: En-tête 'Base' introuvable.
Erreur dans le fichier ./CSV3\bulletins\bulletins_propres\table_page_189.csv: En-tête '7025Base' introuvable.
Erreur dans le fichier ./CSV3\bulletins\bulletins_propres\table_page_189.csv: En-tête 'Base' introuvable.
Erreur dans le fichier ./CSV3\bulletins\bulletins_propres\table_page_189.csv: En-tête '7030Base' introuvable.
Erreur dans le fichier ./CSV3\bulletins\bulletins_propres\table_page_189.csv: En-tête 'Base' introuvable.
Erreur dans le fichier ./CSV3\bulletins\bulletins_propres\table_page_189.csv: En-tête '7035Base' introuvable.
Erreur dans le fichier ./CSV3\bulletins\bulletins_propres\table_page_189.csv: En-tête '7040Base' introuvable.
Erreur dans le fichier ./CSV3\bulletins\bulletins_propres\table_page_189.csv: En-tête '7045Base' introuvable.
Erreur dans le fichier ./CSV3\bulletins\bulletins_propres\table_page_189.csv: En-tête '7050Base' introuvable.
Erreur dans le fichier ./CSV3\bulletins\bulletins_propres\table_page_189.csv: En-tête '7055Base' introuvable.
Erreur dans le fichier ./CSV3\bulletins\bulletins_propres\table_page_189.csv: En-tête '7C00Base' introuvable.
Erreur dans le fichier ./CSV3\bulletins\bulletins_propres\table_page_189.csv: En-tête '7C10Base' introuvable.
Erreur dans le fichier ./CSV3\bulletins\bulletins_propres\table_page_189.csv: En-tête '7C20Base' introuvable.
Erreur dans le fichier ./CSV3\bulletins\bulletins_propres\table_page_189.csv: En-tête '7M05Base' introuvable.
Erreur dans le fichier ./CSV3\bulletins\bulletins_propres\table_page_189.csv: En-tête '7P20Base' introuvable.
Erreur dans le fichier ./CSV3\bulletins\bulletins_propres\table_page_189.csv: En-tête '7P25Base' introuvable.
Erreur dans le fichier ./CSV3\bulletins\bulletins_propres\table_page_189.csv: En-tête 'Base' introuvable.
Erreur dans le fichier ./CSV3\bulletins\bulletins_propres\table_page_189.csv: En-tête '7R44Base' introuvable.
Erreur dans le fichier ./CSV3\bulletins\bulletins_propres\table_page_189.csv: En-tête 'Base' introuvable.
Erreur dans le fichier ./CSV3\bulletins\bulletins_propres\table_page_189.csv: En-tête '7R45Base' introuvable.
Erreur dans le fichier ./CSV3\bulletins\bulletins_propres\table_page_189.csv: En-tête '7R53Base' introuvable.
Erreur dans le fichier ./CSV3\bulletins\bulletins_propres\table_page_189.csv: En-tête '7R54Base' introuvable.
Erreur dans le fichier ./CSV3\bulletins\bulletins_propres\table_page_189.csv: En-tête '7R63Base' introuvable.
Erreur dans le fichier ./CSV3\bulletins\bulletins_propres\table_page_189.csv: En-tête '7R64Base' introuvable.
Erreur dans le fichier ./CSV3\bulletins\bulletins_propres\table_page_189.csv: En-tête '7R70Base' introuvable.
Erreur dans le fichier ./CSV3\bulletins\bulletins_propres\table_page_189.csv: En-tête '7R71Base' introuvable.
Erreur dans le fichier ./CSV3\bulletins\bulletins_propres\table_page_189.csv: En-tête '7T00Base' introuvable.
Erreur dans le fichier ./CSV3\bulletins\bulletins_propres\table_page_189.csv: En-tête '7T02Base' introuvable.
Erreur dans le fichier ./CSV3\bulletins\bulletins_propres\table_page_189.csv: En-tête '7T05Base' introuvable.
Erreur dans le fichier ./CSV3\bulletins\bulletins_propres\table_page_189.csv: En-tête '7T10Base' introuvable.
Erreur dans le fichier ./CSV3\bulletins\bulletins_propres\table_page_189.csv: En-tête '7T15Base' introuvable.
Erreur dans le fichier ./CSV3\bulletins\bulletins_propres\table_page_189.csv: En-tête '7T20Base' introuvable.
Erreur dans le fichier ./CSV3\bulletins\bulletins_propres\table_page_189.csv: En-tête '6082Base' introuvable.
Erreur dans le fichier ./CSV3\bulletins\bulletins_propres\table_page_189.csv: En-tête '6094Base' introuvable.
Erreur dans le fichier ./CSV3\bulletins\bulletins_propres\table_page_189.csv: En-tête 'Total Charges Ded.Base' introuvable.
Erreur dans le fichier ./CSV3\bulletins\bulletins_propres\table_page_189.csv: En-tête '6080Base' introuvable.
Erreur dans le fichier ./CSV3\bulletins\bulletins_propres\table_page_189.csv: En-tête '6084Base' introuvable.
Erreur dans le fichier ./CSV3\bulletins\bulletins_propres\table_page_189.csv: En-tête '6092Base' introuvable.
Erreur dans le fichier ./CSV3\bulletins\bulletins_propres\table_page_189.csv: En-tête '6096Base' introuvable.
Erreur dans le fichier ./CSV3\bulletins\bulletins_propres\table_page_189.csv: En-tête '60F1Base' introuvable.
Erreur dans le fichier ./CSV3\bulletins\bulletins_propres\table_page_189.csv: En-tête '60F3Base' introuvable.
Erreur dans le fichier ./CSV3\bulletins\bulletins_propres\table_page_189.csv: En-tête '60F4Base' introuvable.
Erreur dans le fichier ./CSV3\bulletins\bulletins_propres\table_page_189.csv: En-tête '60F8Base' introuvable.
Erreur dans le fichier ./CSV3\bulletins\bulletins_propres\table_page_189.csv: En-tête '60F9Base' introuvable.
Erreur dans le fichier ./CSV3\bulletins\bulletins_propres\table_page_189.csv: En-tête 'Total Charges Non Ded.Base' introuvable.
Erreur dans le fichier ./CSV3\bulletins\bulletins_propres\table_page_19.csv: En-tête '1001Base' introuvable.
Erreur dans le fichier ./CSV3\bulletins\bulletins_propres\table_page_19.csv: En-tête '2012Base' introuvable.
Erreur dans le fichier ./CSV3\bulletins\bulletins_propres\table_page_19.csv: En-tête 'Base' introuvable.
Erreur dans le fichier ./CSV3\bulletins\bulletins_propres\table_page_19.csv: En-tête '2068Base' introuvable.
Erreur dans le fichier ./CSV3\bulletins\bulletins_propres\table_page_19.csv: En-tête 'Base' introuvable.
Erreur dans le fichier ./CSV3\bulletins\bulletins_propres\table_page_19.csv: En-tête '2078Base' introuvable.
Erreur dans le fichier ./CSV3\bulletins\bulletins_propres\table_page_19.csv: En-tête '3310Base' introuvable.
Erreur dans le fichier ./CSV3\bulletins\bulletins_propres\table_page_19.csv: En-tête '3315Base' introuvable.
Erreur dans le fichier ./CSV3\bulletins\bulletins_propres\table_page_19.csv: En-tête '3B80Base' introuvable.
Erreur dans le fichier ./CSV3\bulletins\bulletins_propres\table_page_19.csv: En-tête '3B82Base' introuvable.
Erreur dans le fichier ./CSV3\bulletins\bulletins_propres\table_page_19.csv: En-tête 'Base' introuvable.
Erreur dans le fichier ./CSV3\bulletins\bulletins_propres\table_page_19.csv: En-tête 'TOTAL BRUTBase' introuvable.
Erreur dans le fichier ./CSV3\bulletins\bulletins_propres\table_page_19.csv: En-tête '60F2Base' introuvable.
Erreur dans le fichier ./CSV3\bulletins\bulletins_propres\table_page_19.csv: En-tête '7001Base' introuvable.
Erreur dans le fichier ./CSV3\bulletins\bulletins_propres\table_page_19.csv: En-tête '7010Base' introuvable.
Erreur dans le fichier ./CSV3\bulletins\bulletins_propres\table_page_19.csv: En-tête '7015Base' introuvable.
Erreur dans le fichier ./CSV3\bulletins\bulletins_propres\table_page_19.csv: En-tête '7020Base' introuvable.
Erreur dans le fichier ./CSV3\bulletins\bulletins_propres\table_page_19.csv: En-tête '7030Base' introuvable.
Erreur dans le fichier ./CSV3\bulletins\bulletins_propres\table_page_19.csv: En-tête 'Base' introuvable.
Erreur dans le fichier ./CSV3\bulletins\bulletins_propres\table_page_19.csv: En-tête '7035Base' introuvable.
Erreur dans le fichier ./CSV3\bulletins\bulletins_propres\table_page_19.csv: En-tête 'Base' introuvable.
Erreur dans le fichier ./CSV3\bulletins\bulletins_propres\table_page_19.csv: En-tête '7040Base' introuvable.
Erreur dans le fichier ./CSV3\bulletins\bulletins_propres\table_page_19.csv: En-tête 'Base' introuvable.
Erreur dans le fichier ./CSV3\bulletins\bulletins_propres\table_page_19.csv: En-tête '7045Base' introuvable.
Erreur dans le fichier ./CSV3\bulletins\bulletins_propres\table_page_19.csv: En-tête 'Base' introuvable.
Erreur dans le fichier ./CSV3\bulletins\bulletins_propres\table_page_19.csv: En-tête '7050Base' introuvable.
Erreur dans le fichier ./CSV3\bulletins\bulletins_propres\table_page_19.csv: En-tête '7055Base' introuvable.
Erreur dans le fichier ./CSV3\bulletins\bulletins_propres\table_page_19.csv: En-tête '7C00Base' introuvable.
Erreur dans le fichier ./CSV3\bulletins\bulletins_propres\table_page_19.csv: En-tête '7C20Base' introuvable.
Erreur dans le fichier ./CSV3\bulletins\bulletins_propres\table_page_19.csv: En-tête '7M03Base' introuvable.
Erreur dans le fichier ./CSV3\bulletins\bulletins_propres\table_page_19.csv: En-tête '7P10Base' introuvable.
Erreur dans le fichier ./CSV3\bulletins\bulletins_propres\table_page_19.csv: En-tête '7R56Base' introuvable.
Erreur dans le fichier ./CSV3\bulletins\bulletins_propres\table_page_19.csv: En-tête '7R63Base' introuvable.
Erreur dans le fichier ./CSV3\bulletins\bulletins_propres\table_page_19.csv: En-tête '7T00Base' introuvable.
Erreur dans le fichier ./CSV3\bulletins\bulletins_propres\table_page_19.csv: En-tête '7T02Base' introuvable.
Erreur dans le fichier ./CSV3\bulletins\bulletins_propres\table_page_19.csv: En-tête '7T05Base' introuvable.
Erreur dans le fichier ./CSV3\bulletins\bulletins_propres\table_page_19.csv: En-tête 'Base' introuvable.
Erreur dans le fichier ./CSV3\bulletins\bulletins_propres\table_page_19.csv: En-tête '7T10Base' introuvable.
Erreur dans le fichier ./CSV3\bulletins\bulletins_propres\table_page_19.csv: En-tête 'Base' introuvable.
Erreur dans le fichier ./CSV3\bulletins\bulletins_propres\table_page_19.csv: En-tête '7T15Base' introuvable.
Erreur dans le fichier ./CSV3\bulletins\bulletins_propres\table_page_19.csv: En-tête '7T20Base' introuvable.
Erreur dans le fichier ./CSV3\bulletins\bulletins_propres\table_page_19.csv: En-tête '6082Base' introuvable.
Erreur dans le fichier ./CSV3\bulletins\bulletins_propres\table_page_19.csv: En-tête '6094Base' introuvable.
Erreur dans le fichier ./CSV3\bulletins\bulletins_propres\table_page_19.csv: En-tête 'PALCAllégement chômageBase' introuvable.
Erreur dans le fichier ./CSV3\bulletins\bulletins_propres\table_page_19.csv: En-tête 'PALFAllégement FillonBase' introuvable.
Erreur dans le fichier ./CSV3\bulletins\bulletins_propres\table_page_19.csv: En-tête 'PALRAllégement retraiteBase' introuvable.
Erreur dans le fichier ./CSV3\bulletins\bulletins_propres\table_page_19.csv: En-tête 'Total Charges Ded.Base' introuvable.
Erreur dans le fichier ./CSV3\bulletins\bulletins_propres\table_page_19.csv: En-tête '6080Base' introuvable.
Erreur dans le fichier ./CSV3\bulletins\bulletins_propres\table_page_19.csv: En-tête '6084Base' introuvable.
Erreur dans le fichier ./CSV3\bulletins\bulletins_propres\table_page_19.csv: En-tête '6092Base' introuvable.
Erreur dans le fichier ./CSV3\bulletins\bulletins_propres\table_page_19.csv: En-tête '6096Base' introuvable.
Erreur dans le fichier ./CSV3\bulletins\bulletins_propres\table_page_19.csv: En-tête '60F1Base' introuvable.
Erreur dans le fichier ./CSV3\bulletins\bulletins_propres\table_page_19.csv: En-tête '60F3Base' introuvable.
Erreur dans le fichier ./CSV3\bulletins\bulletins_propres\table_page_19.csv: En-tête '60F4Base' introuvable.
Erreur dans le fichier ./CSV3\bulletins\bulletins_propres\table_page_19.csv: En-tête '60F8Base' introuvable.
Erreur dans le fichier ./CSV3\bulletins\bulletins_propres\table_page_19.csv: En-tête '60F9Base' introuvable.
Erreur dans le fichier ./CSV3\bulletins\bulletins_propres\table_page_19.csv: En-tête 'Total Charges Non Ded.Base' introuvable.
Erreur dans le fichier ./CSV3\bulletins\bulletins_propres\table_page_19.csv: En-tête '8009Base' introuvable.
Erreur dans le fichier ./CSV3\bulletins\bulletins_propres\table_page_19.csv: En-tête '8010Base' introuvable.
Erreur dans le fichier ./CSV3\bulletins\bulletins_propres\table_page_19.csv: En-tête '8017Base' introuvable.
Erreur dans le fichier ./CSV3\bulletins\bulletins_propres\table_page_191.csv: En-tête '1001Base' introuvable.
Erreur dans le fichier ./CSV3\bulletins\bulletins_propres\table_page_191.csv: En-tête '2012Base' introuvable.
Erreur dans le fichier ./CSV3\bulletins\bulletins_propres\table_page_191.csv: En-tête 'Base' introuvable.
Erreur dans le fichier ./CSV3\bulletins\bulletins_propres\table_page_191.csv: En-tête '2068Base' introuvable.
Erreur dans le fichier ./CSV3\bulletins\bulletins_propres\table_page_191.csv: En-tête 'Base' introuvable.
Erreur dans le fichier ./CSV3\bulletins\bulletins_propres\table_page_191.csv: En-tête '2078Base' introuvable.
Erreur dans le fichier ./CSV3\bulletins\bulletins_propres\table_page_191.csv: En-tête 'TOTAL BRUTBase' introuvable.
Erreur dans le fichier ./CSV3\bulletins\bulletins_propres\table_page_191.csv: En-tête 'Base' introuvable.
Erreur dans le fichier ./CSV3\bulletins\bulletins_propres\table_page_191.csv: En-tête '7001Base' introuvable.
Erreur dans le fichier ./CSV3\bulletins\bulletins_propres\table_page_191.csv: En-tête '7010Base' introuvable.
Erreur dans le fichier ./CSV3\bulletins\bulletins_propres\table_page_191.csv: En-tête '7015Base' introuvable.
Erreur dans le fichier ./CSV3\bulletins\bulletins_propres\table_page_191.csv: En-tête '7020Base' introuvable.
Erreur dans le fichier ./CSV3\bulletins\bulletins_propres\table_page_191.csv: En-tête '7030Base' introuvable.
Erreur dans le fichier ./CSV3\bulletins\bulletins_propres\table_page_191.csv: En-tête '7035Base' introuvable.
Erreur dans le fichier ./CSV3\bulletins\bulletins_propres\table_page_191.csv: En-tête '7040Base' introuvable.
Erreur dans le fichier ./CSV3\bulletins\bulletins_propres\table_page_191.csv: En-tête '7045Base' introuvable.
Erreur dans le fichier ./CSV3\bulletins\bulletins_propres\table_page_191.csv: En-tête '7050Base' introuvable.
Erreur dans le fichier ./CSV3\bulletins\bulletins_propres\table_page_191.csv: En-tête '7055Base' introuvable.
Erreur dans le fichier ./CSV3\bulletins\bulletins_propres\table_page_191.csv: En-tête 'Base' introuvable.
Erreur dans le fichier ./CSV3\bulletins\bulletins_propres\table_page_191.csv: En-tête '7C00Base' introuvable.
Erreur dans le fichier ./CSV3\bulletins\bulletins_propres\table_page_191.csv: En-tête 'Base' introuvable.
Erreur dans le fichier ./CSV3\bulletins\bulletins_propres\table_page_191.csv: En-tête '7C10Base' introuvable.
Erreur dans le fichier ./CSV3\bulletins\bulletins_propres\table_page_191.csv: En-tête 'Base' introuvable.
Erreur dans le fichier ./CSV3\bulletins\bulletins_propres\table_page_191.csv: En-tête '7C20Base' introuvable.
Erreur dans le fichier ./CSV3\bulletins\bulletins_propres\table_page_191.csv: En-tête 'Base' introuvable.
Erreur dans le fichier ./CSV3\bulletins\bulletins_propres\table_page_191.csv: En-tête '7M05Base' introuvable.
Erreur dans le fichier ./CSV3\bulletins\bulletins_propres\table_page_191.csv: En-tête '7P20Base' introuvable.
Erreur dans le fichier ./CSV3\bulletins\bulletins_propres\table_page_191.csv: En-tête '7P25Base' introuvable.
Erreur dans le fichier ./CSV3\bulletins\bulletins_propres\table_page_191.csv: En-tête '7R44Base' introuvable.
Erreur dans le fichier ./CSV3\bulletins\bulletins_propres\table_page_191.csv: En-tête '7R45Base' introuvable.
Erreur dans le fichier ./CSV3\bulletins\bulletins_propres\table_page_191.csv: En-tête '7R53Base' introuvable.
Erreur dans le fichier ./CSV3\bulletins\bulletins_propres\table_page_191.csv: En-tête '7R54Base' introuvable.
Erreur dans le fichier ./CSV3\bulletins\bulletins_propres\table_page_191.csv: En-tête '7R63Base' introuvable.
Erreur dans le fichier ./CSV3\bulletins\bulletins_propres\table_page_191.csv: En-tête '7R64Base' introuvable.
Erreur dans le fichier ./CSV3\bulletins\bulletins_propres\table_page_191.csv: En-tête '7R70Base' introuvable.
Erreur dans le fichier ./CSV3\bulletins\bulletins_propres\table_page_191.csv: En-tête '7R71Base' introuvable.
Erreur dans le fichier ./CSV3\bulletins\bulletins_propres\table_page_191.csv: En-tête 'Base' introuvable.
Erreur dans le fichier ./CSV3\bulletins\bulletins_propres\table_page_191.csv: En-tête '7T00Base' introuvable.
Erreur dans le fichier ./CSV3\bulletins\bulletins_propres\table_page_191.csv: En-tête '7T02Base' introuvable.
Erreur dans le fichier ./CSV3\bulletins\bulletins_propres\table_page_191.csv: En-tête '7T05Base' introuvable.
Erreur dans le fichier ./CSV3\bulletins\bulletins_propres\table_page_191.csv: En-tête '7T10Base' introuvable.
Erreur dans le fichier ./CSV3\bulletins\bulletins_propres\table_page_191.csv: En-tête '7T15Base' introuvable.
Erreur dans le fichier ./CSV3\bulletins\bulletins_propres\table_page_191.csv: En-tête '7T20Base' introuvable.
Erreur dans le fichier ./CSV3\bulletins\bulletins_propres\table_page_191.csv: En-tête '6082Base' introuvable.
Erreur dans le fichier ./CSV3\bulletins\bulletins_propres\table_page_191.csv: En-tête '6094Base' introuvable.
Erreur dans le fichier ./CSV3\bulletins\bulletins_propres\table_page_191.csv: En-tête 'Total Charges Ded.Base' introuvable.
Erreur dans le fichier ./CSV3\bulletins\bulletins_propres\table_page_191.csv: En-tête '6080Base' introuvable.
Erreur dans le fichier ./CSV3\bulletins\bulletins_propres\table_page_191.csv: En-tête '6084Base' introuvable.
Erreur dans le fichier ./CSV3\bulletins\bulletins_propres\table_page_191.csv: En-tête '6092Base' introuvable.
Erreur dans le fichier ./CSV3\bulletins\bulletins_propres\table_page_191.csv: En-tête '6096Base' introuvable.
Erreur dans le fichier ./CSV3\bulletins\bulletins_propres\table_page_191.csv: En-tête 'Total Charges Non Ded.Base' introuvable.
Erreur dans le fichier ./CSV3\bulletins\bulletins_propres\table_page_191.csv: En-tête '8009Base' introuvable.
Erreur dans le fichier ./CSV3\bulletins\bulletins_propres\table_page_191.csv: En-tête '8010Base' introuvable.
Erreur dans le fichier ./CSV3\bulletins\bulletins_propres\table_page_193.csv: En-tête '1001Base' introuvable.
Erreur dans le fichier ./CSV3\bulletins\bulletins_propres\table_page_193.csv: En-tête '2012Base' introuvable.
Erreur dans le fichier ./CSV3\bulletins\bulletins_propres\table_page_193.csv: En-tête 'Base' introuvable.
Erreur dans le fichier ./CSV3\bulletins\bulletins_propres\table_page_193.csv: En-tête '2068Base' introuvable.
Erreur dans le fichier ./CSV3\bulletins\bulletins_propres\table_page_193.csv: En-tête 'Base' introuvable.
Erreur dans le fichier ./CSV3\bulletins\bulletins_propres\table_page_193.csv: En-tête '2078Base' introuvable.
Erreur dans le fichier ./CSV3\bulletins\bulletins_propres\table_page_193.csv: En-tête '3310Base' introuvable.
Erreur dans le fichier ./CSV3\bulletins\bulletins_propres\table_page_193.csv: En-tête '3315Base' introuvable.
Erreur dans le fichier ./CSV3\bulletins\bulletins_propres\table_page_193.csv: En-tête '3404Base' introuvable.
Erreur dans le fichier ./CSV3\bulletins\bulletins_propres\table_page_193.csv: En-tête '3406Base' introuvable.
Erreur dans le fichier ./CSV3\bulletins\bulletins_propres\table_page_193.csv: En-tête '3B80Base' introuvable.
Erreur dans le fichier ./CSV3\bulletins\bulletins_propres\table_page_193.csv: En-tête '3B82Base' introuvable.
Erreur dans le fichier ./CSV3\bulletins\bulletins_propres\table_page_193.csv: En-tête 'Base' introuvable.
Erreur dans le fichier ./CSV3\bulletins\bulletins_propres\table_page_193.csv: En-tête 'TOTAL BRUTBase' introuvable.
Erreur dans le fichier ./CSV3\bulletins\bulletins_propres\table_page_193.csv: En-tête '60F2Base' introuvable.
Erreur dans le fichier ./CSV3\bulletins\bulletins_propres\table_page_193.csv: En-tête '7001Base' introuvable.
Erreur dans le fichier ./CSV3\bulletins\bulletins_propres\table_page_193.csv: En-tête '7010Base' introuvable.
Erreur dans le fichier ./CSV3\bulletins\bulletins_propres\table_page_193.csv: En-tête '7015Base' introuvable.
Erreur dans le fichier ./CSV3\bulletins\bulletins_propres\table_page_193.csv: En-tête 'Base' introuvable.
Erreur dans le fichier ./CSV3\bulletins\bulletins_propres\table_page_193.csv: En-tête '7020Base' introuvable.
Erreur dans le fichier ./CSV3\bulletins\bulletins_propres\table_page_193.csv: En-tête 'Base' introuvable.
Erreur dans le fichier ./CSV3\bulletins\bulletins_propres\table_page_193.csv: En-tête '7030Base' introuvable.
Erreur dans le fichier ./CSV3\bulletins\bulletins_propres\table_page_193.csv: En-tête 'Base' introuvable.
Erreur dans le fichier ./CSV3\bulletins\bulletins_propres\table_page_193.csv: En-tête '7035Base' introuvable.
Erreur dans le fichier ./CSV3\bulletins\bulletins_propres\table_page_193.csv: En-tête 'Base' introuvable.
Erreur dans le fichier ./CSV3\bulletins\bulletins_propres\table_page_193.csv: En-tête '7040Base' introuvable.
Erreur dans le fichier ./CSV3\bulletins\bulletins_propres\table_page_193.csv: En-tête '7045Base' introuvable.
Erreur dans le fichier ./CSV3\bulletins\bulletins_propres\table_page_193.csv: En-tête '7050Base' introuvable.
Erreur dans le fichier ./CSV3\bulletins\bulletins_propres\table_page_193.csv: En-tête '7055Base' introuvable.
Erreur dans le fichier ./CSV3\bulletins\bulletins_propres\table_page_193.csv: En-tête '7C00Base' introuvable.
Erreur dans le fichier ./CSV3\bulletins\bulletins_propres\table_page_193.csv: En-tête '7C10Base' introuvable.
Erreur dans le fichier ./CSV3\bulletins\bulletins_propres\table_page_193.csv: En-tête '7C20Base' introuvable.
Erreur dans le fichier ./CSV3\bulletins\bulletins_propres\table_page_193.csv: En-tête '7M05Base' introuvable.
Erreur dans le fichier ./CSV3\bulletins\bulletins_propres\table_page_193.csv: En-tête '7P20Base' introuvable.
Erreur dans le fichier ./CSV3\bulletins\bulletins_propres\table_page_193.csv: En-tête '7P25Base' introuvable.
Erreur dans le fichier ./CSV3\bulletins\bulletins_propres\table_page_193.csv: En-tête '7R44Base' introuvable.
Erreur dans le fichier ./CSV3\bulletins\bulletins_propres\table_page_193.csv: En-tête 'Base' introuvable.
Erreur dans le fichier ./CSV3\bulletins\bulletins_propres\table_page_193.csv: En-tête '7R45Base' introuvable.
Erreur dans le fichier ./CSV3\bulletins\bulletins_propres\table_page_193.csv: En-tête 'Base' introuvable.
Erreur dans le fichier ./CSV3\bulletins\bulletins_propres\table_page_193.csv: En-tête '7R53Base' introuvable.
Erreur dans le fichier ./CSV3\bulletins\bulletins_propres\table_page_193.csv: En-tête 'Base' introuvable.
Erreur dans le fichier ./CSV3\bulletins\bulletins_propres\table_page_193.csv: En-tête '7R54Base' introuvable.
Erreur dans le fichier ./CSV3\bulletins\bulletins_propres\table_page_193.csv: En-tête '7R63Base' introuvable.
Erreur dans le fichier ./CSV3\bulletins\bulletins_propres\table_page_193.csv: En-tête '7R64Base' introuvable.
Erreur dans le fichier ./CSV3\bulletins\bulletins_propres\table_page_193.csv: En-tête '7R70Base' introuvable.
Erreur dans le fichier ./CSV3\bulletins\bulletins_propres\table_page_193.csv: En-tête '7R71Base' introuvable.
Erreur dans le fichier ./CSV3\bulletins\bulletins_propres\table_page_193.csv: En-tête '7T00Base' introuvable.
Erreur dans le fichier ./CSV3\bulletins\bulletins_propres\table_page_193.csv: En-tête '7T02Base' introuvable.
Erreur dans le fichier ./CSV3\bulletins\bulletins_propres\table_page_193.csv: En-tête '7T05Base' introuvable.
Erreur dans le fichier ./CSV3\bulletins\bulletins_propres\table_page_193.csv: En-tête '7T10Base' introuvable.
Erreur dans le fichier ./CSV3\bulletins\bulletins_propres\table_page_193.csv: En-tête '7T15Base' introuvable.
Erreur dans le fichier ./CSV3\bulletins\bulletins_propres\table_page_193.csv: En-tête '7T20Base' introuvable.
Erreur dans le fichier ./CSV3\bulletins\bulletins_propres\table_page_193.csv: En-tête '6082Base' introuvable.
Erreur dans le fichier ./CSV3\bulletins\bulletins_propres\table_page_193.csv: En-tête '6094Base' introuvable.
Erreur dans le fichier ./CSV3\bulletins\bulletins_propres\table_page_193.csv: En-tête 'Total Charges Ded.Base' introuvable.
Erreur dans le fichier ./CSV3\bulletins\bulletins_propres\table_page_193.csv: En-tête '6080Base' introuvable.
Erreur dans le fichier ./CSV3\bulletins\bulletins_propres\table_page_193.csv: En-tête '6084Base' introuvable.
Erreur dans le fichier ./CSV3\bulletins\bulletins_propres\table_page_193.csv: En-tête '6092Base' introuvable.
Erreur dans le fichier ./CSV3\bulletins\bulletins_propres\table_page_193.csv: En-tête '6096Base' introuvable.
Erreur dans le fichier ./CSV3\bulletins\bulletins_propres\table_page_193.csv: En-tête '60F1Base' introuvable.
Erreur dans le fichier ./CSV3\bulletins\bulletins_propres\table_page_193.csv: En-tête '60F3Base' introuvable.
Erreur dans le fichier ./CSV3\bulletins\bulletins_propres\table_page_193.csv: En-tête '60F4Base' introuvable.
Erreur dans le fichier ./CSV3\bulletins\bulletins_propres\table_page_193.csv: En-tête '60F8Base' introuvable.
Erreur dans le fichier ./CSV3\bulletins\bulletins_propres\table_page_193.csv: En-tête '60F9Base' introuvable.
Erreur dans le fichier ./CSV3\bulletins\bulletins_propres\table_page_193.csv: En-tête 'Total Charges Non Ded.Base' introuvable.
Erreur dans le fichier ./CSV3\bulletins\bulletins_propres\table_page_193.csv: En-tête '8009Base' introuvable.
Erreur dans le fichier ./CSV3\bulletins\bulletins_propres\table_page_195.csv: En-tête '1001Base' introuvable.
Erreur dans le fichier ./CSV3\bulletins\bulletins_propres\table_page_195.csv: En-tête '2012Base' introuvable.
Erreur dans le fichier ./CSV3\bulletins\bulletins_propres\table_page_195.csv: En-tête 'Base' introuvable.
Erreur dans le fichier ./CSV3\bulletins\bulletins_propres\table_page_195.csv: En-tête '3050Base' introuvable.
Erreur dans le fichier ./CSV3\bulletins\bulletins_propres\table_page_195.csv: En-tête 'Base' introuvable.
Erreur dans le fichier ./CSV3\bulletins\bulletins_propres\table_page_195.csv: En-tête '3060Base' introuvable.
Erreur dans le fichier ./CSV3\bulletins\bulletins_propres\table_page_195.csv: En-tête '3310Base' introuvable.
Erreur dans le fichier ./CSV3\bulletins\bulletins_propres\table_page_195.csv: En-tête '3315Base' introuvable.
Erreur dans le fichier ./CSV3\bulletins\bulletins_propres\table_page_195.csv: En-tête '3404Base' introuvable.
Erreur dans le fichier ./CSV3\bulletins\bulletins_propres\table_page_195.csv: En-tête '3406Base' introuvable.
Erreur dans le fichier ./CSV3\bulletins\bulletins_propres\table_page_195.csv: En-tête 'Base' introuvable.
Erreur dans le fichier ./CSV3\bulletins\bulletins_propres\table_page_195.csv: En-tête 'TOTAL BRUTBase' introuvable.
Erreur dans le fichier ./CSV3\bulletins\bulletins_propres\table_page_195.csv: En-tête '7001Base' introuvable.
Erreur dans le fichier ./CSV3\bulletins\bulletins_propres\table_page_195.csv: En-tête '7002Base' introuvable.
Erreur dans le fichier ./CSV3\bulletins\bulletins_propres\table_page_195.csv: En-tête '7010Base' introuvable.
Erreur dans le fichier ./CSV3\bulletins\bulletins_propres\table_page_195.csv: En-tête '7015Base' introuvable.
Erreur dans le fichier ./CSV3\bulletins\bulletins_propres\table_page_195.csv: En-tête '7020Base' introuvable.
Erreur dans le fichier ./CSV3\bulletins\bulletins_propres\table_page_195.csv: En-tête '7030Base' introuvable.
Erreur dans le fichier ./CSV3\bulletins\bulletins_propres\table_page_195.csv: En-tête 'Base' introuvable.
Erreur dans le fichier ./CSV3\bulletins\bulletins_propres\table_page_195.csv: En-tête '7035Base' introuvable.
Erreur dans le fichier ./CSV3\bulletins\bulletins_propres\table_page_195.csv: En-tête 'Base' introuvable.
Erreur dans le fichier ./CSV3\bulletins\bulletins_propres\table_page_195.csv: En-tête '7040Base' introuvable.
Erreur dans le fichier ./CSV3\bulletins\bulletins_propres\table_page_195.csv: En-tête 'Base' introuvable.
Erreur dans le fichier ./CSV3\bulletins\bulletins_propres\table_page_195.csv: En-tête '7045Base' introuvable.
Erreur dans le fichier ./CSV3\bulletins\bulletins_propres\table_page_195.csv: En-tête 'Base' introuvable.
Erreur dans le fichier ./CSV3\bulletins\bulletins_propres\table_page_195.csv: En-tête '7050Base' introuvable.
Erreur dans le fichier ./CSV3\bulletins\bulletins_propres\table_page_195.csv: En-tête '7055Base' introuvable.
Erreur dans le fichier ./CSV3\bulletins\bulletins_propres\table_page_195.csv: En-tête '7C00Base' introuvable.
Erreur dans le fichier ./CSV3\bulletins\bulletins_propres\table_page_195.csv: En-tête '7C10Base' introuvable.
Erreur dans le fichier ./CSV3\bulletins\bulletins_propres\table_page_195.csv: En-tête '7C20Base' introuvable.
Erreur dans le fichier ./CSV3\bulletins\bulletins_propres\table_page_195.csv: En-tête '7M05Base' introuvable.
Erreur dans le fichier ./CSV3\bulletins\bulletins_propres\table_page_195.csv: En-tête '7P20Base' introuvable.
Erreur dans le fichier ./CSV3\bulletins\bulletins_propres\table_page_195.csv: En-tête '7P25Base' introuvable.
Erreur dans le fichier ./CSV3\bulletins\bulletins_propres\table_page_195.csv: En-tête '7R44Base' introuvable.
Erreur dans le fichier ./CSV3\bulletins\bulletins_propres\table_page_195.csv: En-tête '7R45Base' introuvable.
Erreur dans le fichier ./CSV3\bulletins\bulletins_propres\table_page_195.csv: En-tête '7R53Base' introuvable.
Erreur dans le fichier ./CSV3\bulletins\bulletins_propres\table_page_195.csv: En-tête 'Base' introuvable.
Erreur dans le fichier ./CSV3\bulletins\bulletins_propres\table_page_195.csv: En-tête '7R54Base' introuvable.
Erreur dans le fichier ./CSV3\bulletins\bulletins_propres\table_page_195.csv: En-tête 'Base' introuvable.
Erreur dans le fichier ./CSV3\bulletins\bulletins_propres\table_page_195.csv: En-tête '7R63Base' introuvable.
Erreur dans le fichier ./CSV3\bulletins\bulletins_propres\table_page_195.csv: En-tête 'Base' introuvable.
Erreur dans le fichier ./CSV3\bulletins\bulletins_propres\table_page_195.csv: En-tête '7R64Base' introuvable.
Erreur dans le fichier ./CSV3\bulletins\bulletins_propres\table_page_195.csv: En-tête 'Base' introuvable.
Erreur dans le fichier ./CSV3\bulletins\bulletins_propres\table_page_195.csv: En-tête '7R70Base' introuvable.
Erreur dans le fichier ./CSV3\bulletins\bulletins_propres\table_page_195.csv: En-tête 'Base' introuvable.
Erreur dans le fichier ./CSV3\bulletins\bulletins_propres\table_page_195.csv: En-tête '7R71Base' introuvable.
Erreur dans le fichier ./CSV3\bulletins\bulletins_propres\table_page_195.csv: En-tête '7T00Base' introuvable.
Erreur dans le fichier ./CSV3\bulletins\bulletins_propres\table_page_195.csv: En-tête '7T02Base' introuvable.
Erreur dans le fichier ./CSV3\bulletins\bulletins_propres\table_page_195.csv: En-tête '7T05Base' introuvable.
Erreur dans le fichier ./CSV3\bulletins\bulletins_propres\table_page_195.csv: En-tête '7T10Base' introuvable.
Erreur dans le fichier ./CSV3\bulletins\bulletins_propres\table_page_195.csv: En-tête '7T15Base' introuvable.
Erreur dans le fichier ./CSV3\bulletins\bulletins_propres\table_page_195.csv: En-tête '7T20Base' introuvable.
Erreur dans le fichier ./CSV3\bulletins\bulletins_propres\table_page_195.csv: En-tête '6082Base' introuvable.
Erreur dans le fichier ./CSV3\bulletins\bulletins_propres\table_page_195.csv: En-tête '6094Base' introuvable.
Erreur dans le fichier ./CSV3\bulletins\bulletins_propres\table_page_195.csv: En-tête 'Total Charges Ded.Base' introuvable.
Erreur dans le fichier ./CSV3\bulletins\bulletins_propres\table_page_195.csv: En-tête '6080Base' introuvable.
Erreur dans le fichier ./CSV3\bulletins\bulletins_propres\table_page_195.csv: En-tête '6084Base' introuvable.
Erreur dans le fichier ./CSV3\bulletins\bulletins_propres\table_page_195.csv: En-tête '6092Base' introuvable.
Erreur dans le fichier ./CSV3\bulletins\bulletins_propres\table_page_195.csv: En-tête '6096Base' introuvable.
Erreur dans le fichier ./CSV3\bulletins\bulletins_propres\table_page_195.csv: En-tête 'Total Charges Non Ded.Base' introuvable.
Erreur dans le fichier ./CSV3\bulletins\bulletins_propres\table_page_195.csv: En-tête '8009Base' introuvable.
Erreur dans le fichier ./CSV3\bulletins\bulletins_propres\table_page_195.csv: En-tête '8010Base' introuvable.
Erreur dans le fichier ./CSV3\bulletins\bulletins_propres\table_page_195.csv: En-tête '8007Base' introuvable.
Erreur dans le fichier ./CSV3\bulletins\bulletins_propres\table_page_197.csv: En-tête '1002Base' introuvable.
Erreur dans le fichier ./CSV3\bulletins\bulletins_propres\table_page_197.csv: En-tête '2012Base' introuvable.
Erreur dans le fichier ./CSV3\bulletins\bulletins_propres\table_page_197.csv: En-tête 'Base' introuvable.
Erreur dans le fichier ./CSV3\bulletins\bulletins_propres\table_page_197.csv: En-tête '2068Base' introuvable.
Erreur dans le fichier ./CSV3\bulletins\bulletins_propres\table_page_197.csv: En-tête 'Base' introuvable.
Erreur dans le fichier ./CSV3\bulletins\bulletins_propres\table_page_197.csv: En-tête '3270Base' introuvable.
Erreur dans le fichier ./CSV3\bulletins\bulletins_propres\table_page_197.csv: En-tête '3275Base' introuvable.
Erreur dans le fichier ./CSV3\bulletins\bulletins_propres\table_page_197.csv: En-tête '3280Base' introuvable.
Erreur dans le fichier ./CSV3\bulletins\bulletins_propres\table_page_197.csv: En-tête '3285Base' introuvable.
Erreur dans le fichier ./CSV3\bulletins\bulletins_propres\table_page_197.csv: En-tête 'Base' introuvable.
Erreur dans le fichier ./CSV3\bulletins\bulletins_propres\table_page_197.csv: En-tête 'TOTAL BRUTBase' introuvable.
Erreur dans le fichier ./CSV3\bulletins\bulletins_propres\table_page_197.csv: En-tête '7001Base' introuvable.
Erreur dans le fichier ./CSV3\bulletins\bulletins_propres\table_page_197.csv: En-tête '7002Base' introuvable.
Erreur dans le fichier ./CSV3\bulletins\bulletins_propres\table_page_197.csv: En-tête '7010Base' introuvable.
Erreur dans le fichier ./CSV3\bulletins\bulletins_propres\table_page_197.csv: En-tête '7015Base' introuvable.
Erreur dans le fichier ./CSV3\bulletins\bulletins_propres\table_page_197.csv: En-tête '7020Base' introuvable.
Erreur dans le fichier ./CSV3\bulletins\bulletins_propres\table_page_197.csv: En-tête '7025Base' introuvable.
Erreur dans le fichier ./CSV3\bulletins\bulletins_propres\table_page_197.csv: En-tête '7030Base' introuvable.
Erreur dans le fichier ./CSV3\bulletins\bulletins_propres\table_page_197.csv: En-tête 'Base' introuvable.
Erreur dans le fichier ./CSV3\bulletins\bulletins_propres\table_page_197.csv: En-tête '7035Base' introuvable.
Erreur dans le fichier ./CSV3\bulletins\bulletins_propres\table_page_197.csv: En-tête 'Base' introuvable.
Erreur dans le fichier ./CSV3\bulletins\bulletins_propres\table_page_197.csv: En-tête '7040Base' introuvable.
Erreur dans le fichier ./CSV3\bulletins\bulletins_propres\table_page_197.csv: En-tête 'Base' introuvable.
Erreur dans le fichier ./CSV3\bulletins\bulletins_propres\table_page_197.csv: En-tête '7045Base' introuvable.
Erreur dans le fichier ./CSV3\bulletins\bulletins_propres\table_page_197.csv: En-tête 'Base' introuvable.
Erreur dans le fichier ./CSV3\bulletins\bulletins_propres\table_page_197.csv: En-tête '7050Base' introuvable.
Erreur dans le fichier ./CSV3\bulletins\bulletins_propres\table_page_197.csv: En-tête '7055Base' introuvable.
Erreur dans le fichier ./CSV3\bulletins\bulletins_propres\table_page_197.csv: En-tête '7C00Base' introuvable.
Erreur dans le fichier ./CSV3\bulletins\bulletins_propres\table_page_197.csv: En-tête '7C10Base' introuvable.
Erreur dans le fichier ./CSV3\bulletins\bulletins_propres\table_page_197.csv: En-tête '7C20Base' introuvable.
Erreur dans le fichier ./CSV3\bulletins\bulletins_propres\table_page_197.csv: En-tête '7M05Base' introuvable.
Erreur dans le fichier ./CSV3\bulletins\bulletins_propres\table_page_197.csv: En-tête '7P20Base' introuvable.
Erreur dans le fichier ./CSV3\bulletins\bulletins_propres\table_page_197.csv: En-tête '7P25Base' introuvable.
Erreur dans le fichier ./CSV3\bulletins\bulletins_propres\table_page_197.csv: En-tête '7R44Base' introuvable.
Erreur dans le fichier ./CSV3\bulletins\bulletins_propres\table_page_197.csv: En-tête '7R45Base' introuvable.
Erreur dans le fichier ./CSV3\bulletins\bulletins_propres\table_page_197.csv: En-tête '7R53Base' introuvable.
Erreur dans le fichier ./CSV3\bulletins\bulletins_propres\table_page_197.csv: En-tête 'Base' introuvable.
Erreur dans le fichier ./CSV3\bulletins\bulletins_propres\table_page_197.csv: En-tête '7R54Base' introuvable.
Erreur dans le fichier ./CSV3\bulletins\bulletins_propres\table_page_197.csv: En-tête 'Base' introuvable.
Erreur dans le fichier ./CSV3\bulletins\bulletins_propres\table_page_197.csv: En-tête '7R63Base' introuvable.
Erreur dans le fichier ./CSV3\bulletins\bulletins_propres\table_page_197.csv: En-tête '7R64Base' introuvable.
Erreur dans le fichier ./CSV3\bulletins\bulletins_propres\table_page_197.csv: En-tête '7R70Base' introuvable.
Erreur dans le fichier ./CSV3\bulletins\bulletins_propres\table_page_197.csv: En-tête '7R71Base' introuvable.
Erreur dans le fichier ./CSV3\bulletins\bulletins_propres\table_page_197.csv: En-tête '7T00Base' introuvable.
Erreur dans le fichier ./CSV3\bulletins\bulletins_propres\table_page_197.csv: En-tête '7T02Base' introuvable.
Erreur dans le fichier ./CSV3\bulletins\bulletins_propres\table_page_197.csv: En-tête '7T05Base' introuvable.
Erreur dans le fichier ./CSV3\bulletins\bulletins_propres\table_page_197.csv: En-tête '7T10Base' introuvable.
Erreur dans le fichier ./CSV3\bulletins\bulletins_propres\table_page_197.csv: En-tête '7T15Base' introuvable.
Erreur dans le fichier ./CSV3\bulletins\bulletins_propres\table_page_197.csv: En-tête '7T20Base' introuvable.
Erreur dans le fichier ./CSV3\bulletins\bulletins_propres\table_page_197.csv: En-tête '6082Base' introuvable.
Erreur dans le fichier ./CSV3\bulletins\bulletins_propres\table_page_197.csv: En-tête '6094Base' introuvable.
Erreur dans le fichier ./CSV3\bulletins\bulletins_propres\table_page_197.csv: En-tête 'Total Charges Ded.Base' introuvable.
Erreur dans le fichier ./CSV3\bulletins\bulletins_propres\table_page_197.csv: En-tête '6080Base' introuvable.
Erreur dans le fichier ./CSV3\bulletins\bulletins_propres\table_page_197.csv: En-tête '6084Base' introuvable.
Erreur dans le fichier ./CSV3\bulletins\bulletins_propres\table_page_197.csv: En-tête '6092Base' introuvable.
Erreur dans le fichier ./CSV3\bulletins\bulletins_propres\table_page_197.csv: En-tête '6096Base' introuvable.
Erreur dans le fichier ./CSV3\bulletins\bulletins_propres\table_page_197.csv: En-tête 'Total Charges Non Ded.Base' introuvable.
Erreur dans le fichier ./CSV3\bulletins\bulletins_propres\table_page_197.csv: En-tête '8009Base' introuvable.
Erreur dans le fichier ./CSV3\bulletins\bulletins_propres\table_page_197.csv: En-tête '8010Base' introuvable.
Erreur dans le fichier ./CSV3\bulletins\bulletins_propres\table_page_197.csv: En-tête '8007Base' introuvable.
Erreur dans le fichier ./CSV3\bulletins\bulletins_propres\table_page_197.csv: En-tête '8020Base' introuvable.
Erreur dans le fichier ./CSV3\bulletins\bulletins_propres\table_page_199.csv: En-tête '1001Base' introuvable.
Erreur dans le fichier ./CSV3\bulletins\bulletins_propres\table_page_199.csv: En-tête '1046Base' introuvable.
Erreur dans le fichier ./CSV3\bulletins\bulletins_propres\table_page_199.csv: En-tête 'Base' introuvable.
Erreur dans le fichier ./CSV3\bulletins\bulletins_propres\table_page_199.csv: En-tête '2012Base' introuvable.
Erreur dans le fichier ./CSV3\bulletins\bulletins_propres\table_page_199.csv: En-tête 'Base' introuvable.
Erreur dans le fichier ./CSV3\bulletins\bulletins_propres\table_page_199.csv: En-tête '2018Base' introuvable.
Erreur dans le fichier ./CSV3\bulletins\bulletins_propres\table_page_199.csv: En-tête '2068Base' introuvable.
Erreur dans le fichier ./CSV3\bulletins\bulletins_propres\table_page_199.csv: En-tête '2078Base' introuvable.
Erreur dans le fichier ./CSV3\bulletins\bulletins_propres\table_page_199.csv: En-tête '2082Base' introuvable.
Erreur dans le fichier ./CSV3\bulletins\bulletins_propres\table_page_199.csv: En-tête '3006Base' introuvable.
Erreur dans le fichier ./CSV3\bulletins\bulletins_propres\table_page_199.csv: En-tête 'Base' introuvable.
Erreur dans le fichier ./CSV3\bulletins\bulletins_propres\table_page_199.csv: En-tête 'TOTAL BRUTBase' introuvable.
Erreur dans le fichier ./CSV3\bulletins\bulletins_propres\table_page_199.csv: En-tête '6S89Base' introuvable.
Erreur dans le fichier ./CSV3\bulletins\bulletins_propres\table_page_199.csv: En-tête '7001Base' introuvable.
Erreur dans le fichier ./CSV3\bulletins\bulletins_propres\table_page_199.csv: En-tête '7002Base' introuvable.
Erreur dans le fichier ./CSV3\bulletins\bulletins_propres\table_page_199.csv: En-tête '7010Base' introuvable.
Erreur dans le fichier ./CSV3\bulletins\bulletins_propres\table_page_199.csv: En-tête '7015Base' introuvable.
Erreur dans le fichier ./CSV3\bulletins\bulletins_propres\table_page_199.csv: En-tête '7020Base' introuvable.
Erreur dans le fichier ./CSV3\bulletins\bulletins_propres\table_page_199.csv: En-tête 'Base' introuvable.
Erreur dans le fichier ./CSV3\bulletins\bulletins_propres\table_page_199.csv: En-tête '7030Base' introuvable.
Erreur dans le fichier ./CSV3\bulletins\bulletins_propres\table_page_199.csv: En-tête 'Base' introuvable.
Erreur dans le fichier ./CSV3\bulletins\bulletins_propres\table_page_199.csv: En-tête '7035Base' introuvable.
Erreur dans le fichier ./CSV3\bulletins\bulletins_propres\table_page_199.csv: En-tête 'Base' introuvable.
Erreur dans le fichier ./CSV3\bulletins\bulletins_propres\table_page_199.csv: En-tête '7040Base' introuvable.
Erreur dans le fichier ./CSV3\bulletins\bulletins_propres\table_page_199.csv: En-tête 'Base' introuvable.
Erreur dans le fichier ./CSV3\bulletins\bulletins_propres\table_page_199.csv: En-tête '7045Base' introuvable.
Erreur dans le fichier ./CSV3\bulletins\bulletins_propres\table_page_199.csv: En-tête '7050Base' introuvable.
Erreur dans le fichier ./CSV3\bulletins\bulletins_propres\table_page_199.csv: En-tête '7055Base' introuvable.
Erreur dans le fichier ./CSV3\bulletins\bulletins_propres\table_page_199.csv: En-tête '7C00Base' introuvable.
Erreur dans le fichier ./CSV3\bulletins\bulletins_propres\table_page_199.csv: En-tête '7C20Base' introuvable.
Erreur dans le fichier ./CSV3\bulletins\bulletins_propres\table_page_199.csv: En-tête '7M05Base' introuvable.
Erreur dans le fichier ./CSV3\bulletins\bulletins_propres\table_page_199.csv: En-tête '7P10Base' introuvable.
Erreur dans le fichier ./CSV3\bulletins\bulletins_propres\table_page_199.csv: En-tête '7R56Base' introuvable.
Erreur dans le fichier ./CSV3\bulletins\bulletins_propres\table_page_199.csv: En-tête '7R63Base' introuvable.
Erreur dans le fichier ./CSV3\bulletins\bulletins_propres\table_page_199.csv: En-tête '7T00Base' introuvable.
Erreur dans le fichier ./CSV3\bulletins\bulletins_propres\table_page_199.csv: En-tête '7T02Base' introuvable.
Erreur dans le fichier ./CSV3\bulletins\bulletins_propres\table_page_199.csv: En-tête 'Base' introuvable.
Erreur dans le fichier ./CSV3\bulletins\bulletins_propres\table_page_199.csv: En-tête '7T05Base' introuvable.
Erreur dans le fichier ./CSV3\bulletins\bulletins_propres\table_page_199.csv: En-tête '7T10Base' introuvable.
Erreur dans le fichier ./CSV3\bulletins\bulletins_propres\table_page_199.csv: En-tête '7T15Base' introuvable.
Erreur dans le fichier ./CSV3\bulletins\bulletins_propres\table_page_199.csv: En-tête '7T20Base' introuvable.
Erreur dans le fichier ./CSV3\bulletins\bulletins_propres\table_page_199.csv: En-tête '6082Base' introuvable.
Erreur dans le fichier ./CSV3\bulletins\bulletins_propres\table_page_199.csv: En-tête '6094Base' introuvable.
Erreur dans le fichier ./CSV3\bulletins\bulletins_propres\table_page_199.csv: En-tête 'Total Charges Ded.Base' introuvable.
Erreur dans le fichier ./CSV3\bulletins\bulletins_propres\table_page_199.csv: En-tête '6070Base' introuvable.
Erreur dans le fichier ./CSV3\bulletins\bulletins_propres\table_page_199.csv: En-tête '6074Base' introuvable.
Erreur dans le fichier ./CSV3\bulletins\bulletins_propres\table_page_199.csv: En-tête '6080Base' introuvable.
Erreur dans le fichier ./CSV3\bulletins\bulletins_propres\table_page_199.csv: En-tête '6084Base' introuvable.
Erreur dans le fichier ./CSV3\bulletins\bulletins_propres\table_page_199.csv: En-tête '6092Base' introuvable.
Erreur dans le fichier ./CSV3\bulletins\bulletins_propres\table_page_199.csv: En-tête '6096Base' introuvable.
Erreur dans le fichier ./CSV3\bulletins\bulletins_propres\table_page_199.csv: En-tête 'Total Charges Non Ded.Base' introuvable.
Erreur dans le fichier ./CSV3\bulletins\bulletins_propres\table_page_199.csv: En-tête '8009Base' introuvable.
Erreur dans le fichier ./CSV3\bulletins\bulletins_propres\table_page_199.csv: En-tête '8010Base' introuvable.
Erreur dans le fichier ./CSV3\bulletins\bulletins_propres\table_page_199.csv: En-tête '8007Base' introuvable.
Erreur dans le fichier ./CSV3\bulletins\bulletins_propres\table_page_199.csv: En-tête '8192Base' introuvable.
Erreur dans le fichier ./CSV3\bulletins\bulletins_propres\table_page_199.csv: En-tête '8190Base' introuvable.
Erreur dans le fichier ./CSV3\bulletins\bulletins_propres\table_page_201.csv: En-tête '1001Base' introuvable.
Erreur dans le fichier ./CSV3\bulletins\bulletins_propres\table_page_201.csv: En-tête '2012Base' introuvable.
Erreur dans le fichier ./CSV3\bulletins\bulletins_propres\table_page_201.csv: En-tête 'Base' introuvable.
Erreur dans le fichier ./CSV3\bulletins\bulletins_propres\table_page_201.csv: En-tête '2068Base' introuvable.
Erreur dans le fichier ./CSV3\bulletins\bulletins_propres\table_page_201.csv: En-tête 'Base' introuvable.
Erreur dans le fichier ./CSV3\bulletins\bulletins_propres\table_page_201.csv: En-tête '3404Base' introuvable.
Erreur dans le fichier ./CSV3\bulletins\bulletins_propres\table_page_201.csv: En-tête '3406Base' introuvable.
Erreur dans le fichier ./CSV3\bulletins\bulletins_propres\table_page_201.csv: En-tête 'Base' introuvable.
Erreur dans le fichier ./CSV3\bulletins\bulletins_propres\table_page_201.csv: En-tête 'TOTAL BRUTBase' introuvable.
Erreur dans le fichier ./CSV3\bulletins\bulletins_propres\table_page_201.csv: En-tête '7001Base' introuvable.
Erreur dans le fichier ./CSV3\bulletins\bulletins_propres\table_page_201.csv: En-tête '7002Base' introuvable.
Erreur dans le fichier ./CSV3\bulletins\bulletins_propres\table_page_201.csv: En-tête '7010Base' introuvable.
Erreur dans le fichier ./CSV3\bulletins\bulletins_propres\table_page_201.csv: En-tête '7015Base' introuvable.
Erreur dans le fichier ./CSV3\bulletins\bulletins_propres\table_page_201.csv: En-tête '7020Base' introuvable.
Erreur dans le fichier ./CSV3\bulletins\bulletins_propres\table_page_201.csv: En-tête '7030Base' introuvable.
Erreur dans le fichier ./CSV3\bulletins\bulletins_propres\table_page_201.csv: En-tête '7035Base' introuvable.
Erreur dans le fichier ./CSV3\bulletins\bulletins_propres\table_page_201.csv: En-tête '7040Base' introuvable.
Erreur dans le fichier ./CSV3\bulletins\bulletins_propres\table_page_201.csv: En-tête '7045Base' introuvable.
Erreur dans le fichier ./CSV3\bulletins\bulletins_propres\table_page_201.csv: En-tête 'Base' introuvable.
Erreur dans le fichier ./CSV3\bulletins\bulletins_propres\table_page_201.csv: En-tête '7050Base' introuvable.
Erreur dans le fichier ./CSV3\bulletins\bulletins_propres\table_page_201.csv: En-tête 'Base' introuvable.
Erreur dans le fichier ./CSV3\bulletins\bulletins_propres\table_page_201.csv: En-tête '7055Base' introuvable.
Erreur dans le fichier ./CSV3\bulletins\bulletins_propres\table_page_201.csv: En-tête 'Base' introuvable.
Erreur dans le fichier ./CSV3\bulletins\bulletins_propres\table_page_201.csv: En-tête '7C00Base' introuvable.
Erreur dans le fichier ./CSV3\bulletins\bulletins_propres\table_page_201.csv: En-tête 'Base' introuvable.
Erreur dans le fichier ./CSV3\bulletins\bulletins_propres\table_page_201.csv: En-tête '7C10Base' introuvable.
Erreur dans le fichier ./CSV3\bulletins\bulletins_propres\table_page_201.csv: En-tête '7C20Base' introuvable.
Erreur dans le fichier ./CSV3\bulletins\bulletins_propres\table_page_201.csv: En-tête '7M05Base' introuvable.
Erreur dans le fichier ./CSV3\bulletins\bulletins_propres\table_page_201.csv: En-tête '7P20Base' introuvable.
Erreur dans le fichier ./CSV3\bulletins\bulletins_propres\table_page_201.csv: En-tête '7P25Base' introuvable.
Erreur dans le fichier ./CSV3\bulletins\bulletins_propres\table_page_201.csv: En-tête '7R44Base' introuvable.
Erreur dans le fichier ./CSV3\bulletins\bulletins_propres\table_page_201.csv: En-tête '7R45Base' introuvable.
Erreur dans le fichier ./CSV3\bulletins\bulletins_propres\table_page_201.csv: En-tête '7R53Base' introuvable.
Erreur dans le fichier ./CSV3\bulletins\bulletins_propres\table_page_201.csv: En-tête '7R54Base' introuvable.
Erreur dans le fichier ./CSV3\bulletins\bulletins_propres\table_page_201.csv: En-tête '7R63Base' introuvable.
Erreur dans le fichier ./CSV3\bulletins\bulletins_propres\table_page_201.csv: En-tête '7R64Base' introuvable.
Erreur dans le fichier ./CSV3\bulletins\bulletins_propres\table_page_201.csv: En-tête 'Base' introuvable.
Erreur dans le fichier ./CSV3\bulletins\bulletins_propres\table_page_201.csv: En-tête '7R70Base' introuvable.
Erreur dans le fichier ./CSV3\bulletins\bulletins_propres\table_page_201.csv: En-tête 'Base' introuvable.
Erreur dans le fichier ./CSV3\bulletins\bulletins_propres\table_page_201.csv: En-tête '7R71Base' introuvable.
Erreur dans le fichier ./CSV3\bulletins\bulletins_propres\table_page_201.csv: En-tête '7T00Base' introuvable.
Erreur dans le fichier ./CSV3\bulletins\bulletins_propres\table_page_201.csv: En-tête '7T02Base' introuvable.
Erreur dans le fichier ./CSV3\bulletins\bulletins_propres\table_page_201.csv: En-tête '7T05Base' introuvable.
Erreur dans le fichier ./CSV3\bulletins\bulletins_propres\table_page_201.csv: En-tête '7T10Base' introuvable.
Erreur dans le fichier ./CSV3\bulletins\bulletins_propres\table_page_201.csv: En-tête '7T15Base' introuvable.
Erreur dans le fichier ./CSV3\bulletins\bulletins_propres\table_page_201.csv: En-tête '7T20Base' introuvable.
Erreur dans le fichier ./CSV3\bulletins\bulletins_propres\table_page_201.csv: En-tête '6082Base' introuvable.
Erreur dans le fichier ./CSV3\bulletins\bulletins_propres\table_page_201.csv: En-tête '6094Base' introuvable.
Erreur dans le fichier ./CSV3\bulletins\bulletins_propres\table_page_201.csv: En-tête 'Total Charges Ded.Base' introuvable.
Erreur dans le fichier ./CSV3\bulletins\bulletins_propres\table_page_201.csv: En-tête '6080Base' introuvable.
Erreur dans le fichier ./CSV3\bulletins\bulletins_propres\table_page_201.csv: En-tête '6084Base' introuvable.
Erreur dans le fichier ./CSV3\bulletins\bulletins_propres\table_page_201.csv: En-tête '6092Base' introuvable.
Erreur dans le fichier ./CSV3\bulletins\bulletins_propres\table_page_201.csv: En-tête '6096Base' introuvable.
Erreur dans le fichier ./CSV3\bulletins\bulletins_propres\table_page_201.csv: En-tête 'Total Charges Non Ded.Base' introuvable.
Erreur dans le fichier ./CSV3\bulletins\bulletins_propres\table_page_201.csv: En-tête '8009Base' introuvable.
Erreur dans le fichier ./CSV3\bulletins\bulletins_propres\table_page_201.csv: En-tête '8010Base' introuvable.
Erreur dans le fichier ./CSV3\bulletins\bulletins_propres\table_page_201.csv: En-tête '8007Base' introuvable.
Erreur dans le fichier ./CSV3\bulletins\bulletins_propres\table_page_203.csv: En-tête '1001Base' introuvable.
Erreur dans le fichier ./CSV3\bulletins\bulletins_propres\table_page_203.csv: En-tête '2012Base' introuvable.
Erreur dans le fichier ./CSV3\bulletins\bulletins_propres\table_page_203.csv: En-tête 'Base' introuvable.
Erreur dans le fichier ./CSV3\bulletins\bulletins_propres\table_page_203.csv: En-tête '3050Base' introuvable.
Erreur dans le fichier ./CSV3\bulletins\bulletins_propres\table_page_203.csv: En-tête 'Base' introuvable.
Erreur dans le fichier ./CSV3\bulletins\bulletins_propres\table_page_203.csv: En-tête '3552Base' introuvable.
Erreur dans le fichier ./CSV3\bulletins\bulletins_propres\table_page_203.csv: En-tête '3552Base' introuvable.
Erreur dans le fichier ./CSV3\bulletins\bulletins_propres\table_page_203.csv: En-tête '3552Base' introuvable.
Erreur dans le fichier ./CSV3\bulletins\bulletins_propres\table_page_203.csv: En-tête '3B80Base' introuvable.
Erreur dans le fichier ./CSV3\bulletins\bulletins_propres\table_page_203.csv: En-tête '3B82Base' introuvable.
Erreur dans le fichier ./CSV3\bulletins\bulletins_propres\table_page_203.csv: En-tête 'Base' introuvable.
Erreur dans le fichier ./CSV3\bulletins\bulletins_propres\table_page_203.csv: En-tête 'TOTAL BRUTBase' introuvable.
Erreur dans le fichier ./CSV3\bulletins\bulletins_propres\table_page_203.csv: En-tête '60F2Base' introuvable.
Erreur dans le fichier ./CSV3\bulletins\bulletins_propres\table_page_203.csv: En-tête '7001Base' introuvable.
Erreur dans le fichier ./CSV3\bulletins\bulletins_propres\table_page_203.csv: En-tête '7002Base' introuvable.
Erreur dans le fichier ./CSV3\bulletins\bulletins_propres\table_page_203.csv: En-tête '7010Base' introuvable.
Erreur dans le fichier ./CSV3\bulletins\bulletins_propres\table_page_203.csv: En-tête '7015Base' introuvable.
Erreur dans le fichier ./CSV3\bulletins\bulletins_propres\table_page_203.csv: En-tête '7020Base' introuvable.
Erreur dans le fichier ./CSV3\bulletins\bulletins_propres\table_page_203.csv: En-tête 'Base' introuvable.
Erreur dans le fichier ./CSV3\bulletins\bulletins_propres\table_page_203.csv: En-tête '7025Base' introuvable.
Erreur dans le fichier ./CSV3\bulletins\bulletins_propres\table_page_203.csv: En-tête 'Base' introuvable.
Erreur dans le fichier ./CSV3\bulletins\bulletins_propres\table_page_203.csv: En-tête '7030Base' introuvable.
Erreur dans le fichier ./CSV3\bulletins\bulletins_propres\table_page_203.csv: En-tête 'Base' introuvable.
Erreur dans le fichier ./CSV3\bulletins\bulletins_propres\table_page_203.csv: En-tête '7035Base' introuvable.
Erreur dans le fichier ./CSV3\bulletins\bulletins_propres\table_page_203.csv: En-tête 'Base' introuvable.
Erreur dans le fichier ./CSV3\bulletins\bulletins_propres\table_page_203.csv: En-tête '7040Base' introuvable.
Erreur dans le fichier ./CSV3\bulletins\bulletins_propres\table_page_203.csv: En-tête '7045Base' introuvable.
Erreur dans le fichier ./CSV3\bulletins\bulletins_propres\table_page_203.csv: En-tête '7050Base' introuvable.
Erreur dans le fichier ./CSV3\bulletins\bulletins_propres\table_page_203.csv: En-tête '7055Base' introuvable.
Erreur dans le fichier ./CSV3\bulletins\bulletins_propres\table_page_203.csv: En-tête '7C00Base' introuvable.
Erreur dans le fichier ./CSV3\bulletins\bulletins_propres\table_page_203.csv: En-tête '7C20Base' introuvable.
Erreur dans le fichier ./CSV3\bulletins\bulletins_propres\table_page_203.csv: En-tête '7M04Base' introuvable.
Erreur dans le fichier ./CSV3\bulletins\bulletins_propres\table_page_203.csv: En-tête '7R56Base' introuvable.
Erreur dans le fichier ./CSV3\bulletins\bulletins_propres\table_page_203.csv: En-tête '7R63Base' introuvable.
Erreur dans le fichier ./CSV3\bulletins\bulletins_propres\table_page_203.csv: En-tête '7T00Base' introuvable.
Erreur dans le fichier ./CSV3\bulletins\bulletins_propres\table_page_203.csv: En-tête '7T02Base' introuvable.
Erreur dans le fichier ./CSV3\bulletins\bulletins_propres\table_page_203.csv: En-tête 'Base' introuvable.
Erreur dans le fichier ./CSV3\bulletins\bulletins_propres\table_page_203.csv: En-tête '7T05Base' introuvable.
Erreur dans le fichier ./CSV3\bulletins\bulletins_propres\table_page_203.csv: En-tête 'Base' introuvable.
Erreur dans le fichier ./CSV3\bulletins\bulletins_propres\table_page_203.csv: En-tête '7T10Base' introuvable.
Erreur dans le fichier ./CSV3\bulletins\bulletins_propres\table_page_203.csv: En-tête '7T15Base' introuvable.
Erreur dans le fichier ./CSV3\bulletins\bulletins_propres\table_page_203.csv: En-tête '7T20Base' introuvable.
Erreur dans le fichier ./CSV3\bulletins\bulletins_propres\table_page_203.csv: En-tête '6082Base' introuvable.
Erreur dans le fichier ./CSV3\bulletins\bulletins_propres\table_page_203.csv: En-tête '6094Base' introuvable.
Erreur dans le fichier ./CSV3\bulletins\bulletins_propres\table_page_203.csv: En-tête 'Total Charges Ded.Base' introuvable.
Erreur dans le fichier ./CSV3\bulletins\bulletins_propres\table_page_203.csv: En-tête '6080Base' introuvable.
Erreur dans le fichier ./CSV3\bulletins\bulletins_propres\table_page_203.csv: En-tête '6084Base' introuvable.
Erreur dans le fichier ./CSV3\bulletins\bulletins_propres\table_page_203.csv: En-tête '6092Base' introuvable.
Erreur dans le fichier ./CSV3\bulletins\bulletins_propres\table_page_203.csv: En-tête '6096Base' introuvable.
Erreur dans le fichier ./CSV3\bulletins\bulletins_propres\table_page_203.csv: En-tête '60F1Base' introuvable.
Erreur dans le fichier ./CSV3\bulletins\bulletins_propres\table_page_203.csv: En-tête '60F3Base' introuvable.
Erreur dans le fichier ./CSV3\bulletins\bulletins_propres\table_page_203.csv: En-tête '60F4Base' introuvable.
Erreur dans le fichier ./CSV3\bulletins\bulletins_propres\table_page_203.csv: En-tête '60F8Base' introuvable.
Erreur dans le fichier ./CSV3\bulletins\bulletins_propres\table_page_203.csv: En-tête '60F9Base' introuvable.
Erreur dans le fichier ./CSV3\bulletins\bulletins_propres\table_page_203.csv: En-tête 'Total Charges Non Ded.Base' introuvable.
Erreur dans le fichier ./CSV3\bulletins\bulletins_propres\table_page_203.csv: En-tête '8031Base' introuvable.
Erreur dans le fichier ./CSV3\bulletins\bulletins_propres\table_page_205.csv: En-tête '1001Base' introuvable.
Erreur dans le fichier ./CSV3\bulletins\bulletins_propres\table_page_205.csv: En-tête '1046Base' introuvable.
Erreur dans le fichier ./CSV3\bulletins\bulletins_propres\table_page_205.csv: En-tête 'Base' introuvable.
Erreur dans le fichier ./CSV3\bulletins\bulletins_propres\table_page_205.csv: En-tête '2012Base' introuvable.
Erreur dans le fichier ./CSV3\bulletins\bulletins_propres\table_page_205.csv: En-tête 'Base' introuvable.
Erreur dans le fichier ./CSV3\bulletins\bulletins_propres\table_page_205.csv: En-tête '2018Base' introuvable.
Erreur dans le fichier ./CSV3\bulletins\bulletins_propres\table_page_205.csv: En-tête '2068Base' introuvable.
Erreur dans le fichier ./CSV3\bulletins\bulletins_propres\table_page_205.csv: En-tête '2078Base' introuvable.
Erreur dans le fichier ./CSV3\bulletins\bulletins_propres\table_page_205.csv: En-tête '3250Base' introuvable.
Erreur dans le fichier ./CSV3\bulletins\bulletins_propres\table_page_205.csv: En-tête '3255Base' introuvable.
Erreur dans le fichier ./CSV3\bulletins\bulletins_propres\table_page_205.csv: En-tête 'Base' introuvable.
Erreur dans le fichier ./CSV3\bulletins\bulletins_propres\table_page_205.csv: En-tête 'TOTAL BRUTBase' introuvable.
Erreur dans le fichier ./CSV3\bulletins\bulletins_propres\table_page_205.csv: En-tête '7001Base' introuvable.
Erreur dans le fichier ./CSV3\bulletins\bulletins_propres\table_page_205.csv: En-tête '7010Base' introuvable.
Erreur dans le fichier ./CSV3\bulletins\bulletins_propres\table_page_205.csv: En-tête '7015Base' introuvable.
Erreur dans le fichier ./CSV3\bulletins\bulletins_propres\table_page_205.csv: En-tête '7020Base' introuvable.
Erreur dans le fichier ./CSV3\bulletins\bulletins_propres\table_page_205.csv: En-tête '7030Base' introuvable.
Erreur dans le fichier ./CSV3\bulletins\bulletins_propres\table_page_205.csv: En-tête '7035Base' introuvable.
Erreur dans le fichier ./CSV3\bulletins\bulletins_propres\table_page_205.csv: En-tête 'Base' introuvable.
Erreur dans le fichier ./CSV3\bulletins\bulletins_propres\table_page_205.csv: En-tête '7040Base' introuvable.
Erreur dans le fichier ./CSV3\bulletins\bulletins_propres\table_page_205.csv: En-tête 'Base' introuvable.
Erreur dans le fichier ./CSV3\bulletins\bulletins_propres\table_page_205.csv: En-tête '7045Base' introuvable.
Erreur dans le fichier ./CSV3\bulletins\bulletins_propres\table_page_205.csv: En-tête 'Base' introuvable.
Erreur dans le fichier ./CSV3\bulletins\bulletins_propres\table_page_205.csv: En-tête '7050Base' introuvable.
Erreur dans le fichier ./CSV3\bulletins\bulletins_propres\table_page_205.csv: En-tête 'Base' introuvable.
Erreur dans le fichier ./CSV3\bulletins\bulletins_propres\table_page_205.csv: En-tête '7055Base' introuvable.
Erreur dans le fichier ./CSV3\bulletins\bulletins_propres\table_page_205.csv: En-tête '7C00Base' introuvable.
Erreur dans le fichier ./CSV3\bulletins\bulletins_propres\table_page_205.csv: En-tête '7C20Base' introuvable.
Erreur dans le fichier ./CSV3\bulletins\bulletins_propres\table_page_205.csv: En-tête '7M04Base' introuvable.
Erreur dans le fichier ./CSV3\bulletins\bulletins_propres\table_page_205.csv: En-tête '7P10Base' introuvable.
Erreur dans le fichier ./CSV3\bulletins\bulletins_propres\table_page_205.csv: En-tête '7R56Base' introuvable.
Erreur dans le fichier ./CSV3\bulletins\bulletins_propres\table_page_205.csv: En-tête '7R63Base' introuvable.
Erreur dans le fichier ./CSV3\bulletins\bulletins_propres\table_page_205.csv: En-tête '7T00Base' introuvable.
Erreur dans le fichier ./CSV3\bulletins\bulletins_propres\table_page_205.csv: En-tête '7T02Base' introuvable.
Erreur dans le fichier ./CSV3\bulletins\bulletins_propres\table_page_205.csv: En-tête '7T05Base' introuvable.
Erreur dans le fichier ./CSV3\bulletins\bulletins_propres\table_page_205.csv: En-tête '7T10Base' introuvable.
Erreur dans le fichier ./CSV3\bulletins\bulletins_propres\table_page_205.csv: En-tête 'Base' introuvable.
Erreur dans le fichier ./CSV3\bulletins\bulletins_propres\table_page_205.csv: En-tête '7T15Base' introuvable.
Erreur dans le fichier ./CSV3\bulletins\bulletins_propres\table_page_205.csv: En-tête 'Base' introuvable.
Erreur dans le fichier ./CSV3\bulletins\bulletins_propres\table_page_205.csv: En-tête '7T20Base' introuvable.
Erreur dans le fichier ./CSV3\bulletins\bulletins_propres\table_page_205.csv: En-tête '6082Base' introuvable.
Erreur dans le fichier ./CSV3\bulletins\bulletins_propres\table_page_205.csv: En-tête '6094Base' introuvable.
Erreur dans le fichier ./CSV3\bulletins\bulletins_propres\table_page_205.csv: En-tête 'Total Charges Ded.Base' introuvable.
Erreur dans le fichier ./CSV3\bulletins\bulletins_propres\table_page_205.csv: En-tête '6080Base' introuvable.
Erreur dans le fichier ./CSV3\bulletins\bulletins_propres\table_page_205.csv: En-tête '6084Base' introuvable.
Erreur dans le fichier ./CSV3\bulletins\bulletins_propres\table_page_205.csv: En-tête '6092Base' introuvable.
Erreur dans le fichier ./CSV3\bulletins\bulletins_propres\table_page_205.csv: En-tête '6096Base' introuvable.
Erreur dans le fichier ./CSV3\bulletins\bulletins_propres\table_page_205.csv: En-tête 'Total Charges Non Ded.Base' introuvable.
Erreur dans le fichier ./CSV3\bulletins\bulletins_propres\table_page_205.csv: En-tête '8009Base' introuvable.
Erreur dans le fichier ./CSV3\bulletins\bulletins_propres\table_page_205.csv: En-tête '8010Base' introuvable.
Erreur dans le fichier ./CSV3\bulletins\bulletins_propres\table_page_207.csv: En-tête '1001Base' introuvable.
Erreur dans le fichier ./CSV3\bulletins\bulletins_propres\table_page_207.csv: En-tête '1046Base' introuvable.
Erreur dans le fichier ./CSV3\bulletins\bulletins_propres\table_page_207.csv: En-tête 'Base' introuvable.
Erreur dans le fichier ./CSV3\bulletins\bulletins_propres\table_page_207.csv: En-tête '2012Base' introuvable.
Erreur dans le fichier ./CSV3\bulletins\bulletins_propres\table_page_207.csv: En-tête 'Base' introuvable.
Erreur dans le fichier ./CSV3\bulletins\bulletins_propres\table_page_207.csv: En-tête '2018Base' introuvable.
Erreur dans le fichier ./CSV3\bulletins\bulletins_propres\table_page_207.csv: En-tête '2091Base' introuvable.
Erreur dans le fichier ./CSV3\bulletins\bulletins_propres\table_page_207.csv: En-tête '3002Base' introuvable.
Erreur dans le fichier ./CSV3\bulletins\bulletins_propres\table_page_207.csv: En-tête '3006Base' introuvable.
Erreur dans le fichier ./CSV3\bulletins\bulletins_propres\table_page_207.csv: En-tête '3050Base' introuvable.
Erreur dans le fichier ./CSV3\bulletins\bulletins_propres\table_page_207.csv: En-tête '3060Base' introuvable.
Erreur dans le fichier ./CSV3\bulletins\bulletins_propres\table_page_207.csv: En-tête '3200Base' introuvable.
Erreur dans le fichier ./CSV3\bulletins\bulletins_propres\table_page_207.csv: En-tête '3230Base' introuvable.
Erreur dans le fichier ./CSV3\bulletins\bulletins_propres\table_page_207.csv: En-tête 'Base' introuvable.
Erreur dans le fichier ./CSV3\bulletins\bulletins_propres\table_page_207.csv: En-tête 'TOTAL BRUTBase' introuvable.
Erreur dans le fichier ./CSV3\bulletins\bulletins_propres\table_page_207.csv: En-tête '6S89Base' introuvable.
Erreur dans le fichier ./CSV3\bulletins\bulletins_propres\table_page_207.csv: En-tête '7001Base' introuvable.
Erreur dans le fichier ./CSV3\bulletins\bulletins_propres\table_page_207.csv: En-tête '7010Base' introuvable.
Erreur dans le fichier ./CSV3\bulletins\bulletins_propres\table_page_207.csv: En-tête 'Base' introuvable.
Erreur dans le fichier ./CSV3\bulletins\bulletins_propres\table_page_207.csv: En-tête '7015Base' introuvable.
Erreur dans le fichier ./CSV3\bulletins\bulletins_propres\table_page_207.csv: En-tête 'Base' introuvable.
Erreur dans le fichier ./CSV3\bulletins\bulletins_propres\table_page_207.csv: En-tête '7020Base' introuvable.
Erreur dans le fichier ./CSV3\bulletins\bulletins_propres\table_page_207.csv: En-tête 'Base' introuvable.
Erreur dans le fichier ./CSV3\bulletins\bulletins_propres\table_page_207.csv: En-tête '7030Base' introuvable.
Erreur dans le fichier ./CSV3\bulletins\bulletins_propres\table_page_207.csv: En-tête 'Base' introuvable.
Erreur dans le fichier ./CSV3\bulletins\bulletins_propres\table_page_207.csv: En-tête '7035Base' introuvable.
Erreur dans le fichier ./CSV3\bulletins\bulletins_propres\table_page_207.csv: En-tête '7040Base' introuvable.
Erreur dans le fichier ./CSV3\bulletins\bulletins_propres\table_page_207.csv: En-tête '7045Base' introuvable.
Erreur dans le fichier ./CSV3\bulletins\bulletins_propres\table_page_207.csv: En-tête '7050Base' introuvable.
Erreur dans le fichier ./CSV3\bulletins\bulletins_propres\table_page_207.csv: En-tête '7055Base' introuvable.
Erreur dans le fichier ./CSV3\bulletins\bulletins_propres\table_page_207.csv: En-tête '7C00Base' introuvable.
Erreur dans le fichier ./CSV3\bulletins\bulletins_propres\table_page_207.csv: En-tête '7C20Base' introuvable.
Erreur dans le fichier ./CSV3\bulletins\bulletins_propres\table_page_207.csv: En-tête '7M04Base' introuvable.
Erreur dans le fichier ./CSV3\bulletins\bulletins_propres\table_page_207.csv: En-tête '7P10Base' introuvable.
Erreur dans le fichier ./CSV3\bulletins\bulletins_propres\table_page_207.csv: En-tête '7R56Base' introuvable.
Erreur dans le fichier ./CSV3\bulletins\bulletins_propres\table_page_207.csv: En-tête '7R63Base' introuvable.
Erreur dans le fichier ./CSV3\bulletins\bulletins_propres\table_page_207.csv: En-tête 'Base' introuvable.
Erreur dans le fichier ./CSV3\bulletins\bulletins_propres\table_page_207.csv: En-tête '7T00Base' introuvable.
Erreur dans le fichier ./CSV3\bulletins\bulletins_propres\table_page_207.csv: En-tête 'Base' introuvable.
Erreur dans le fichier ./CSV3\bulletins\bulletins_propres\table_page_207.csv: En-tête '7T02Base' introuvable.
Erreur dans le fichier ./CSV3\bulletins\bulletins_propres\table_page_207.csv: En-tête '7T05Base' introuvable.
Erreur dans le fichier ./CSV3\bulletins\bulletins_propres\table_page_207.csv: En-tête '7T10Base' introuvable.
Erreur dans le fichier ./CSV3\bulletins\bulletins_propres\table_page_207.csv: En-tête '7T15Base' introuvable.
Erreur dans le fichier ./CSV3\bulletins\bulletins_propres\table_page_207.csv: En-tête '7T20Base' introuvable.
Erreur dans le fichier ./CSV3\bulletins\bulletins_propres\table_page_207.csv: En-tête '6082Base' introuvable.
Erreur dans le fichier ./CSV3\bulletins\bulletins_propres\table_page_207.csv: En-tête '6094Base' introuvable.
Erreur dans le fichier ./CSV3\bulletins\bulletins_propres\table_page_207.csv: En-tête 'Total Charges Ded.Base' introuvable.
Erreur dans le fichier ./CSV3\bulletins\bulletins_propres\table_page_207.csv: En-tête '6070Base' introuvable.
Erreur dans le fichier ./CSV3\bulletins\bulletins_propres\table_page_207.csv: En-tête '6074Base' introuvable.
Erreur dans le fichier ./CSV3\bulletins\bulletins_propres\table_page_207.csv: En-tête '6080Base' introuvable.
Erreur dans le fichier ./CSV3\bulletins\bulletins_propres\table_page_207.csv: En-tête '6084Base' introuvable.
Erreur dans le fichier ./CSV3\bulletins\bulletins_propres\table_page_207.csv: En-tête '6092Base' introuvable.
Erreur dans le fichier ./CSV3\bulletins\bulletins_propres\table_page_207.csv: En-tête '6096Base' introuvable.
Erreur dans le fichier ./CSV3\bulletins\bulletins_propres\table_page_207.csv: En-tête 'Total Charges Non Ded.Base' introuvable.
Erreur dans le fichier ./CSV3\bulletins\bulletins_propres\table_page_207.csv: En-tête '/5I2IJ nette - Maladie 0624Base' introuvable.
Erreur dans le fichier ./CSV3\bulletins\bulletins_propres\table_page_207.csv: En-tête '8009Base' introuvable.
Erreur dans le fichier ./CSV3\bulletins\bulletins_propres\table_page_207.csv: En-tête '8010Base' introuvable.
Erreur dans le fichier ./CSV3\bulletins\bulletins_propres\table_page_207.csv: En-tête '8007Base' introuvable.
Erreur dans le fichier ./CSV3\bulletins\bulletins_propres\table_page_207.csv: En-tête '8020Base' introuvable.
Erreur dans le fichier ./CSV3\bulletins\bulletins_propres\table_page_207.csv: En-tête '8192Base' introuvable.
Erreur dans le fichier ./CSV3\bulletins\bulletins_propres\table_page_207.csv: En-tête '8190Base' introuvable.
Erreur dans le fichier ./CSV3\bulletins\bulletins_propres\table_page_209.csv: En-tête '1002Base' introuvable.
Erreur dans le fichier ./CSV3\bulletins\bulletins_propres\table_page_209.csv: En-tête '2012Base' introuvable.
Erreur dans le fichier ./CSV3\bulletins\bulletins_propres\table_page_209.csv: En-tête 'Base' introuvable.
Erreur dans le fichier ./CSV3\bulletins\bulletins_propres\table_page_209.csv: En-tête '2068Base' introuvable.
Erreur dans le fichier ./CSV3\bulletins\bulletins_propres\table_page_209.csv: En-tête 'Base' introuvable.
Erreur dans le fichier ./CSV3\bulletins\bulletins_propres\table_page_209.csv: En-tête '3360Base' introuvable.
Erreur dans le fichier ./CSV3\bulletins\bulletins_propres\table_page_209.csv: En-tête '3362Base' introuvable.
Erreur dans le fichier ./CSV3\bulletins\bulletins_propres\table_page_209.csv: En-tête '3B80Base' introuvable.
Erreur dans le fichier ./CSV3\bulletins\bulletins_propres\table_page_209.csv: En-tête '3B82Base' introuvable.
Erreur dans le fichier ./CSV3\bulletins\bulletins_propres\table_page_209.csv: En-tête 'Base' introuvable.
Erreur dans le fichier ./CSV3\bulletins\bulletins_propres\table_page_209.csv: En-tête 'TOTAL BRUTBase' introuvable.
Erreur dans le fichier ./CSV3\bulletins\bulletins_propres\table_page_209.csv: En-tête '60F2Base' introuvable.
Erreur dans le fichier ./CSV3\bulletins\bulletins_propres\table_page_209.csv: En-tête '7001Base' introuvable.
Erreur dans le fichier ./CSV3\bulletins\bulletins_propres\table_page_209.csv: En-tête '7002Base' introuvable.
Erreur dans le fichier ./CSV3\bulletins\bulletins_propres\table_page_209.csv: En-tête '7010Base' introuvable.
Erreur dans le fichier ./CSV3\bulletins\bulletins_propres\table_page_209.csv: En-tête '7015Base' introuvable.
Erreur dans le fichier ./CSV3\bulletins\bulletins_propres\table_page_209.csv: En-tête '7020Base' introuvable.
Erreur dans le fichier ./CSV3\bulletins\bulletins_propres\table_page_209.csv: En-tête '7030Base' introuvable.
Erreur dans le fichier ./CSV3\bulletins\bulletins_propres\table_page_209.csv: En-tête 'Base' introuvable.
Erreur dans le fichier ./CSV3\bulletins\bulletins_propres\table_page_209.csv: En-tête '7035Base' introuvable.
Erreur dans le fichier ./CSV3\bulletins\bulletins_propres\table_page_209.csv: En-tête 'Base' introuvable.
Erreur dans le fichier ./CSV3\bulletins\bulletins_propres\table_page_209.csv: En-tête '7040Base' introuvable.
Erreur dans le fichier ./CSV3\bulletins\bulletins_propres\table_page_209.csv: En-tête 'Base' introuvable.
Erreur dans le fichier ./CSV3\bulletins\bulletins_propres\table_page_209.csv: En-tête '7045Base' introuvable.
Erreur dans le fichier ./CSV3\bulletins\bulletins_propres\table_page_209.csv: En-tête 'Base' introuvable.
Erreur dans le fichier ./CSV3\bulletins\bulletins_propres\table_page_209.csv: En-tête '7050Base' introuvable.
Erreur dans le fichier ./CSV3\bulletins\bulletins_propres\table_page_209.csv: En-tête '7055Base' introuvable.
Erreur dans le fichier ./CSV3\bulletins\bulletins_propres\table_page_209.csv: En-tête '7C00Base' introuvable.
Erreur dans le fichier ./CSV3\bulletins\bulletins_propres\table_page_209.csv: En-tête '7C10Base' introuvable.
Erreur dans le fichier ./CSV3\bulletins\bulletins_propres\table_page_209.csv: En-tête '7C20Base' introuvable.
Erreur dans le fichier ./CSV3\bulletins\bulletins_propres\table_page_209.csv: En-tête '7M05Base' introuvable.
Erreur dans le fichier ./CSV3\bulletins\bulletins_propres\table_page_209.csv: En-tête '7P20Base' introuvable.
Erreur dans le fichier ./CSV3\bulletins\bulletins_propres\table_page_209.csv: En-tête '7P25Base' introuvable.
Erreur dans le fichier ./CSV3\bulletins\bulletins_propres\table_page_209.csv: En-tête '7R44Base' introuvable.
Erreur dans le fichier ./CSV3\bulletins\bulletins_propres\table_page_209.csv: En-tête '7R45Base' introuvable.
Erreur dans le fichier ./CSV3\bulletins\bulletins_propres\table_page_209.csv: En-tête '7R53Base' introuvable.
Erreur dans le fichier ./CSV3\bulletins\bulletins_propres\table_page_209.csv: En-tête 'Base' introuvable.
Erreur dans le fichier ./CSV3\bulletins\bulletins_propres\table_page_209.csv: En-tête '7R54Base' introuvable.
Erreur dans le fichier ./CSV3\bulletins\bulletins_propres\table_page_209.csv: En-tête 'Base' introuvable.
Erreur dans le fichier ./CSV3\bulletins\bulletins_propres\table_page_209.csv: En-tête '7R63Base' introuvable.
Erreur dans le fichier ./CSV3\bulletins\bulletins_propres\table_page_209.csv: En-tête '7R64Base' introuvable.
Erreur dans le fichier ./CSV3\bulletins\bulletins_propres\table_page_209.csv: En-tête '7R70Base' introuvable.
Erreur dans le fichier ./CSV3\bulletins\bulletins_propres\table_page_209.csv: En-tête '7R71Base' introuvable.
Erreur dans le fichier ./CSV3\bulletins\bulletins_propres\table_page_209.csv: En-tête '7T00Base' introuvable.
Erreur dans le fichier ./CSV3\bulletins\bulletins_propres\table_page_209.csv: En-tête '7T02Base' introuvable.
Erreur dans le fichier ./CSV3\bulletins\bulletins_propres\table_page_209.csv: En-tête '7T05Base' introuvable.
Erreur dans le fichier ./CSV3\bulletins\bulletins_propres\table_page_209.csv: En-tête '7T10Base' introuvable.
Erreur dans le fichier ./CSV3\bulletins\bulletins_propres\table_page_209.csv: En-tête '7T15Base' introuvable.
Erreur dans le fichier ./CSV3\bulletins\bulletins_propres\table_page_209.csv: En-tête '7T20Base' introuvable.
Erreur dans le fichier ./CSV3\bulletins\bulletins_propres\table_page_209.csv: En-tête '6082Base' introuvable.
Erreur dans le fichier ./CSV3\bulletins\bulletins_propres\table_page_209.csv: En-tête '6094Base' introuvable.
Erreur dans le fichier ./CSV3\bulletins\bulletins_propres\table_page_209.csv: En-tête 'Total Charges Ded.Base' introuvable.
Erreur dans le fichier ./CSV3\bulletins\bulletins_propres\table_page_209.csv: En-tête '6080Base' introuvable.
Erreur dans le fichier ./CSV3\bulletins\bulletins_propres\table_page_209.csv: En-tête '6084Base' introuvable.
Erreur dans le fichier ./CSV3\bulletins\bulletins_propres\table_page_209.csv: En-tête '6092Base' introuvable.
Erreur dans le fichier ./CSV3\bulletins\bulletins_propres\table_page_209.csv: En-tête '6096Base' introuvable.
Erreur dans le fichier ./CSV3\bulletins\bulletins_propres\table_page_209.csv: En-tête '60F1Base' introuvable.
Erreur dans le fichier ./CSV3\bulletins\bulletins_propres\table_page_209.csv: En-tête '60F3Base' introuvable.
Erreur dans le fichier ./CSV3\bulletins\bulletins_propres\table_page_209.csv: En-tête '60F4Base' introuvable.
Erreur dans le fichier ./CSV3\bulletins\bulletins_propres\table_page_209.csv: En-tête '60F8Base' introuvable.
Erreur dans le fichier ./CSV3\bulletins\bulletins_propres\table_page_209.csv: En-tête '60F9Base' introuvable.
Erreur dans le fichier ./CSV3\bulletins\bulletins_propres\table_page_209.csv: En-tête 'Total Charges Non Ded.Base' introuvable.
Erreur dans le fichier ./CSV3\bulletins\bulletins_propres\table_page_209.csv: En-tête '8009Base' introuvable.
Erreur dans le fichier ./CSV3\bulletins\bulletins_propres\table_page_209.csv: En-tête '8010Base' introuvable.
Erreur dans le fichier ./CSV3\bulletins\bulletins_propres\table_page_209.csv: En-tête '8007Base' introuvable.
Erreur dans le fichier ./CSV3\bulletins\bulletins_propres\table_page_21.csv: En-tête '1001Base' introuvable.
Erreur dans le fichier ./CSV3\bulletins\bulletins_propres\table_page_21.csv: En-tête '1046Base' introuvable.
Erreur dans le fichier ./CSV3\bulletins\bulletins_propres\table_page_21.csv: En-tête 'Base' introuvable.
Erreur dans le fichier ./CSV3\bulletins\bulletins_propres\table_page_21.csv: En-tête '2012Base' introuvable.
Erreur dans le fichier ./CSV3\bulletins\bulletins_propres\table_page_21.csv: En-tête 'Base' introuvable.
Erreur dans le fichier ./CSV3\bulletins\bulletins_propres\table_page_21.csv: En-tête '2068Base' introuvable.
Erreur dans le fichier ./CSV3\bulletins\bulletins_propres\table_page_21.csv: En-tête '2078Base' introuvable.
Erreur dans le fichier ./CSV3\bulletins\bulletins_propres\table_page_21.csv: En-tête '2084Base' introuvable.
Erreur dans le fichier ./CSV3\bulletins\bulletins_propres\table_page_21.csv: En-tête '2262Base' introuvable.
Erreur dans le fichier ./CSV3\bulletins\bulletins_propres\table_page_21.csv: En-tête '3280Base' introuvable.
Erreur dans le fichier ./CSV3\bulletins\bulletins_propres\table_page_21.csv: En-tête '3285Base' introuvable.
Erreur dans le fichier ./CSV3\bulletins\bulletins_propres\table_page_21.csv: En-tête '3B80Base' introuvable.
Erreur dans le fichier ./CSV3\bulletins\bulletins_propres\table_page_21.csv: En-tête '3B82Base' introuvable.
Erreur dans le fichier ./CSV3\bulletins\bulletins_propres\table_page_21.csv: En-tête 'Base' introuvable.
Erreur dans le fichier ./CSV3\bulletins\bulletins_propres\table_page_21.csv: En-tête 'TOTAL BRUTBase' introuvable.
Erreur dans le fichier ./CSV3\bulletins\bulletins_propres\table_page_21.csv: En-tête '60F2Base' introuvable.
Erreur dans le fichier ./CSV3\bulletins\bulletins_propres\table_page_21.csv: En-tête '7001Base' introuvable.
Erreur dans le fichier ./CSV3\bulletins\bulletins_propres\table_page_21.csv: En-tête '7010Base' introuvable.
Erreur dans le fichier ./CSV3\bulletins\bulletins_propres\table_page_21.csv: En-tête 'Base' introuvable.
Erreur dans le fichier ./CSV3\bulletins\bulletins_propres\table_page_21.csv: En-tête '7015Base' introuvable.
Erreur dans le fichier ./CSV3\bulletins\bulletins_propres\table_page_21.csv: En-tête 'Base' introuvable.
Erreur dans le fichier ./CSV3\bulletins\bulletins_propres\table_page_21.csv: En-tête '7020Base' introuvable.
Erreur dans le fichier ./CSV3\bulletins\bulletins_propres\table_page_21.csv: En-tête 'Base' introuvable.
Erreur dans le fichier ./CSV3\bulletins\bulletins_propres\table_page_21.csv: En-tête '7030Base' introuvable.
Erreur dans le fichier ./CSV3\bulletins\bulletins_propres\table_page_21.csv: En-tête 'Base' introuvable.
Erreur dans le fichier ./CSV3\bulletins\bulletins_propres\table_page_21.csv: En-tête '7035Base' introuvable.
Erreur dans le fichier ./CSV3\bulletins\bulletins_propres\table_page_21.csv: En-tête '7040Base' introuvable.
Erreur dans le fichier ./CSV3\bulletins\bulletins_propres\table_page_21.csv: En-tête '7045Base' introuvable.
Erreur dans le fichier ./CSV3\bulletins\bulletins_propres\table_page_21.csv: En-tête '7050Base' introuvable.
Erreur dans le fichier ./CSV3\bulletins\bulletins_propres\table_page_21.csv: En-tête '7055Base' introuvable.
Erreur dans le fichier ./CSV3\bulletins\bulletins_propres\table_page_21.csv: En-tête '7C00Base' introuvable.
Erreur dans le fichier ./CSV3\bulletins\bulletins_propres\table_page_21.csv: En-tête '7C10Base' introuvable.
Erreur dans le fichier ./CSV3\bulletins\bulletins_propres\table_page_21.csv: En-tête '7C20Base' introuvable.
Erreur dans le fichier ./CSV3\bulletins\bulletins_propres\table_page_21.csv: En-tête '7P10Base' introuvable.
Erreur dans le fichier ./CSV3\bulletins\bulletins_propres\table_page_21.csv: En-tête '7P11Base' introuvable.
Erreur dans le fichier ./CSV3\bulletins\bulletins_propres\table_page_21.csv: En-tête '7R56Base' introuvable.
Erreur dans le fichier ./CSV3\bulletins\bulletins_propres\table_page_21.csv: En-tête 'Base' introuvable.
Erreur dans le fichier ./CSV3\bulletins\bulletins_propres\table_page_21.csv: En-tête '7R57Base' introuvable.
Erreur dans le fichier ./CSV3\bulletins\bulletins_propres\table_page_21.csv: En-tête 'Base' introuvable.
Erreur dans le fichier ./CSV3\bulletins\bulletins_propres\table_page_21.csv: En-tête '7R63Base' introuvable.
Erreur dans le fichier ./CSV3\bulletins\bulletins_propres\table_page_21.csv: En-tête '7R64Base' introuvable.
Erreur dans le fichier ./CSV3\bulletins\bulletins_propres\table_page_21.csv: En-tête '7R70Base' introuvable.
Erreur dans le fichier ./CSV3\bulletins\bulletins_propres\table_page_21.csv: En-tête '7R71Base' introuvable.
Erreur dans le fichier ./CSV3\bulletins\bulletins_propres\table_page_21.csv: En-tête '7T00Base' introuvable.
Erreur dans le fichier ./CSV3\bulletins\bulletins_propres\table_page_21.csv: En-tête '7T02Base' introuvable.
Erreur dans le fichier ./CSV3\bulletins\bulletins_propres\table_page_21.csv: En-tête '7T05Base' introuvable.
Erreur dans le fichier ./CSV3\bulletins\bulletins_propres\table_page_21.csv: En-tête '7T10Base' introuvable.
Erreur dans le fichier ./CSV3\bulletins\bulletins_propres\table_page_21.csv: En-tête '7T15Base' introuvable.
Erreur dans le fichier ./CSV3\bulletins\bulletins_propres\table_page_21.csv: En-tête '7T20Base' introuvable.
Erreur dans le fichier ./CSV3\bulletins\bulletins_propres\table_page_21.csv: En-tête '6082Base' introuvable.
Erreur dans le fichier ./CSV3\bulletins\bulletins_propres\table_page_21.csv: En-tête '6094Base' introuvable.
Erreur dans le fichier ./CSV3\bulletins\bulletins_propres\table_page_21.csv: En-tête 'Total Charges Ded.Base' introuvable.
Erreur dans le fichier ./CSV3\bulletins\bulletins_propres\table_page_21.csv: En-tête '6080Base' introuvable.
Erreur dans le fichier ./CSV3\bulletins\bulletins_propres\table_page_21.csv: En-tête '6084Base' introuvable.
Erreur dans le fichier ./CSV3\bulletins\bulletins_propres\table_page_21.csv: En-tête '6092Base' introuvable.
Erreur dans le fichier ./CSV3\bulletins\bulletins_propres\table_page_21.csv: En-tête '6096Base' introuvable.
Erreur dans le fichier ./CSV3\bulletins\bulletins_propres\table_page_21.csv: En-tête '60F1Base' introuvable.
Erreur dans le fichier ./CSV3\bulletins\bulletins_propres\table_page_21.csv: En-tête '60F3Base' introuvable.
Erreur dans le fichier ./CSV3\bulletins\bulletins_propres\table_page_21.csv: En-tête '60F4Base' introuvable.
Erreur dans le fichier ./CSV3\bulletins\bulletins_propres\table_page_21.csv: En-tête '60F8Base' introuvable.
Erreur dans le fichier ./CSV3\bulletins\bulletins_propres\table_page_21.csv: En-tête '60F9Base' introuvable.
Erreur dans le fichier ./CSV3\bulletins\bulletins_propres\table_page_21.csv: En-tête 'Total Charges Non Ded.Base' introuvable.
Erreur dans le fichier ./CSV3\bulletins\bulletins_propres\table_page_21.csv: En-tête '8009Base' introuvable.
Erreur dans le fichier ./CSV3\bulletins\bulletins_propres\table_page_21.csv: En-tête '8010Base' introuvable.
Erreur dans le fichier ./CSV3\bulletins\bulletins_propres\table_page_21.csv: En-tête '8007Base' introuvable.
Erreur dans le fichier ./CSV3\bulletins\bulletins_propres\table_page_211.csv: En-tête '1001Base' introuvable.
Erreur dans le fichier ./CSV3\bulletins\bulletins_propres\table_page_211.csv: En-tête '1046Base' introuvable.
Erreur dans le fichier ./CSV3\bulletins\bulletins_propres\table_page_211.csv: En-tête 'Base' introuvable.
Erreur dans le fichier ./CSV3\bulletins\bulletins_propres\table_page_211.csv: En-tête '2012Base' introuvable.
Erreur dans le fichier ./CSV3\bulletins\bulletins_propres\table_page_211.csv: En-tête 'Base' introuvable.
Erreur dans le fichier ./CSV3\bulletins\bulletins_propres\table_page_211.csv: En-tête '2018Base' introuvable.
Erreur dans le fichier ./CSV3\bulletins\bulletins_propres\table_page_211.csv: En-tête '2068Base' introuvable.
Erreur dans le fichier ./CSV3\bulletins\bulletins_propres\table_page_211.csv: En-tête '2078Base' introuvable.
Erreur dans le fichier ./CSV3\bulletins\bulletins_propres\table_page_211.csv: En-tête '3006Base' introuvable.
Erreur dans le fichier ./CSV3\bulletins\bulletins_propres\table_page_211.csv: En-tête '3B80Base' introuvable.
Erreur dans le fichier ./CSV3\bulletins\bulletins_propres\table_page_211.csv: En-tête '3B82Base' introuvable.
Erreur dans le fichier ./CSV3\bulletins\bulletins_propres\table_page_211.csv: En-tête 'Base' introuvable.
Erreur dans le fichier ./CSV3\bulletins\bulletins_propres\table_page_211.csv: En-tête 'TOTAL BRUTBase' introuvable.
Erreur dans le fichier ./CSV3\bulletins\bulletins_propres\table_page_211.csv: En-tête '60F2Base' introuvable.
Erreur dans le fichier ./CSV3\bulletins\bulletins_propres\table_page_211.csv: En-tête '6S89Base' introuvable.
Erreur dans le fichier ./CSV3\bulletins\bulletins_propres\table_page_211.csv: En-tête '7001Base' introuvable.
Erreur dans le fichier ./CSV3\bulletins\bulletins_propres\table_page_211.csv: En-tête '7010Base' introuvable.
Erreur dans le fichier ./CSV3\bulletins\bulletins_propres\table_page_211.csv: En-tête '7015Base' introuvable.
Erreur dans le fichier ./CSV3\bulletins\bulletins_propres\table_page_211.csv: En-tête 'Base' introuvable.
Erreur dans le fichier ./CSV3\bulletins\bulletins_propres\table_page_211.csv: En-tête '7020Base' introuvable.
Erreur dans le fichier ./CSV3\bulletins\bulletins_propres\table_page_211.csv: En-tête 'Base' introuvable.
Erreur dans le fichier ./CSV3\bulletins\bulletins_propres\table_page_211.csv: En-tête '7030Base' introuvable.
Erreur dans le fichier ./CSV3\bulletins\bulletins_propres\table_page_211.csv: En-tête 'Base' introuvable.
Erreur dans le fichier ./CSV3\bulletins\bulletins_propres\table_page_211.csv: En-tête '7035Base' introuvable.
Erreur dans le fichier ./CSV3\bulletins\bulletins_propres\table_page_211.csv: En-tête 'Base' introuvable.
Erreur dans le fichier ./CSV3\bulletins\bulletins_propres\table_page_211.csv: En-tête '7040Base' introuvable.
Erreur dans le fichier ./CSV3\bulletins\bulletins_propres\table_page_211.csv: En-tête '7045Base' introuvable.
Erreur dans le fichier ./CSV3\bulletins\bulletins_propres\table_page_211.csv: En-tête '7050Base' introuvable.
Erreur dans le fichier ./CSV3\bulletins\bulletins_propres\table_page_211.csv: En-tête '7055Base' introuvable.
Erreur dans le fichier ./CSV3\bulletins\bulletins_propres\table_page_211.csv: En-tête '7C00Base' introuvable.
Erreur dans le fichier ./CSV3\bulletins\bulletins_propres\table_page_211.csv: En-tête '7C20Base' introuvable.
Erreur dans le fichier ./CSV3\bulletins\bulletins_propres\table_page_211.csv: En-tête '7M04Base' introuvable.
Erreur dans le fichier ./CSV3\bulletins\bulletins_propres\table_page_211.csv: En-tête '7P10Base' introuvable.
Erreur dans le fichier ./CSV3\bulletins\bulletins_propres\table_page_211.csv: En-tête '7R56Base' introuvable.
Erreur dans le fichier ./CSV3\bulletins\bulletins_propres\table_page_211.csv: En-tête '7R63Base' introuvable.
Erreur dans le fichier ./CSV3\bulletins\bulletins_propres\table_page_211.csv: En-tête '7T00Base' introuvable.
Erreur dans le fichier ./CSV3\bulletins\bulletins_propres\table_page_211.csv: En-tête 'Base' introuvable.
Erreur dans le fichier ./CSV3\bulletins\bulletins_propres\table_page_211.csv: En-tête '7T02Base' introuvable.
Erreur dans le fichier ./CSV3\bulletins\bulletins_propres\table_page_211.csv: En-tête '7T05Base' introuvable.
Erreur dans le fichier ./CSV3\bulletins\bulletins_propres\table_page_211.csv: En-tête '7T10Base' introuvable.
Erreur dans le fichier ./CSV3\bulletins\bulletins_propres\table_page_211.csv: En-tête '7T15Base' introuvable.
Erreur dans le fichier ./CSV3\bulletins\bulletins_propres\table_page_211.csv: En-tête '7T20Base' introuvable.
Erreur dans le fichier ./CSV3\bulletins\bulletins_propres\table_page_211.csv: En-tête '6082Base' introuvable.
Erreur dans le fichier ./CSV3\bulletins\bulletins_propres\table_page_211.csv: En-tête '6094Base' introuvable.
Erreur dans le fichier ./CSV3\bulletins\bulletins_propres\table_page_211.csv: En-tête 'Total Charges Ded.Base' introuvable.
Erreur dans le fichier ./CSV3\bulletins\bulletins_propres\table_page_211.csv: En-tête '6070Base' introuvable.
Erreur dans le fichier ./CSV3\bulletins\bulletins_propres\table_page_211.csv: En-tête '6074Base' introuvable.
Erreur dans le fichier ./CSV3\bulletins\bulletins_propres\table_page_211.csv: En-tête '6080Base' introuvable.
Erreur dans le fichier ./CSV3\bulletins\bulletins_propres\table_page_211.csv: En-tête '6084Base' introuvable.
Erreur dans le fichier ./CSV3\bulletins\bulletins_propres\table_page_211.csv: En-tête '6092Base' introuvable.
Erreur dans le fichier ./CSV3\bulletins\bulletins_propres\table_page_211.csv: En-tête '6096Base' introuvable.
Erreur dans le fichier ./CSV3\bulletins\bulletins_propres\table_page_211.csv: En-tête '60F1Base' introuvable.
Erreur dans le fichier ./CSV3\bulletins\bulletins_propres\table_page_211.csv: En-tête '60F3Base' introuvable.
Erreur dans le fichier ./CSV3\bulletins\bulletins_propres\table_page_211.csv: En-tête '60F4Base' introuvable.
Erreur dans le fichier ./CSV3\bulletins\bulletins_propres\table_page_211.csv: En-tête '60F8Base' introuvable.
Erreur dans le fichier ./CSV3\bulletins\bulletins_propres\table_page_211.csv: En-tête '60F9Base' introuvable.
Erreur dans le fichier ./CSV3\bulletins\bulletins_propres\table_page_211.csv: En-tête 'Total Charges Non Ded.Base' introuvable.
Erreur dans le fichier ./CSV3\bulletins\bulletins_propres\table_page_211.csv: En-tête '8009Base' introuvable.
Erreur dans le fichier ./CSV3\bulletins\bulletins_propres\table_page_211.csv: En-tête '8010Base' introuvable.
Erreur dans le fichier ./CSV3\bulletins\bulletins_propres\table_page_211.csv: En-tête '8007Base' introuvable.
Erreur dans le fichier ./CSV3\bulletins\bulletins_propres\table_page_213.csv: En-tête '1001Base' introuvable.
Erreur dans le fichier ./CSV3\bulletins\bulletins_propres\table_page_213.csv: En-tête '2012Base' introuvable.
Erreur dans le fichier ./CSV3\bulletins\bulletins_propres\table_page_213.csv: En-tête 'Base' introuvable.
Erreur dans le fichier ./CSV3\bulletins\bulletins_propres\table_page_213.csv: En-tête '2068Base' introuvable.
Erreur dans le fichier ./CSV3\bulletins\bulletins_propres\table_page_213.csv: En-tête 'Base' introuvable.
Erreur dans le fichier ./CSV3\bulletins\bulletins_propres\table_page_213.csv: En-tête '3404Base' introuvable.
Erreur dans le fichier ./CSV3\bulletins\bulletins_propres\table_page_213.csv: En-tête '3406Base' introuvable.
Erreur dans le fichier ./CSV3\bulletins\bulletins_propres\table_page_213.csv: En-tête '3B80Base' introuvable.
Erreur dans le fichier ./CSV3\bulletins\bulletins_propres\table_page_213.csv: En-tête '3B82Base' introuvable.
Erreur dans le fichier ./CSV3\bulletins\bulletins_propres\table_page_213.csv: En-tête 'Base' introuvable.
Erreur dans le fichier ./CSV3\bulletins\bulletins_propres\table_page_213.csv: En-tête 'TOTAL BRUTBase' introuvable.
Erreur dans le fichier ./CSV3\bulletins\bulletins_propres\table_page_213.csv: En-tête '60F2Base' introuvable.
Erreur dans le fichier ./CSV3\bulletins\bulletins_propres\table_page_213.csv: En-tête '7001Base' introuvable.
Erreur dans le fichier ./CSV3\bulletins\bulletins_propres\table_page_213.csv: En-tête '7002Base' introuvable.
Erreur dans le fichier ./CSV3\bulletins\bulletins_propres\table_page_213.csv: En-tête '7010Base' introuvable.
Erreur dans le fichier ./CSV3\bulletins\bulletins_propres\table_page_213.csv: En-tête '7015Base' introuvable.
Erreur dans le fichier ./CSV3\bulletins\bulletins_propres\table_page_213.csv: En-tête '7020Base' introuvable.
Erreur dans le fichier ./CSV3\bulletins\bulletins_propres\table_page_213.csv: En-tête '7030Base' introuvable.
Erreur dans le fichier ./CSV3\bulletins\bulletins_propres\table_page_213.csv: En-tête 'Base' introuvable.
Erreur dans le fichier ./CSV3\bulletins\bulletins_propres\table_page_213.csv: En-tête '7035Base' introuvable.
Erreur dans le fichier ./CSV3\bulletins\bulletins_propres\table_page_213.csv: En-tête 'Base' introuvable.
Erreur dans le fichier ./CSV3\bulletins\bulletins_propres\table_page_213.csv: En-tête '7040Base' introuvable.
Erreur dans le fichier ./CSV3\bulletins\bulletins_propres\table_page_213.csv: En-tête 'Base' introuvable.
Erreur dans le fichier ./CSV3\bulletins\bulletins_propres\table_page_213.csv: En-tête '7045Base' introuvable.
Erreur dans le fichier ./CSV3\bulletins\bulletins_propres\table_page_213.csv: En-tête 'Base' introuvable.
Erreur dans le fichier ./CSV3\bulletins\bulletins_propres\table_page_213.csv: En-tête '7050Base' introuvable.
Erreur dans le fichier ./CSV3\bulletins\bulletins_propres\table_page_213.csv: En-tête '7055Base' introuvable.
Erreur dans le fichier ./CSV3\bulletins\bulletins_propres\table_page_213.csv: En-tête '7C00Base' introuvable.
Erreur dans le fichier ./CSV3\bulletins\bulletins_propres\table_page_213.csv: En-tête '7C10Base' introuvable.
Erreur dans le fichier ./CSV3\bulletins\bulletins_propres\table_page_213.csv: En-tête '7C20Base' introuvable.
Erreur dans le fichier ./CSV3\bulletins\bulletins_propres\table_page_213.csv: En-tête '7M05Base' introuvable.
Erreur dans le fichier ./CSV3\bulletins\bulletins_propres\table_page_213.csv: En-tête '7P20Base' introuvable.
Erreur dans le fichier ./CSV3\bulletins\bulletins_propres\table_page_213.csv: En-tête '7P25Base' introuvable.
Erreur dans le fichier ./CSV3\bulletins\bulletins_propres\table_page_213.csv: En-tête '7R44Base' introuvable.
Erreur dans le fichier ./CSV3\bulletins\bulletins_propres\table_page_213.csv: En-tête '7R45Base' introuvable.
Erreur dans le fichier ./CSV3\bulletins\bulletins_propres\table_page_213.csv: En-tête '7R53Base' introuvable.
Erreur dans le fichier ./CSV3\bulletins\bulletins_propres\table_page_213.csv: En-tête 'Base' introuvable.
Erreur dans le fichier ./CSV3\bulletins\bulletins_propres\table_page_213.csv: En-tête '7R54Base' introuvable.
Erreur dans le fichier ./CSV3\bulletins\bulletins_propres\table_page_213.csv: En-tête 'Base' introuvable.
Erreur dans le fichier ./CSV3\bulletins\bulletins_propres\table_page_213.csv: En-tête '7R63Base' introuvable.
Erreur dans le fichier ./CSV3\bulletins\bulletins_propres\table_page_213.csv: En-tête 'Base' introuvable.
Erreur dans le fichier ./CSV3\bulletins\bulletins_propres\table_page_213.csv: En-tête '7R64Base' introuvable.
Erreur dans le fichier ./CSV3\bulletins\bulletins_propres\table_page_213.csv: En-tête '7R70Base' introuvable.
Erreur dans le fichier ./CSV3\bulletins\bulletins_propres\table_page_213.csv: En-tête '7R71Base' introuvable.
Erreur dans le fichier ./CSV3\bulletins\bulletins_propres\table_page_213.csv: En-tête '7T00Base' introuvable.
Erreur dans le fichier ./CSV3\bulletins\bulletins_propres\table_page_213.csv: En-tête '7T02Base' introuvable.
Erreur dans le fichier ./CSV3\bulletins\bulletins_propres\table_page_213.csv: En-tête '7T05Base' introuvable.
Erreur dans le fichier ./CSV3\bulletins\bulletins_propres\table_page_213.csv: En-tête '7T10Base' introuvable.
Erreur dans le fichier ./CSV3\bulletins\bulletins_propres\table_page_213.csv: En-tête '7T15Base' introuvable.
Erreur dans le fichier ./CSV3\bulletins\bulletins_propres\table_page_213.csv: En-tête '7T20Base' introuvable.
Erreur dans le fichier ./CSV3\bulletins\bulletins_propres\table_page_213.csv: En-tête '6082Base' introuvable.
Erreur dans le fichier ./CSV3\bulletins\bulletins_propres\table_page_213.csv: En-tête '6094Base' introuvable.
Erreur dans le fichier ./CSV3\bulletins\bulletins_propres\table_page_213.csv: En-tête 'Total Charges Ded.Base' introuvable.
Erreur dans le fichier ./CSV3\bulletins\bulletins_propres\table_page_213.csv: En-tête '6080Base' introuvable.
Erreur dans le fichier ./CSV3\bulletins\bulletins_propres\table_page_213.csv: En-tête '6084Base' introuvable.
Erreur dans le fichier ./CSV3\bulletins\bulletins_propres\table_page_213.csv: En-tête '6092Base' introuvable.
Erreur dans le fichier ./CSV3\bulletins\bulletins_propres\table_page_213.csv: En-tête '6096Base' introuvable.
Erreur dans le fichier ./CSV3\bulletins\bulletins_propres\table_page_213.csv: En-tête '60F1Base' introuvable.
Erreur dans le fichier ./CSV3\bulletins\bulletins_propres\table_page_213.csv: En-tête '60F3Base' introuvable.
Erreur dans le fichier ./CSV3\bulletins\bulletins_propres\table_page_213.csv: En-tête '60F4Base' introuvable.
Erreur dans le fichier ./CSV3\bulletins\bulletins_propres\table_page_213.csv: En-tête '60F8Base' introuvable.
Erreur dans le fichier ./CSV3\bulletins\bulletins_propres\table_page_213.csv: En-tête '60F9Base' introuvable.
Erreur dans le fichier ./CSV3\bulletins\bulletins_propres\table_page_213.csv: En-tête 'Total Charges Non Ded.Base' introuvable.
Erreur dans le fichier ./CSV3\bulletins\bulletins_propres\table_page_213.csv: En-tête '8009Base' introuvable.
Erreur dans le fichier ./CSV3\bulletins\bulletins_propres\table_page_213.csv: En-tête '8010Base' introuvable.
Erreur dans le fichier ./CSV3\bulletins\bulletins_propres\table_page_215.csv: En-tête '1001Base' introuvable.
Erreur dans le fichier ./CSV3\bulletins\bulletins_propres\table_page_215.csv: En-tête '1046Base' introuvable.
Erreur dans le fichier ./CSV3\bulletins\bulletins_propres\table_page_215.csv: En-tête 'Base' introuvable.
Erreur dans le fichier ./CSV3\bulletins\bulletins_propres\table_page_215.csv: En-tête '2012Base' introuvable.
Erreur dans le fichier ./CSV3\bulletins\bulletins_propres\table_page_215.csv: En-tête 'Base' introuvable.
Erreur dans le fichier ./CSV3\bulletins\bulletins_propres\table_page_215.csv: En-tête '2018Base' introuvable.
Erreur dans le fichier ./CSV3\bulletins\bulletins_propres\table_page_215.csv: En-tête '2068Base' introuvable.
Erreur dans le fichier ./CSV3\bulletins\bulletins_propres\table_page_215.csv: En-tête '2078Base' introuvable.
Erreur dans le fichier ./CSV3\bulletins\bulletins_propres\table_page_215.csv: En-tête 'Base' introuvable.
Erreur dans le fichier ./CSV3\bulletins\bulletins_propres\table_page_215.csv: En-tête 'TOTAL BRUTBase' introuvable.
Erreur dans le fichier ./CSV3\bulletins\bulletins_propres\table_page_215.csv: En-tête '7001Base' introuvable.
Erreur dans le fichier ./CSV3\bulletins\bulletins_propres\table_page_215.csv: En-tête '7010Base' introuvable.
Erreur dans le fichier ./CSV3\bulletins\bulletins_propres\table_page_215.csv: En-tête '7015Base' introuvable.
Erreur dans le fichier ./CSV3\bulletins\bulletins_propres\table_page_215.csv: En-tête '7020Base' introuvable.
Erreur dans le fichier ./CSV3\bulletins\bulletins_propres\table_page_215.csv: En-tête '7030Base' introuvable.
Erreur dans le fichier ./CSV3\bulletins\bulletins_propres\table_page_215.csv: En-tête '7035Base' introuvable.
Erreur dans le fichier ./CSV3\bulletins\bulletins_propres\table_page_215.csv: En-tête '7040Base' introuvable.
Erreur dans le fichier ./CSV3\bulletins\bulletins_propres\table_page_215.csv: En-tête '7045Base' introuvable.
Erreur dans le fichier ./CSV3\bulletins\bulletins_propres\table_page_215.csv: En-tête 'Base' introuvable.
Erreur dans le fichier ./CSV3\bulletins\bulletins_propres\table_page_215.csv: En-tête '7050Base' introuvable.
Erreur dans le fichier ./CSV3\bulletins\bulletins_propres\table_page_215.csv: En-tête 'Base' introuvable.
Erreur dans le fichier ./CSV3\bulletins\bulletins_propres\table_page_215.csv: En-tête '7055Base' introuvable.
Erreur dans le fichier ./CSV3\bulletins\bulletins_propres\table_page_215.csv: En-tête 'Base' introuvable.
Erreur dans le fichier ./CSV3\bulletins\bulletins_propres\table_page_215.csv: En-tête '7C00Base' introuvable.
Erreur dans le fichier ./CSV3\bulletins\bulletins_propres\table_page_215.csv: En-tête 'Base' introuvable.
Erreur dans le fichier ./CSV3\bulletins\bulletins_propres\table_page_215.csv: En-tête '7C20Base' introuvable.
Erreur dans le fichier ./CSV3\bulletins\bulletins_propres\table_page_215.csv: En-tête '7M05Base' introuvable.
Erreur dans le fichier ./CSV3\bulletins\bulletins_propres\table_page_215.csv: En-tête '7P10Base' introuvable.
Erreur dans le fichier ./CSV3\bulletins\bulletins_propres\table_page_215.csv: En-tête '7R56Base' introuvable.
Erreur dans le fichier ./CSV3\bulletins\bulletins_propres\table_page_215.csv: En-tête '7R63Base' introuvable.
Erreur dans le fichier ./CSV3\bulletins\bulletins_propres\table_page_215.csv: En-tête '7T00Base' introuvable.
Erreur dans le fichier ./CSV3\bulletins\bulletins_propres\table_page_215.csv: En-tête '7T02Base' introuvable.
Erreur dans le fichier ./CSV3\bulletins\bulletins_propres\table_page_215.csv: En-tête '7T05Base' introuvable.
Erreur dans le fichier ./CSV3\bulletins\bulletins_propres\table_page_215.csv: En-tête '7T10Base' introuvable.
Erreur dans le fichier ./CSV3\bulletins\bulletins_propres\table_page_215.csv: En-tête '7T15Base' introuvable.
Erreur dans le fichier ./CSV3\bulletins\bulletins_propres\table_page_215.csv: En-tête '7T20Base' introuvable.
Erreur dans le fichier ./CSV3\bulletins\bulletins_propres\table_page_215.csv: En-tête 'Base' introuvable.
Erreur dans le fichier ./CSV3\bulletins\bulletins_propres\table_page_215.csv: En-tête '6082Base' introuvable.
Erreur dans le fichier ./CSV3\bulletins\bulletins_propres\table_page_215.csv: En-tête '6094Base' introuvable.
Erreur dans le fichier ./CSV3\bulletins\bulletins_propres\table_page_215.csv: En-tête 'Total Charges Ded.Base' introuvable.
Erreur dans le fichier ./CSV3\bulletins\bulletins_propres\table_page_215.csv: En-tête '6080Base' introuvable.
Erreur dans le fichier ./CSV3\bulletins\bulletins_propres\table_page_215.csv: En-tête '6084Base' introuvable.
Erreur dans le fichier ./CSV3\bulletins\bulletins_propres\table_page_215.csv: En-tête '6092Base' introuvable.
Erreur dans le fichier ./CSV3\bulletins\bulletins_propres\table_page_215.csv: En-tête '6096Base' introuvable.
Erreur dans le fichier ./CSV3\bulletins\bulletins_propres\table_page_215.csv: En-tête 'Total Charges Non Ded.Base' introuvable.
Erreur dans le fichier ./CSV3\bulletins\bulletins_propres\table_page_215.csv: En-tête '8009Base' introuvable.
Erreur dans le fichier ./CSV3\bulletins\bulletins_propres\table_page_215.csv: En-tête '8010Base' introuvable.
Erreur dans le fichier ./CSV3\bulletins\bulletins_propres\table_page_215.csv: En-tête 'Base' introuvable.
Erreur dans le fichier ./CSV3\bulletins\bulletins_propres\table_page_215.csv: En-tête 'Base' introuvable.
Erreur dans le fichier ./CSV3\bulletins\bulletins_propres\table_page_215.csv: En-tête 'Impôt sur le revenuBase' introuvable.
Erreur dans le fichier ./CSV3\bulletins\bulletins_propres\table_page_215.csv: En-tête 'Impôt sur le revenu à la sourceBase' introuvable.
Erreur dans le fichier ./CSV3\bulletins\bulletins_propres\table_page_217.csv: En-tête '1001Base' introuvable.
Erreur dans le fichier ./CSV3\bulletins\bulletins_propres\table_page_217.csv: En-tête '2012Base' introuvable.
Erreur dans le fichier ./CSV3\bulletins\bulletins_propres\table_page_217.csv: En-tête 'Base' introuvable.
Erreur dans le fichier ./CSV3\bulletins\bulletins_propres\table_page_217.csv: En-tête '2068Base' introuvable.
Erreur dans le fichier ./CSV3\bulletins\bulletins_propres\table_page_217.csv: En-tête 'Base' introuvable.
Erreur dans le fichier ./CSV3\bulletins\bulletins_propres\table_page_217.csv: En-tête '2078Base' introuvable.
Erreur dans le fichier ./CSV3\bulletins\bulletins_propres\table_page_217.csv: En-tête '3006Base' introuvable.
Erreur dans le fichier ./CSV3\bulletins\bulletins_propres\table_page_217.csv: En-tête 'Base' introuvable.
Erreur dans le fichier ./CSV3\bulletins\bulletins_propres\table_page_217.csv: En-tête 'TOTAL BRUTBase' introuvable.
Erreur dans le fichier ./CSV3\bulletins\bulletins_propres\table_page_217.csv: En-tête '6S89Base' introuvable.
Erreur dans le fichier ./CSV3\bulletins\bulletins_propres\table_page_217.csv: En-tête '7001Base' introuvable.
Erreur dans le fichier ./CSV3\bulletins\bulletins_propres\table_page_217.csv: En-tête '7010Base' introuvable.
Erreur dans le fichier ./CSV3\bulletins\bulletins_propres\table_page_217.csv: En-tête '7015Base' introuvable.
Erreur dans le fichier ./CSV3\bulletins\bulletins_propres\table_page_217.csv: En-tête '7020Base' introuvable.
Erreur dans le fichier ./CSV3\bulletins\bulletins_propres\table_page_217.csv: En-tête '7030Base' introuvable.
Erreur dans le fichier ./CSV3\bulletins\bulletins_propres\table_page_217.csv: En-tête '7035Base' introuvable.
Erreur dans le fichier ./CSV3\bulletins\bulletins_propres\table_page_217.csv: En-tête '7040Base' introuvable.
Erreur dans le fichier ./CSV3\bulletins\bulletins_propres\table_page_217.csv: En-tête '7045Base' introuvable.
Erreur dans le fichier ./CSV3\bulletins\bulletins_propres\table_page_217.csv: En-tête 'Base' introuvable.
Erreur dans le fichier ./CSV3\bulletins\bulletins_propres\table_page_217.csv: En-tête '7050Base' introuvable.
Erreur dans le fichier ./CSV3\bulletins\bulletins_propres\table_page_217.csv: En-tête 'Base' introuvable.
Erreur dans le fichier ./CSV3\bulletins\bulletins_propres\table_page_217.csv: En-tête '7055Base' introuvable.
Erreur dans le fichier ./CSV3\bulletins\bulletins_propres\table_page_217.csv: En-tête 'Base' introuvable.
Erreur dans le fichier ./CSV3\bulletins\bulletins_propres\table_page_217.csv: En-tête '7C00Base' introuvable.
Erreur dans le fichier ./CSV3\bulletins\bulletins_propres\table_page_217.csv: En-tête 'Base' introuvable.
Erreur dans le fichier ./CSV3\bulletins\bulletins_propres\table_page_217.csv: En-tête '7C20Base' introuvable.
Erreur dans le fichier ./CSV3\bulletins\bulletins_propres\table_page_217.csv: En-tête '7M03Base' introuvable.
Erreur dans le fichier ./CSV3\bulletins\bulletins_propres\table_page_217.csv: En-tête '7P10Base' introuvable.
Erreur dans le fichier ./CSV3\bulletins\bulletins_propres\table_page_217.csv: En-tête '7R56Base' introuvable.
Erreur dans le fichier ./CSV3\bulletins\bulletins_propres\table_page_217.csv: En-tête '7R63Base' introuvable.
Erreur dans le fichier ./CSV3\bulletins\bulletins_propres\table_page_217.csv: En-tête '7T00Base' introuvable.
Erreur dans le fichier ./CSV3\bulletins\bulletins_propres\table_page_217.csv: En-tête '7T02Base' introuvable.
Erreur dans le fichier ./CSV3\bulletins\bulletins_propres\table_page_217.csv: En-tête '7T05Base' introuvable.
Erreur dans le fichier ./CSV3\bulletins\bulletins_propres\table_page_217.csv: En-tête '7T10Base' introuvable.
Erreur dans le fichier ./CSV3\bulletins\bulletins_propres\table_page_217.csv: En-tête '7T15Base' introuvable.
Erreur dans le fichier ./CSV3\bulletins\bulletins_propres\table_page_217.csv: En-tête '7T20Base' introuvable.
Erreur dans le fichier ./CSV3\bulletins\bulletins_propres\table_page_217.csv: En-tête 'Base' introuvable.
Erreur dans le fichier ./CSV3\bulletins\bulletins_propres\table_page_217.csv: En-tête '6082Base' introuvable.
Erreur dans le fichier ./CSV3\bulletins\bulletins_propres\table_page_217.csv: En-tête '6094Base' introuvable.
Erreur dans le fichier ./CSV3\bulletins\bulletins_propres\table_page_217.csv: En-tête 'Total Charges Ded.Base' introuvable.
Erreur dans le fichier ./CSV3\bulletins\bulletins_propres\table_page_217.csv: En-tête '6070Base' introuvable.
Erreur dans le fichier ./CSV3\bulletins\bulletins_propres\table_page_217.csv: En-tête '6074Base' introuvable.
Erreur dans le fichier ./CSV3\bulletins\bulletins_propres\table_page_217.csv: En-tête '6080Base' introuvable.
Erreur dans le fichier ./CSV3\bulletins\bulletins_propres\table_page_217.csv: En-tête '6084Base' introuvable.
Erreur dans le fichier ./CSV3\bulletins\bulletins_propres\table_page_217.csv: En-tête '6092Base' introuvable.
Erreur dans le fichier ./CSV3\bulletins\bulletins_propres\table_page_217.csv: En-tête '6096Base' introuvable.
Erreur dans le fichier ./CSV3\bulletins\bulletins_propres\table_page_217.csv: En-tête 'Total Charges Non Ded.Base' introuvable.
Erreur dans le fichier ./CSV3\bulletins\bulletins_propres\table_page_217.csv: En-tête '8009Base' introuvable.
Erreur dans le fichier ./CSV3\bulletins\bulletins_propres\table_page_217.csv: En-tête '8010Base' introuvable.
Erreur dans le fichier ./CSV3\bulletins\bulletins_propres\table_page_217.csv: En-tête '8007Base' introuvable.
Erreur dans le fichier ./CSV3\bulletins\bulletins_propres\table_page_217.csv: En-tête '8192Base' introuvable.
Erreur dans le fichier ./CSV3\bulletins\bulletins_propres\table_page_217.csv: En-tête '8190Base' introuvable.
Erreur dans le fichier ./CSV3\bulletins\bulletins_propres\table_page_217.csv: En-tête 'Base' introuvable.
Erreur dans le fichier ./CSV3\bulletins\bulletins_propres\table_page_217.csv: En-tête 'Base' introuvable.
Erreur dans le fichier ./CSV3\bulletins\bulletins_propres\table_page_217.csv: En-tête 'Impôt sur le revenuBase' introuvable.
Erreur dans le fichier ./CSV3\bulletins\bulletins_propres\table_page_217.csv: En-tête 'Impôt sur le revenu à la sourceBase' introuvable.
Erreur dans le fichier ./CSV3\bulletins\bulletins_propres\table_page_219.csv: En-tête '1001Base' introuvable.
Erreur dans le fichier ./CSV3\bulletins\bulletins_propres\table_page_219.csv: En-tête '2012Base' introuvable.
Erreur dans le fichier ./CSV3\bulletins\bulletins_propres\table_page_219.csv: En-tête 'Base' introuvable.
Erreur dans le fichier ./CSV3\bulletins\bulletins_propres\table_page_219.csv: En-tête '3050Base' introuvable.
Erreur dans le fichier ./CSV3\bulletins\bulletins_propres\table_page_219.csv: En-tête 'Base' introuvable.
Erreur dans le fichier ./CSV3\bulletins\bulletins_propres\table_page_219.csv: En-tête '3060Base' introuvable.
Erreur dans le fichier ./CSV3\bulletins\bulletins_propres\table_page_219.csv: En-tête '3200Base' introuvable.
Erreur dans le fichier ./CSV3\bulletins\bulletins_propres\table_page_219.csv: En-tête '3230Base' introuvable.
Erreur dans le fichier ./CSV3\bulletins\bulletins_propres\table_page_219.csv: En-tête '3B80Base' introuvable.
Erreur dans le fichier ./CSV3\bulletins\bulletins_propres\table_page_219.csv: En-tête '3B82Base' introuvable.
Erreur dans le fichier ./CSV3\bulletins\bulletins_propres\table_page_219.csv: En-tête 'Base' introuvable.
Erreur dans le fichier ./CSV3\bulletins\bulletins_propres\table_page_219.csv: En-tête 'TOTAL BRUTBase' introuvable.
Erreur dans le fichier ./CSV3\bulletins\bulletins_propres\table_page_219.csv: En-tête '60F2Base' introuvable.
Erreur dans le fichier ./CSV3\bulletins\bulletins_propres\table_page_219.csv: En-tête '7001Base' introuvable.
Erreur dans le fichier ./CSV3\bulletins\bulletins_propres\table_page_219.csv: En-tête '7010Base' introuvable.
Erreur dans le fichier ./CSV3\bulletins\bulletins_propres\table_page_219.csv: En-tête '7015Base' introuvable.
Erreur dans le fichier ./CSV3\bulletins\bulletins_propres\table_page_219.csv: En-tête '7020Base' introuvable.
Erreur dans le fichier ./CSV3\bulletins\bulletins_propres\table_page_219.csv: En-tête '7030Base' introuvable.
Erreur dans le fichier ./CSV3\bulletins\bulletins_propres\table_page_219.csv: En-tête 'Base' introuvable.
Erreur dans le fichier ./CSV3\bulletins\bulletins_propres\table_page_219.csv: En-tête '7035Base' introuvable.
Erreur dans le fichier ./CSV3\bulletins\bulletins_propres\table_page_219.csv: En-tête 'Base' introuvable.
Erreur dans le fichier ./CSV3\bulletins\bulletins_propres\table_page_219.csv: En-tête '7040Base' introuvable.
Erreur dans le fichier ./CSV3\bulletins\bulletins_propres\table_page_219.csv: En-tête 'Base' introuvable.
Erreur dans le fichier ./CSV3\bulletins\bulletins_propres\table_page_219.csv: En-tête '7045Base' introuvable.
Erreur dans le fichier ./CSV3\bulletins\bulletins_propres\table_page_219.csv: En-tête 'Base' introuvable.
Erreur dans le fichier ./CSV3\bulletins\bulletins_propres\table_page_219.csv: En-tête '7050Base' introuvable.
Erreur dans le fichier ./CSV3\bulletins\bulletins_propres\table_page_219.csv: En-tête '7055Base' introuvable.
Erreur dans le fichier ./CSV3\bulletins\bulletins_propres\table_page_219.csv: En-tête '7C00Base' introuvable.
Erreur dans le fichier ./CSV3\bulletins\bulletins_propres\table_page_219.csv: En-tête '7C20Base' introuvable.
Erreur dans le fichier ./CSV3\bulletins\bulletins_propres\table_page_219.csv: En-tête '7M04Base' introuvable.
Erreur dans le fichier ./CSV3\bulletins\bulletins_propres\table_page_219.csv: En-tête '7P10Base' introuvable.
Erreur dans le fichier ./CSV3\bulletins\bulletins_propres\table_page_219.csv: En-tête '7R56Base' introuvable.
Erreur dans le fichier ./CSV3\bulletins\bulletins_propres\table_page_219.csv: En-tête '7R63Base' introuvable.
Erreur dans le fichier ./CSV3\bulletins\bulletins_propres\table_page_219.csv: En-tête '7T00Base' introuvable.
Erreur dans le fichier ./CSV3\bulletins\bulletins_propres\table_page_219.csv: En-tête '7T02Base' introuvable.
Erreur dans le fichier ./CSV3\bulletins\bulletins_propres\table_page_219.csv: En-tête '7T05Base' introuvable.
Erreur dans le fichier ./CSV3\bulletins\bulletins_propres\table_page_219.csv: En-tête 'Base' introuvable.
Erreur dans le fichier ./CSV3\bulletins\bulletins_propres\table_page_219.csv: En-tête '7T10Base' introuvable.
Erreur dans le fichier ./CSV3\bulletins\bulletins_propres\table_page_219.csv: En-tête 'Base' introuvable.
Erreur dans le fichier ./CSV3\bulletins\bulletins_propres\table_page_219.csv: En-tête '7T15Base' introuvable.
Erreur dans le fichier ./CSV3\bulletins\bulletins_propres\table_page_219.csv: En-tête '7T20Base' introuvable.
Erreur dans le fichier ./CSV3\bulletins\bulletins_propres\table_page_219.csv: En-tête '6082Base' introuvable.
Erreur dans le fichier ./CSV3\bulletins\bulletins_propres\table_page_219.csv: En-tête '6094Base' introuvable.
Erreur dans le fichier ./CSV3\bulletins\bulletins_propres\table_page_219.csv: En-tête 'PALCAllégement chômageBase' introuvable.
Erreur dans le fichier ./CSV3\bulletins\bulletins_propres\table_page_219.csv: En-tête 'PALFAllégement FillonBase' introuvable.
Erreur dans le fichier ./CSV3\bulletins\bulletins_propres\table_page_219.csv: En-tête 'PALRAllégement retraiteBase' introuvable.
Erreur dans le fichier ./CSV3\bulletins\bulletins_propres\table_page_219.csv: En-tête 'Total Charges Ded.Base' introuvable.
Erreur dans le fichier ./CSV3\bulletins\bulletins_propres\table_page_219.csv: En-tête '6080Base' introuvable.
Erreur dans le fichier ./CSV3\bulletins\bulletins_propres\table_page_219.csv: En-tête '6084Base' introuvable.
Erreur dans le fichier ./CSV3\bulletins\bulletins_propres\table_page_219.csv: En-tête '6092Base' introuvable.
Erreur dans le fichier ./CSV3\bulletins\bulletins_propres\table_page_219.csv: En-tête '6096Base' introuvable.
Erreur dans le fichier ./CSV3\bulletins\bulletins_propres\table_page_219.csv: En-tête '60F1Base' introuvable.
Erreur dans le fichier ./CSV3\bulletins\bulletins_propres\table_page_219.csv: En-tête '60F3Base' introuvable.
Erreur dans le fichier ./CSV3\bulletins\bulletins_propres\table_page_219.csv: En-tête '60F4Base' introuvable.
Erreur dans le fichier ./CSV3\bulletins\bulletins_propres\table_page_219.csv: En-tête '60F8Base' introuvable.
Erreur dans le fichier ./CSV3\bulletins\bulletins_propres\table_page_219.csv: En-tête '60F9Base' introuvable.
Erreur dans le fichier ./CSV3\bulletins\bulletins_propres\table_page_219.csv: En-tête 'Total Charges Non Ded.Base' introuvable.
Erreur dans le fichier ./CSV3\bulletins\bulletins_propres\table_page_219.csv: En-tête '/5I2IJ nette - Maladie 0624Base' introuvable.
Erreur dans le fichier ./CSV3\bulletins\bulletins_propres\table_page_221.csv: En-tête '1001Base' introuvable.
Erreur dans le fichier ./CSV3\bulletins\bulletins_propres\table_page_221.csv: En-tête '1046Base' introuvable.
Erreur dans le fichier ./CSV3\bulletins\bulletins_propres\table_page_221.csv: En-tête 'Base' introuvable.
Erreur dans le fichier ./CSV3\bulletins\bulletins_propres\table_page_221.csv: En-tête '2012Base' introuvable.
Erreur dans le fichier ./CSV3\bulletins\bulletins_propres\table_page_221.csv: En-tête 'Base' introuvable.
Erreur dans le fichier ./CSV3\bulletins\bulletins_propres\table_page_221.csv: En-tête 'Base' introuvable.
Erreur dans le fichier ./CSV3\bulletins\bulletins_propres\table_page_221.csv: En-tête 'TOTAL BRUTBase' introuvable.
Erreur dans le fichier ./CSV3\bulletins\bulletins_propres\table_page_221.csv: En-tête 'Base' introuvable.
Erreur dans le fichier ./CSV3\bulletins\bulletins_propres\table_page_221.csv: En-tête '7001Base' introuvable.
Erreur dans le fichier ./CSV3\bulletins\bulletins_propres\table_page_221.csv: En-tête '7010Base' introuvable.
Erreur dans le fichier ./CSV3\bulletins\bulletins_propres\table_page_221.csv: En-tête '7015Base' introuvable.
Erreur dans le fichier ./CSV3\bulletins\bulletins_propres\table_page_221.csv: En-tête '7020Base' introuvable.
Erreur dans le fichier ./CSV3\bulletins\bulletins_propres\table_page_221.csv: En-tête '7030Base' introuvable.
Erreur dans le fichier ./CSV3\bulletins\bulletins_propres\table_page_221.csv: En-tête '7035Base' introuvable.
Erreur dans le fichier ./CSV3\bulletins\bulletins_propres\table_page_221.csv: En-tête '7040Base' introuvable.
Erreur dans le fichier ./CSV3\bulletins\bulletins_propres\table_page_221.csv: En-tête '7045Base' introuvable.
Erreur dans le fichier ./CSV3\bulletins\bulletins_propres\table_page_221.csv: En-tête '7050Base' introuvable.
Erreur dans le fichier ./CSV3\bulletins\bulletins_propres\table_page_221.csv: En-tête '7055Base' introuvable.
Erreur dans le fichier ./CSV3\bulletins\bulletins_propres\table_page_221.csv: En-tête '7C00Base' introuvable.
Erreur dans le fichier ./CSV3\bulletins\bulletins_propres\table_page_221.csv: En-tête 'Base' introuvable.
Erreur dans le fichier ./CSV3\bulletins\bulletins_propres\table_page_221.csv: En-tête '7C20Base' introuvable.
Erreur dans le fichier ./CSV3\bulletins\bulletins_propres\table_page_221.csv: En-tête 'Base' introuvable.
Erreur dans le fichier ./CSV3\bulletins\bulletins_propres\table_page_221.csv: En-tête '7M03Base' introuvable.
Erreur dans le fichier ./CSV3\bulletins\bulletins_propres\table_page_221.csv: En-tête 'Base' introuvable.
Erreur dans le fichier ./CSV3\bulletins\bulletins_propres\table_page_221.csv: En-tête '7P10Base' introuvable.
Erreur dans le fichier ./CSV3\bulletins\bulletins_propres\table_page_221.csv: En-tête 'Base' introuvable.
Erreur dans le fichier ./CSV3\bulletins\bulletins_propres\table_page_221.csv: En-tête '7R56Base' introuvable.
Erreur dans le fichier ./CSV3\bulletins\bulletins_propres\table_page_221.csv: En-tête '7R63Base' introuvable.
Erreur dans le fichier ./CSV3\bulletins\bulletins_propres\table_page_221.csv: En-tête '7T00Base' introuvable.
Erreur dans le fichier ./CSV3\bulletins\bulletins_propres\table_page_221.csv: En-tête '7T02Base' introuvable.
Erreur dans le fichier ./CSV3\bulletins\bulletins_propres\table_page_221.csv: En-tête '7T05Base' introuvable.
Erreur dans le fichier ./CSV3\bulletins\bulletins_propres\table_page_221.csv: En-tête '7T10Base' introuvable.
Erreur dans le fichier ./CSV3\bulletins\bulletins_propres\table_page_221.csv: En-tête '7T15Base' introuvable.
Erreur dans le fichier ./CSV3\bulletins\bulletins_propres\table_page_221.csv: En-tête '7T20Base' introuvable.
Erreur dans le fichier ./CSV3\bulletins\bulletins_propres\table_page_221.csv: En-tête '6082Base' introuvable.
Erreur dans le fichier ./CSV3\bulletins\bulletins_propres\table_page_221.csv: En-tête '6094Base' introuvable.
Erreur dans le fichier ./CSV3\bulletins\bulletins_propres\table_page_221.csv: En-tête 'Base' introuvable.
Erreur dans le fichier ./CSV3\bulletins\bulletins_propres\table_page_221.csv: En-tête 'Total Charges Ded.Base' introuvable.
Erreur dans le fichier ./CSV3\bulletins\bulletins_propres\table_page_221.csv: En-tête '6080Base' introuvable.
Erreur dans le fichier ./CSV3\bulletins\bulletins_propres\table_page_221.csv: En-tête '6084Base' introuvable.
Erreur dans le fichier ./CSV3\bulletins\bulletins_propres\table_page_221.csv: En-tête '6092Base' introuvable.
Erreur dans le fichier ./CSV3\bulletins\bulletins_propres\table_page_221.csv: En-tête '6096Base' introuvable.
Erreur dans le fichier ./CSV3\bulletins\bulletins_propres\table_page_221.csv: En-tête 'Total Charges Non Ded.Base' introuvable.
Erreur dans le fichier ./CSV3\bulletins\bulletins_propres\table_page_223.csv: En-tête '1001Base' introuvable.
Erreur dans le fichier ./CSV3\bulletins\bulletins_propres\table_page_223.csv: En-tête '2012Base' introuvable.
Erreur dans le fichier ./CSV3\bulletins\bulletins_propres\table_page_223.csv: En-tête 'Base' introuvable.
Erreur dans le fichier ./CSV3\bulletins\bulletins_propres\table_page_223.csv: En-tête '2068Base' introuvable.
Erreur dans le fichier ./CSV3\bulletins\bulletins_propres\table_page_223.csv: En-tête 'Base' introuvable.
Erreur dans le fichier ./CSV3\bulletins\bulletins_propres\table_page_223.csv: En-tête 'Base' introuvable.
Erreur dans le fichier ./CSV3\bulletins\bulletins_propres\table_page_223.csv: En-tête 'TOTAL BRUTBase' introuvable.
Erreur dans le fichier ./CSV3\bulletins\bulletins_propres\table_page_223.csv: En-tête 'Base' introuvable.
Erreur dans le fichier ./CSV3\bulletins\bulletins_propres\table_page_223.csv: En-tête '7001Base' introuvable.
Erreur dans le fichier ./CSV3\bulletins\bulletins_propres\table_page_223.csv: En-tête '7010Base' introuvable.
Erreur dans le fichier ./CSV3\bulletins\bulletins_propres\table_page_223.csv: En-tête '7015Base' introuvable.
Erreur dans le fichier ./CSV3\bulletins\bulletins_propres\table_page_223.csv: En-tête '7020Base' introuvable.
Erreur dans le fichier ./CSV3\bulletins\bulletins_propres\table_page_223.csv: En-tête '7030Base' introuvable.
Erreur dans le fichier ./CSV3\bulletins\bulletins_propres\table_page_223.csv: En-tête '7035Base' introuvable.
Erreur dans le fichier ./CSV3\bulletins\bulletins_propres\table_page_223.csv: En-tête '7040Base' introuvable.
Erreur dans le fichier ./CSV3\bulletins\bulletins_propres\table_page_223.csv: En-tête '7045Base' introuvable.
Erreur dans le fichier ./CSV3\bulletins\bulletins_propres\table_page_223.csv: En-tête '7050Base' introuvable.
Erreur dans le fichier ./CSV3\bulletins\bulletins_propres\table_page_223.csv: En-tête '7055Base' introuvable.
Erreur dans le fichier ./CSV3\bulletins\bulletins_propres\table_page_223.csv: En-tête '7C00Base' introuvable.
Erreur dans le fichier ./CSV3\bulletins\bulletins_propres\table_page_223.csv: En-tête 'Base' introuvable.
Erreur dans le fichier ./CSV3\bulletins\bulletins_propres\table_page_223.csv: En-tête '7C20Base' introuvable.
Erreur dans le fichier ./CSV3\bulletins\bulletins_propres\table_page_223.csv: En-tête 'Base' introuvable.
Erreur dans le fichier ./CSV3\bulletins\bulletins_propres\table_page_223.csv: En-tête '7M05Base' introuvable.
Erreur dans le fichier ./CSV3\bulletins\bulletins_propres\table_page_223.csv: En-tête 'Base' introuvable.
Erreur dans le fichier ./CSV3\bulletins\bulletins_propres\table_page_223.csv: En-tête '7P20Base' introuvable.
Erreur dans le fichier ./CSV3\bulletins\bulletins_propres\table_page_223.csv: En-tête 'Base' introuvable.
Erreur dans le fichier ./CSV3\bulletins\bulletins_propres\table_page_223.csv: En-tête '7R44Base' introuvable.
Erreur dans le fichier ./CSV3\bulletins\bulletins_propres\table_page_223.csv: En-tête '7R53Base' introuvable.
Erreur dans le fichier ./CSV3\bulletins\bulletins_propres\table_page_223.csv: En-tête '7R63Base' introuvable.
Erreur dans le fichier ./CSV3\bulletins\bulletins_propres\table_page_223.csv: En-tête '7T00Base' introuvable.
Erreur dans le fichier ./CSV3\bulletins\bulletins_propres\table_page_223.csv: En-tête '7T02Base' introuvable.
Erreur dans le fichier ./CSV3\bulletins\bulletins_propres\table_page_223.csv: En-tête '7T05Base' introuvable.
Erreur dans le fichier ./CSV3\bulletins\bulletins_propres\table_page_223.csv: En-tête '7T10Base' introuvable.
Erreur dans le fichier ./CSV3\bulletins\bulletins_propres\table_page_223.csv: En-tête '7T15Base' introuvable.
Erreur dans le fichier ./CSV3\bulletins\bulletins_propres\table_page_223.csv: En-tête '7T20Base' introuvable.
Erreur dans le fichier ./CSV3\bulletins\bulletins_propres\table_page_223.csv: En-tête '6082Base' introuvable.
Erreur dans le fichier ./CSV3\bulletins\bulletins_propres\table_page_223.csv: En-tête '6094Base' introuvable.
Erreur dans le fichier ./CSV3\bulletins\bulletins_propres\table_page_223.csv: En-tête 'Base' introuvable.
Erreur dans le fichier ./CSV3\bulletins\bulletins_propres\table_page_223.csv: En-tête 'Total Charges Ded.Base' introuvable.
Erreur dans le fichier ./CSV3\bulletins\bulletins_propres\table_page_223.csv: En-tête '6080Base' introuvable.
Erreur dans le fichier ./CSV3\bulletins\bulletins_propres\table_page_223.csv: En-tête '6084Base' introuvable.
Erreur dans le fichier ./CSV3\bulletins\bulletins_propres\table_page_223.csv: En-tête '6092Base' introuvable.
Erreur dans le fichier ./CSV3\bulletins\bulletins_propres\table_page_223.csv: En-tête '6096Base' introuvable.
Erreur dans le fichier ./CSV3\bulletins\bulletins_propres\table_page_223.csv: En-tête 'Total Charges Non Ded.Base' introuvable.
Erreur dans le fichier ./CSV3\bulletins\bulletins_propres\table_page_223.csv: En-tête '8009Base' introuvable.
Erreur dans le fichier ./CSV3\bulletins\bulletins_propres\table_page_223.csv: En-tête '8010Base' introuvable.
Erreur dans le fichier ./CSV3\bulletins\bulletins_propres\table_page_223.csv: En-tête '8007Base' introuvable.
Erreur dans le fichier ./CSV3\bulletins\bulletins_propres\table_page_223.csv: En-tête '8192Base' introuvable.
Erreur dans le fichier ./CSV3\bulletins\bulletins_propres\table_page_223.csv: En-tête 'Base' introuvable.
Erreur dans le fichier ./CSV3\bulletins\bulletins_propres\table_page_223.csv: En-tête 'Base' introuvable.
Erreur dans le fichier ./CSV3\bulletins\bulletins_propres\table_page_223.csv: En-tête 'Impôt sur le revenuBase' introuvable.
Erreur dans le fichier ./CSV3\bulletins\bulletins_propres\table_page_223.csv: En-tête 'Impôt sur le revenu à la sourceBase' introuvable.
Erreur dans le fichier ./CSV3\bulletins\bulletins_propres\table_page_225.csv: En-tête '1002Base' introuvable.
Erreur dans le fichier ./CSV3\bulletins\bulletins_propres\table_page_225.csv: En-tête '2012Base' introuvable.
Erreur dans le fichier ./CSV3\bulletins\bulletins_propres\table_page_225.csv: En-tête 'Base' introuvable.
Erreur dans le fichier ./CSV3\bulletins\bulletins_propres\table_page_225.csv: En-tête '3050Base' introuvable.
Erreur dans le fichier ./CSV3\bulletins\bulletins_propres\table_page_225.csv: En-tête 'Base' introuvable.
Erreur dans le fichier ./CSV3\bulletins\bulletins_propres\table_page_225.csv: En-tête '3060Base' introuvable.
Erreur dans le fichier ./CSV3\bulletins\bulletins_propres\table_page_225.csv: En-tête '3200Base' introuvable.
Erreur dans le fichier ./CSV3\bulletins\bulletins_propres\table_page_225.csv: En-tête '3230Base' introuvable.
Erreur dans le fichier ./CSV3\bulletins\bulletins_propres\table_page_225.csv: En-tête '3B80Base' introuvable.
Erreur dans le fichier ./CSV3\bulletins\bulletins_propres\table_page_225.csv: En-tête '3B82Base' introuvable.
Erreur dans le fichier ./CSV3\bulletins\bulletins_propres\table_page_225.csv: En-tête 'Base' introuvable.
Erreur dans le fichier ./CSV3\bulletins\bulletins_propres\table_page_225.csv: En-tête 'TOTAL BRUTBase' introuvable.
Erreur dans le fichier ./CSV3\bulletins\bulletins_propres\table_page_225.csv: En-tête '60F2Base' introuvable.
Erreur dans le fichier ./CSV3\bulletins\bulletins_propres\table_page_225.csv: En-tête '7001Base' introuvable.
Erreur dans le fichier ./CSV3\bulletins\bulletins_propres\table_page_225.csv: En-tête '7002Base' introuvable.
Erreur dans le fichier ./CSV3\bulletins\bulletins_propres\table_page_225.csv: En-tête '7010Base' introuvable.
Erreur dans le fichier ./CSV3\bulletins\bulletins_propres\table_page_225.csv: En-tête '7015Base' introuvable.
Erreur dans le fichier ./CSV3\bulletins\bulletins_propres\table_page_225.csv: En-tête '7020Base' introuvable.
Erreur dans le fichier ./CSV3\bulletins\bulletins_propres\table_page_225.csv: En-tête 'Base' introuvable.
Erreur dans le fichier ./CSV3\bulletins\bulletins_propres\table_page_225.csv: En-tête '7025Base' introuvable.
Erreur dans le fichier ./CSV3\bulletins\bulletins_propres\table_page_225.csv: En-tête 'Base' introuvable.
Erreur dans le fichier ./CSV3\bulletins\bulletins_propres\table_page_225.csv: En-tête '7030Base' introuvable.
Erreur dans le fichier ./CSV3\bulletins\bulletins_propres\table_page_225.csv: En-tête 'Base' introuvable.
Erreur dans le fichier ./CSV3\bulletins\bulletins_propres\table_page_225.csv: En-tête '7035Base' introuvable.
Erreur dans le fichier ./CSV3\bulletins\bulletins_propres\table_page_225.csv: En-tête 'Base' introuvable.
Erreur dans le fichier ./CSV3\bulletins\bulletins_propres\table_page_225.csv: En-tête '7040Base' introuvable.
Erreur dans le fichier ./CSV3\bulletins\bulletins_propres\table_page_225.csv: En-tête '7045Base' introuvable.
Erreur dans le fichier ./CSV3\bulletins\bulletins_propres\table_page_225.csv: En-tête '7050Base' introuvable.
Erreur dans le fichier ./CSV3\bulletins\bulletins_propres\table_page_225.csv: En-tête '7055Base' introuvable.
Erreur dans le fichier ./CSV3\bulletins\bulletins_propres\table_page_225.csv: En-tête '7C00Base' introuvable.
Erreur dans le fichier ./CSV3\bulletins\bulletins_propres\table_page_225.csv: En-tête '7C10Base' introuvable.
Erreur dans le fichier ./CSV3\bulletins\bulletins_propres\table_page_225.csv: En-tête '7C20Base' introuvable.
Erreur dans le fichier ./CSV3\bulletins\bulletins_propres\table_page_225.csv: En-tête '7M05Base' introuvable.
Erreur dans le fichier ./CSV3\bulletins\bulletins_propres\table_page_225.csv: En-tête '7P20Base' introuvable.
Erreur dans le fichier ./CSV3\bulletins\bulletins_propres\table_page_225.csv: En-tête '7P25Base' introuvable.
Erreur dans le fichier ./CSV3\bulletins\bulletins_propres\table_page_225.csv: En-tête '7R44Base' introuvable.
Erreur dans le fichier ./CSV3\bulletins\bulletins_propres\table_page_225.csv: En-tête 'Base' introuvable.
Erreur dans le fichier ./CSV3\bulletins\bulletins_propres\table_page_225.csv: En-tête '7R53Base' introuvable.
Erreur dans le fichier ./CSV3\bulletins\bulletins_propres\table_page_225.csv: En-tête 'Base' introuvable.
Erreur dans le fichier ./CSV3\bulletins\bulletins_propres\table_page_225.csv: En-tête '7R54Base' introuvable.
Erreur dans le fichier ./CSV3\bulletins\bulletins_propres\table_page_225.csv: En-tête '7R63Base' introuvable.
Erreur dans le fichier ./CSV3\bulletins\bulletins_propres\table_page_225.csv: En-tête '7R64Base' introuvable.
Erreur dans le fichier ./CSV3\bulletins\bulletins_propres\table_page_225.csv: En-tête '7R70Base' introuvable.
Erreur dans le fichier ./CSV3\bulletins\bulletins_propres\table_page_225.csv: En-tête '7R71Base' introuvable.
Erreur dans le fichier ./CSV3\bulletins\bulletins_propres\table_page_225.csv: En-tête '7T00Base' introuvable.
Erreur dans le fichier ./CSV3\bulletins\bulletins_propres\table_page_225.csv: En-tête '7T02Base' introuvable.
Erreur dans le fichier ./CSV3\bulletins\bulletins_propres\table_page_225.csv: En-tête '7T05Base' introuvable.
Erreur dans le fichier ./CSV3\bulletins\bulletins_propres\table_page_225.csv: En-tête '7T10Base' introuvable.
Erreur dans le fichier ./CSV3\bulletins\bulletins_propres\table_page_225.csv: En-tête '7T15Base' introuvable.
Erreur dans le fichier ./CSV3\bulletins\bulletins_propres\table_page_225.csv: En-tête '7T20Base' introuvable.
Erreur dans le fichier ./CSV3\bulletins\bulletins_propres\table_page_225.csv: En-tête '6082Base' introuvable.
Erreur dans le fichier ./CSV3\bulletins\bulletins_propres\table_page_225.csv: En-tête '6094Base' introuvable.
Erreur dans le fichier ./CSV3\bulletins\bulletins_propres\table_page_225.csv: En-tête 'Total Charges Ded.Base' introuvable.
Erreur dans le fichier ./CSV3\bulletins\bulletins_propres\table_page_225.csv: En-tête '6080Base' introuvable.
Erreur dans le fichier ./CSV3\bulletins\bulletins_propres\table_page_225.csv: En-tête '6084Base' introuvable.
Erreur dans le fichier ./CSV3\bulletins\bulletins_propres\table_page_225.csv: En-tête '6092Base' introuvable.
Erreur dans le fichier ./CSV3\bulletins\bulletins_propres\table_page_225.csv: En-tête '6096Base' introuvable.
Erreur dans le fichier ./CSV3\bulletins\bulletins_propres\table_page_225.csv: En-tête '60F1Base' introuvable.
Erreur dans le fichier ./CSV3\bulletins\bulletins_propres\table_page_225.csv: En-tête '60F3Base' introuvable.
Erreur dans le fichier ./CSV3\bulletins\bulletins_propres\table_page_225.csv: En-tête '60F4Base' introuvable.
Erreur dans le fichier ./CSV3\bulletins\bulletins_propres\table_page_225.csv: En-tête '60F8Base' introuvable.
Erreur dans le fichier ./CSV3\bulletins\bulletins_propres\table_page_225.csv: En-tête '60F9Base' introuvable.
Erreur dans le fichier ./CSV3\bulletins\bulletins_propres\table_page_225.csv: En-tête 'Total Charges Non Ded.Base' introuvable.
Erreur dans le fichier ./CSV3\bulletins\bulletins_propres\table_page_225.csv: En-tête '/5I2IJ nette - Maladie 0624Base' introuvable.
Erreur dans le fichier ./CSV3\bulletins\bulletins_propres\table_page_225.csv: En-tête '8020Base' introuvable.
Erreur dans le fichier ./CSV3\bulletins\bulletins_propres\table_page_227.csv: En-tête '1001Base' introuvable.
Erreur dans le fichier ./CSV3\bulletins\bulletins_propres\table_page_227.csv: En-tête '2012Base' introuvable.
Erreur dans le fichier ./CSV3\bulletins\bulletins_propres\table_page_227.csv: En-tête 'Base' introuvable.
Erreur dans le fichier ./CSV3\bulletins\bulletins_propres\table_page_227.csv: En-tête '2068Base' introuvable.
Erreur dans le fichier ./CSV3\bulletins\bulletins_propres\table_page_227.csv: En-tête 'Base' introuvable.
Erreur dans le fichier ./CSV3\bulletins\bulletins_propres\table_page_227.csv: En-tête '2078Base' introuvable.
Erreur dans le fichier ./CSV3\bulletins\bulletins_propres\table_page_227.csv: En-tête '2262Base' introuvable.
Erreur dans le fichier ./CSV3\bulletins\bulletins_propres\table_page_227.csv: En-tête '3006Base' introuvable.
Erreur dans le fichier ./CSV3\bulletins\bulletins_propres\table_page_227.csv: En-tête '3010Base' introuvable.
Erreur dans le fichier ./CSV3\bulletins\bulletins_propres\table_page_227.csv: En-tête 'Base' introuvable.
Erreur dans le fichier ./CSV3\bulletins\bulletins_propres\table_page_227.csv: En-tête 'TOTAL BRUTBase' introuvable.
Erreur dans le fichier ./CSV3\bulletins\bulletins_propres\table_page_227.csv: En-tête '6S89Base' introuvable.
Erreur dans le fichier ./CSV3\bulletins\bulletins_propres\table_page_227.csv: En-tête '7001Base' introuvable.
Erreur dans le fichier ./CSV3\bulletins\bulletins_propres\table_page_227.csv: En-tête '7010Base' introuvable.
Erreur dans le fichier ./CSV3\bulletins\bulletins_propres\table_page_227.csv: En-tête '7015Base' introuvable.
Erreur dans le fichier ./CSV3\bulletins\bulletins_propres\table_page_227.csv: En-tête '7020Base' introuvable.
Erreur dans le fichier ./CSV3\bulletins\bulletins_propres\table_page_227.csv: En-tête '7030Base' introuvable.
Erreur dans le fichier ./CSV3\bulletins\bulletins_propres\table_page_227.csv: En-tête '7035Base' introuvable.
Erreur dans le fichier ./CSV3\bulletins\bulletins_propres\table_page_227.csv: En-tête 'Base' introuvable.
Erreur dans le fichier ./CSV3\bulletins\bulletins_propres\table_page_227.csv: En-tête '7040Base' introuvable.
Erreur dans le fichier ./CSV3\bulletins\bulletins_propres\table_page_227.csv: En-tête 'Base' introuvable.
Erreur dans le fichier ./CSV3\bulletins\bulletins_propres\table_page_227.csv: En-tête '7045Base' introuvable.
Erreur dans le fichier ./CSV3\bulletins\bulletins_propres\table_page_227.csv: En-tête 'Base' introuvable.
Erreur dans le fichier ./CSV3\bulletins\bulletins_propres\table_page_227.csv: En-tête '7050Base' introuvable.
Erreur dans le fichier ./CSV3\bulletins\bulletins_propres\table_page_227.csv: En-tête 'Base' introuvable.
Erreur dans le fichier ./CSV3\bulletins\bulletins_propres\table_page_227.csv: En-tête '7055Base' introuvable.
Erreur dans le fichier ./CSV3\bulletins\bulletins_propres\table_page_227.csv: En-tête '7C00Base' introuvable.
Erreur dans le fichier ./CSV3\bulletins\bulletins_propres\table_page_227.csv: En-tête '7C10Base' introuvable.
Erreur dans le fichier ./CSV3\bulletins\bulletins_propres\table_page_227.csv: En-tête '7C20Base' introuvable.
Erreur dans le fichier ./CSV3\bulletins\bulletins_propres\table_page_227.csv: En-tête '7P20Base' introuvable.
Erreur dans le fichier ./CSV3\bulletins\bulletins_propres\table_page_227.csv: En-tête '7P25Base' introuvable.
Erreur dans le fichier ./CSV3\bulletins\bulletins_propres\table_page_227.csv: En-tête '7R44Base' introuvable.
Erreur dans le fichier ./CSV3\bulletins\bulletins_propres\table_page_227.csv: En-tête '7R45Base' introuvable.
Erreur dans le fichier ./CSV3\bulletins\bulletins_propres\table_page_227.csv: En-tête '7R53Base' introuvable.
Erreur dans le fichier ./CSV3\bulletins\bulletins_propres\table_page_227.csv: En-tête '7R54Base' introuvable.
Erreur dans le fichier ./CSV3\bulletins\bulletins_propres\table_page_227.csv: En-tête '7R63Base' introuvable.
Erreur dans le fichier ./CSV3\bulletins\bulletins_propres\table_page_227.csv: En-tête 'Base' introuvable.
Erreur dans le fichier ./CSV3\bulletins\bulletins_propres\table_page_227.csv: En-tête '7R64Base' introuvable.
Erreur dans le fichier ./CSV3\bulletins\bulletins_propres\table_page_227.csv: En-tête '7R70Base' introuvable.
Erreur dans le fichier ./CSV3\bulletins\bulletins_propres\table_page_227.csv: En-tête '7R71Base' introuvable.
Erreur dans le fichier ./CSV3\bulletins\bulletins_propres\table_page_227.csv: En-tête '7T00Base' introuvable.
Erreur dans le fichier ./CSV3\bulletins\bulletins_propres\table_page_227.csv: En-tête '7T02Base' introuvable.
Erreur dans le fichier ./CSV3\bulletins\bulletins_propres\table_page_227.csv: En-tête '7T05Base' introuvable.
Erreur dans le fichier ./CSV3\bulletins\bulletins_propres\table_page_227.csv: En-tête '7T10Base' introuvable.
Erreur dans le fichier ./CSV3\bulletins\bulletins_propres\table_page_227.csv: En-tête '7T15Base' introuvable.
Erreur dans le fichier ./CSV3\bulletins\bulletins_propres\table_page_227.csv: En-tête '7T20Base' introuvable.
Erreur dans le fichier ./CSV3\bulletins\bulletins_propres\table_page_227.csv: En-tête '6082Base' introuvable.
Erreur dans le fichier ./CSV3\bulletins\bulletins_propres\table_page_227.csv: En-tête '6094Base' introuvable.
Erreur dans le fichier ./CSV3\bulletins\bulletins_propres\table_page_227.csv: En-tête 'Total Charges Ded.Base' introuvable.
Erreur dans le fichier ./CSV3\bulletins\bulletins_propres\table_page_227.csv: En-tête '6070Base' introuvable.
Erreur dans le fichier ./CSV3\bulletins\bulletins_propres\table_page_227.csv: En-tête '6074Base' introuvable.
Erreur dans le fichier ./CSV3\bulletins\bulletins_propres\table_page_227.csv: En-tête '6080Base' introuvable.
Erreur dans le fichier ./CSV3\bulletins\bulletins_propres\table_page_227.csv: En-tête '6084Base' introuvable.
Erreur dans le fichier ./CSV3\bulletins\bulletins_propres\table_page_227.csv: En-tête '6092Base' introuvable.
Erreur dans le fichier ./CSV3\bulletins\bulletins_propres\table_page_227.csv: En-tête '6096Base' introuvable.
Erreur dans le fichier ./CSV3\bulletins\bulletins_propres\table_page_227.csv: En-tête 'Total Charges Non Ded.Base' introuvable.
Erreur dans le fichier ./CSV3\bulletins\bulletins_propres\table_page_227.csv: En-tête '8009Base' introuvable.
Erreur dans le fichier ./CSV3\bulletins\bulletins_propres\table_page_227.csv: En-tête '8010Base' introuvable.
Erreur dans le fichier ./CSV3\bulletins\bulletins_propres\table_page_227.csv: En-tête '8020Base' introuvable.
Erreur dans le fichier ./CSV3\bulletins\bulletins_propres\table_page_227.csv: En-tête '8192Base' introuvable.
Erreur dans le fichier ./CSV3\bulletins\bulletins_propres\table_page_229.csv: En-tête '1002Base' introuvable.
Erreur dans le fichier ./CSV3\bulletins\bulletins_propres\table_page_229.csv: En-tête '2012Base' introuvable.
Erreur dans le fichier ./CSV3\bulletins\bulletins_propres\table_page_229.csv: En-tête '2068Base' introuvable.
Erreur dans le fichier ./CSV3\bulletins\bulletins_propres\table_page_229.csv: En-tête 'TOTAL BRUTBase' introuvable.
Erreur dans le fichier ./CSV3\bulletins\bulletins_propres\table_page_229.csv: En-tête '7001Base' introuvable.
Erreur dans le fichier ./CSV3\bulletins\bulletins_propres\table_page_229.csv: En-tête 'Base' introuvable.
Erreur dans le fichier ./CSV3\bulletins\bulletins_propres\table_page_229.csv: En-tête '7002Base' introuvable.
Erreur dans le fichier ./CSV3\bulletins\bulletins_propres\table_page_229.csv: En-tête '7010Base' introuvable.
Erreur dans le fichier ./CSV3\bulletins\bulletins_propres\table_page_229.csv: En-tête '7015Base' introuvable.
Erreur dans le fichier ./CSV3\bulletins\bulletins_propres\table_page_229.csv: En-tête '7020Base' introuvable.
Erreur dans le fichier ./CSV3\bulletins\bulletins_propres\table_page_229.csv: En-tête '7030Base' introuvable.
Erreur dans le fichier ./CSV3\bulletins\bulletins_propres\table_page_229.csv: En-tête '7035Base' introuvable.
Erreur dans le fichier ./CSV3\bulletins\bulletins_propres\table_page_229.csv: En-tête '7040Base' introuvable.
Erreur dans le fichier ./CSV3\bulletins\bulletins_propres\table_page_229.csv: En-tête '7045Base' introuvable.
Erreur dans le fichier ./CSV3\bulletins\bulletins_propres\table_page_229.csv: En-tête '7050Base' introuvable.
Erreur dans le fichier ./CSV3\bulletins\bulletins_propres\table_page_229.csv: En-tête '7055Base' introuvable.
Erreur dans le fichier ./CSV3\bulletins\bulletins_propres\table_page_229.csv: En-tête '7C00Base' introuvable.
Erreur dans le fichier ./CSV3\bulletins\bulletins_propres\table_page_229.csv: En-tête '7C10Base' introuvable.
Erreur dans le fichier ./CSV3\bulletins\bulletins_propres\table_page_229.csv: En-tête '7C20Base' introuvable.
Erreur dans le fichier ./CSV3\bulletins\bulletins_propres\table_page_229.csv: En-tête '7M05Base' introuvable.
Erreur dans le fichier ./CSV3\bulletins\bulletins_propres\table_page_229.csv: En-tête '7P20Base' introuvable.
Erreur dans le fichier ./CSV3\bulletins\bulletins_propres\table_page_229.csv: En-tête 'Base' introuvable.
Erreur dans le fichier ./CSV3\bulletins\bulletins_propres\table_page_229.csv: En-tête '7P25Base' introuvable.
Erreur dans le fichier ./CSV3\bulletins\bulletins_propres\table_page_229.csv: En-tête '7R44Base' introuvable.
Erreur dans le fichier ./CSV3\bulletins\bulletins_propres\table_page_229.csv: En-tête '7R45Base' introuvable.
Erreur dans le fichier ./CSV3\bulletins\bulletins_propres\table_page_229.csv: En-tête '7R53Base' introuvable.
Erreur dans le fichier ./CSV3\bulletins\bulletins_propres\table_page_229.csv: En-tête '7R54Base' introuvable.
Erreur dans le fichier ./CSV3\bulletins\bulletins_propres\table_page_229.csv: En-tête '7R63Base' introuvable.
Erreur dans le fichier ./CSV3\bulletins\bulletins_propres\table_page_229.csv: En-tête '7R64Base' introuvable.
Erreur dans le fichier ./CSV3\bulletins\bulletins_propres\table_page_229.csv: En-tête '7R70Base' introuvable.
Erreur dans le fichier ./CSV3\bulletins\bulletins_propres\table_page_229.csv: En-tête '7R71Base' introuvable.
Erreur dans le fichier ./CSV3\bulletins\bulletins_propres\table_page_229.csv: En-tête '7T00Base' introuvable.
Erreur dans le fichier ./CSV3\bulletins\bulletins_propres\table_page_229.csv: En-tête '7T02Base' introuvable.
Erreur dans le fichier ./CSV3\bulletins\bulletins_propres\table_page_229.csv: En-tête '7T05Base' introuvable.
Erreur dans le fichier ./CSV3\bulletins\bulletins_propres\table_page_229.csv: En-tête '7T10Base' introuvable.
Erreur dans le fichier ./CSV3\bulletins\bulletins_propres\table_page_229.csv: En-tête '7T15Base' introuvable.
Erreur dans le fichier ./CSV3\bulletins\bulletins_propres\table_page_229.csv: En-tête '7T20Base' introuvable.
Erreur dans le fichier ./CSV3\bulletins\bulletins_propres\table_page_229.csv: En-tête '6082Base' introuvable.
Erreur dans le fichier ./CSV3\bulletins\bulletins_propres\table_page_229.csv: En-tête '6094Base' introuvable.
Erreur dans le fichier ./CSV3\bulletins\bulletins_propres\table_page_229.csv: En-tête 'Total Charges Ded.Base' introuvable.
Erreur dans le fichier ./CSV3\bulletins\bulletins_propres\table_page_229.csv: En-tête '6080Base' introuvable.
Erreur dans le fichier ./CSV3\bulletins\bulletins_propres\table_page_229.csv: En-tête '6084Base' introuvable.
Erreur dans le fichier ./CSV3\bulletins\bulletins_propres\table_page_229.csv: En-tête '6092Base' introuvable.
Erreur dans le fichier ./CSV3\bulletins\bulletins_propres\table_page_229.csv: En-tête '6096Base' introuvable.
Erreur dans le fichier ./CSV3\bulletins\bulletins_propres\table_page_229.csv: En-tête 'Total Charges Non Ded.Base' introuvable.
Erreur dans le fichier ./CSV3\bulletins\bulletins_propres\table_page_229.csv: En-tête '8009Base' introuvable.
Erreur dans le fichier ./CSV3\bulletins\bulletins_propres\table_page_229.csv: En-tête '8010Base' introuvable.
Erreur dans le fichier ./CSV3\bulletins\bulletins_propres\table_page_229.csv: En-tête '8007Base' introuvable.
Erreur dans le fichier ./CSV3\bulletins\bulletins_propres\table_page_23.csv: En-tête '1001Base' introuvable.
Erreur dans le fichier ./CSV3\bulletins\bulletins_propres\table_page_23.csv: En-tête '2012Base' introuvable.
Erreur dans le fichier ./CSV3\bulletins\bulletins_propres\table_page_23.csv: En-tête 'Base' introuvable.
Erreur dans le fichier ./CSV3\bulletins\bulletins_propres\table_page_23.csv: En-tête '2068Base' introuvable.
Erreur dans le fichier ./CSV3\bulletins\bulletins_propres\table_page_23.csv: En-tête 'Base' introuvable.
Erreur dans le fichier ./CSV3\bulletins\bulletins_propres\table_page_23.csv: En-tête '3250Base' introuvable.
Erreur dans le fichier ./CSV3\bulletins\bulletins_propres\table_page_23.csv: En-tête '3255Base' introuvable.
Erreur dans le fichier ./CSV3\bulletins\bulletins_propres\table_page_23.csv: En-tête '3270Base' introuvable.
Erreur dans le fichier ./CSV3\bulletins\bulletins_propres\table_page_23.csv: En-tête '3275Base' introuvable.
Erreur dans le fichier ./CSV3\bulletins\bulletins_propres\table_page_23.csv: En-tête '3310Base' introuvable.
Erreur dans le fichier ./CSV3\bulletins\bulletins_propres\table_page_23.csv: En-tête '3315Base' introuvable.
Erreur dans le fichier ./CSV3\bulletins\bulletins_propres\table_page_23.csv: En-tête 'Base' introuvable.
Erreur dans le fichier ./CSV3\bulletins\bulletins_propres\table_page_23.csv: En-tête 'TOTAL BRUTBase' introuvable.
Erreur dans le fichier ./CSV3\bulletins\bulletins_propres\table_page_23.csv: En-tête '7001Base' introuvable.
Erreur dans le fichier ./CSV3\bulletins\bulletins_propres\table_page_23.csv: En-tête '7010Base' introuvable.
Erreur dans le fichier ./CSV3\bulletins\bulletins_propres\table_page_23.csv: En-tête '7015Base' introuvable.
Erreur dans le fichier ./CSV3\bulletins\bulletins_propres\table_page_23.csv: En-tête '7020Base' introuvable.
Erreur dans le fichier ./CSV3\bulletins\bulletins_propres\table_page_23.csv: En-tête '7030Base' introuvable.
Erreur dans le fichier ./CSV3\bulletins\bulletins_propres\table_page_23.csv: En-tête 'Base' introuvable.
Erreur dans le fichier ./CSV3\bulletins\bulletins_propres\table_page_23.csv: En-tête '7035Base' introuvable.
Erreur dans le fichier ./CSV3\bulletins\bulletins_propres\table_page_23.csv: En-tête 'Base' introuvable.
Erreur dans le fichier ./CSV3\bulletins\bulletins_propres\table_page_23.csv: En-tête '7040Base' introuvable.
Erreur dans le fichier ./CSV3\bulletins\bulletins_propres\table_page_23.csv: En-tête 'Base' introuvable.
Erreur dans le fichier ./CSV3\bulletins\bulletins_propres\table_page_23.csv: En-tête '7045Base' introuvable.
Erreur dans le fichier ./CSV3\bulletins\bulletins_propres\table_page_23.csv: En-tête 'Base' introuvable.
Erreur dans le fichier ./CSV3\bulletins\bulletins_propres\table_page_23.csv: En-tête '7050Base' introuvable.
Erreur dans le fichier ./CSV3\bulletins\bulletins_propres\table_page_23.csv: En-tête '7055Base' introuvable.
Erreur dans le fichier ./CSV3\bulletins\bulletins_propres\table_page_23.csv: En-tête '7C00Base' introuvable.
Erreur dans le fichier ./CSV3\bulletins\bulletins_propres\table_page_23.csv: En-tête '7C20Base' introuvable.
Erreur dans le fichier ./CSV3\bulletins\bulletins_propres\table_page_23.csv: En-tête '7M05Base' introuvable.
Erreur dans le fichier ./CSV3\bulletins\bulletins_propres\table_page_23.csv: En-tête '7P20Base' introuvable.
Erreur dans le fichier ./CSV3\bulletins\bulletins_propres\table_page_23.csv: En-tête '7R44Base' introuvable.
Erreur dans le fichier ./CSV3\bulletins\bulletins_propres\table_page_23.csv: En-tête '7R53Base' introuvable.
Erreur dans le fichier ./CSV3\bulletins\bulletins_propres\table_page_23.csv: En-tête '7R63Base' introuvable.
Erreur dans le fichier ./CSV3\bulletins\bulletins_propres\table_page_23.csv: En-tête '7T00Base' introuvable.
Erreur dans le fichier ./CSV3\bulletins\bulletins_propres\table_page_23.csv: En-tête '7T02Base' introuvable.
Erreur dans le fichier ./CSV3\bulletins\bulletins_propres\table_page_23.csv: En-tête 'Base' introuvable.
Erreur dans le fichier ./CSV3\bulletins\bulletins_propres\table_page_23.csv: En-tête '7T05Base' introuvable.
Erreur dans le fichier ./CSV3\bulletins\bulletins_propres\table_page_23.csv: En-tête 'Base' introuvable.
Erreur dans le fichier ./CSV3\bulletins\bulletins_propres\table_page_23.csv: En-tête '7T10Base' introuvable.
Erreur dans le fichier ./CSV3\bulletins\bulletins_propres\table_page_23.csv: En-tête 'Base' introuvable.
Erreur dans le fichier ./CSV3\bulletins\bulletins_propres\table_page_23.csv: En-tête '7T15Base' introuvable.
Erreur dans le fichier ./CSV3\bulletins\bulletins_propres\table_page_23.csv: En-tête '7T20Base' introuvable.
Erreur dans le fichier ./CSV3\bulletins\bulletins_propres\table_page_23.csv: En-tête '6082Base' introuvable.
Erreur dans le fichier ./CSV3\bulletins\bulletins_propres\table_page_23.csv: En-tête '6094Base' introuvable.
Erreur dans le fichier ./CSV3\bulletins\bulletins_propres\table_page_23.csv: En-tête 'Total Charges Ded.Base' introuvable.
Erreur dans le fichier ./CSV3\bulletins\bulletins_propres\table_page_23.csv: En-tête '6080Base' introuvable.
Erreur dans le fichier ./CSV3\bulletins\bulletins_propres\table_page_23.csv: En-tête '6084Base' introuvable.
Erreur dans le fichier ./CSV3\bulletins\bulletins_propres\table_page_23.csv: En-tête '6092Base' introuvable.
Erreur dans le fichier ./CSV3\bulletins\bulletins_propres\table_page_23.csv: En-tête '6096Base' introuvable.
Erreur dans le fichier ./CSV3\bulletins\bulletins_propres\table_page_23.csv: En-tête 'Total Charges Non Ded.Base' introuvable.
Erreur dans le fichier ./CSV3\bulletins\bulletins_propres\table_page_23.csv: En-tête '8009Base' introuvable.
Erreur dans le fichier ./CSV3\bulletins\bulletins_propres\table_page_23.csv: En-tête '8010Base' introuvable.
Erreur dans le fichier ./CSV3\bulletins\bulletins_propres\table_page_23.csv: En-tête '8007Base' introuvable.
Erreur dans le fichier ./CSV3\bulletins\bulletins_propres\table_page_231.csv: En-tête '1001Base' introuvable.
Erreur dans le fichier ./CSV3\bulletins\bulletins_propres\table_page_231.csv: En-tête '1046Base' introuvable.
Erreur dans le fichier ./CSV3\bulletins\bulletins_propres\table_page_231.csv: En-tête 'Base' introuvable.
Erreur dans le fichier ./CSV3\bulletins\bulletins_propres\table_page_231.csv: En-tête '2012Base' introuvable.
Erreur dans le fichier ./CSV3\bulletins\bulletins_propres\table_page_231.csv: En-tête 'Base' introuvable.
Erreur dans le fichier ./CSV3\bulletins\bulletins_propres\table_page_231.csv: En-tête '2018Base' introuvable.
Erreur dans le fichier ./CSV3\bulletins\bulletins_propres\table_page_231.csv: En-tête '2068Base' introuvable.
Erreur dans le fichier ./CSV3\bulletins\bulletins_propres\table_page_231.csv: En-tête '2078Base' introuvable.
Erreur dans le fichier ./CSV3\bulletins\bulletins_propres\table_page_231.csv: En-tête '3006Base' introuvable.
Erreur dans le fichier ./CSV3\bulletins\bulletins_propres\table_page_231.csv: En-tête 'Base' introuvable.
Erreur dans le fichier ./CSV3\bulletins\bulletins_propres\table_page_231.csv: En-tête 'TOTAL BRUTBase' introuvable.
Erreur dans le fichier ./CSV3\bulletins\bulletins_propres\table_page_231.csv: En-tête '6S89Base' introuvable.
Erreur dans le fichier ./CSV3\bulletins\bulletins_propres\table_page_231.csv: En-tête '7001Base' introuvable.
Erreur dans le fichier ./CSV3\bulletins\bulletins_propres\table_page_231.csv: En-tête '7010Base' introuvable.
Erreur dans le fichier ./CSV3\bulletins\bulletins_propres\table_page_231.csv: En-tête '7015Base' introuvable.
Erreur dans le fichier ./CSV3\bulletins\bulletins_propres\table_page_231.csv: En-tête '7020Base' introuvable.
Erreur dans le fichier ./CSV3\bulletins\bulletins_propres\table_page_231.csv: En-tête '7030Base' introuvable.
Erreur dans le fichier ./CSV3\bulletins\bulletins_propres\table_page_231.csv: En-tête '7035Base' introuvable.
Erreur dans le fichier ./CSV3\bulletins\bulletins_propres\table_page_231.csv: En-tête 'Base' introuvable.
Erreur dans le fichier ./CSV3\bulletins\bulletins_propres\table_page_231.csv: En-tête '7040Base' introuvable.
Erreur dans le fichier ./CSV3\bulletins\bulletins_propres\table_page_231.csv: En-tête 'Base' introuvable.
Erreur dans le fichier ./CSV3\bulletins\bulletins_propres\table_page_231.csv: En-tête '7045Base' introuvable.
Erreur dans le fichier ./CSV3\bulletins\bulletins_propres\table_page_231.csv: En-tête 'Base' introuvable.
Erreur dans le fichier ./CSV3\bulletins\bulletins_propres\table_page_231.csv: En-tête '7050Base' introuvable.
Erreur dans le fichier ./CSV3\bulletins\bulletins_propres\table_page_231.csv: En-tête 'Base' introuvable.
Erreur dans le fichier ./CSV3\bulletins\bulletins_propres\table_page_231.csv: En-tête '7055Base' introuvable.
Erreur dans le fichier ./CSV3\bulletins\bulletins_propres\table_page_231.csv: En-tête '7C00Base' introuvable.
Erreur dans le fichier ./CSV3\bulletins\bulletins_propres\table_page_231.csv: En-tête '7C20Base' introuvable.
Erreur dans le fichier ./CSV3\bulletins\bulletins_propres\table_page_231.csv: En-tête '7M05Base' introuvable.
Erreur dans le fichier ./CSV3\bulletins\bulletins_propres\table_page_231.csv: En-tête '7P20Base' introuvable.
Erreur dans le fichier ./CSV3\bulletins\bulletins_propres\table_page_231.csv: En-tête '7R56Base' introuvable.
Erreur dans le fichier ./CSV3\bulletins\bulletins_propres\table_page_231.csv: En-tête '7R63Base' introuvable.
Erreur dans le fichier ./CSV3\bulletins\bulletins_propres\table_page_231.csv: En-tête '7T00Base' introuvable.
Erreur dans le fichier ./CSV3\bulletins\bulletins_propres\table_page_231.csv: En-tête '7T02Base' introuvable.
Erreur dans le fichier ./CSV3\bulletins\bulletins_propres\table_page_231.csv: En-tête '7T05Base' introuvable.
Erreur dans le fichier ./CSV3\bulletins\bulletins_propres\table_page_231.csv: En-tête '7T10Base' introuvable.
Erreur dans le fichier ./CSV3\bulletins\bulletins_propres\table_page_231.csv: En-tête 'Base' introuvable.
Erreur dans le fichier ./CSV3\bulletins\bulletins_propres\table_page_231.csv: En-tête '7T15Base' introuvable.
Erreur dans le fichier ./CSV3\bulletins\bulletins_propres\table_page_231.csv: En-tête '7T20Base' introuvable.
Erreur dans le fichier ./CSV3\bulletins\bulletins_propres\table_page_231.csv: En-tête '6082Base' introuvable.
Erreur dans le fichier ./CSV3\bulletins\bulletins_propres\table_page_231.csv: En-tête '6094Base' introuvable.
Erreur dans le fichier ./CSV3\bulletins\bulletins_propres\table_page_231.csv: En-tête 'Total Charges Ded.Base' introuvable.
Erreur dans le fichier ./CSV3\bulletins\bulletins_propres\table_page_231.csv: En-tête '6070Base' introuvable.
Erreur dans le fichier ./CSV3\bulletins\bulletins_propres\table_page_231.csv: En-tête '6074Base' introuvable.
Erreur dans le fichier ./CSV3\bulletins\bulletins_propres\table_page_231.csv: En-tête '6080Base' introuvable.
Erreur dans le fichier ./CSV3\bulletins\bulletins_propres\table_page_231.csv: En-tête '6084Base' introuvable.
Erreur dans le fichier ./CSV3\bulletins\bulletins_propres\table_page_231.csv: En-tête '6092Base' introuvable.
Erreur dans le fichier ./CSV3\bulletins\bulletins_propres\table_page_231.csv: En-tête '6096Base' introuvable.
Erreur dans le fichier ./CSV3\bulletins\bulletins_propres\table_page_231.csv: En-tête 'Total Charges Non Ded.Base' introuvable.
Erreur dans le fichier ./CSV3\bulletins\bulletins_propres\table_page_231.csv: En-tête '8009Base' introuvable.
Erreur dans le fichier ./CSV3\bulletins\bulletins_propres\table_page_231.csv: En-tête '8010Base' introuvable.
Erreur dans le fichier ./CSV3\bulletins\bulletins_propres\table_page_231.csv: En-tête '8192Base' introuvable.
Erreur dans le fichier ./CSV3\bulletins\bulletins_propres\table_page_231.csv: En-tête '8190Base' introuvable.
Erreur dans le fichier ./CSV3\bulletins\bulletins_propres\table_page_231.csv: En-tête 'Base' introuvable.
Erreur dans le fichier ./CSV3\bulletins\bulletins_propres\table_page_231.csv: En-tête 'Base' introuvable.
Erreur dans le fichier ./CSV3\bulletins\bulletins_propres\table_page_231.csv: En-tête 'Impôt sur le revenuBase' introuvable.
Erreur dans le fichier ./CSV3\bulletins\bulletins_propres\table_page_231.csv: En-tête 'Impôt sur le revenu à la sourceBase' introuvable.
Erreur dans le fichier ./CSV3\bulletins\bulletins_propres\table_page_233.csv: En-tête '1001Base' introuvable.
Erreur dans le fichier ./CSV3\bulletins\bulletins_propres\table_page_233.csv: En-tête '1046Base' introuvable.
Erreur dans le fichier ./CSV3\bulletins\bulletins_propres\table_page_233.csv: En-tête 'Base' introuvable.
Erreur dans le fichier ./CSV3\bulletins\bulletins_propres\table_page_233.csv: En-tête '2012Base' introuvable.
Erreur dans le fichier ./CSV3\bulletins\bulletins_propres\table_page_233.csv: En-tête 'Base' introuvable.
Erreur dans le fichier ./CSV3\bulletins\bulletins_propres\table_page_233.csv: En-tête '2016Base' introuvable.
Erreur dans le fichier ./CSV3\bulletins\bulletins_propres\table_page_233.csv: En-tête '2050Base' introuvable.
Erreur dans le fichier ./CSV3\bulletins\bulletins_propres\table_page_233.csv: En-tête '2068Base' introuvable.
Erreur dans le fichier ./CSV3\bulletins\bulletins_propres\table_page_233.csv: En-tête '2078Base' introuvable.
Erreur dans le fichier ./CSV3\bulletins\bulletins_propres\table_page_233.csv: En-tête 'Base' introuvable.
Erreur dans le fichier ./CSV3\bulletins\bulletins_propres\table_page_233.csv: En-tête 'TOTAL BRUTBase' introuvable.
Erreur dans le fichier ./CSV3\bulletins\bulletins_propres\table_page_233.csv: En-tête '7001Base' introuvable.
Erreur dans le fichier ./CSV3\bulletins\bulletins_propres\table_page_233.csv: En-tête '7010Base' introuvable.
Erreur dans le fichier ./CSV3\bulletins\bulletins_propres\table_page_233.csv: En-tête '7015Base' introuvable.
Erreur dans le fichier ./CSV3\bulletins\bulletins_propres\table_page_233.csv: En-tête '7020Base' introuvable.
Erreur dans le fichier ./CSV3\bulletins\bulletins_propres\table_page_233.csv: En-tête '7030Base' introuvable.
Erreur dans le fichier ./CSV3\bulletins\bulletins_propres\table_page_233.csv: En-tête '7035Base' introuvable.
Erreur dans le fichier ./CSV3\bulletins\bulletins_propres\table_page_233.csv: En-tête '7040Base' introuvable.
Erreur dans le fichier ./CSV3\bulletins\bulletins_propres\table_page_233.csv: En-tête 'Base' introuvable.
Erreur dans le fichier ./CSV3\bulletins\bulletins_propres\table_page_233.csv: En-tête '7045Base' introuvable.
Erreur dans le fichier ./CSV3\bulletins\bulletins_propres\table_page_233.csv: En-tête 'Base' introuvable.
Erreur dans le fichier ./CSV3\bulletins\bulletins_propres\table_page_233.csv: En-tête '7050Base' introuvable.
Erreur dans le fichier ./CSV3\bulletins\bulletins_propres\table_page_233.csv: En-tête 'Base' introuvable.
Erreur dans le fichier ./CSV3\bulletins\bulletins_propres\table_page_233.csv: En-tête '7055Base' introuvable.
Erreur dans le fichier ./CSV3\bulletins\bulletins_propres\table_page_233.csv: En-tête 'Base' introuvable.
Erreur dans le fichier ./CSV3\bulletins\bulletins_propres\table_page_233.csv: En-tête '7C00Base' introuvable.
Erreur dans le fichier ./CSV3\bulletins\bulletins_propres\table_page_233.csv: En-tête '7C20Base' introuvable.
Erreur dans le fichier ./CSV3\bulletins\bulletins_propres\table_page_233.csv: En-tête '7M03Base' introuvable.
Erreur dans le fichier ./CSV3\bulletins\bulletins_propres\table_page_233.csv: En-tête '7P10Base' introuvable.
Erreur dans le fichier ./CSV3\bulletins\bulletins_propres\table_page_233.csv: En-tête '7R56Base' introuvable.
Erreur dans le fichier ./CSV3\bulletins\bulletins_propres\table_page_233.csv: En-tête '7R63Base' introuvable.
Erreur dans le fichier ./CSV3\bulletins\bulletins_propres\table_page_233.csv: En-tête '7T00Base' introuvable.
Erreur dans le fichier ./CSV3\bulletins\bulletins_propres\table_page_233.csv: En-tête '7T02Base' introuvable.
Erreur dans le fichier ./CSV3\bulletins\bulletins_propres\table_page_233.csv: En-tête '7T05Base' introuvable.
Erreur dans le fichier ./CSV3\bulletins\bulletins_propres\table_page_233.csv: En-tête '7T10Base' introuvable.
Erreur dans le fichier ./CSV3\bulletins\bulletins_propres\table_page_233.csv: En-tête '7T15Base' introuvable.
Erreur dans le fichier ./CSV3\bulletins\bulletins_propres\table_page_233.csv: En-tête 'Base' introuvable.
Erreur dans le fichier ./CSV3\bulletins\bulletins_propres\table_page_233.csv: En-tête '7T20Base' introuvable.
Erreur dans le fichier ./CSV3\bulletins\bulletins_propres\table_page_233.csv: En-tête '6082Base' introuvable.
Erreur dans le fichier ./CSV3\bulletins\bulletins_propres\table_page_233.csv: En-tête '6094Base' introuvable.
Erreur dans le fichier ./CSV3\bulletins\bulletins_propres\table_page_233.csv: En-tête 'Total Charges Ded.Base' introuvable.
Erreur dans le fichier ./CSV3\bulletins\bulletins_propres\table_page_233.csv: En-tête '6080Base' introuvable.
Erreur dans le fichier ./CSV3\bulletins\bulletins_propres\table_page_233.csv: En-tête '6084Base' introuvable.
Erreur dans le fichier ./CSV3\bulletins\bulletins_propres\table_page_233.csv: En-tête '6092Base' introuvable.
Erreur dans le fichier ./CSV3\bulletins\bulletins_propres\table_page_233.csv: En-tête '6096Base' introuvable.
Erreur dans le fichier ./CSV3\bulletins\bulletins_propres\table_page_233.csv: En-tête 'Total Charges Non Ded.Base' introuvable.
Erreur dans le fichier ./CSV3\bulletins\bulletins_propres\table_page_233.csv: En-tête '8009Base' introuvable.
Erreur dans le fichier ./CSV3\bulletins\bulletins_propres\table_page_233.csv: En-tête '8010Base' introuvable.
Erreur dans le fichier ./CSV3\bulletins\bulletins_propres\table_page_233.csv: En-tête '8007Base' introuvable.
Erreur dans le fichier ./CSV3\bulletins\bulletins_propres\table_page_235.csv: En-tête '1001Base' introuvable.
Erreur dans le fichier ./CSV3\bulletins\bulletins_propres\table_page_235.csv: En-tête '1046Base' introuvable.
Erreur dans le fichier ./CSV3\bulletins\bulletins_propres\table_page_235.csv: En-tête 'Base' introuvable.
Erreur dans le fichier ./CSV3\bulletins\bulletins_propres\table_page_235.csv: En-tête '2012Base' introuvable.
Erreur dans le fichier ./CSV3\bulletins\bulletins_propres\table_page_235.csv: En-tête 'Base' introuvable.
Erreur dans le fichier ./CSV3\bulletins\bulletins_propres\table_page_235.csv: En-tête '2068Base' introuvable.
Erreur dans le fichier ./CSV3\bulletins\bulletins_propres\table_page_235.csv: En-tête '2078Base' introuvable.
Erreur dans le fichier ./CSV3\bulletins\bulletins_propres\table_page_235.csv: En-tête '2082Base' introuvable.
Erreur dans le fichier ./CSV3\bulletins\bulletins_propres\table_page_235.csv: En-tête '2084Base' introuvable.
Erreur dans le fichier ./CSV3\bulletins\bulletins_propres\table_page_235.csv: En-tête '3270Base' introuvable.
Erreur dans le fichier ./CSV3\bulletins\bulletins_propres\table_page_235.csv: En-tête '3275Base' introuvable.
Erreur dans le fichier ./CSV3\bulletins\bulletins_propres\table_page_235.csv: En-tête 'Base' introuvable.
Erreur dans le fichier ./CSV3\bulletins\bulletins_propres\table_page_235.csv: En-tête 'TOTAL BRUTBase' introuvable.
Erreur dans le fichier ./CSV3\bulletins\bulletins_propres\table_page_235.csv: En-tête '7001Base' introuvable.
Erreur dans le fichier ./CSV3\bulletins\bulletins_propres\table_page_235.csv: En-tête '7010Base' introuvable.
Erreur dans le fichier ./CSV3\bulletins\bulletins_propres\table_page_235.csv: En-tête '7015Base' introuvable.
Erreur dans le fichier ./CSV3\bulletins\bulletins_propres\table_page_235.csv: En-tête '7020Base' introuvable.
Erreur dans le fichier ./CSV3\bulletins\bulletins_propres\table_page_235.csv: En-tête '7030Base' introuvable.
Erreur dans le fichier ./CSV3\bulletins\bulletins_propres\table_page_235.csv: En-tête 'Base' introuvable.
Erreur dans le fichier ./CSV3\bulletins\bulletins_propres\table_page_235.csv: En-tête '7035Base' introuvable.
Erreur dans le fichier ./CSV3\bulletins\bulletins_propres\table_page_235.csv: En-tête 'Base' introuvable.
Erreur dans le fichier ./CSV3\bulletins\bulletins_propres\table_page_235.csv: En-tête '7040Base' introuvable.
Erreur dans le fichier ./CSV3\bulletins\bulletins_propres\table_page_235.csv: En-tête 'Base' introuvable.
Erreur dans le fichier ./CSV3\bulletins\bulletins_propres\table_page_235.csv: En-tête '7045Base' introuvable.
Erreur dans le fichier ./CSV3\bulletins\bulletins_propres\table_page_235.csv: En-tête 'Base' introuvable.
Erreur dans le fichier ./CSV3\bulletins\bulletins_propres\table_page_235.csv: En-tête '7050Base' introuvable.
Erreur dans le fichier ./CSV3\bulletins\bulletins_propres\table_page_235.csv: En-tête '7055Base' introuvable.
Erreur dans le fichier ./CSV3\bulletins\bulletins_propres\table_page_235.csv: En-tête '7C00Base' introuvable.
Erreur dans le fichier ./CSV3\bulletins\bulletins_propres\table_page_235.csv: En-tête '7C20Base' introuvable.
Erreur dans le fichier ./CSV3\bulletins\bulletins_propres\table_page_235.csv: En-tête '7M04Base' introuvable.
Erreur dans le fichier ./CSV3\bulletins\bulletins_propres\table_page_235.csv: En-tête '7P10Base' introuvable.
Erreur dans le fichier ./CSV3\bulletins\bulletins_propres\table_page_235.csv: En-tête '7R56Base' introuvable.
Erreur dans le fichier ./CSV3\bulletins\bulletins_propres\table_page_235.csv: En-tête '7R63Base' introuvable.
Erreur dans le fichier ./CSV3\bulletins\bulletins_propres\table_page_235.csv: En-tête '7T00Base' introuvable.
Erreur dans le fichier ./CSV3\bulletins\bulletins_propres\table_page_235.csv: En-tête '7T02Base' introuvable.
Erreur dans le fichier ./CSV3\bulletins\bulletins_propres\table_page_235.csv: En-tête '7T05Base' introuvable.
Erreur dans le fichier ./CSV3\bulletins\bulletins_propres\table_page_235.csv: En-tête 'Base' introuvable.
Erreur dans le fichier ./CSV3\bulletins\bulletins_propres\table_page_235.csv: En-tête '7T10Base' introuvable.
Erreur dans le fichier ./CSV3\bulletins\bulletins_propres\table_page_235.csv: En-tête 'Base' introuvable.
Erreur dans le fichier ./CSV3\bulletins\bulletins_propres\table_page_235.csv: En-tête '7T15Base' introuvable.
Erreur dans le fichier ./CSV3\bulletins\bulletins_propres\table_page_235.csv: En-tête '7T20Base' introuvable.
Erreur dans le fichier ./CSV3\bulletins\bulletins_propres\table_page_235.csv: En-tête '6082Base' introuvable.
Erreur dans le fichier ./CSV3\bulletins\bulletins_propres\table_page_235.csv: En-tête '6094Base' introuvable.
Erreur dans le fichier ./CSV3\bulletins\bulletins_propres\table_page_235.csv: En-tête 'Total Charges Ded.Base' introuvable.
Erreur dans le fichier ./CSV3\bulletins\bulletins_propres\table_page_235.csv: En-tête '6080Base' introuvable.
Erreur dans le fichier ./CSV3\bulletins\bulletins_propres\table_page_235.csv: En-tête '6084Base' introuvable.
Erreur dans le fichier ./CSV3\bulletins\bulletins_propres\table_page_235.csv: En-tête '6092Base' introuvable.
Erreur dans le fichier ./CSV3\bulletins\bulletins_propres\table_page_235.csv: En-tête '6096Base' introuvable.
Erreur dans le fichier ./CSV3\bulletins\bulletins_propres\table_page_235.csv: En-tête 'Total Charges Non Ded.Base' introuvable.
Erreur dans le fichier ./CSV3\bulletins\bulletins_propres\table_page_235.csv: En-tête '8009Base' introuvable.
Erreur dans le fichier ./CSV3\bulletins\bulletins_propres\table_page_235.csv: En-tête '8010Base' introuvable.
Erreur dans le fichier ./CSV3\bulletins\bulletins_propres\table_page_235.csv: En-tête '8007Base' introuvable.
Erreur dans le fichier ./CSV3\bulletins\bulletins_propres\table_page_237.csv: En-tête '1001Base' introuvable.
Erreur dans le fichier ./CSV3\bulletins\bulletins_propres\table_page_237.csv: En-tête '1046Base' introuvable.
Erreur dans le fichier ./CSV3\bulletins\bulletins_propres\table_page_237.csv: En-tête 'Base' introuvable.
Erreur dans le fichier ./CSV3\bulletins\bulletins_propres\table_page_237.csv: En-tête '2012Base' introuvable.
Erreur dans le fichier ./CSV3\bulletins\bulletins_propres\table_page_237.csv: En-tête 'Base' introuvable.
Erreur dans le fichier ./CSV3\bulletins\bulletins_propres\table_page_237.csv: En-tête '2018Base' introuvable.
Erreur dans le fichier ./CSV3\bulletins\bulletins_propres\table_page_237.csv: En-tête '2068Base' introuvable.
Erreur dans le fichier ./CSV3\bulletins\bulletins_propres\table_page_237.csv: En-tête '2078Base' introuvable.
Erreur dans le fichier ./CSV3\bulletins\bulletins_propres\table_page_237.csv: En-tête '3006Base' introuvable.
Erreur dans le fichier ./CSV3\bulletins\bulletins_propres\table_page_237.csv: En-tête '3010Base' introuvable.
Erreur dans le fichier ./CSV3\bulletins\bulletins_propres\table_page_237.csv: En-tête 'Base' introuvable.
Erreur dans le fichier ./CSV3\bulletins\bulletins_propres\table_page_237.csv: En-tête 'TOTAL BRUTBase' introuvable.
Erreur dans le fichier ./CSV3\bulletins\bulletins_propres\table_page_237.csv: En-tête '6S89Base' introuvable.
Erreur dans le fichier ./CSV3\bulletins\bulletins_propres\table_page_237.csv: En-tête '7001Base' introuvable.
Erreur dans le fichier ./CSV3\bulletins\bulletins_propres\table_page_237.csv: En-tête '7010Base' introuvable.
Erreur dans le fichier ./CSV3\bulletins\bulletins_propres\table_page_237.csv: En-tête '7015Base' introuvable.
Erreur dans le fichier ./CSV3\bulletins\bulletins_propres\table_page_237.csv: En-tête '7020Base' introuvable.
Erreur dans le fichier ./CSV3\bulletins\bulletins_propres\table_page_237.csv: En-tête '7030Base' introuvable.
Erreur dans le fichier ./CSV3\bulletins\bulletins_propres\table_page_237.csv: En-tête 'Base' introuvable.
Erreur dans le fichier ./CSV3\bulletins\bulletins_propres\table_page_237.csv: En-tête '7035Base' introuvable.
Erreur dans le fichier ./CSV3\bulletins\bulletins_propres\table_page_237.csv: En-tête 'Base' introuvable.
Erreur dans le fichier ./CSV3\bulletins\bulletins_propres\table_page_237.csv: En-tête '7040Base' introuvable.
Erreur dans le fichier ./CSV3\bulletins\bulletins_propres\table_page_237.csv: En-tête 'Base' introuvable.
Erreur dans le fichier ./CSV3\bulletins\bulletins_propres\table_page_237.csv: En-tête '7045Base' introuvable.
Erreur dans le fichier ./CSV3\bulletins\bulletins_propres\table_page_237.csv: En-tête 'Base' introuvable.
Erreur dans le fichier ./CSV3\bulletins\bulletins_propres\table_page_237.csv: En-tête '7050Base' introuvable.
Erreur dans le fichier ./CSV3\bulletins\bulletins_propres\table_page_237.csv: En-tête '7055Base' introuvable.
Erreur dans le fichier ./CSV3\bulletins\bulletins_propres\table_page_237.csv: En-tête '7C00Base' introuvable.
Erreur dans le fichier ./CSV3\bulletins\bulletins_propres\table_page_237.csv: En-tête '7C20Base' introuvable.
Erreur dans le fichier ./CSV3\bulletins\bulletins_propres\table_page_237.csv: En-tête '7M03Base' introuvable.
Erreur dans le fichier ./CSV3\bulletins\bulletins_propres\table_page_237.csv: En-tête '7P10Base' introuvable.
Erreur dans le fichier ./CSV3\bulletins\bulletins_propres\table_page_237.csv: En-tête '7R56Base' introuvable.
Erreur dans le fichier ./CSV3\bulletins\bulletins_propres\table_page_237.csv: En-tête '7R63Base' introuvable.
Erreur dans le fichier ./CSV3\bulletins\bulletins_propres\table_page_237.csv: En-tête '7T00Base' introuvable.
Erreur dans le fichier ./CSV3\bulletins\bulletins_propres\table_page_237.csv: En-tête '7T02Base' introuvable.
Erreur dans le fichier ./CSV3\bulletins\bulletins_propres\table_page_237.csv: En-tête '7T05Base' introuvable.
Erreur dans le fichier ./CSV3\bulletins\bulletins_propres\table_page_237.csv: En-tête 'Base' introuvable.
Erreur dans le fichier ./CSV3\bulletins\bulletins_propres\table_page_237.csv: En-tête '7T10Base' introuvable.
Erreur dans le fichier ./CSV3\bulletins\bulletins_propres\table_page_237.csv: En-tête '7T15Base' introuvable.
Erreur dans le fichier ./CSV3\bulletins\bulletins_propres\table_page_237.csv: En-tête '7T20Base' introuvable.
Erreur dans le fichier ./CSV3\bulletins\bulletins_propres\table_page_237.csv: En-tête '6082Base' introuvable.
Erreur dans le fichier ./CSV3\bulletins\bulletins_propres\table_page_237.csv: En-tête '6094Base' introuvable.
Erreur dans le fichier ./CSV3\bulletins\bulletins_propres\table_page_237.csv: En-tête 'Total Charges Ded.Base' introuvable.
Erreur dans le fichier ./CSV3\bulletins\bulletins_propres\table_page_237.csv: En-tête '6070Base' introuvable.
Erreur dans le fichier ./CSV3\bulletins\bulletins_propres\table_page_237.csv: En-tête '6074Base' introuvable.
Erreur dans le fichier ./CSV3\bulletins\bulletins_propres\table_page_237.csv: En-tête '6080Base' introuvable.
Erreur dans le fichier ./CSV3\bulletins\bulletins_propres\table_page_237.csv: En-tête '6084Base' introuvable.
Erreur dans le fichier ./CSV3\bulletins\bulletins_propres\table_page_237.csv: En-tête '6092Base' introuvable.
Erreur dans le fichier ./CSV3\bulletins\bulletins_propres\table_page_237.csv: En-tête '6096Base' introuvable.
Erreur dans le fichier ./CSV3\bulletins\bulletins_propres\table_page_237.csv: En-tête 'Total Charges Non Ded.Base' introuvable.
Erreur dans le fichier ./CSV3\bulletins\bulletins_propres\table_page_237.csv: En-tête '8009Base' introuvable.
Erreur dans le fichier ./CSV3\bulletins\bulletins_propres\table_page_237.csv: En-tête '8010Base' introuvable.
Erreur dans le fichier ./CSV3\bulletins\bulletins_propres\table_page_237.csv: En-tête '8007Base' introuvable.
Erreur dans le fichier ./CSV3\bulletins\bulletins_propres\table_page_237.csv: En-tête '8020Base' introuvable.
Erreur dans le fichier ./CSV3\bulletins\bulletins_propres\table_page_237.csv: En-tête '8192Base' introuvable.
Erreur dans le fichier ./CSV3\bulletins\bulletins_propres\table_page_237.csv: En-tête '8190Base' introuvable.
Erreur dans le fichier ./CSV3\bulletins\bulletins_propres\table_page_239.csv: En-tête '1001Base' introuvable.
Erreur dans le fichier ./CSV3\bulletins\bulletins_propres\table_page_239.csv: En-tête '1046Base' introuvable.
Erreur dans le fichier ./CSV3\bulletins\bulletins_propres\table_page_239.csv: En-tête 'Base' introuvable.
Erreur dans le fichier ./CSV3\bulletins\bulletins_propres\table_page_239.csv: En-tête '2012Base' introuvable.
Erreur dans le fichier ./CSV3\bulletins\bulletins_propres\table_page_239.csv: En-tête 'Base' introuvable.
Erreur dans le fichier ./CSV3\bulletins\bulletins_propres\table_page_239.csv: En-tête '2018Base' introuvable.
Erreur dans le fichier ./CSV3\bulletins\bulletins_propres\table_page_239.csv: En-tête '2068Base' introuvable.
Erreur dans le fichier ./CSV3\bulletins\bulletins_propres\table_page_239.csv: En-tête '2078Base' introuvable.
Erreur dans le fichier ./CSV3\bulletins\bulletins_propres\table_page_239.csv: En-tête 'Base' introuvable.
Erreur dans le fichier ./CSV3\bulletins\bulletins_propres\table_page_239.csv: En-tête 'TOTAL BRUTBase' introuvable.
Erreur dans le fichier ./CSV3\bulletins\bulletins_propres\table_page_239.csv: En-tête '7001Base' introuvable.
Erreur dans le fichier ./CSV3\bulletins\bulletins_propres\table_page_239.csv: En-tête '7010Base' introuvable.
Erreur dans le fichier ./CSV3\bulletins\bulletins_propres\table_page_239.csv: En-tête '7015Base' introuvable.
Erreur dans le fichier ./CSV3\bulletins\bulletins_propres\table_page_239.csv: En-tête '7020Base' introuvable.
Erreur dans le fichier ./CSV3\bulletins\bulletins_propres\table_page_239.csv: En-tête '7030Base' introuvable.
Erreur dans le fichier ./CSV3\bulletins\bulletins_propres\table_page_239.csv: En-tête '7035Base' introuvable.
Erreur dans le fichier ./CSV3\bulletins\bulletins_propres\table_page_239.csv: En-tête '7040Base' introuvable.
Erreur dans le fichier ./CSV3\bulletins\bulletins_propres\table_page_239.csv: En-tête '7045Base' introuvable.
Erreur dans le fichier ./CSV3\bulletins\bulletins_propres\table_page_239.csv: En-tête 'Base' introuvable.
Erreur dans le fichier ./CSV3\bulletins\bulletins_propres\table_page_239.csv: En-tête '7050Base' introuvable.
Erreur dans le fichier ./CSV3\bulletins\bulletins_propres\table_page_239.csv: En-tête 'Base' introuvable.
Erreur dans le fichier ./CSV3\bulletins\bulletins_propres\table_page_239.csv: En-tête '7055Base' introuvable.
Erreur dans le fichier ./CSV3\bulletins\bulletins_propres\table_page_239.csv: En-tête 'Base' introuvable.
Erreur dans le fichier ./CSV3\bulletins\bulletins_propres\table_page_239.csv: En-tête '7C00Base' introuvable.
Erreur dans le fichier ./CSV3\bulletins\bulletins_propres\table_page_239.csv: En-tête 'Base' introuvable.
Erreur dans le fichier ./CSV3\bulletins\bulletins_propres\table_page_239.csv: En-tête '7C20Base' introuvable.
Erreur dans le fichier ./CSV3\bulletins\bulletins_propres\table_page_239.csv: En-tête '7M05Base' introuvable.
Erreur dans le fichier ./CSV3\bulletins\bulletins_propres\table_page_239.csv: En-tête '7P10Base' introuvable.
Erreur dans le fichier ./CSV3\bulletins\bulletins_propres\table_page_239.csv: En-tête '7R56Base' introuvable.
Erreur dans le fichier ./CSV3\bulletins\bulletins_propres\table_page_239.csv: En-tête '7R63Base' introuvable.
Erreur dans le fichier ./CSV3\bulletins\bulletins_propres\table_page_239.csv: En-tête '7T00Base' introuvable.
Erreur dans le fichier ./CSV3\bulletins\bulletins_propres\table_page_239.csv: En-tête '7T02Base' introuvable.
Erreur dans le fichier ./CSV3\bulletins\bulletins_propres\table_page_239.csv: En-tête '7T05Base' introuvable.
Erreur dans le fichier ./CSV3\bulletins\bulletins_propres\table_page_239.csv: En-tête '7T10Base' introuvable.
Erreur dans le fichier ./CSV3\bulletins\bulletins_propres\table_page_239.csv: En-tête '7T15Base' introuvable.
Erreur dans le fichier ./CSV3\bulletins\bulletins_propres\table_page_239.csv: En-tête '7T20Base' introuvable.
Erreur dans le fichier ./CSV3\bulletins\bulletins_propres\table_page_239.csv: En-tête 'Base' introuvable.
Erreur dans le fichier ./CSV3\bulletins\bulletins_propres\table_page_239.csv: En-tête '6082Base' introuvable.
Erreur dans le fichier ./CSV3\bulletins\bulletins_propres\table_page_239.csv: En-tête '6094Base' introuvable.
Erreur dans le fichier ./CSV3\bulletins\bulletins_propres\table_page_239.csv: En-tête 'Total Charges Ded.Base' introuvable.
Erreur dans le fichier ./CSV3\bulletins\bulletins_propres\table_page_239.csv: En-tête '6080Base' introuvable.
Erreur dans le fichier ./CSV3\bulletins\bulletins_propres\table_page_239.csv: En-tête '6084Base' introuvable.
Erreur dans le fichier ./CSV3\bulletins\bulletins_propres\table_page_239.csv: En-tête '6092Base' introuvable.
Erreur dans le fichier ./CSV3\bulletins\bulletins_propres\table_page_239.csv: En-tête '6096Base' introuvable.
Erreur dans le fichier ./CSV3\bulletins\bulletins_propres\table_page_239.csv: En-tête 'Total Charges Non Ded.Base' introuvable.
Erreur dans le fichier ./CSV3\bulletins\bulletins_propres\table_page_239.csv: En-tête '8009Base' introuvable.
Erreur dans le fichier ./CSV3\bulletins\bulletins_propres\table_page_239.csv: En-tête '8010Base' introuvable.
Erreur dans le fichier ./CSV3\bulletins\bulletins_propres\table_page_239.csv: En-tête '8007Base' introuvable.
Erreur dans le fichier ./CSV3\bulletins\bulletins_propres\table_page_239.csv: En-tête '8020Base' introuvable.
Erreur dans le fichier ./CSV3\bulletins\bulletins_propres\table_page_239.csv: En-tête 'Base' introuvable.
Erreur dans le fichier ./CSV3\bulletins\bulletins_propres\table_page_239.csv: En-tête 'Base' introuvable.
Erreur dans le fichier ./CSV3\bulletins\bulletins_propres\table_page_239.csv: En-tête 'Impôt sur le revenuBase' introuvable.
Erreur dans le fichier ./CSV3\bulletins\bulletins_propres\table_page_239.csv: En-tête 'Impôt sur le revenu à la sourceBase' introuvable.
Erreur dans le fichier ./CSV3\bulletins\bulletins_propres\table_page_241.csv: En-tête '1001Base' introuvable.
Erreur dans le fichier ./CSV3\bulletins\bulletins_propres\table_page_241.csv: En-tête '2012Base' introuvable.
Erreur dans le fichier ./CSV3\bulletins\bulletins_propres\table_page_241.csv: En-tête 'Base' introuvable.
Erreur dans le fichier ./CSV3\bulletins\bulletins_propres\table_page_241.csv: En-tête '2068Base' introuvable.
Erreur dans le fichier ./CSV3\bulletins\bulletins_propres\table_page_241.csv: En-tête 'Base' introuvable.
Erreur dans le fichier ./CSV3\bulletins\bulletins_propres\table_page_241.csv: En-tête '2078Base' introuvable.
Erreur dans le fichier ./CSV3\bulletins\bulletins_propres\table_page_241.csv: En-tête '3310Base' introuvable.
Erreur dans le fichier ./CSV3\bulletins\bulletins_propres\table_page_241.csv: En-tête '3315Base' introuvable.
Erreur dans le fichier ./CSV3\bulletins\bulletins_propres\table_page_241.csv: En-tête '3B80Base' introuvable.
Erreur dans le fichier ./CSV3\bulletins\bulletins_propres\table_page_241.csv: En-tête '3B82Base' introuvable.
Erreur dans le fichier ./CSV3\bulletins\bulletins_propres\table_page_241.csv: En-tête 'Base' introuvable.
Erreur dans le fichier ./CSV3\bulletins\bulletins_propres\table_page_241.csv: En-tête 'TOTAL BRUTBase' introuvable.
Erreur dans le fichier ./CSV3\bulletins\bulletins_propres\table_page_241.csv: En-tête '60F2Base' introuvable.
Erreur dans le fichier ./CSV3\bulletins\bulletins_propres\table_page_241.csv: En-tête '7001Base' introuvable.
Erreur dans le fichier ./CSV3\bulletins\bulletins_propres\table_page_241.csv: En-tête '7010Base' introuvable.
Erreur dans le fichier ./CSV3\bulletins\bulletins_propres\table_page_241.csv: En-tête '7015Base' introuvable.
Erreur dans le fichier ./CSV3\bulletins\bulletins_propres\table_page_241.csv: En-tête '7020Base' introuvable.
Erreur dans le fichier ./CSV3\bulletins\bulletins_propres\table_page_241.csv: En-tête '7030Base' introuvable.
Erreur dans le fichier ./CSV3\bulletins\bulletins_propres\table_page_241.csv: En-tête 'Base' introuvable.
Erreur dans le fichier ./CSV3\bulletins\bulletins_propres\table_page_241.csv: En-tête '7035Base' introuvable.
Erreur dans le fichier ./CSV3\bulletins\bulletins_propres\table_page_241.csv: En-tête 'Base' introuvable.
Erreur dans le fichier ./CSV3\bulletins\bulletins_propres\table_page_241.csv: En-tête '7040Base' introuvable.
Erreur dans le fichier ./CSV3\bulletins\bulletins_propres\table_page_241.csv: En-tête 'Base' introuvable.
Erreur dans le fichier ./CSV3\bulletins\bulletins_propres\table_page_241.csv: En-tête '7045Base' introuvable.
Erreur dans le fichier ./CSV3\bulletins\bulletins_propres\table_page_241.csv: En-tête 'Base' introuvable.
Erreur dans le fichier ./CSV3\bulletins\bulletins_propres\table_page_241.csv: En-tête '7050Base' introuvable.
Erreur dans le fichier ./CSV3\bulletins\bulletins_propres\table_page_241.csv: En-tête '7055Base' introuvable.
Erreur dans le fichier ./CSV3\bulletins\bulletins_propres\table_page_241.csv: En-tête '7C00Base' introuvable.
Erreur dans le fichier ./CSV3\bulletins\bulletins_propres\table_page_241.csv: En-tête '7C20Base' introuvable.
Erreur dans le fichier ./CSV3\bulletins\bulletins_propres\table_page_241.csv: En-tête '7M04Base' introuvable.
Erreur dans le fichier ./CSV3\bulletins\bulletins_propres\table_page_241.csv: En-tête '7P10Base' introuvable.
Erreur dans le fichier ./CSV3\bulletins\bulletins_propres\table_page_241.csv: En-tête '7R56Base' introuvable.
Erreur dans le fichier ./CSV3\bulletins\bulletins_propres\table_page_241.csv: En-tête '7R63Base' introuvable.
Erreur dans le fichier ./CSV3\bulletins\bulletins_propres\table_page_241.csv: En-tête '7T00Base' introuvable.
Erreur dans le fichier ./CSV3\bulletins\bulletins_propres\table_page_241.csv: En-tête '7T02Base' introuvable.
Erreur dans le fichier ./CSV3\bulletins\bulletins_propres\table_page_241.csv: En-tête '7T05Base' introuvable.
Erreur dans le fichier ./CSV3\bulletins\bulletins_propres\table_page_241.csv: En-tête 'Base' introuvable.
Erreur dans le fichier ./CSV3\bulletins\bulletins_propres\table_page_241.csv: En-tête '7T10Base' introuvable.
Erreur dans le fichier ./CSV3\bulletins\bulletins_propres\table_page_241.csv: En-tête 'Base' introuvable.
Erreur dans le fichier ./CSV3\bulletins\bulletins_propres\table_page_241.csv: En-tête '7T15Base' introuvable.
Erreur dans le fichier ./CSV3\bulletins\bulletins_propres\table_page_241.csv: En-tête '7T20Base' introuvable.
Erreur dans le fichier ./CSV3\bulletins\bulletins_propres\table_page_241.csv: En-tête '6082Base' introuvable.
Erreur dans le fichier ./CSV3\bulletins\bulletins_propres\table_page_241.csv: En-tête '6094Base' introuvable.
Erreur dans le fichier ./CSV3\bulletins\bulletins_propres\table_page_241.csv: En-tête 'Total Charges Ded.Base' introuvable.
Erreur dans le fichier ./CSV3\bulletins\bulletins_propres\table_page_241.csv: En-tête '6080Base' introuvable.
Erreur dans le fichier ./CSV3\bulletins\bulletins_propres\table_page_241.csv: En-tête '6084Base' introuvable.
Erreur dans le fichier ./CSV3\bulletins\bulletins_propres\table_page_241.csv: En-tête '6092Base' introuvable.
Erreur dans le fichier ./CSV3\bulletins\bulletins_propres\table_page_241.csv: En-tête '6096Base' introuvable.
Erreur dans le fichier ./CSV3\bulletins\bulletins_propres\table_page_241.csv: En-tête '60F1Base' introuvable.
Erreur dans le fichier ./CSV3\bulletins\bulletins_propres\table_page_241.csv: En-tête '60F3Base' introuvable.
Erreur dans le fichier ./CSV3\bulletins\bulletins_propres\table_page_241.csv: En-tête '60F4Base' introuvable.
Erreur dans le fichier ./CSV3\bulletins\bulletins_propres\table_page_241.csv: En-tête '60F8Base' introuvable.
Erreur dans le fichier ./CSV3\bulletins\bulletins_propres\table_page_241.csv: En-tête '60F9Base' introuvable.
Erreur dans le fichier ./CSV3\bulletins\bulletins_propres\table_page_241.csv: En-tête 'Total Charges Non Ded.Base' introuvable.
Erreur dans le fichier ./CSV3\bulletins\bulletins_propres\table_page_241.csv: En-tête '8009Base' introuvable.
Erreur dans le fichier ./CSV3\bulletins\bulletins_propres\table_page_241.csv: En-tête '8010Base' introuvable.
Erreur dans le fichier ./CSV3\bulletins\bulletins_propres\table_page_241.csv: En-tête '8007Base' introuvable.
Erreur dans le fichier ./CSV3\bulletins\bulletins_propres\table_page_241.csv: En-tête '8192Base' introuvable.
Erreur dans le fichier ./CSV3\bulletins\bulletins_propres\table_page_243.csv: En-tête '1001Base' introuvable.
Erreur dans le fichier ./CSV3\bulletins\bulletins_propres\table_page_243.csv: En-tête '1046Base' introuvable.
Erreur dans le fichier ./CSV3\bulletins\bulletins_propres\table_page_243.csv: En-tête 'Base' introuvable.
Erreur dans le fichier ./CSV3\bulletins\bulletins_propres\table_page_243.csv: En-tête '2012Base' introuvable.
Erreur dans le fichier ./CSV3\bulletins\bulletins_propres\table_page_243.csv: En-tête 'Base' introuvable.
Erreur dans le fichier ./CSV3\bulletins\bulletins_propres\table_page_243.csv: En-tête '2018Base' introuvable.
Erreur dans le fichier ./CSV3\bulletins\bulletins_propres\table_page_243.csv: En-tête '2068Base' introuvable.
Erreur dans le fichier ./CSV3\bulletins\bulletins_propres\table_page_243.csv: En-tête '2078Base' introuvable.
Erreur dans le fichier ./CSV3\bulletins\bulletins_propres\table_page_243.csv: En-tête '2082Base' introuvable.
Erreur dans le fichier ./CSV3\bulletins\bulletins_propres\table_page_243.csv: En-tête '3280Base' introuvable.
Erreur dans le fichier ./CSV3\bulletins\bulletins_propres\table_page_243.csv: En-tête '3285Base' introuvable.
Erreur dans le fichier ./CSV3\bulletins\bulletins_propres\table_page_243.csv: En-tête '3502Base' introuvable.
Erreur dans le fichier ./CSV3\bulletins\bulletins_propres\table_page_243.csv: En-tête '3704Base' introuvable.
Erreur dans le fichier ./CSV3\bulletins\bulletins_propres\table_page_243.csv: En-tête '3B80Base' introuvable.
Erreur dans le fichier ./CSV3\bulletins\bulletins_propres\table_page_243.csv: En-tête '3B82Base' introuvable.
Erreur dans le fichier ./CSV3\bulletins\bulletins_propres\table_page_243.csv: En-tête 'Base' introuvable.
Erreur dans le fichier ./CSV3\bulletins\bulletins_propres\table_page_243.csv: En-tête 'TOTAL BRUTBase' introuvable.
Erreur dans le fichier ./CSV3\bulletins\bulletins_propres\table_page_243.csv: En-tête '60F2Base' introuvable.
Erreur dans le fichier ./CSV3\bulletins\bulletins_propres\table_page_243.csv: En-tête 'Base' introuvable.
Erreur dans le fichier ./CSV3\bulletins\bulletins_propres\table_page_243.csv: En-tête '7001Base' introuvable.
Erreur dans le fichier ./CSV3\bulletins\bulletins_propres\table_page_243.csv: En-tête 'Base' introuvable.
Erreur dans le fichier ./CSV3\bulletins\bulletins_propres\table_page_243.csv: En-tête '7010Base' introuvable.
Erreur dans le fichier ./CSV3\bulletins\bulletins_propres\table_page_243.csv: En-tête 'Base' introuvable.
Erreur dans le fichier ./CSV3\bulletins\bulletins_propres\table_page_243.csv: En-tête '7015Base' introuvable.
Erreur dans le fichier ./CSV3\bulletins\bulletins_propres\table_page_243.csv: En-tête 'Base' introuvable.
Erreur dans le fichier ./CSV3\bulletins\bulletins_propres\table_page_243.csv: En-tête '7020Base' introuvable.
Erreur dans le fichier ./CSV3\bulletins\bulletins_propres\table_page_243.csv: En-tête '7030Base' introuvable.
Erreur dans le fichier ./CSV3\bulletins\bulletins_propres\table_page_243.csv: En-tête '7035Base' introuvable.
Erreur dans le fichier ./CSV3\bulletins\bulletins_propres\table_page_243.csv: En-tête '7040Base' introuvable.
Erreur dans le fichier ./CSV3\bulletins\bulletins_propres\table_page_243.csv: En-tête '7045Base' introuvable.
Erreur dans le fichier ./CSV3\bulletins\bulletins_propres\table_page_243.csv: En-tête '7050Base' introuvable.
Erreur dans le fichier ./CSV3\bulletins\bulletins_propres\table_page_243.csv: En-tête '7055Base' introuvable.
Erreur dans le fichier ./CSV3\bulletins\bulletins_propres\table_page_243.csv: En-tête '7C00Base' introuvable.
Erreur dans le fichier ./CSV3\bulletins\bulletins_propres\table_page_243.csv: En-tête '7C20Base' introuvable.
Erreur dans le fichier ./CSV3\bulletins\bulletins_propres\table_page_243.csv: En-tête '7M04Base' introuvable.
Erreur dans le fichier ./CSV3\bulletins\bulletins_propres\table_page_243.csv: En-tête '7P10Base' introuvable.
Erreur dans le fichier ./CSV3\bulletins\bulletins_propres\table_page_243.csv: En-tête 'Base' introuvable.
Erreur dans le fichier ./CSV3\bulletins\bulletins_propres\table_page_243.csv: En-tête '7R56Base' introuvable.
Erreur dans le fichier ./CSV3\bulletins\bulletins_propres\table_page_243.csv: En-tête 'Base' introuvable.
Erreur dans le fichier ./CSV3\bulletins\bulletins_propres\table_page_243.csv: En-tête '7R63Base' introuvable.
Erreur dans le fichier ./CSV3\bulletins\bulletins_propres\table_page_243.csv: En-tête 'Base' introuvable.
Erreur dans le fichier ./CSV3\bulletins\bulletins_propres\table_page_243.csv: En-tête '7T00Base' introuvable.
Erreur dans le fichier ./CSV3\bulletins\bulletins_propres\table_page_243.csv: En-tête '7T02Base' introuvable.
Erreur dans le fichier ./CSV3\bulletins\bulletins_propres\table_page_243.csv: En-tête '7T05Base' introuvable.
Erreur dans le fichier ./CSV3\bulletins\bulletins_propres\table_page_243.csv: En-tête '7T10Base' introuvable.
Erreur dans le fichier ./CSV3\bulletins\bulletins_propres\table_page_243.csv: En-tête '7T15Base' introuvable.
Erreur dans le fichier ./CSV3\bulletins\bulletins_propres\table_page_243.csv: En-tête '7T20Base' introuvable.
Erreur dans le fichier ./CSV3\bulletins\bulletins_propres\table_page_243.csv: En-tête '6082Base' introuvable.
Erreur dans le fichier ./CSV3\bulletins\bulletins_propres\table_page_243.csv: En-tête '6094Base' introuvable.
Erreur dans le fichier ./CSV3\bulletins\bulletins_propres\table_page_243.csv: En-tête 'Total Charges Ded.Base' introuvable.
Erreur dans le fichier ./CSV3\bulletins\bulletins_propres\table_page_243.csv: En-tête '6080Base' introuvable.
Erreur dans le fichier ./CSV3\bulletins\bulletins_propres\table_page_243.csv: En-tête '6084Base' introuvable.
Erreur dans le fichier ./CSV3\bulletins\bulletins_propres\table_page_243.csv: En-tête '6092Base' introuvable.
Erreur dans le fichier ./CSV3\bulletins\bulletins_propres\table_page_243.csv: En-tête '6096Base' introuvable.
Erreur dans le fichier ./CSV3\bulletins\bulletins_propres\table_page_243.csv: En-tête '60F1Base' introuvable.
Erreur dans le fichier ./CSV3\bulletins\bulletins_propres\table_page_243.csv: En-tête '60F3Base' introuvable.
Erreur dans le fichier ./CSV3\bulletins\bulletins_propres\table_page_243.csv: En-tête '60F4Base' introuvable.
Erreur dans le fichier ./CSV3\bulletins\bulletins_propres\table_page_243.csv: En-tête '60F8Base' introuvable.
Erreur dans le fichier ./CSV3\bulletins\bulletins_propres\table_page_243.csv: En-tête '60F9Base' introuvable.
Erreur dans le fichier ./CSV3\bulletins\bulletins_propres\table_page_243.csv: En-tête 'Total Charges Non Ded.Base' introuvable.
Erreur dans le fichier ./CSV3\bulletins\bulletins_propres\table_page_243.csv: En-tête '8009Base' introuvable.
Erreur dans le fichier ./CSV3\bulletins\bulletins_propres\table_page_243.csv: En-tête '8010Base' introuvable.
Erreur dans le fichier ./CSV3\bulletins\bulletins_propres\table_page_245.csv: En-tête '1001Base' introuvable.
Erreur dans le fichier ./CSV3\bulletins\bulletins_propres\table_page_245.csv: En-tête '1046Base' introuvable.
Erreur dans le fichier ./CSV3\bulletins\bulletins_propres\table_page_245.csv: En-tête 'Base' introuvable.
Erreur dans le fichier ./CSV3\bulletins\bulletins_propres\table_page_245.csv: En-tête '2012Base' introuvable.
Erreur dans le fichier ./CSV3\bulletins\bulletins_propres\table_page_245.csv: En-tête 'Base' introuvable.
Erreur dans le fichier ./CSV3\bulletins\bulletins_propres\table_page_245.csv: En-tête '2068Base' introuvable.
Erreur dans le fichier ./CSV3\bulletins\bulletins_propres\table_page_245.csv: En-tête '2078Base' introuvable.
Erreur dans le fichier ./CSV3\bulletins\bulletins_propres\table_page_245.csv: En-tête '2084Base' introuvable.
Erreur dans le fichier ./CSV3\bulletins\bulletins_propres\table_page_245.csv: En-tête '2262Base' introuvable.
Erreur dans le fichier ./CSV3\bulletins\bulletins_propres\table_page_245.csv: En-tête '3350Base' introuvable.
Erreur dans le fichier ./CSV3\bulletins\bulletins_propres\table_page_245.csv: En-tête '3355Base' introuvable.
Erreur dans le fichier ./CSV3\bulletins\bulletins_propres\table_page_245.csv: En-tête 'Base' introuvable.
Erreur dans le fichier ./CSV3\bulletins\bulletins_propres\table_page_245.csv: En-tête 'TOTAL BRUTBase' introuvable.
Erreur dans le fichier ./CSV3\bulletins\bulletins_propres\table_page_245.csv: En-tête '7001Base' introuvable.
Erreur dans le fichier ./CSV3\bulletins\bulletins_propres\table_page_245.csv: En-tête '7010Base' introuvable.
Erreur dans le fichier ./CSV3\bulletins\bulletins_propres\table_page_245.csv: En-tête '7015Base' introuvable.
Erreur dans le fichier ./CSV3\bulletins\bulletins_propres\table_page_245.csv: En-tête '7020Base' introuvable.
Erreur dans le fichier ./CSV3\bulletins\bulletins_propres\table_page_245.csv: En-tête '7030Base' introuvable.
Erreur dans le fichier ./CSV3\bulletins\bulletins_propres\table_page_245.csv: En-tête 'Base' introuvable.
Erreur dans le fichier ./CSV3\bulletins\bulletins_propres\table_page_245.csv: En-tête '7035Base' introuvable.
Erreur dans le fichier ./CSV3\bulletins\bulletins_propres\table_page_245.csv: En-tête 'Base' introuvable.
Erreur dans le fichier ./CSV3\bulletins\bulletins_propres\table_page_245.csv: En-tête '7040Base' introuvable.
Erreur dans le fichier ./CSV3\bulletins\bulletins_propres\table_page_245.csv: En-tête 'Base' introuvable.
Erreur dans le fichier ./CSV3\bulletins\bulletins_propres\table_page_245.csv: En-tête '7045Base' introuvable.
Erreur dans le fichier ./CSV3\bulletins\bulletins_propres\table_page_245.csv: En-tête 'Base' introuvable.
Erreur dans le fichier ./CSV3\bulletins\bulletins_propres\table_page_245.csv: En-tête '7050Base' introuvable.
Erreur dans le fichier ./CSV3\bulletins\bulletins_propres\table_page_245.csv: En-tête '7055Base' introuvable.
Erreur dans le fichier ./CSV3\bulletins\bulletins_propres\table_page_245.csv: En-tête '7C00Base' introuvable.
Erreur dans le fichier ./CSV3\bulletins\bulletins_propres\table_page_245.csv: En-tête '7C20Base' introuvable.
Erreur dans le fichier ./CSV3\bulletins\bulletins_propres\table_page_245.csv: En-tête '7P10Base' introuvable.
Erreur dans le fichier ./CSV3\bulletins\bulletins_propres\table_page_245.csv: En-tête '7R56Base' introuvable.
Erreur dans le fichier ./CSV3\bulletins\bulletins_propres\table_page_245.csv: En-tête '7R63Base' introuvable.
Erreur dans le fichier ./CSV3\bulletins\bulletins_propres\table_page_245.csv: En-tête '7T00Base' introuvable.
Erreur dans le fichier ./CSV3\bulletins\bulletins_propres\table_page_245.csv: En-tête '7T02Base' introuvable.
Erreur dans le fichier ./CSV3\bulletins\bulletins_propres\table_page_245.csv: En-tête '7T05Base' introuvable.
Erreur dans le fichier ./CSV3\bulletins\bulletins_propres\table_page_245.csv: En-tête '7T10Base' introuvable.
Erreur dans le fichier ./CSV3\bulletins\bulletins_propres\table_page_245.csv: En-tête 'Base' introuvable.
Erreur dans le fichier ./CSV3\bulletins\bulletins_propres\table_page_245.csv: En-tête '7T15Base' introuvable.
Erreur dans le fichier ./CSV3\bulletins\bulletins_propres\table_page_245.csv: En-tête 'Base' introuvable.
Erreur dans le fichier ./CSV3\bulletins\bulletins_propres\table_page_245.csv: En-tête '7T20Base' introuvable.
Erreur dans le fichier ./CSV3\bulletins\bulletins_propres\table_page_245.csv: En-tête '6082Base' introuvable.
Erreur dans le fichier ./CSV3\bulletins\bulletins_propres\table_page_245.csv: En-tête '6094Base' introuvable.
Erreur dans le fichier ./CSV3\bulletins\bulletins_propres\table_page_245.csv: En-tête 'Total Charges Ded.Base' introuvable.
Erreur dans le fichier ./CSV3\bulletins\bulletins_propres\table_page_245.csv: En-tête '6080Base' introuvable.
Erreur dans le fichier ./CSV3\bulletins\bulletins_propres\table_page_245.csv: En-tête '6084Base' introuvable.
Erreur dans le fichier ./CSV3\bulletins\bulletins_propres\table_page_245.csv: En-tête '6092Base' introuvable.
Erreur dans le fichier ./CSV3\bulletins\bulletins_propres\table_page_245.csv: En-tête '6096Base' introuvable.
Erreur dans le fichier ./CSV3\bulletins\bulletins_propres\table_page_245.csv: En-tête 'Total Charges Non Ded.Base' introuvable.
Erreur dans le fichier ./CSV3\bulletins\bulletins_propres\table_page_245.csv: En-tête '8009Base' introuvable.
Erreur dans le fichier ./CSV3\bulletins\bulletins_propres\table_page_245.csv: En-tête '8010Base' introuvable.
Erreur dans le fichier ./CSV3\bulletins\bulletins_propres\table_page_245.csv: En-tête '8192Base' introuvable.
Erreur dans le fichier ./CSV3\bulletins\bulletins_propres\table_page_247.csv: En-tête '1001Base' introuvable.
Erreur dans le fichier ./CSV3\bulletins\bulletins_propres\table_page_247.csv: En-tête '1046Base' introuvable.
Erreur dans le fichier ./CSV3\bulletins\bulletins_propres\table_page_247.csv: En-tête 'Base' introuvable.
Erreur dans le fichier ./CSV3\bulletins\bulletins_propres\table_page_247.csv: En-tête '2012Base' introuvable.
Erreur dans le fichier ./CSV3\bulletins\bulletins_propres\table_page_247.csv: En-tête 'Base' introuvable.
Erreur dans le fichier ./CSV3\bulletins\bulletins_propres\table_page_247.csv: En-tête '2018Base' introuvable.
Erreur dans le fichier ./CSV3\bulletins\bulletins_propres\table_page_247.csv: En-tête '2068Base' introuvable.
Erreur dans le fichier ./CSV3\bulletins\bulletins_propres\table_page_247.csv: En-tête '2078Base' introuvable.
Erreur dans le fichier ./CSV3\bulletins\bulletins_propres\table_page_247.csv: En-tête 'Base' introuvable.
Erreur dans le fichier ./CSV3\bulletins\bulletins_propres\table_page_247.csv: En-tête 'TOTAL BRUTBase' introuvable.
Erreur dans le fichier ./CSV3\bulletins\bulletins_propres\table_page_247.csv: En-tête '7001Base' introuvable.
Erreur dans le fichier ./CSV3\bulletins\bulletins_propres\table_page_247.csv: En-tête '7010Base' introuvable.
Erreur dans le fichier ./CSV3\bulletins\bulletins_propres\table_page_247.csv: En-tête '7015Base' introuvable.
Erreur dans le fichier ./CSV3\bulletins\bulletins_propres\table_page_247.csv: En-tête '7020Base' introuvable.
Erreur dans le fichier ./CSV3\bulletins\bulletins_propres\table_page_247.csv: En-tête '7030Base' introuvable.
Erreur dans le fichier ./CSV3\bulletins\bulletins_propres\table_page_247.csv: En-tête '7035Base' introuvable.
Erreur dans le fichier ./CSV3\bulletins\bulletins_propres\table_page_247.csv: En-tête '7040Base' introuvable.
Erreur dans le fichier ./CSV3\bulletins\bulletins_propres\table_page_247.csv: En-tête '7045Base' introuvable.
Erreur dans le fichier ./CSV3\bulletins\bulletins_propres\table_page_247.csv: En-tête 'Base' introuvable.
Erreur dans le fichier ./CSV3\bulletins\bulletins_propres\table_page_247.csv: En-tête '7050Base' introuvable.
Erreur dans le fichier ./CSV3\bulletins\bulletins_propres\table_page_247.csv: En-tête 'Base' introuvable.
Erreur dans le fichier ./CSV3\bulletins\bulletins_propres\table_page_247.csv: En-tête '7055Base' introuvable.
Erreur dans le fichier ./CSV3\bulletins\bulletins_propres\table_page_247.csv: En-tête 'Base' introuvable.
Erreur dans le fichier ./CSV3\bulletins\bulletins_propres\table_page_247.csv: En-tête '7C00Base' introuvable.
Erreur dans le fichier ./CSV3\bulletins\bulletins_propres\table_page_247.csv: En-tête 'Base' introuvable.
Erreur dans le fichier ./CSV3\bulletins\bulletins_propres\table_page_247.csv: En-tête '7C20Base' introuvable.
Erreur dans le fichier ./CSV3\bulletins\bulletins_propres\table_page_247.csv: En-tête '7M04Base' introuvable.
Erreur dans le fichier ./CSV3\bulletins\bulletins_propres\table_page_247.csv: En-tête '7P10Base' introuvable.
Erreur dans le fichier ./CSV3\bulletins\bulletins_propres\table_page_247.csv: En-tête '7R56Base' introuvable.
Erreur dans le fichier ./CSV3\bulletins\bulletins_propres\table_page_247.csv: En-tête '7R63Base' introuvable.
Erreur dans le fichier ./CSV3\bulletins\bulletins_propres\table_page_247.csv: En-tête '7T00Base' introuvable.
Erreur dans le fichier ./CSV3\bulletins\bulletins_propres\table_page_247.csv: En-tête '7T02Base' introuvable.
Erreur dans le fichier ./CSV3\bulletins\bulletins_propres\table_page_247.csv: En-tête '7T05Base' introuvable.
Erreur dans le fichier ./CSV3\bulletins\bulletins_propres\table_page_247.csv: En-tête '7T10Base' introuvable.
Erreur dans le fichier ./CSV3\bulletins\bulletins_propres\table_page_247.csv: En-tête '7T15Base' introuvable.
Erreur dans le fichier ./CSV3\bulletins\bulletins_propres\table_page_247.csv: En-tête '7T20Base' introuvable.
Erreur dans le fichier ./CSV3\bulletins\bulletins_propres\table_page_247.csv: En-tête 'Base' introuvable.
Erreur dans le fichier ./CSV3\bulletins\bulletins_propres\table_page_247.csv: En-tête '6082Base' introuvable.
Erreur dans le fichier ./CSV3\bulletins\bulletins_propres\table_page_247.csv: En-tête '6094Base' introuvable.
Erreur dans le fichier ./CSV3\bulletins\bulletins_propres\table_page_247.csv: En-tête 'Total Charges Ded.Base' introuvable.
Erreur dans le fichier ./CSV3\bulletins\bulletins_propres\table_page_247.csv: En-tête '6080Base' introuvable.
Erreur dans le fichier ./CSV3\bulletins\bulletins_propres\table_page_247.csv: En-tête '6084Base' introuvable.
Erreur dans le fichier ./CSV3\bulletins\bulletins_propres\table_page_247.csv: En-tête '6092Base' introuvable.
Erreur dans le fichier ./CSV3\bulletins\bulletins_propres\table_page_247.csv: En-tête '6096Base' introuvable.
Erreur dans le fichier ./CSV3\bulletins\bulletins_propres\table_page_247.csv: En-tête 'Total Charges Non Ded.Base' introuvable.
Erreur dans le fichier ./CSV3\bulletins\bulletins_propres\table_page_247.csv: En-tête '8009Base' introuvable.
Erreur dans le fichier ./CSV3\bulletins\bulletins_propres\table_page_247.csv: En-tête '8010Base' introuvable.
Erreur dans le fichier ./CSV3\bulletins\bulletins_propres\table_page_247.csv: En-tête '8007Base' introuvable.
Erreur dans le fichier ./CSV3\bulletins\bulletins_propres\table_page_249.csv: En-tête '1001Base' introuvable.
Erreur dans le fichier ./CSV3\bulletins\bulletins_propres\table_page_249.csv: En-tête '2012Base' introuvable.
Erreur dans le fichier ./CSV3\bulletins\bulletins_propres\table_page_249.csv: En-tête 'Base' introuvable.
Erreur dans le fichier ./CSV3\bulletins\bulletins_propres\table_page_249.csv: En-tête '2068Base' introuvable.
Erreur dans le fichier ./CSV3\bulletins\bulletins_propres\table_page_249.csv: En-tête 'Base' introuvable.
Erreur dans le fichier ./CSV3\bulletins\bulletins_propres\table_page_249.csv: En-tête '3404Base' introuvable.
Erreur dans le fichier ./CSV3\bulletins\bulletins_propres\table_page_249.csv: En-tête '3406Base' introuvable.
Erreur dans le fichier ./CSV3\bulletins\bulletins_propres\table_page_249.csv: En-tête 'Base' introuvable.
Erreur dans le fichier ./CSV3\bulletins\bulletins_propres\table_page_249.csv: En-tête 'TOTAL BRUTBase' introuvable.
Erreur dans le fichier ./CSV3\bulletins\bulletins_propres\table_page_249.csv: En-tête '7001Base' introuvable.
Erreur dans le fichier ./CSV3\bulletins\bulletins_propres\table_page_249.csv: En-tête '7002Base' introuvable.
Erreur dans le fichier ./CSV3\bulletins\bulletins_propres\table_page_249.csv: En-tête '7010Base' introuvable.
Erreur dans le fichier ./CSV3\bulletins\bulletins_propres\table_page_249.csv: En-tête '7015Base' introuvable.
Erreur dans le fichier ./CSV3\bulletins\bulletins_propres\table_page_249.csv: En-tête '7020Base' introuvable.
Erreur dans le fichier ./CSV3\bulletins\bulletins_propres\table_page_249.csv: En-tête '7030Base' introuvable.
Erreur dans le fichier ./CSV3\bulletins\bulletins_propres\table_page_249.csv: En-tête '7035Base' introuvable.
Erreur dans le fichier ./CSV3\bulletins\bulletins_propres\table_page_249.csv: En-tête '7040Base' introuvable.
Erreur dans le fichier ./CSV3\bulletins\bulletins_propres\table_page_249.csv: En-tête '7045Base' introuvable.
Erreur dans le fichier ./CSV3\bulletins\bulletins_propres\table_page_249.csv: En-tête 'Base' introuvable.
Erreur dans le fichier ./CSV3\bulletins\bulletins_propres\table_page_249.csv: En-tête '7050Base' introuvable.
Erreur dans le fichier ./CSV3\bulletins\bulletins_propres\table_page_249.csv: En-tête 'Base' introuvable.
Erreur dans le fichier ./CSV3\bulletins\bulletins_propres\table_page_249.csv: En-tête '7055Base' introuvable.
Erreur dans le fichier ./CSV3\bulletins\bulletins_propres\table_page_249.csv: En-tête 'Base' introuvable.
Erreur dans le fichier ./CSV3\bulletins\bulletins_propres\table_page_249.csv: En-tête '7C00Base' introuvable.
Erreur dans le fichier ./CSV3\bulletins\bulletins_propres\table_page_249.csv: En-tête 'Base' introuvable.
Erreur dans le fichier ./CSV3\bulletins\bulletins_propres\table_page_249.csv: En-tête '7C10Base' introuvable.
Erreur dans le fichier ./CSV3\bulletins\bulletins_propres\table_page_249.csv: En-tête '7C20Base' introuvable.
Erreur dans le fichier ./CSV3\bulletins\bulletins_propres\table_page_249.csv: En-tête '7M05Base' introuvable.
Erreur dans le fichier ./CSV3\bulletins\bulletins_propres\table_page_249.csv: En-tête '7P20Base' introuvable.
Erreur dans le fichier ./CSV3\bulletins\bulletins_propres\table_page_249.csv: En-tête '7P25Base' introuvable.
Erreur dans le fichier ./CSV3\bulletins\bulletins_propres\table_page_249.csv: En-tête '7R44Base' introuvable.
Erreur dans le fichier ./CSV3\bulletins\bulletins_propres\table_page_249.csv: En-tête '7R45Base' introuvable.
Erreur dans le fichier ./CSV3\bulletins\bulletins_propres\table_page_249.csv: En-tête '7R53Base' introuvable.
Erreur dans le fichier ./CSV3\bulletins\bulletins_propres\table_page_249.csv: En-tête '7R54Base' introuvable.
Erreur dans le fichier ./CSV3\bulletins\bulletins_propres\table_page_249.csv: En-tête '7R63Base' introuvable.
Erreur dans le fichier ./CSV3\bulletins\bulletins_propres\table_page_249.csv: En-tête '7R64Base' introuvable.
Erreur dans le fichier ./CSV3\bulletins\bulletins_propres\table_page_249.csv: En-tête 'Base' introuvable.
Erreur dans le fichier ./CSV3\bulletins\bulletins_propres\table_page_249.csv: En-tête '7R70Base' introuvable.
Erreur dans le fichier ./CSV3\bulletins\bulletins_propres\table_page_249.csv: En-tête 'Base' introuvable.
Erreur dans le fichier ./CSV3\bulletins\bulletins_propres\table_page_249.csv: En-tête '7R71Base' introuvable.
Erreur dans le fichier ./CSV3\bulletins\bulletins_propres\table_page_249.csv: En-tête '7T00Base' introuvable.
Erreur dans le fichier ./CSV3\bulletins\bulletins_propres\table_page_249.csv: En-tête '7T02Base' introuvable.
Erreur dans le fichier ./CSV3\bulletins\bulletins_propres\table_page_249.csv: En-tête '7T05Base' introuvable.
Erreur dans le fichier ./CSV3\bulletins\bulletins_propres\table_page_249.csv: En-tête '7T10Base' introuvable.
Erreur dans le fichier ./CSV3\bulletins\bulletins_propres\table_page_249.csv: En-tête '7T15Base' introuvable.
Erreur dans le fichier ./CSV3\bulletins\bulletins_propres\table_page_249.csv: En-tête '7T20Base' introuvable.
Erreur dans le fichier ./CSV3\bulletins\bulletins_propres\table_page_249.csv: En-tête '6082Base' introuvable.
Erreur dans le fichier ./CSV3\bulletins\bulletins_propres\table_page_249.csv: En-tête '6094Base' introuvable.
Erreur dans le fichier ./CSV3\bulletins\bulletins_propres\table_page_249.csv: En-tête 'Total Charges Ded.Base' introuvable.
Erreur dans le fichier ./CSV3\bulletins\bulletins_propres\table_page_249.csv: En-tête '6080Base' introuvable.
Erreur dans le fichier ./CSV3\bulletins\bulletins_propres\table_page_249.csv: En-tête '6084Base' introuvable.
Erreur dans le fichier ./CSV3\bulletins\bulletins_propres\table_page_249.csv: En-tête '6092Base' introuvable.
Erreur dans le fichier ./CSV3\bulletins\bulletins_propres\table_page_249.csv: En-tête '6096Base' introuvable.
Erreur dans le fichier ./CSV3\bulletins\bulletins_propres\table_page_249.csv: En-tête 'Total Charges Non Ded.Base' introuvable.
Erreur dans le fichier ./CSV3\bulletins\bulletins_propres\table_page_249.csv: En-tête '8009Base' introuvable.
Erreur dans le fichier ./CSV3\bulletins\bulletins_propres\table_page_249.csv: En-tête '8010Base' introuvable.
Erreur dans le fichier ./CSV3\bulletins\bulletins_propres\table_page_249.csv: En-tête '8192Base' introuvable.
Erreur dans le fichier ./CSV3\bulletins\bulletins_propres\table_page_25.csv: En-tête '1001Base' introuvable.
Erreur dans le fichier ./CSV3\bulletins\bulletins_propres\table_page_25.csv: En-tête '2012Base' introuvable.
Erreur dans le fichier ./CSV3\bulletins\bulletins_propres\table_page_25.csv: En-tête 'Base' introuvable.
Erreur dans le fichier ./CSV3\bulletins\bulletins_propres\table_page_25.csv: En-tête '2068Base' introuvable.
Erreur dans le fichier ./CSV3\bulletins\bulletins_propres\table_page_25.csv: En-tête 'Base' introuvable.
Erreur dans le fichier ./CSV3\bulletins\bulletins_propres\table_page_25.csv: En-tête '3404Base' introuvable.
Erreur dans le fichier ./CSV3\bulletins\bulletins_propres\table_page_25.csv: En-tête '3406Base' introuvable.
Erreur dans le fichier ./CSV3\bulletins\bulletins_propres\table_page_25.csv: En-tête '3B80Base' introuvable.
Erreur dans le fichier ./CSV3\bulletins\bulletins_propres\table_page_25.csv: En-tête '3B82Base' introuvable.
Erreur dans le fichier ./CSV3\bulletins\bulletins_propres\table_page_25.csv: En-tête 'Base' introuvable.
Erreur dans le fichier ./CSV3\bulletins\bulletins_propres\table_page_25.csv: En-tête 'TOTAL BRUTBase' introuvable.
Erreur dans le fichier ./CSV3\bulletins\bulletins_propres\table_page_25.csv: En-tête '60F2Base' introuvable.
Erreur dans le fichier ./CSV3\bulletins\bulletins_propres\table_page_25.csv: En-tête '7001Base' introuvable.
Erreur dans le fichier ./CSV3\bulletins\bulletins_propres\table_page_25.csv: En-tête '7002Base' introuvable.
Erreur dans le fichier ./CSV3\bulletins\bulletins_propres\table_page_25.csv: En-tête '7010Base' introuvable.
Erreur dans le fichier ./CSV3\bulletins\bulletins_propres\table_page_25.csv: En-tête '7015Base' introuvable.
Erreur dans le fichier ./CSV3\bulletins\bulletins_propres\table_page_25.csv: En-tête '7020Base' introuvable.
Erreur dans le fichier ./CSV3\bulletins\bulletins_propres\table_page_25.csv: En-tête '7030Base' introuvable.
Erreur dans le fichier ./CSV3\bulletins\bulletins_propres\table_page_25.csv: En-tête 'Base' introuvable.
Erreur dans le fichier ./CSV3\bulletins\bulletins_propres\table_page_25.csv: En-tête '7035Base' introuvable.
Erreur dans le fichier ./CSV3\bulletins\bulletins_propres\table_page_25.csv: En-tête 'Base' introuvable.
Erreur dans le fichier ./CSV3\bulletins\bulletins_propres\table_page_25.csv: En-tête '7040Base' introuvable.
Erreur dans le fichier ./CSV3\bulletins\bulletins_propres\table_page_25.csv: En-tête 'Base' introuvable.
Erreur dans le fichier ./CSV3\bulletins\bulletins_propres\table_page_25.csv: En-tête '7045Base' introuvable.
Erreur dans le fichier ./CSV3\bulletins\bulletins_propres\table_page_25.csv: En-tête 'Base' introuvable.
Erreur dans le fichier ./CSV3\bulletins\bulletins_propres\table_page_25.csv: En-tête '7050Base' introuvable.
Erreur dans le fichier ./CSV3\bulletins\bulletins_propres\table_page_25.csv: En-tête '7055Base' introuvable.
Erreur dans le fichier ./CSV3\bulletins\bulletins_propres\table_page_25.csv: En-tête '7C00Base' introuvable.
Erreur dans le fichier ./CSV3\bulletins\bulletins_propres\table_page_25.csv: En-tête '7C10Base' introuvable.
Erreur dans le fichier ./CSV3\bulletins\bulletins_propres\table_page_25.csv: En-tête '7C20Base' introuvable.
Erreur dans le fichier ./CSV3\bulletins\bulletins_propres\table_page_25.csv: En-tête '7R45Base' introuvable.
Erreur dans le fichier ./CSV3\bulletins\bulletins_propres\table_page_25.csv: En-tête '7M05Base' introuvable.
Erreur dans le fichier ./CSV3\bulletins\bulletins_propres\table_page_25.csv: En-tête '7P20Base' introuvable.
Erreur dans le fichier ./CSV3\bulletins\bulletins_propres\table_page_25.csv: En-tête '7P25Base' introuvable.
Erreur dans le fichier ./CSV3\bulletins\bulletins_propres\table_page_25.csv: En-tête '7R44Base' introuvable.
Erreur dans le fichier ./CSV3\bulletins\bulletins_propres\table_page_25.csv: En-tête '7R53Base' introuvable.
Erreur dans le fichier ./CSV3\bulletins\bulletins_propres\table_page_25.csv: En-tête 'Base' introuvable.
Erreur dans le fichier ./CSV3\bulletins\bulletins_propres\table_page_25.csv: En-tête '7R54Base' introuvable.
Erreur dans le fichier ./CSV3\bulletins\bulletins_propres\table_page_25.csv: En-tête 'Base' introuvable.
Erreur dans le fichier ./CSV3\bulletins\bulletins_propres\table_page_25.csv: En-tête '7R63Base' introuvable.
Erreur dans le fichier ./CSV3\bulletins\bulletins_propres\table_page_25.csv: En-tête 'Base' introuvable.
Erreur dans le fichier ./CSV3\bulletins\bulletins_propres\table_page_25.csv: En-tête '7R64Base' introuvable.
Erreur dans le fichier ./CSV3\bulletins\bulletins_propres\table_page_25.csv: En-tête '7R70Base' introuvable.
Erreur dans le fichier ./CSV3\bulletins\bulletins_propres\table_page_25.csv: En-tête '7R71Base' introuvable.
Erreur dans le fichier ./CSV3\bulletins\bulletins_propres\table_page_25.csv: En-tête '7T00Base' introuvable.
Erreur dans le fichier ./CSV3\bulletins\bulletins_propres\table_page_25.csv: En-tête '7T02Base' introuvable.
Erreur dans le fichier ./CSV3\bulletins\bulletins_propres\table_page_25.csv: En-tête '7T05Base' introuvable.
Erreur dans le fichier ./CSV3\bulletins\bulletins_propres\table_page_25.csv: En-tête '7T10Base' introuvable.
Erreur dans le fichier ./CSV3\bulletins\bulletins_propres\table_page_25.csv: En-tête '7T15Base' introuvable.
Erreur dans le fichier ./CSV3\bulletins\bulletins_propres\table_page_25.csv: En-tête '7T20Base' introuvable.
Erreur dans le fichier ./CSV3\bulletins\bulletins_propres\table_page_25.csv: En-tête '6082Base' introuvable.
Erreur dans le fichier ./CSV3\bulletins\bulletins_propres\table_page_25.csv: En-tête '6094Base' introuvable.
Erreur dans le fichier ./CSV3\bulletins\bulletins_propres\table_page_25.csv: En-tête 'Total Charges Ded.Base' introuvable.
Erreur dans le fichier ./CSV3\bulletins\bulletins_propres\table_page_25.csv: En-tête '6080Base' introuvable.
Erreur dans le fichier ./CSV3\bulletins\bulletins_propres\table_page_25.csv: En-tête '6084Base' introuvable.
Erreur dans le fichier ./CSV3\bulletins\bulletins_propres\table_page_25.csv: En-tête '6092Base' introuvable.
Erreur dans le fichier ./CSV3\bulletins\bulletins_propres\table_page_25.csv: En-tête '6096Base' introuvable.
Erreur dans le fichier ./CSV3\bulletins\bulletins_propres\table_page_25.csv: En-tête '60F1Base' introuvable.
Erreur dans le fichier ./CSV3\bulletins\bulletins_propres\table_page_25.csv: En-tête '60F3Base' introuvable.
Erreur dans le fichier ./CSV3\bulletins\bulletins_propres\table_page_25.csv: En-tête '60F4Base' introuvable.
Erreur dans le fichier ./CSV3\bulletins\bulletins_propres\table_page_25.csv: En-tête '60F8Base' introuvable.
Erreur dans le fichier ./CSV3\bulletins\bulletins_propres\table_page_25.csv: En-tête '60F9Base' introuvable.
Erreur dans le fichier ./CSV3\bulletins\bulletins_propres\table_page_25.csv: En-tête 'Total Charges Non Ded.Base' introuvable.
Erreur dans le fichier ./CSV3\bulletins\bulletins_propres\table_page_25.csv: En-tête '8009Base' introuvable.
Erreur dans le fichier ./CSV3\bulletins\bulletins_propres\table_page_25.csv: En-tête '8010Base' introuvable.
Erreur dans le fichier ./CSV3\bulletins\bulletins_propres\table_page_25.csv: En-tête '8007Base' introuvable.
Erreur dans le fichier ./CSV3\bulletins\bulletins_propres\table_page_251.csv: En-tête '1001Base' introuvable.
Erreur dans le fichier ./CSV3\bulletins\bulletins_propres\table_page_251.csv: En-tête '1046Base' introuvable.
Erreur dans le fichier ./CSV3\bulletins\bulletins_propres\table_page_251.csv: En-tête 'Base' introuvable.
Erreur dans le fichier ./CSV3\bulletins\bulletins_propres\table_page_251.csv: En-tête '2012Base' introuvable.
Erreur dans le fichier ./CSV3\bulletins\bulletins_propres\table_page_251.csv: En-tête 'Base' introuvable.
Erreur dans le fichier ./CSV3\bulletins\bulletins_propres\table_page_251.csv: En-tête '2018Base' introuvable.
Erreur dans le fichier ./CSV3\bulletins\bulletins_propres\table_page_251.csv: En-tête '2068Base' introuvable.
Erreur dans le fichier ./CSV3\bulletins\bulletins_propres\table_page_251.csv: En-tête '2078Base' introuvable.
Erreur dans le fichier ./CSV3\bulletins\bulletins_propres\table_page_251.csv: En-tête '3502Base' introuvable.
Erreur dans le fichier ./CSV3\bulletins\bulletins_propres\table_page_251.csv: En-tête 'Base' introuvable.
Erreur dans le fichier ./CSV3\bulletins\bulletins_propres\table_page_251.csv: En-tête 'TOTAL BRUTBase' introuvable.
Erreur dans le fichier ./CSV3\bulletins\bulletins_propres\table_page_251.csv: En-tête '7001Base' introuvable.
Erreur dans le fichier ./CSV3\bulletins\bulletins_propres\table_page_251.csv: En-tête '7010Base' introuvable.
Erreur dans le fichier ./CSV3\bulletins\bulletins_propres\table_page_251.csv: En-tête '7015Base' introuvable.
Erreur dans le fichier ./CSV3\bulletins\bulletins_propres\table_page_251.csv: En-tête '7020Base' introuvable.
Erreur dans le fichier ./CSV3\bulletins\bulletins_propres\table_page_251.csv: En-tête '7030Base' introuvable.
Erreur dans le fichier ./CSV3\bulletins\bulletins_propres\table_page_251.csv: En-tête '7035Base' introuvable.
Erreur dans le fichier ./CSV3\bulletins\bulletins_propres\table_page_251.csv: En-tête '7040Base' introuvable.
Erreur dans le fichier ./CSV3\bulletins\bulletins_propres\table_page_251.csv: En-tête 'Base' introuvable.
Erreur dans le fichier ./CSV3\bulletins\bulletins_propres\table_page_251.csv: En-tête '7045Base' introuvable.
Erreur dans le fichier ./CSV3\bulletins\bulletins_propres\table_page_251.csv: En-tête 'Base' introuvable.
Erreur dans le fichier ./CSV3\bulletins\bulletins_propres\table_page_251.csv: En-tête '7050Base' introuvable.
Erreur dans le fichier ./CSV3\bulletins\bulletins_propres\table_page_251.csv: En-tête 'Base' introuvable.
Erreur dans le fichier ./CSV3\bulletins\bulletins_propres\table_page_251.csv: En-tête '7055Base' introuvable.
Erreur dans le fichier ./CSV3\bulletins\bulletins_propres\table_page_251.csv: En-tête 'Base' introuvable.
Erreur dans le fichier ./CSV3\bulletins\bulletins_propres\table_page_251.csv: En-tête '7C00Base' introuvable.
Erreur dans le fichier ./CSV3\bulletins\bulletins_propres\table_page_251.csv: En-tête '7C20Base' introuvable.
Erreur dans le fichier ./CSV3\bulletins\bulletins_propres\table_page_251.csv: En-tête '7M04Base' introuvable.
Erreur dans le fichier ./CSV3\bulletins\bulletins_propres\table_page_251.csv: En-tête '7P10Base' introuvable.
Erreur dans le fichier ./CSV3\bulletins\bulletins_propres\table_page_251.csv: En-tête '7R56Base' introuvable.
Erreur dans le fichier ./CSV3\bulletins\bulletins_propres\table_page_251.csv: En-tête '7R63Base' introuvable.
Erreur dans le fichier ./CSV3\bulletins\bulletins_propres\table_page_251.csv: En-tête '7T00Base' introuvable.
Erreur dans le fichier ./CSV3\bulletins\bulletins_propres\table_page_251.csv: En-tête '7T02Base' introuvable.
Erreur dans le fichier ./CSV3\bulletins\bulletins_propres\table_page_251.csv: En-tête '7T05Base' introuvable.
Erreur dans le fichier ./CSV3\bulletins\bulletins_propres\table_page_251.csv: En-tête '7T10Base' introuvable.
Erreur dans le fichier ./CSV3\bulletins\bulletins_propres\table_page_251.csv: En-tête '7T15Base' introuvable.
Erreur dans le fichier ./CSV3\bulletins\bulletins_propres\table_page_251.csv: En-tête 'Base' introuvable.
Erreur dans le fichier ./CSV3\bulletins\bulletins_propres\table_page_251.csv: En-tête '7T20Base' introuvable.
Erreur dans le fichier ./CSV3\bulletins\bulletins_propres\table_page_251.csv: En-tête 'Base' introuvable.
Erreur dans le fichier ./CSV3\bulletins\bulletins_propres\table_page_251.csv: En-tête '6082Base' introuvable.
Erreur dans le fichier ./CSV3\bulletins\bulletins_propres\table_page_251.csv: En-tête '6094Base' introuvable.
Erreur dans le fichier ./CSV3\bulletins\bulletins_propres\table_page_251.csv: En-tête 'Total Charges Ded.Base' introuvable.
Erreur dans le fichier ./CSV3\bulletins\bulletins_propres\table_page_251.csv: En-tête '6080Base' introuvable.
Erreur dans le fichier ./CSV3\bulletins\bulletins_propres\table_page_251.csv: En-tête '6084Base' introuvable.
Erreur dans le fichier ./CSV3\bulletins\bulletins_propres\table_page_251.csv: En-tête '6092Base' introuvable.
Erreur dans le fichier ./CSV3\bulletins\bulletins_propres\table_page_251.csv: En-tête '6096Base' introuvable.
Erreur dans le fichier ./CSV3\bulletins\bulletins_propres\table_page_251.csv: En-tête 'Total Charges Non Ded.Base' introuvable.
Erreur dans le fichier ./CSV3\bulletins\bulletins_propres\table_page_251.csv: En-tête '8009Base' introuvable.
Erreur dans le fichier ./CSV3\bulletins\bulletins_propres\table_page_251.csv: En-tête '8010Base' introuvable.
Erreur dans le fichier ./CSV3\bulletins\bulletins_propres\table_page_251.csv: En-tête '8007Base' introuvable.
Erreur dans le fichier ./CSV3\bulletins\bulletins_propres\table_page_253.csv: En-tête '1001Base' introuvable.
Erreur dans le fichier ./CSV3\bulletins\bulletins_propres\table_page_253.csv: En-tête '2012Base' introuvable.
Erreur dans le fichier ./CSV3\bulletins\bulletins_propres\table_page_253.csv: En-tête 'Base' introuvable.
Erreur dans le fichier ./CSV3\bulletins\bulletins_propres\table_page_253.csv: En-tête '2068Base' introuvable.
Erreur dans le fichier ./CSV3\bulletins\bulletins_propres\table_page_253.csv: En-tête 'Base' introuvable.
Erreur dans le fichier ./CSV3\bulletins\bulletins_propres\table_page_253.csv: En-tête '2084Base' introuvable.
Erreur dans le fichier ./CSV3\bulletins\bulletins_propres\table_page_253.csv: En-tête '3002Base' introuvable.
Erreur dans le fichier ./CSV3\bulletins\bulletins_propres\table_page_253.csv: En-tête '3006Base' introuvable.
Erreur dans le fichier ./CSV3\bulletins\bulletins_propres\table_page_253.csv: En-tête '3310Base' introuvable.
Erreur dans le fichier ./CSV3\bulletins\bulletins_propres\table_page_253.csv: En-tête '3315Base' introuvable.
Erreur dans le fichier ./CSV3\bulletins\bulletins_propres\table_page_253.csv: En-tête 'Base' introuvable.
Erreur dans le fichier ./CSV3\bulletins\bulletins_propres\table_page_253.csv: En-tête 'TOTAL BRUTBase' introuvable.
Erreur dans le fichier ./CSV3\bulletins\bulletins_propres\table_page_253.csv: En-tête '6S89Base' introuvable.
Erreur dans le fichier ./CSV3\bulletins\bulletins_propres\table_page_253.csv: En-tête '7001Base' introuvable.
Erreur dans le fichier ./CSV3\bulletins\bulletins_propres\table_page_253.csv: En-tête '7010Base' introuvable.
Erreur dans le fichier ./CSV3\bulletins\bulletins_propres\table_page_253.csv: En-tête '7015Base' introuvable.
Erreur dans le fichier ./CSV3\bulletins\bulletins_propres\table_page_253.csv: En-tête '7020Base' introuvable.
Erreur dans le fichier ./CSV3\bulletins\bulletins_propres\table_page_253.csv: En-tête '7030Base' introuvable.
Erreur dans le fichier ./CSV3\bulletins\bulletins_propres\table_page_253.csv: En-tête 'Base' introuvable.
Erreur dans le fichier ./CSV3\bulletins\bulletins_propres\table_page_253.csv: En-tête '7035Base' introuvable.
Erreur dans le fichier ./CSV3\bulletins\bulletins_propres\table_page_253.csv: En-tête 'Base' introuvable.
Erreur dans le fichier ./CSV3\bulletins\bulletins_propres\table_page_253.csv: En-tête '7040Base' introuvable.
Erreur dans le fichier ./CSV3\bulletins\bulletins_propres\table_page_253.csv: En-tête 'Base' introuvable.
Erreur dans le fichier ./CSV3\bulletins\bulletins_propres\table_page_253.csv: En-tête '7045Base' introuvable.
Erreur dans le fichier ./CSV3\bulletins\bulletins_propres\table_page_253.csv: En-tête 'Base' introuvable.
Erreur dans le fichier ./CSV3\bulletins\bulletins_propres\table_page_253.csv: En-tête '7050Base' introuvable.
Erreur dans le fichier ./CSV3\bulletins\bulletins_propres\table_page_253.csv: En-tête '7055Base' introuvable.
Erreur dans le fichier ./CSV3\bulletins\bulletins_propres\table_page_253.csv: En-tête '7C00Base' introuvable.
Erreur dans le fichier ./CSV3\bulletins\bulletins_propres\table_page_253.csv: En-tête '7C10Base' introuvable.
Erreur dans le fichier ./CSV3\bulletins\bulletins_propres\table_page_253.csv: En-tête '7C20Base' introuvable.
Erreur dans le fichier ./CSV3\bulletins\bulletins_propres\table_page_253.csv: En-tête '7M05Base' introuvable.
Erreur dans le fichier ./CSV3\bulletins\bulletins_propres\table_page_253.csv: En-tête '7P20Base' introuvable.
Erreur dans le fichier ./CSV3\bulletins\bulletins_propres\table_page_253.csv: En-tête '7P25Base' introuvable.
Erreur dans le fichier ./CSV3\bulletins\bulletins_propres\table_page_253.csv: En-tête '7R44Base' introuvable.
Erreur dans le fichier ./CSV3\bulletins\bulletins_propres\table_page_253.csv: En-tête '7R45Base' introuvable.
Erreur dans le fichier ./CSV3\bulletins\bulletins_propres\table_page_253.csv: En-tête '7R53Base' introuvable.
Erreur dans le fichier ./CSV3\bulletins\bulletins_propres\table_page_253.csv: En-tête 'Base' introuvable.
Erreur dans le fichier ./CSV3\bulletins\bulletins_propres\table_page_253.csv: En-tête '7R54Base' introuvable.
Erreur dans le fichier ./CSV3\bulletins\bulletins_propres\table_page_253.csv: En-tête 'Base' introuvable.
Erreur dans le fichier ./CSV3\bulletins\bulletins_propres\table_page_253.csv: En-tête '7R63Base' introuvable.
Erreur dans le fichier ./CSV3\bulletins\bulletins_propres\table_page_253.csv: En-tête '7R64Base' introuvable.
Erreur dans le fichier ./CSV3\bulletins\bulletins_propres\table_page_253.csv: En-tête '7R70Base' introuvable.
Erreur dans le fichier ./CSV3\bulletins\bulletins_propres\table_page_253.csv: En-tête '7R71Base' introuvable.
Erreur dans le fichier ./CSV3\bulletins\bulletins_propres\table_page_253.csv: En-tête '7T00Base' introuvable.
Erreur dans le fichier ./CSV3\bulletins\bulletins_propres\table_page_253.csv: En-tête '7T02Base' introuvable.
Erreur dans le fichier ./CSV3\bulletins\bulletins_propres\table_page_253.csv: En-tête '7T05Base' introuvable.
Erreur dans le fichier ./CSV3\bulletins\bulletins_propres\table_page_253.csv: En-tête '7T10Base' introuvable.
Erreur dans le fichier ./CSV3\bulletins\bulletins_propres\table_page_253.csv: En-tête '7T15Base' introuvable.
Erreur dans le fichier ./CSV3\bulletins\bulletins_propres\table_page_253.csv: En-tête '7T20Base' introuvable.
Erreur dans le fichier ./CSV3\bulletins\bulletins_propres\table_page_253.csv: En-tête '6082Base' introuvable.
Erreur dans le fichier ./CSV3\bulletins\bulletins_propres\table_page_253.csv: En-tête '6094Base' introuvable.
Erreur dans le fichier ./CSV3\bulletins\bulletins_propres\table_page_253.csv: En-tête 'Total Charges Ded.Base' introuvable.
Erreur dans le fichier ./CSV3\bulletins\bulletins_propres\table_page_253.csv: En-tête '6070Base' introuvable.
Erreur dans le fichier ./CSV3\bulletins\bulletins_propres\table_page_253.csv: En-tête '6074Base' introuvable.
Erreur dans le fichier ./CSV3\bulletins\bulletins_propres\table_page_253.csv: En-tête '6080Base' introuvable.
Erreur dans le fichier ./CSV3\bulletins\bulletins_propres\table_page_253.csv: En-tête '6084Base' introuvable.
Erreur dans le fichier ./CSV3\bulletins\bulletins_propres\table_page_253.csv: En-tête '6092Base' introuvable.
Erreur dans le fichier ./CSV3\bulletins\bulletins_propres\table_page_253.csv: En-tête '6096Base' introuvable.
Erreur dans le fichier ./CSV3\bulletins\bulletins_propres\table_page_253.csv: En-tête 'Total Charges Non Ded.Base' introuvable.
Erreur dans le fichier ./CSV3\bulletins\bulletins_propres\table_page_253.csv: En-tête '8009Base' introuvable.
Erreur dans le fichier ./CSV3\bulletins\bulletins_propres\table_page_253.csv: En-tête '8010Base' introuvable.
Erreur dans le fichier ./CSV3\bulletins\bulletins_propres\table_page_255.csv: En-tête '1001Base' introuvable.
Erreur dans le fichier ./CSV3\bulletins\bulletins_propres\table_page_255.csv: En-tête '2012Base' introuvable.
Erreur dans le fichier ./CSV3\bulletins\bulletins_propres\table_page_255.csv: En-tête 'Base' introuvable.
Erreur dans le fichier ./CSV3\bulletins\bulletins_propres\table_page_255.csv: En-tête '2068Base' introuvable.
Erreur dans le fichier ./CSV3\bulletins\bulletins_propres\table_page_255.csv: En-tête 'Base' introuvable.
Erreur dans le fichier ./CSV3\bulletins\bulletins_propres\table_page_255.csv: En-tête '2078Base' introuvable.
Erreur dans le fichier ./CSV3\bulletins\bulletins_propres\table_page_255.csv: En-tête '3404Base' introuvable.
Erreur dans le fichier ./CSV3\bulletins\bulletins_propres\table_page_255.csv: En-tête '3406Base' introuvable.
Erreur dans le fichier ./CSV3\bulletins\bulletins_propres\table_page_255.csv: En-tête 'Base' introuvable.
Erreur dans le fichier ./CSV3\bulletins\bulletins_propres\table_page_255.csv: En-tête 'TOTAL BRUTBase' introuvable.
Erreur dans le fichier ./CSV3\bulletins\bulletins_propres\table_page_255.csv: En-tête '7001Base' introuvable.
Erreur dans le fichier ./CSV3\bulletins\bulletins_propres\table_page_255.csv: En-tête '7010Base' introuvable.
Erreur dans le fichier ./CSV3\bulletins\bulletins_propres\table_page_255.csv: En-tête '7015Base' introuvable.
Erreur dans le fichier ./CSV3\bulletins\bulletins_propres\table_page_255.csv: En-tête '7020Base' introuvable.
Erreur dans le fichier ./CSV3\bulletins\bulletins_propres\table_page_255.csv: En-tête '7030Base' introuvable.
Erreur dans le fichier ./CSV3\bulletins\bulletins_propres\table_page_255.csv: En-tête '7035Base' introuvable.
Erreur dans le fichier ./CSV3\bulletins\bulletins_propres\table_page_255.csv: En-tête '7040Base' introuvable.
Erreur dans le fichier ./CSV3\bulletins\bulletins_propres\table_page_255.csv: En-tête '7045Base' introuvable.
Erreur dans le fichier ./CSV3\bulletins\bulletins_propres\table_page_255.csv: En-tête 'Base' introuvable.
Erreur dans le fichier ./CSV3\bulletins\bulletins_propres\table_page_255.csv: En-tête '7050Base' introuvable.
Erreur dans le fichier ./CSV3\bulletins\bulletins_propres\table_page_255.csv: En-tête 'Base' introuvable.
Erreur dans le fichier ./CSV3\bulletins\bulletins_propres\table_page_255.csv: En-tête '7055Base' introuvable.
Erreur dans le fichier ./CSV3\bulletins\bulletins_propres\table_page_255.csv: En-tête 'Base' introuvable.
Erreur dans le fichier ./CSV3\bulletins\bulletins_propres\table_page_255.csv: En-tête '7C00Base' introuvable.
Erreur dans le fichier ./CSV3\bulletins\bulletins_propres\table_page_255.csv: En-tête 'Base' introuvable.
Erreur dans le fichier ./CSV3\bulletins\bulletins_propres\table_page_255.csv: En-tête '7C10Base' introuvable.
Erreur dans le fichier ./CSV3\bulletins\bulletins_propres\table_page_255.csv: En-tête '7C20Base' introuvable.
Erreur dans le fichier ./CSV3\bulletins\bulletins_propres\table_page_255.csv: En-tête '7M05Base' introuvable.
Erreur dans le fichier ./CSV3\bulletins\bulletins_propres\table_page_255.csv: En-tête '7P20Base' introuvable.
Erreur dans le fichier ./CSV3\bulletins\bulletins_propres\table_page_255.csv: En-tête '7P25Base' introuvable.
Erreur dans le fichier ./CSV3\bulletins\bulletins_propres\table_page_255.csv: En-tête '7R44Base' introuvable.
Erreur dans le fichier ./CSV3\bulletins\bulletins_propres\table_page_255.csv: En-tête '7R45Base' introuvable.
Erreur dans le fichier ./CSV3\bulletins\bulletins_propres\table_page_255.csv: En-tête '7R53Base' introuvable.
Erreur dans le fichier ./CSV3\bulletins\bulletins_propres\table_page_255.csv: En-tête '7R54Base' introuvable.
Erreur dans le fichier ./CSV3\bulletins\bulletins_propres\table_page_255.csv: En-tête '7R63Base' introuvable.
Erreur dans le fichier ./CSV3\bulletins\bulletins_propres\table_page_255.csv: En-tête '7R64Base' introuvable.
Erreur dans le fichier ./CSV3\bulletins\bulletins_propres\table_page_255.csv: En-tête 'Base' introuvable.
Erreur dans le fichier ./CSV3\bulletins\bulletins_propres\table_page_255.csv: En-tête '7R70Base' introuvable.
Erreur dans le fichier ./CSV3\bulletins\bulletins_propres\table_page_255.csv: En-tête 'Base' introuvable.
Erreur dans le fichier ./CSV3\bulletins\bulletins_propres\table_page_255.csv: En-tête '7R71Base' introuvable.
Erreur dans le fichier ./CSV3\bulletins\bulletins_propres\table_page_255.csv: En-tête '7T00Base' introuvable.
Erreur dans le fichier ./CSV3\bulletins\bulletins_propres\table_page_255.csv: En-tête '7T02Base' introuvable.
Erreur dans le fichier ./CSV3\bulletins\bulletins_propres\table_page_255.csv: En-tête '7T05Base' introuvable.
Erreur dans le fichier ./CSV3\bulletins\bulletins_propres\table_page_255.csv: En-tête '7T10Base' introuvable.
Erreur dans le fichier ./CSV3\bulletins\bulletins_propres\table_page_255.csv: En-tête '7T15Base' introuvable.
Erreur dans le fichier ./CSV3\bulletins\bulletins_propres\table_page_255.csv: En-tête '7T20Base' introuvable.
Erreur dans le fichier ./CSV3\bulletins\bulletins_propres\table_page_255.csv: En-tête '6082Base' introuvable.
Erreur dans le fichier ./CSV3\bulletins\bulletins_propres\table_page_255.csv: En-tête '6094Base' introuvable.
Erreur dans le fichier ./CSV3\bulletins\bulletins_propres\table_page_255.csv: En-tête 'Total Charges Ded.Base' introuvable.
Erreur dans le fichier ./CSV3\bulletins\bulletins_propres\table_page_255.csv: En-tête '6080Base' introuvable.
Erreur dans le fichier ./CSV3\bulletins\bulletins_propres\table_page_255.csv: En-tête '6084Base' introuvable.
Erreur dans le fichier ./CSV3\bulletins\bulletins_propres\table_page_255.csv: En-tête '6092Base' introuvable.
Erreur dans le fichier ./CSV3\bulletins\bulletins_propres\table_page_255.csv: En-tête '6096Base' introuvable.
Erreur dans le fichier ./CSV3\bulletins\bulletins_propres\table_page_255.csv: En-tête 'Total Charges Non Ded.Base' introuvable.
Erreur dans le fichier ./CSV3\bulletins\bulletins_propres\table_page_255.csv: En-tête '8009Base' introuvable.
Erreur dans le fichier ./CSV3\bulletins\bulletins_propres\table_page_255.csv: En-tête '8010Base' introuvable.
Erreur dans le fichier ./CSV3\bulletins\bulletins_propres\table_page_255.csv: En-tête '8007Base' introuvable.
Erreur dans le fichier ./CSV3\bulletins\bulletins_propres\table_page_257.csv: En-tête '1001Base' introuvable.
Erreur dans le fichier ./CSV3\bulletins\bulletins_propres\table_page_257.csv: En-tête '1046Base' introuvable.
Erreur dans le fichier ./CSV3\bulletins\bulletins_propres\table_page_257.csv: En-tête 'Base' introuvable.
Erreur dans le fichier ./CSV3\bulletins\bulletins_propres\table_page_257.csv: En-tête '2012Base' introuvable.
Erreur dans le fichier ./CSV3\bulletins\bulletins_propres\table_page_257.csv: En-tête 'Base' introuvable.
Erreur dans le fichier ./CSV3\bulletins\bulletins_propres\table_page_257.csv: En-tête '2018Base' introuvable.
Erreur dans le fichier ./CSV3\bulletins\bulletins_propres\table_page_257.csv: En-tête '2068Base' introuvable.
Erreur dans le fichier ./CSV3\bulletins\bulletins_propres\table_page_257.csv: En-tête '2078Base' introuvable.
Erreur dans le fichier ./CSV3\bulletins\bulletins_propres\table_page_257.csv: En-tête '2082Base' introuvable.
Erreur dans le fichier ./CSV3\bulletins\bulletins_propres\table_page_257.csv: En-tête '3002Base' introuvable.
Erreur dans le fichier ./CSV3\bulletins\bulletins_propres\table_page_257.csv: En-tête '3006Base' introuvable.
Erreur dans le fichier ./CSV3\bulletins\bulletins_propres\table_page_257.csv: En-tête '3250Base' introuvable.
Erreur dans le fichier ./CSV3\bulletins\bulletins_propres\table_page_257.csv: En-tête '3255Base' introuvable.
Erreur dans le fichier ./CSV3\bulletins\bulletins_propres\table_page_257.csv: En-tête '3505Base' introuvable.
Erreur dans le fichier ./CSV3\bulletins\bulletins_propres\table_page_257.csv: En-tête '3704Base' introuvable.
Erreur dans le fichier ./CSV3\bulletins\bulletins_propres\table_page_257.csv: En-tête 'Base' introuvable.
Erreur dans le fichier ./CSV3\bulletins\bulletins_propres\table_page_257.csv: En-tête 'TOTAL BRUTBase' introuvable.
Erreur dans le fichier ./CSV3\bulletins\bulletins_propres\table_page_257.csv: En-tête '6S89Base' introuvable.
Erreur dans le fichier ./CSV3\bulletins\bulletins_propres\table_page_257.csv: En-tête 'Base' introuvable.
Erreur dans le fichier ./CSV3\bulletins\bulletins_propres\table_page_257.csv: En-tête '7001Base' introuvable.
Erreur dans le fichier ./CSV3\bulletins\bulletins_propres\table_page_257.csv: En-tête 'Base' introuvable.
Erreur dans le fichier ./CSV3\bulletins\bulletins_propres\table_page_257.csv: En-tête '7010Base' introuvable.
Erreur dans le fichier ./CSV3\bulletins\bulletins_propres\table_page_257.csv: En-tête 'Base' introuvable.
Erreur dans le fichier ./CSV3\bulletins\bulletins_propres\table_page_257.csv: En-tête '7015Base' introuvable.
Erreur dans le fichier ./CSV3\bulletins\bulletins_propres\table_page_257.csv: En-tête 'Base' introuvable.
Erreur dans le fichier ./CSV3\bulletins\bulletins_propres\table_page_257.csv: En-tête '7020Base' introuvable.
Erreur dans le fichier ./CSV3\bulletins\bulletins_propres\table_page_257.csv: En-tête '7030Base' introuvable.
Erreur dans le fichier ./CSV3\bulletins\bulletins_propres\table_page_257.csv: En-tête '7035Base' introuvable.
Erreur dans le fichier ./CSV3\bulletins\bulletins_propres\table_page_257.csv: En-tête '7040Base' introuvable.
Erreur dans le fichier ./CSV3\bulletins\bulletins_propres\table_page_257.csv: En-tête '7045Base' introuvable.
Erreur dans le fichier ./CSV3\bulletins\bulletins_propres\table_page_257.csv: En-tête '7050Base' introuvable.
Erreur dans le fichier ./CSV3\bulletins\bulletins_propres\table_page_257.csv: En-tête '7055Base' introuvable.
Erreur dans le fichier ./CSV3\bulletins\bulletins_propres\table_page_257.csv: En-tête '7C00Base' introuvable.
Erreur dans le fichier ./CSV3\bulletins\bulletins_propres\table_page_257.csv: En-tête '7C20Base' introuvable.
Erreur dans le fichier ./CSV3\bulletins\bulletins_propres\table_page_257.csv: En-tête '7M04Base' introuvable.
Erreur dans le fichier ./CSV3\bulletins\bulletins_propres\table_page_257.csv: En-tête '7P10Base' introuvable.
Erreur dans le fichier ./CSV3\bulletins\bulletins_propres\table_page_257.csv: En-tête 'Base' introuvable.
Erreur dans le fichier ./CSV3\bulletins\bulletins_propres\table_page_257.csv: En-tête '7R56Base' introuvable.
Erreur dans le fichier ./CSV3\bulletins\bulletins_propres\table_page_257.csv: En-tête 'Base' introuvable.
Erreur dans le fichier ./CSV3\bulletins\bulletins_propres\table_page_257.csv: En-tête '7R63Base' introuvable.
Erreur dans le fichier ./CSV3\bulletins\bulletins_propres\table_page_257.csv: En-tête 'Base' introuvable.
Erreur dans le fichier ./CSV3\bulletins\bulletins_propres\table_page_257.csv: En-tête '7T00Base' introuvable.
Erreur dans le fichier ./CSV3\bulletins\bulletins_propres\table_page_257.csv: En-tête '7T02Base' introuvable.
Erreur dans le fichier ./CSV3\bulletins\bulletins_propres\table_page_257.csv: En-tête '7T05Base' introuvable.
Erreur dans le fichier ./CSV3\bulletins\bulletins_propres\table_page_257.csv: En-tête '7T10Base' introuvable.
Erreur dans le fichier ./CSV3\bulletins\bulletins_propres\table_page_257.csv: En-tête '7T15Base' introuvable.
Erreur dans le fichier ./CSV3\bulletins\bulletins_propres\table_page_257.csv: En-tête '7T20Base' introuvable.
Erreur dans le fichier ./CSV3\bulletins\bulletins_propres\table_page_257.csv: En-tête '6082Base' introuvable.
Erreur dans le fichier ./CSV3\bulletins\bulletins_propres\table_page_257.csv: En-tête '6094Base' introuvable.
Erreur dans le fichier ./CSV3\bulletins\bulletins_propres\table_page_257.csv: En-tête 'Total Charges Ded.Base' introuvable.
Erreur dans le fichier ./CSV3\bulletins\bulletins_propres\table_page_257.csv: En-tête '6070Base' introuvable.
Erreur dans le fichier ./CSV3\bulletins\bulletins_propres\table_page_257.csv: En-tête '6074Base' introuvable.
Erreur dans le fichier ./CSV3\bulletins\bulletins_propres\table_page_257.csv: En-tête '6080Base' introuvable.
Erreur dans le fichier ./CSV3\bulletins\bulletins_propres\table_page_257.csv: En-tête '6084Base' introuvable.
Erreur dans le fichier ./CSV3\bulletins\bulletins_propres\table_page_257.csv: En-tête '6092Base' introuvable.
Erreur dans le fichier ./CSV3\bulletins\bulletins_propres\table_page_257.csv: En-tête '6096Base' introuvable.
Erreur dans le fichier ./CSV3\bulletins\bulletins_propres\table_page_257.csv: En-tête 'Total Charges Non Ded.Base' introuvable.
Erreur dans le fichier ./CSV3\bulletins\bulletins_propres\table_page_257.csv: En-tête '8009Base' introuvable.
Erreur dans le fichier ./CSV3\bulletins\bulletins_propres\table_page_257.csv: En-tête '8010Base' introuvable.
Erreur dans le fichier ./CSV3\bulletins\bulletins_propres\table_page_257.csv: En-tête '8007Base' introuvable.
Erreur dans le fichier ./CSV3\bulletins\bulletins_propres\table_page_257.csv: En-tête '8192Base' introuvable.
Erreur dans le fichier ./CSV3\bulletins\bulletins_propres\table_page_257.csv: En-tête '8190Base' introuvable.
Erreur dans le fichier ./CSV3\bulletins\bulletins_propres\table_page_259.csv: En-tête '1001Base' introuvable.
Erreur dans le fichier ./CSV3\bulletins\bulletins_propres\table_page_259.csv: En-tête '1046Base' introuvable.
Erreur dans le fichier ./CSV3\bulletins\bulletins_propres\table_page_259.csv: En-tête 'Base' introuvable.
Erreur dans le fichier ./CSV3\bulletins\bulletins_propres\table_page_259.csv: En-tête '2012Base' introuvable.
Erreur dans le fichier ./CSV3\bulletins\bulletins_propres\table_page_259.csv: En-tête 'Base' introuvable.
Erreur dans le fichier ./CSV3\bulletins\bulletins_propres\table_page_259.csv: En-tête '2018Base' introuvable.
Erreur dans le fichier ./CSV3\bulletins\bulletins_propres\table_page_259.csv: En-tête '2068Base' introuvable.
Erreur dans le fichier ./CSV3\bulletins\bulletins_propres\table_page_259.csv: En-tête '2078Base' introuvable.
Erreur dans le fichier ./CSV3\bulletins\bulletins_propres\table_page_259.csv: En-tête '3002Base' introuvable.
Erreur dans le fichier ./CSV3\bulletins\bulletins_propres\table_page_259.csv: En-tête '3006Base' introuvable.
Erreur dans le fichier ./CSV3\bulletins\bulletins_propres\table_page_259.csv: En-tête '3310Base' introuvable.
Erreur dans le fichier ./CSV3\bulletins\bulletins_propres\table_page_259.csv: En-tête '3315Base' introuvable.
Erreur dans le fichier ./CSV3\bulletins\bulletins_propres\table_page_259.csv: En-tête 'Base' introuvable.
Erreur dans le fichier ./CSV3\bulletins\bulletins_propres\table_page_259.csv: En-tête 'TOTAL BRUTBase' introuvable.
Erreur dans le fichier ./CSV3\bulletins\bulletins_propres\table_page_259.csv: En-tête '6S89Base' introuvable.
Erreur dans le fichier ./CSV3\bulletins\bulletins_propres\table_page_259.csv: En-tête '7001Base' introuvable.
Erreur dans le fichier ./CSV3\bulletins\bulletins_propres\table_page_259.csv: En-tête '7010Base' introuvable.
Erreur dans le fichier ./CSV3\bulletins\bulletins_propres\table_page_259.csv: En-tête '7015Base' introuvable.
Erreur dans le fichier ./CSV3\bulletins\bulletins_propres\table_page_259.csv: En-tête 'Base' introuvable.
Erreur dans le fichier ./CSV3\bulletins\bulletins_propres\table_page_259.csv: En-tête '7020Base' introuvable.
Erreur dans le fichier ./CSV3\bulletins\bulletins_propres\table_page_259.csv: En-tête 'Base' introuvable.
Erreur dans le fichier ./CSV3\bulletins\bulletins_propres\table_page_259.csv: En-tête '7030Base' introuvable.
Erreur dans le fichier ./CSV3\bulletins\bulletins_propres\table_page_259.csv: En-tête 'Base' introuvable.
Erreur dans le fichier ./CSV3\bulletins\bulletins_propres\table_page_259.csv: En-tête '7035Base' introuvable.
Erreur dans le fichier ./CSV3\bulletins\bulletins_propres\table_page_259.csv: En-tête 'Base' introuvable.
Erreur dans le fichier ./CSV3\bulletins\bulletins_propres\table_page_259.csv: En-tête '7040Base' introuvable.
Erreur dans le fichier ./CSV3\bulletins\bulletins_propres\table_page_259.csv: En-tête '7045Base' introuvable.
Erreur dans le fichier ./CSV3\bulletins\bulletins_propres\table_page_259.csv: En-tête '7050Base' introuvable.
Erreur dans le fichier ./CSV3\bulletins\bulletins_propres\table_page_259.csv: En-tête '7055Base' introuvable.
Erreur dans le fichier ./CSV3\bulletins\bulletins_propres\table_page_259.csv: En-tête '7C00Base' introuvable.
Erreur dans le fichier ./CSV3\bulletins\bulletins_propres\table_page_259.csv: En-tête '7C20Base' introuvable.
Erreur dans le fichier ./CSV3\bulletins\bulletins_propres\table_page_259.csv: En-tête '7M05Base' introuvable.
Erreur dans le fichier ./CSV3\bulletins\bulletins_propres\table_page_259.csv: En-tête '7P20Base' introuvable.
Erreur dans le fichier ./CSV3\bulletins\bulletins_propres\table_page_259.csv: En-tête '7R56Base' introuvable.
Erreur dans le fichier ./CSV3\bulletins\bulletins_propres\table_page_259.csv: En-tête '7R63Base' introuvable.
Erreur dans le fichier ./CSV3\bulletins\bulletins_propres\table_page_259.csv: En-tête '7T00Base' introuvable.
Erreur dans le fichier ./CSV3\bulletins\bulletins_propres\table_page_259.csv: En-tête 'Base' introuvable.
Erreur dans le fichier ./CSV3\bulletins\bulletins_propres\table_page_259.csv: En-tête '7T02Base' introuvable.
Erreur dans le fichier ./CSV3\bulletins\bulletins_propres\table_page_259.csv: En-tête 'Base' introuvable.
Erreur dans le fichier ./CSV3\bulletins\bulletins_propres\table_page_259.csv: En-tête '7T05Base' introuvable.
Erreur dans le fichier ./CSV3\bulletins\bulletins_propres\table_page_259.csv: En-tête '7T10Base' introuvable.
Erreur dans le fichier ./CSV3\bulletins\bulletins_propres\table_page_259.csv: En-tête '7T15Base' introuvable.
Erreur dans le fichier ./CSV3\bulletins\bulletins_propres\table_page_259.csv: En-tête '7T20Base' introuvable.
Erreur dans le fichier ./CSV3\bulletins\bulletins_propres\table_page_259.csv: En-tête '6082Base' introuvable.
Erreur dans le fichier ./CSV3\bulletins\bulletins_propres\table_page_259.csv: En-tête '6094Base' introuvable.
Erreur dans le fichier ./CSV3\bulletins\bulletins_propres\table_page_259.csv: En-tête 'Total Charges Ded.Base' introuvable.
Erreur dans le fichier ./CSV3\bulletins\bulletins_propres\table_page_259.csv: En-tête '6070Base' introuvable.
Erreur dans le fichier ./CSV3\bulletins\bulletins_propres\table_page_259.csv: En-tête '6074Base' introuvable.
Erreur dans le fichier ./CSV3\bulletins\bulletins_propres\table_page_259.csv: En-tête '6080Base' introuvable.
Erreur dans le fichier ./CSV3\bulletins\bulletins_propres\table_page_259.csv: En-tête '6084Base' introuvable.
Erreur dans le fichier ./CSV3\bulletins\bulletins_propres\table_page_259.csv: En-tête '6092Base' introuvable.
Erreur dans le fichier ./CSV3\bulletins\bulletins_propres\table_page_259.csv: En-tête '6096Base' introuvable.
Erreur dans le fichier ./CSV3\bulletins\bulletins_propres\table_page_259.csv: En-tête 'Total Charges Non Ded.Base' introuvable.
Erreur dans le fichier ./CSV3\bulletins\bulletins_propres\table_page_259.csv: En-tête '8009Base' introuvable.
Erreur dans le fichier ./CSV3\bulletins\bulletins_propres\table_page_259.csv: En-tête '8010Base' introuvable.
Erreur dans le fichier ./CSV3\bulletins\bulletins_propres\table_page_259.csv: En-tête '8007Base' introuvable.
Erreur dans le fichier ./CSV3\bulletins\bulletins_propres\table_page_259.csv: En-tête '8192Base' introuvable.
Erreur dans le fichier ./CSV3\bulletins\bulletins_propres\table_page_259.csv: En-tête '8190Base' introuvable.
Erreur dans le fichier ./CSV3\bulletins\bulletins_propres\table_page_261.csv: En-tête '1001Base' introuvable.
Erreur dans le fichier ./CSV3\bulletins\bulletins_propres\table_page_261.csv: En-tête '2012Base' introuvable.
Erreur dans le fichier ./CSV3\bulletins\bulletins_propres\table_page_261.csv: En-tête 'Base' introuvable.
Erreur dans le fichier ./CSV3\bulletins\bulletins_propres\table_page_261.csv: En-tête '2068Base' introuvable.
Erreur dans le fichier ./CSV3\bulletins\bulletins_propres\table_page_261.csv: En-tête 'Base' introuvable.
Erreur dans le fichier ./CSV3\bulletins\bulletins_propres\table_page_261.csv: En-tête '2262Base' introuvable.
Erreur dans le fichier ./CSV3\bulletins\bulletins_propres\table_page_261.csv: En-tête 'TOTAL BRUTBase' introuvable.
Erreur dans le fichier ./CSV3\bulletins\bulletins_propres\table_page_261.csv: En-tête 'Base' introuvable.
Erreur dans le fichier ./CSV3\bulletins\bulletins_propres\table_page_261.csv: En-tête '7001Base' introuvable.
Erreur dans le fichier ./CSV3\bulletins\bulletins_propres\table_page_261.csv: En-tête '7010Base' introuvable.
Erreur dans le fichier ./CSV3\bulletins\bulletins_propres\table_page_261.csv: En-tête '7015Base' introuvable.
Erreur dans le fichier ./CSV3\bulletins\bulletins_propres\table_page_261.csv: En-tête '7020Base' introuvable.
Erreur dans le fichier ./CSV3\bulletins\bulletins_propres\table_page_261.csv: En-tête '7030Base' introuvable.
Erreur dans le fichier ./CSV3\bulletins\bulletins_propres\table_page_261.csv: En-tête '7035Base' introuvable.
Erreur dans le fichier ./CSV3\bulletins\bulletins_propres\table_page_261.csv: En-tête '7040Base' introuvable.
Erreur dans le fichier ./CSV3\bulletins\bulletins_propres\table_page_261.csv: En-tête '7045Base' introuvable.
Erreur dans le fichier ./CSV3\bulletins\bulletins_propres\table_page_261.csv: En-tête '7050Base' introuvable.
Erreur dans le fichier ./CSV3\bulletins\bulletins_propres\table_page_261.csv: En-tête '7055Base' introuvable.
Erreur dans le fichier ./CSV3\bulletins\bulletins_propres\table_page_261.csv: En-tête 'Base' introuvable.
Erreur dans le fichier ./CSV3\bulletins\bulletins_propres\table_page_261.csv: En-tête '7C00Base' introuvable.
Erreur dans le fichier ./CSV3\bulletins\bulletins_propres\table_page_261.csv: En-tête 'Base' introuvable.
Erreur dans le fichier ./CSV3\bulletins\bulletins_propres\table_page_261.csv: En-tête '7C20Base' introuvable.
Erreur dans le fichier ./CSV3\bulletins\bulletins_propres\table_page_261.csv: En-tête 'Base' introuvable.
Erreur dans le fichier ./CSV3\bulletins\bulletins_propres\table_page_261.csv: En-tête '7M04Base' introuvable.
Erreur dans le fichier ./CSV3\bulletins\bulletins_propres\table_page_261.csv: En-tête 'Base' introuvable.
Erreur dans le fichier ./CSV3\bulletins\bulletins_propres\table_page_261.csv: En-tête '7P20Base' introuvable.
Erreur dans le fichier ./CSV3\bulletins\bulletins_propres\table_page_261.csv: En-tête '7P25Base' introuvable.
Erreur dans le fichier ./CSV3\bulletins\bulletins_propres\table_page_261.csv: En-tête '7R56Base' introuvable.
Erreur dans le fichier ./CSV3\bulletins\bulletins_propres\table_page_261.csv: En-tête '7R63Base' introuvable.
Erreur dans le fichier ./CSV3\bulletins\bulletins_propres\table_page_261.csv: En-tête '7T00Base' introuvable.
Erreur dans le fichier ./CSV3\bulletins\bulletins_propres\table_page_261.csv: En-tête '7T02Base' introuvable.
Erreur dans le fichier ./CSV3\bulletins\bulletins_propres\table_page_261.csv: En-tête '7T05Base' introuvable.
Erreur dans le fichier ./CSV3\bulletins\bulletins_propres\table_page_261.csv: En-tête '7T10Base' introuvable.
Erreur dans le fichier ./CSV3\bulletins\bulletins_propres\table_page_261.csv: En-tête '7T15Base' introuvable.
Erreur dans le fichier ./CSV3\bulletins\bulletins_propres\table_page_261.csv: En-tête '7T20Base' introuvable.
Erreur dans le fichier ./CSV3\bulletins\bulletins_propres\table_page_261.csv: En-tête '6082Base' introuvable.
Erreur dans le fichier ./CSV3\bulletins\bulletins_propres\table_page_261.csv: En-tête 'Base' introuvable.
Erreur dans le fichier ./CSV3\bulletins\bulletins_propres\table_page_261.csv: En-tête '6094Base' introuvable.
Erreur dans le fichier ./CSV3\bulletins\bulletins_propres\table_page_261.csv: En-tête 'Base' introuvable.
Erreur dans le fichier ./CSV3\bulletins\bulletins_propres\table_page_261.csv: En-tête 'Total Charges Ded.Base' introuvable.
Erreur dans le fichier ./CSV3\bulletins\bulletins_propres\table_page_261.csv: En-tête '6080Base' introuvable.
Erreur dans le fichier ./CSV3\bulletins\bulletins_propres\table_page_261.csv: En-tête '6084Base' introuvable.
Erreur dans le fichier ./CSV3\bulletins\bulletins_propres\table_page_261.csv: En-tête '6092Base' introuvable.
Erreur dans le fichier ./CSV3\bulletins\bulletins_propres\table_page_261.csv: En-tête '6096Base' introuvable.
Erreur dans le fichier ./CSV3\bulletins\bulletins_propres\table_page_261.csv: En-tête 'Total Charges Non Ded.Base' introuvable.
Erreur dans le fichier ./CSV3\bulletins\bulletins_propres\table_page_261.csv: En-tête '8009Base' introuvable.
Erreur dans le fichier ./CSV3\bulletins\bulletins_propres\table_page_261.csv: En-tête '8010Base' introuvable.
Erreur dans le fichier ./CSV3\bulletins\bulletins_propres\table_page_261.csv: En-tête '8192Base' introuvable.
Erreur dans le fichier ./CSV3\bulletins\bulletins_propres\table_page_261.csv: En-tête 'Base' introuvable.
Erreur dans le fichier ./CSV3\bulletins\bulletins_propres\table_page_261.csv: En-tête 'Base' introuvable.
Erreur dans le fichier ./CSV3\bulletins\bulletins_propres\table_page_261.csv: En-tête 'Impôt sur le revenuBase' introuvable.
Erreur dans le fichier ./CSV3\bulletins\bulletins_propres\table_page_261.csv: En-tête 'Impôt sur le revenu à la sourceBase' introuvable.
Erreur dans le fichier ./CSV3\bulletins\bulletins_propres\table_page_263.csv: En-tête '1001Base' introuvable.
Erreur dans le fichier ./CSV3\bulletins\bulletins_propres\table_page_263.csv: En-tête '1046Base' introuvable.
Erreur dans le fichier ./CSV3\bulletins\bulletins_propres\table_page_263.csv: En-tête 'Base' introuvable.
Erreur dans le fichier ./CSV3\bulletins\bulletins_propres\table_page_263.csv: En-tête '2012Base' introuvable.
Erreur dans le fichier ./CSV3\bulletins\bulletins_propres\table_page_263.csv: En-tête 'Base' introuvable.
Erreur dans le fichier ./CSV3\bulletins\bulletins_propres\table_page_263.csv: En-tête '2018Base' introuvable.
Erreur dans le fichier ./CSV3\bulletins\bulletins_propres\table_page_263.csv: En-tête '2068Base' introuvable.
Erreur dans le fichier ./CSV3\bulletins\bulletins_propres\table_page_263.csv: En-tête '2078Base' introuvable.
Erreur dans le fichier ./CSV3\bulletins\bulletins_propres\table_page_263.csv: En-tête '2082Base' introuvable.
Erreur dans le fichier ./CSV3\bulletins\bulletins_propres\table_page_263.csv: En-tête '2084Base' introuvable.
Erreur dans le fichier ./CSV3\bulletins\bulletins_propres\table_page_263.csv: En-tête '3460Base' introuvable.
Erreur dans le fichier ./CSV3\bulletins\bulletins_propres\table_page_263.csv: En-tête '3462Base' introuvable.
Erreur dans le fichier ./CSV3\bulletins\bulletins_propres\table_page_263.csv: En-tête 'Base' introuvable.
Erreur dans le fichier ./CSV3\bulletins\bulletins_propres\table_page_263.csv: En-tête 'TOTAL BRUTBase' introuvable.
Erreur dans le fichier ./CSV3\bulletins\bulletins_propres\table_page_263.csv: En-tête '7001Base' introuvable.
Erreur dans le fichier ./CSV3\bulletins\bulletins_propres\table_page_263.csv: En-tête '7010Base' introuvable.
Erreur dans le fichier ./CSV3\bulletins\bulletins_propres\table_page_263.csv: En-tête '7015Base' introuvable.
Erreur dans le fichier ./CSV3\bulletins\bulletins_propres\table_page_263.csv: En-tête '7020Base' introuvable.
Erreur dans le fichier ./CSV3\bulletins\bulletins_propres\table_page_263.csv: En-tête 'Base' introuvable.
Erreur dans le fichier ./CSV3\bulletins\bulletins_propres\table_page_263.csv: En-tête '7030Base' introuvable.
Erreur dans le fichier ./CSV3\bulletins\bulletins_propres\table_page_263.csv: En-tête 'Base' introuvable.
Erreur dans le fichier ./CSV3\bulletins\bulletins_propres\table_page_263.csv: En-tête '7035Base' introuvable.
Erreur dans le fichier ./CSV3\bulletins\bulletins_propres\table_page_263.csv: En-tête 'Base' introuvable.
Erreur dans le fichier ./CSV3\bulletins\bulletins_propres\table_page_263.csv: En-tête '7040Base' introuvable.
Erreur dans le fichier ./CSV3\bulletins\bulletins_propres\table_page_263.csv: En-tête 'Base' introuvable.
Erreur dans le fichier ./CSV3\bulletins\bulletins_propres\table_page_263.csv: En-tête '7045Base' introuvable.
Erreur dans le fichier ./CSV3\bulletins\bulletins_propres\table_page_263.csv: En-tête '7050Base' introuvable.
Erreur dans le fichier ./CSV3\bulletins\bulletins_propres\table_page_263.csv: En-tête '7055Base' introuvable.
Erreur dans le fichier ./CSV3\bulletins\bulletins_propres\table_page_263.csv: En-tête '7C00Base' introuvable.
Erreur dans le fichier ./CSV3\bulletins\bulletins_propres\table_page_263.csv: En-tête '7C20Base' introuvable.
Erreur dans le fichier ./CSV3\bulletins\bulletins_propres\table_page_263.csv: En-tête '7M04Base' introuvable.
Erreur dans le fichier ./CSV3\bulletins\bulletins_propres\table_page_263.csv: En-tête '7P10Base' introuvable.
Erreur dans le fichier ./CSV3\bulletins\bulletins_propres\table_page_263.csv: En-tête '7R56Base' introuvable.
Erreur dans le fichier ./CSV3\bulletins\bulletins_propres\table_page_263.csv: En-tête '7R63Base' introuvable.
Erreur dans le fichier ./CSV3\bulletins\bulletins_propres\table_page_263.csv: En-tête '7T00Base' introuvable.
Erreur dans le fichier ./CSV3\bulletins\bulletins_propres\table_page_263.csv: En-tête '7T02Base' introuvable.
Erreur dans le fichier ./CSV3\bulletins\bulletins_propres\table_page_263.csv: En-tête 'Base' introuvable.
Erreur dans le fichier ./CSV3\bulletins\bulletins_propres\table_page_263.csv: En-tête '7T05Base' introuvable.
Erreur dans le fichier ./CSV3\bulletins\bulletins_propres\table_page_263.csv: En-tête 'Base' introuvable.
Erreur dans le fichier ./CSV3\bulletins\bulletins_propres\table_page_263.csv: En-tête '7T10Base' introuvable.
Erreur dans le fichier ./CSV3\bulletins\bulletins_propres\table_page_263.csv: En-tête '7T15Base' introuvable.
Erreur dans le fichier ./CSV3\bulletins\bulletins_propres\table_page_263.csv: En-tête '7T20Base' introuvable.
Erreur dans le fichier ./CSV3\bulletins\bulletins_propres\table_page_263.csv: En-tête '6082Base' introuvable.
Erreur dans le fichier ./CSV3\bulletins\bulletins_propres\table_page_263.csv: En-tête '6094Base' introuvable.
Erreur dans le fichier ./CSV3\bulletins\bulletins_propres\table_page_263.csv: En-tête 'Total Charges Ded.Base' introuvable.
Erreur dans le fichier ./CSV3\bulletins\bulletins_propres\table_page_263.csv: En-tête '6080Base' introuvable.
Erreur dans le fichier ./CSV3\bulletins\bulletins_propres\table_page_263.csv: En-tête '6084Base' introuvable.
Erreur dans le fichier ./CSV3\bulletins\bulletins_propres\table_page_263.csv: En-tête '6092Base' introuvable.
Erreur dans le fichier ./CSV3\bulletins\bulletins_propres\table_page_263.csv: En-tête '6096Base' introuvable.
Erreur dans le fichier ./CSV3\bulletins\bulletins_propres\table_page_263.csv: En-tête 'Total Charges Non Ded.Base' introuvable.
Erreur dans le fichier ./CSV3\bulletins\bulletins_propres\table_page_263.csv: En-tête '8009Base' introuvable.
Erreur dans le fichier ./CSV3\bulletins\bulletins_propres\table_page_263.csv: En-tête '8010Base' introuvable.
Erreur dans le fichier ./CSV3\bulletins\bulletins_propres\table_page_263.csv: En-tête '8007Base' introuvable.
Erreur dans le fichier ./CSV3\bulletins\bulletins_propres\table_page_263.csv: En-tête 'Base' introuvable.
Erreur dans le fichier ./CSV3\bulletins\bulletins_propres\table_page_263.csv: En-tête 'Base' introuvable.
Erreur dans le fichier ./CSV3\bulletins\bulletins_propres\table_page_263.csv: En-tête 'Impôt sur le revenuBase' introuvable.
Erreur dans le fichier ./CSV3\bulletins\bulletins_propres\table_page_263.csv: En-tête 'Impôt sur le revenu à la sourceBase' introuvable.
Erreur dans le fichier ./CSV3\bulletins\bulletins_propres\table_page_265.csv: En-tête '1001Base' introuvable.
Erreur dans le fichier ./CSV3\bulletins\bulletins_propres\table_page_265.csv: En-tête '1046Base' introuvable.
Erreur dans le fichier ./CSV3\bulletins\bulletins_propres\table_page_265.csv: En-tête 'Base' introuvable.
Erreur dans le fichier ./CSV3\bulletins\bulletins_propres\table_page_265.csv: En-tête '2012Base' introuvable.
Erreur dans le fichier ./CSV3\bulletins\bulletins_propres\table_page_265.csv: En-tête 'Base' introuvable.
Erreur dans le fichier ./CSV3\bulletins\bulletins_propres\table_page_265.csv: En-tête '2068Base' introuvable.
Erreur dans le fichier ./CSV3\bulletins\bulletins_propres\table_page_265.csv: En-tête '2078Base' introuvable.
Erreur dans le fichier ./CSV3\bulletins\bulletins_propres\table_page_265.csv: En-tête '2082Base' introuvable.
Erreur dans le fichier ./CSV3\bulletins\bulletins_propres\table_page_265.csv: En-tête '2084Base' introuvable.
Erreur dans le fichier ./CSV3\bulletins\bulletins_propres\table_page_265.csv: En-tête '2262Base' introuvable.
Erreur dans le fichier ./CSV3\bulletins\bulletins_propres\table_page_265.csv: En-tête '3350Base' introuvable.
Erreur dans le fichier ./CSV3\bulletins\bulletins_propres\table_page_265.csv: En-tête '3355Base' introuvable.
Erreur dans le fichier ./CSV3\bulletins\bulletins_propres\table_page_265.csv: En-tête 'Base' introuvable.
Erreur dans le fichier ./CSV3\bulletins\bulletins_propres\table_page_265.csv: En-tête 'TOTAL BRUTBase' introuvable.
Erreur dans le fichier ./CSV3\bulletins\bulletins_propres\table_page_265.csv: En-tête '7001Base' introuvable.
Erreur dans le fichier ./CSV3\bulletins\bulletins_propres\table_page_265.csv: En-tête '7010Base' introuvable.
Erreur dans le fichier ./CSV3\bulletins\bulletins_propres\table_page_265.csv: En-tête '7015Base' introuvable.
Erreur dans le fichier ./CSV3\bulletins\bulletins_propres\table_page_265.csv: En-tête '7020Base' introuvable.
Erreur dans le fichier ./CSV3\bulletins\bulletins_propres\table_page_265.csv: En-tête 'Base' introuvable.
Erreur dans le fichier ./CSV3\bulletins\bulletins_propres\table_page_265.csv: En-tête '7030Base' introuvable.
Erreur dans le fichier ./CSV3\bulletins\bulletins_propres\table_page_265.csv: En-tête 'Base' introuvable.
Erreur dans le fichier ./CSV3\bulletins\bulletins_propres\table_page_265.csv: En-tête '7035Base' introuvable.
Erreur dans le fichier ./CSV3\bulletins\bulletins_propres\table_page_265.csv: En-tête 'Base' introuvable.
Erreur dans le fichier ./CSV3\bulletins\bulletins_propres\table_page_265.csv: En-tête '7040Base' introuvable.
Erreur dans le fichier ./CSV3\bulletins\bulletins_propres\table_page_265.csv: En-tête 'Base' introuvable.
Erreur dans le fichier ./CSV3\bulletins\bulletins_propres\table_page_265.csv: En-tête '7045Base' introuvable.
Erreur dans le fichier ./CSV3\bulletins\bulletins_propres\table_page_265.csv: En-tête '7050Base' introuvable.
Erreur dans le fichier ./CSV3\bulletins\bulletins_propres\table_page_265.csv: En-tête '7055Base' introuvable.
Erreur dans le fichier ./CSV3\bulletins\bulletins_propres\table_page_265.csv: En-tête '7C00Base' introuvable.
Erreur dans le fichier ./CSV3\bulletins\bulletins_propres\table_page_265.csv: En-tête '7C20Base' introuvable.
Erreur dans le fichier ./CSV3\bulletins\bulletins_propres\table_page_265.csv: En-tête '7M03Base' introuvable.
Erreur dans le fichier ./CSV3\bulletins\bulletins_propres\table_page_265.csv: En-tête '7P10Base' introuvable.
Erreur dans le fichier ./CSV3\bulletins\bulletins_propres\table_page_265.csv: En-tête '7R56Base' introuvable.
Erreur dans le fichier ./CSV3\bulletins\bulletins_propres\table_page_265.csv: En-tête '7R63Base' introuvable.
Erreur dans le fichier ./CSV3\bulletins\bulletins_propres\table_page_265.csv: En-tête '7T00Base' introuvable.
Erreur dans le fichier ./CSV3\bulletins\bulletins_propres\table_page_265.csv: En-tête '7T02Base' introuvable.
Erreur dans le fichier ./CSV3\bulletins\bulletins_propres\table_page_265.csv: En-tête 'Base' introuvable.
Erreur dans le fichier ./CSV3\bulletins\bulletins_propres\table_page_265.csv: En-tête '7T05Base' introuvable.
Erreur dans le fichier ./CSV3\bulletins\bulletins_propres\table_page_265.csv: En-tête 'Base' introuvable.
Erreur dans le fichier ./CSV3\bulletins\bulletins_propres\table_page_265.csv: En-tête '7T10Base' introuvable.
Erreur dans le fichier ./CSV3\bulletins\bulletins_propres\table_page_265.csv: En-tête '7T15Base' introuvable.
Erreur dans le fichier ./CSV3\bulletins\bulletins_propres\table_page_265.csv: En-tête '7T20Base' introuvable.
Erreur dans le fichier ./CSV3\bulletins\bulletins_propres\table_page_265.csv: En-tête '6082Base' introuvable.
Erreur dans le fichier ./CSV3\bulletins\bulletins_propres\table_page_265.csv: En-tête '6094Base' introuvable.
Erreur dans le fichier ./CSV3\bulletins\bulletins_propres\table_page_265.csv: En-tête 'Total Charges Ded.Base' introuvable.
Erreur dans le fichier ./CSV3\bulletins\bulletins_propres\table_page_265.csv: En-tête '6080Base' introuvable.
Erreur dans le fichier ./CSV3\bulletins\bulletins_propres\table_page_265.csv: En-tête '6084Base' introuvable.
Erreur dans le fichier ./CSV3\bulletins\bulletins_propres\table_page_265.csv: En-tête '6092Base' introuvable.
Erreur dans le fichier ./CSV3\bulletins\bulletins_propres\table_page_265.csv: En-tête '6096Base' introuvable.
Erreur dans le fichier ./CSV3\bulletins\bulletins_propres\table_page_265.csv: En-tête 'Total Charges Non Ded.Base' introuvable.
Erreur dans le fichier ./CSV3\bulletins\bulletins_propres\table_page_265.csv: En-tête '8009Base' introuvable.
Erreur dans le fichier ./CSV3\bulletins\bulletins_propres\table_page_265.csv: En-tête '8010Base' introuvable.
Erreur dans le fichier ./CSV3\bulletins\bulletins_propres\table_page_265.csv: En-tête '8007Base' introuvable.
Erreur dans le fichier ./CSV3\bulletins\bulletins_propres\table_page_267.csv: En-tête '1001Base' introuvable.
Erreur dans le fichier ./CSV3\bulletins\bulletins_propres\table_page_267.csv: En-tête '1046Base' introuvable.
Erreur dans le fichier ./CSV3\bulletins\bulletins_propres\table_page_267.csv: En-tête 'Base' introuvable.
Erreur dans le fichier ./CSV3\bulletins\bulletins_propres\table_page_267.csv: En-tête '2012Base' introuvable.
Erreur dans le fichier ./CSV3\bulletins\bulletins_propres\table_page_267.csv: En-tête 'Base' introuvable.
Erreur dans le fichier ./CSV3\bulletins\bulletins_propres\table_page_267.csv: En-tête '2018Base' introuvable.
Erreur dans le fichier ./CSV3\bulletins\bulletins_propres\table_page_267.csv: En-tête '2068Base' introuvable.
Erreur dans le fichier ./CSV3\bulletins\bulletins_propres\table_page_267.csv: En-tête '2078Base' introuvable.
Erreur dans le fichier ./CSV3\bulletins\bulletins_propres\table_page_267.csv: En-tête '3250Base' introuvable.
Erreur dans le fichier ./CSV3\bulletins\bulletins_propres\table_page_267.csv: En-tête '3255Base' introuvable.
Erreur dans le fichier ./CSV3\bulletins\bulletins_propres\table_page_267.csv: En-tête 'Base' introuvable.
Erreur dans le fichier ./CSV3\bulletins\bulletins_propres\table_page_267.csv: En-tête 'TOTAL BRUTBase' introuvable.
Erreur dans le fichier ./CSV3\bulletins\bulletins_propres\table_page_267.csv: En-tête '7001Base' introuvable.
Erreur dans le fichier ./CSV3\bulletins\bulletins_propres\table_page_267.csv: En-tête '7010Base' introuvable.
Erreur dans le fichier ./CSV3\bulletins\bulletins_propres\table_page_267.csv: En-tête '7015Base' introuvable.
Erreur dans le fichier ./CSV3\bulletins\bulletins_propres\table_page_267.csv: En-tête '7020Base' introuvable.
Erreur dans le fichier ./CSV3\bulletins\bulletins_propres\table_page_267.csv: En-tête '7030Base' introuvable.
Erreur dans le fichier ./CSV3\bulletins\bulletins_propres\table_page_267.csv: En-tête '7035Base' introuvable.
Erreur dans le fichier ./CSV3\bulletins\bulletins_propres\table_page_267.csv: En-tête 'Base' introuvable.
Erreur dans le fichier ./CSV3\bulletins\bulletins_propres\table_page_267.csv: En-tête '7040Base' introuvable.
Erreur dans le fichier ./CSV3\bulletins\bulletins_propres\table_page_267.csv: En-tête 'Base' introuvable.
Erreur dans le fichier ./CSV3\bulletins\bulletins_propres\table_page_267.csv: En-tête '7045Base' introuvable.
Erreur dans le fichier ./CSV3\bulletins\bulletins_propres\table_page_267.csv: En-tête 'Base' introuvable.
Erreur dans le fichier ./CSV3\bulletins\bulletins_propres\table_page_267.csv: En-tête '7050Base' introuvable.
Erreur dans le fichier ./CSV3\bulletins\bulletins_propres\table_page_267.csv: En-tête 'Base' introuvable.
Erreur dans le fichier ./CSV3\bulletins\bulletins_propres\table_page_267.csv: En-tête '7055Base' introuvable.
Erreur dans le fichier ./CSV3\bulletins\bulletins_propres\table_page_267.csv: En-tête '7C00Base' introuvable.
Erreur dans le fichier ./CSV3\bulletins\bulletins_propres\table_page_267.csv: En-tête '7C20Base' introuvable.
Erreur dans le fichier ./CSV3\bulletins\bulletins_propres\table_page_267.csv: En-tête '7M04Base' introuvable.
Erreur dans le fichier ./CSV3\bulletins\bulletins_propres\table_page_267.csv: En-tête '7P10Base' introuvable.
Erreur dans le fichier ./CSV3\bulletins\bulletins_propres\table_page_267.csv: En-tête '7R56Base' introuvable.
Erreur dans le fichier ./CSV3\bulletins\bulletins_propres\table_page_267.csv: En-tête '7R63Base' introuvable.
Erreur dans le fichier ./CSV3\bulletins\bulletins_propres\table_page_267.csv: En-tête '7T00Base' introuvable.
Erreur dans le fichier ./CSV3\bulletins\bulletins_propres\table_page_267.csv: En-tête '7T02Base' introuvable.
Erreur dans le fichier ./CSV3\bulletins\bulletins_propres\table_page_267.csv: En-tête '7T05Base' introuvable.
Erreur dans le fichier ./CSV3\bulletins\bulletins_propres\table_page_267.csv: En-tête '7T10Base' introuvable.
Erreur dans le fichier ./CSV3\bulletins\bulletins_propres\table_page_267.csv: En-tête 'Base' introuvable.
Erreur dans le fichier ./CSV3\bulletins\bulletins_propres\table_page_267.csv: En-tête '7T15Base' introuvable.
Erreur dans le fichier ./CSV3\bulletins\bulletins_propres\table_page_267.csv: En-tête 'Base' introuvable.
Erreur dans le fichier ./CSV3\bulletins\bulletins_propres\table_page_267.csv: En-tête '7T20Base' introuvable.
Erreur dans le fichier ./CSV3\bulletins\bulletins_propres\table_page_267.csv: En-tête '6082Base' introuvable.
Erreur dans le fichier ./CSV3\bulletins\bulletins_propres\table_page_267.csv: En-tête '6094Base' introuvable.
Erreur dans le fichier ./CSV3\bulletins\bulletins_propres\table_page_267.csv: En-tête 'Total Charges Ded.Base' introuvable.
Erreur dans le fichier ./CSV3\bulletins\bulletins_propres\table_page_267.csv: En-tête '6080Base' introuvable.
Erreur dans le fichier ./CSV3\bulletins\bulletins_propres\table_page_267.csv: En-tête '6084Base' introuvable.
Erreur dans le fichier ./CSV3\bulletins\bulletins_propres\table_page_267.csv: En-tête '6092Base' introuvable.
Erreur dans le fichier ./CSV3\bulletins\bulletins_propres\table_page_267.csv: En-tête '6096Base' introuvable.
Erreur dans le fichier ./CSV3\bulletins\bulletins_propres\table_page_267.csv: En-tête 'Total Charges Non Ded.Base' introuvable.
Erreur dans le fichier ./CSV3\bulletins\bulletins_propres\table_page_267.csv: En-tête '8009Base' introuvable.
Erreur dans le fichier ./CSV3\bulletins\bulletins_propres\table_page_267.csv: En-tête '8010Base' introuvable.
Erreur dans le fichier ./CSV3\bulletins\bulletins_propres\table_page_267.csv: En-tête '8007Base' introuvable.
Erreur dans le fichier ./CSV3\bulletins\bulletins_propres\table_page_267.csv: En-tête '8020Base' introuvable.
Erreur dans le fichier ./CSV3\bulletins\bulletins_propres\table_page_267.csv: En-tête 'Base' introuvable.
Erreur dans le fichier ./CSV3\bulletins\bulletins_propres\table_page_267.csv: En-tête 'Base' introuvable.
Erreur dans le fichier ./CSV3\bulletins\bulletins_propres\table_page_267.csv: En-tête 'Impôt sur le revenuBase' introuvable.
Erreur dans le fichier ./CSV3\bulletins\bulletins_propres\table_page_267.csv: En-tête 'Impôt sur le revenu à la sourceBase' introuvable.
Erreur dans le fichier ./CSV3\bulletins\bulletins_propres\table_page_269.csv: En-tête '1001Base' introuvable.
Erreur dans le fichier ./CSV3\bulletins\bulletins_propres\table_page_269.csv: En-tête '2012Base' introuvable.
Erreur dans le fichier ./CSV3\bulletins\bulletins_propres\table_page_269.csv: En-tête 'Base' introuvable.
Erreur dans le fichier ./CSV3\bulletins\bulletins_propres\table_page_269.csv: En-tête '2018Base' introuvable.
Erreur dans le fichier ./CSV3\bulletins\bulletins_propres\table_page_269.csv: En-tête 'Base' introuvable.
Erreur dans le fichier ./CSV3\bulletins\bulletins_propres\table_page_269.csv: En-tête '2068Base' introuvable.
Erreur dans le fichier ./CSV3\bulletins\bulletins_propres\table_page_269.csv: En-tête '2078Base' introuvable.
Erreur dans le fichier ./CSV3\bulletins\bulletins_propres\table_page_269.csv: En-tête '2262Base' introuvable.
Erreur dans le fichier ./CSV3\bulletins\bulletins_propres\table_page_269.csv: En-tête 'Base' introuvable.
Erreur dans le fichier ./CSV3\bulletins\bulletins_propres\table_page_269.csv: En-tête 'TOTAL BRUTBase' introuvable.
Erreur dans le fichier ./CSV3\bulletins\bulletins_propres\table_page_269.csv: En-tête '7001Base' introuvable.
Erreur dans le fichier ./CSV3\bulletins\bulletins_propres\table_page_269.csv: En-tête '7010Base' introuvable.
Erreur dans le fichier ./CSV3\bulletins\bulletins_propres\table_page_269.csv: En-tête '7015Base' introuvable.
Erreur dans le fichier ./CSV3\bulletins\bulletins_propres\table_page_269.csv: En-tête '7020Base' introuvable.
Erreur dans le fichier ./CSV3\bulletins\bulletins_propres\table_page_269.csv: En-tête '7030Base' introuvable.
Erreur dans le fichier ./CSV3\bulletins\bulletins_propres\table_page_269.csv: En-tête '7035Base' introuvable.
Erreur dans le fichier ./CSV3\bulletins\bulletins_propres\table_page_269.csv: En-tête '7040Base' introuvable.
Erreur dans le fichier ./CSV3\bulletins\bulletins_propres\table_page_269.csv: En-tête '7045Base' introuvable.
Erreur dans le fichier ./CSV3\bulletins\bulletins_propres\table_page_269.csv: En-tête 'Base' introuvable.
Erreur dans le fichier ./CSV3\bulletins\bulletins_propres\table_page_269.csv: En-tête '7050Base' introuvable.
Erreur dans le fichier ./CSV3\bulletins\bulletins_propres\table_page_269.csv: En-tête 'Base' introuvable.
Erreur dans le fichier ./CSV3\bulletins\bulletins_propres\table_page_269.csv: En-tête '7055Base' introuvable.
Erreur dans le fichier ./CSV3\bulletins\bulletins_propres\table_page_269.csv: En-tête 'Base' introuvable.
Erreur dans le fichier ./CSV3\bulletins\bulletins_propres\table_page_269.csv: En-tête '7C00Base' introuvable.
Erreur dans le fichier ./CSV3\bulletins\bulletins_propres\table_page_269.csv: En-tête 'Base' introuvable.
Erreur dans le fichier ./CSV3\bulletins\bulletins_propres\table_page_269.csv: En-tête '7C20Base' introuvable.
Erreur dans le fichier ./CSV3\bulletins\bulletins_propres\table_page_269.csv: En-tête '7P20Base' introuvable.
Erreur dans le fichier ./CSV3\bulletins\bulletins_propres\table_page_269.csv: En-tête '7R56Base' introuvable.
Erreur dans le fichier ./CSV3\bulletins\bulletins_propres\table_page_269.csv: En-tête '7R63Base' introuvable.
Erreur dans le fichier ./CSV3\bulletins\bulletins_propres\table_page_269.csv: En-tête '7T00Base' introuvable.
Erreur dans le fichier ./CSV3\bulletins\bulletins_propres\table_page_269.csv: En-tête '7T02Base' introuvable.
Erreur dans le fichier ./CSV3\bulletins\bulletins_propres\table_page_269.csv: En-tête '7T05Base' introuvable.
Erreur dans le fichier ./CSV3\bulletins\bulletins_propres\table_page_269.csv: En-tête '7T10Base' introuvable.
Erreur dans le fichier ./CSV3\bulletins\bulletins_propres\table_page_269.csv: En-tête '7T15Base' introuvable.
Erreur dans le fichier ./CSV3\bulletins\bulletins_propres\table_page_269.csv: En-tête '7T20Base' introuvable.
Erreur dans le fichier ./CSV3\bulletins\bulletins_propres\table_page_269.csv: En-tête '6082Base' introuvable.
Erreur dans le fichier ./CSV3\bulletins\bulletins_propres\table_page_269.csv: En-tête 'Base' introuvable.
Erreur dans le fichier ./CSV3\bulletins\bulletins_propres\table_page_269.csv: En-tête '6094Base' introuvable.
Erreur dans le fichier ./CSV3\bulletins\bulletins_propres\table_page_269.csv: En-tête 'Total Charges Ded.Base' introuvable.
Erreur dans le fichier ./CSV3\bulletins\bulletins_propres\table_page_269.csv: En-tête '6080Base' introuvable.
Erreur dans le fichier ./CSV3\bulletins\bulletins_propres\table_page_269.csv: En-tête '6084Base' introuvable.
Erreur dans le fichier ./CSV3\bulletins\bulletins_propres\table_page_269.csv: En-tête '6092Base' introuvable.
Erreur dans le fichier ./CSV3\bulletins\bulletins_propres\table_page_269.csv: En-tête '6096Base' introuvable.
Erreur dans le fichier ./CSV3\bulletins\bulletins_propres\table_page_269.csv: En-tête 'Total Charges Non Ded.Base' introuvable.
Erreur dans le fichier ./CSV3\bulletins\bulletins_propres\table_page_269.csv: En-tête '8009Base' introuvable.
Erreur dans le fichier ./CSV3\bulletins\bulletins_propres\table_page_269.csv: En-tête '8010Base' introuvable.
Erreur dans le fichier ./CSV3\bulletins\bulletins_propres\table_page_269.csv: En-tête '8007Base' introuvable.
Erreur dans le fichier ./CSV3\bulletins\bulletins_propres\table_page_269.csv: En-tête '8192Base' introuvable.
Erreur dans le fichier ./CSV3\bulletins\bulletins_propres\table_page_269.csv: En-tête 'Base' introuvable.
Erreur dans le fichier ./CSV3\bulletins\bulletins_propres\table_page_269.csv: En-tête 'Base' introuvable.
Erreur dans le fichier ./CSV3\bulletins\bulletins_propres\table_page_269.csv: En-tête 'Impôt sur le revenuBase' introuvable.
Erreur dans le fichier ./CSV3\bulletins\bulletins_propres\table_page_269.csv: En-tête 'Impôt sur le revenu à la sourceBase' introuvable.
Erreur dans le fichier ./CSV3\bulletins\bulletins_propres\table_page_27.csv: En-tête '1001Base' introuvable.
Erreur dans le fichier ./CSV3\bulletins\bulletins_propres\table_page_27.csv: En-tête '2012Base' introuvable.
Erreur dans le fichier ./CSV3\bulletins\bulletins_propres\table_page_27.csv: En-tête 'Base' introuvable.
Erreur dans le fichier ./CSV3\bulletins\bulletins_propres\table_page_27.csv: En-tête '2018Base' introuvable.
Erreur dans le fichier ./CSV3\bulletins\bulletins_propres\table_page_27.csv: En-tête 'Base' introuvable.
Erreur dans le fichier ./CSV3\bulletins\bulletins_propres\table_page_27.csv: En-tête '2068Base' introuvable.
Erreur dans le fichier ./CSV3\bulletins\bulletins_propres\table_page_27.csv: En-tête '2078Base' introuvable.
Erreur dans le fichier ./CSV3\bulletins\bulletins_propres\table_page_27.csv: En-tête '3002Base' introuvable.
Erreur dans le fichier ./CSV3\bulletins\bulletins_propres\table_page_27.csv: En-tête 'Base' introuvable.
Erreur dans le fichier ./CSV3\bulletins\bulletins_propres\table_page_27.csv: En-tête 'TOTAL BRUTBase' introuvable.
Erreur dans le fichier ./CSV3\bulletins\bulletins_propres\table_page_27.csv: En-tête '7001Base' introuvable.
Erreur dans le fichier ./CSV3\bulletins\bulletins_propres\table_page_27.csv: En-tête '7010Base' introuvable.
Erreur dans le fichier ./CSV3\bulletins\bulletins_propres\table_page_27.csv: En-tête '7015Base' introuvable.
Erreur dans le fichier ./CSV3\bulletins\bulletins_propres\table_page_27.csv: En-tête '7020Base' introuvable.
Erreur dans le fichier ./CSV3\bulletins\bulletins_propres\table_page_27.csv: En-tête '7030Base' introuvable.
Erreur dans le fichier ./CSV3\bulletins\bulletins_propres\table_page_27.csv: En-tête '7035Base' introuvable.
Erreur dans le fichier ./CSV3\bulletins\bulletins_propres\table_page_27.csv: En-tête '7040Base' introuvable.
Erreur dans le fichier ./CSV3\bulletins\bulletins_propres\table_page_27.csv: En-tête '7045Base' introuvable.
Erreur dans le fichier ./CSV3\bulletins\bulletins_propres\table_page_27.csv: En-tête 'Base' introuvable.
Erreur dans le fichier ./CSV3\bulletins\bulletins_propres\table_page_27.csv: En-tête '7050Base' introuvable.
Erreur dans le fichier ./CSV3\bulletins\bulletins_propres\table_page_27.csv: En-tête 'Base' introuvable.
Erreur dans le fichier ./CSV3\bulletins\bulletins_propres\table_page_27.csv: En-tête '7055Base' introuvable.
Erreur dans le fichier ./CSV3\bulletins\bulletins_propres\table_page_27.csv: En-tête 'Base' introuvable.
Erreur dans le fichier ./CSV3\bulletins\bulletins_propres\table_page_27.csv: En-tête '7C00Base' introuvable.
Erreur dans le fichier ./CSV3\bulletins\bulletins_propres\table_page_27.csv: En-tête 'Base' introuvable.
Erreur dans le fichier ./CSV3\bulletins\bulletins_propres\table_page_27.csv: En-tête '7C20Base' introuvable.
Erreur dans le fichier ./CSV3\bulletins\bulletins_propres\table_page_27.csv: En-tête '7M04Base' introuvable.
Erreur dans le fichier ./CSV3\bulletins\bulletins_propres\table_page_27.csv: En-tête '7P10Base' introuvable.
Erreur dans le fichier ./CSV3\bulletins\bulletins_propres\table_page_27.csv: En-tête '7R56Base' introuvable.
Erreur dans le fichier ./CSV3\bulletins\bulletins_propres\table_page_27.csv: En-tête '7R63Base' introuvable.
Erreur dans le fichier ./CSV3\bulletins\bulletins_propres\table_page_27.csv: En-tête '7T00Base' introuvable.
Erreur dans le fichier ./CSV3\bulletins\bulletins_propres\table_page_27.csv: En-tête '7T02Base' introuvable.
Erreur dans le fichier ./CSV3\bulletins\bulletins_propres\table_page_27.csv: En-tête '7T05Base' introuvable.
Erreur dans le fichier ./CSV3\bulletins\bulletins_propres\table_page_27.csv: En-tête '7T10Base' introuvable.
Erreur dans le fichier ./CSV3\bulletins\bulletins_propres\table_page_27.csv: En-tête '7T15Base' introuvable.
Erreur dans le fichier ./CSV3\bulletins\bulletins_propres\table_page_27.csv: En-tête '7T20Base' introuvable.
Erreur dans le fichier ./CSV3\bulletins\bulletins_propres\table_page_27.csv: En-tête 'Base' introuvable.
Erreur dans le fichier ./CSV3\bulletins\bulletins_propres\table_page_27.csv: En-tête '6082Base' introuvable.
Erreur dans le fichier ./CSV3\bulletins\bulletins_propres\table_page_27.csv: En-tête '6094Base' introuvable.
Erreur dans le fichier ./CSV3\bulletins\bulletins_propres\table_page_27.csv: En-tête 'Total Charges Ded.Base' introuvable.
Erreur dans le fichier ./CSV3\bulletins\bulletins_propres\table_page_27.csv: En-tête '6080Base' introuvable.
Erreur dans le fichier ./CSV3\bulletins\bulletins_propres\table_page_27.csv: En-tête '6084Base' introuvable.
Erreur dans le fichier ./CSV3\bulletins\bulletins_propres\table_page_27.csv: En-tête '6092Base' introuvable.
Erreur dans le fichier ./CSV3\bulletins\bulletins_propres\table_page_27.csv: En-tête '6096Base' introuvable.
Erreur dans le fichier ./CSV3\bulletins\bulletins_propres\table_page_27.csv: En-tête 'Total Charges Non Ded.Base' introuvable.
Erreur dans le fichier ./CSV3\bulletins\bulletins_propres\table_page_27.csv: En-tête '8009Base' introuvable.
Erreur dans le fichier ./CSV3\bulletins\bulletins_propres\table_page_27.csv: En-tête '8010Base' introuvable.
Erreur dans le fichier ./CSV3\bulletins\bulletins_propres\table_page_27.csv: En-tête '8017Base' introuvable.
Erreur dans le fichier ./CSV3\bulletins\bulletins_propres\table_page_27.csv: En-tête 'Base' introuvable.
Erreur dans le fichier ./CSV3\bulletins\bulletins_propres\table_page_27.csv: En-tête 'Base' introuvable.
Erreur dans le fichier ./CSV3\bulletins\bulletins_propres\table_page_27.csv: En-tête 'Impôt sur le revenuBase' introuvable.
Erreur dans le fichier ./CSV3\bulletins\bulletins_propres\table_page_27.csv: En-tête 'Impôt sur le revenu à la sourceBase' introuvable.
Erreur dans le fichier ./CSV3\bulletins\bulletins_propres\table_page_271.csv: En-tête '1001Base' introuvable.
Erreur dans le fichier ./CSV3\bulletins\bulletins_propres\table_page_271.csv: En-tête '1046Base' introuvable.
Erreur dans le fichier ./CSV3\bulletins\bulletins_propres\table_page_271.csv: En-tête 'Base' introuvable.
Erreur dans le fichier ./CSV3\bulletins\bulletins_propres\table_page_271.csv: En-tête '2012Base' introuvable.
Erreur dans le fichier ./CSV3\bulletins\bulletins_propres\table_page_271.csv: En-tête 'Base' introuvable.
Erreur dans le fichier ./CSV3\bulletins\bulletins_propres\table_page_271.csv: En-tête '2016Base' introuvable.
Erreur dans le fichier ./CSV3\bulletins\bulletins_propres\table_page_271.csv: En-tête '2050Base' introuvable.
Erreur dans le fichier ./CSV3\bulletins\bulletins_propres\table_page_271.csv: En-tête '2068Base' introuvable.
Erreur dans le fichier ./CSV3\bulletins\bulletins_propres\table_page_271.csv: En-tête '2078Base' introuvable.
Erreur dans le fichier ./CSV3\bulletins\bulletins_propres\table_page_271.csv: En-tête '2091Base' introuvable.
Erreur dans le fichier ./CSV3\bulletins\bulletins_propres\table_page_271.csv: En-tête '3006Base' introuvable.
Erreur dans le fichier ./CSV3\bulletins\bulletins_propres\table_page_271.csv: En-tête 'Base' introuvable.
Erreur dans le fichier ./CSV3\bulletins\bulletins_propres\table_page_271.csv: En-tête 'TOTAL BRUTBase' introuvable.
Erreur dans le fichier ./CSV3\bulletins\bulletins_propres\table_page_271.csv: En-tête '6S89Base' introuvable.
Erreur dans le fichier ./CSV3\bulletins\bulletins_propres\table_page_271.csv: En-tête '7001Base' introuvable.
Erreur dans le fichier ./CSV3\bulletins\bulletins_propres\table_page_271.csv: En-tête '7010Base' introuvable.
Erreur dans le fichier ./CSV3\bulletins\bulletins_propres\table_page_271.csv: En-tête '7015Base' introuvable.
Erreur dans le fichier ./CSV3\bulletins\bulletins_propres\table_page_271.csv: En-tête '7020Base' introuvable.
Erreur dans le fichier ./CSV3\bulletins\bulletins_propres\table_page_271.csv: En-tête 'Base' introuvable.
Erreur dans le fichier ./CSV3\bulletins\bulletins_propres\table_page_271.csv: En-tête '7030Base' introuvable.
Erreur dans le fichier ./CSV3\bulletins\bulletins_propres\table_page_271.csv: En-tête 'Base' introuvable.
Erreur dans le fichier ./CSV3\bulletins\bulletins_propres\table_page_271.csv: En-tête '7035Base' introuvable.
Erreur dans le fichier ./CSV3\bulletins\bulletins_propres\table_page_271.csv: En-tête 'Base' introuvable.
Erreur dans le fichier ./CSV3\bulletins\bulletins_propres\table_page_271.csv: En-tête '7040Base' introuvable.
Erreur dans le fichier ./CSV3\bulletins\bulletins_propres\table_page_271.csv: En-tête 'Base' introuvable.
Erreur dans le fichier ./CSV3\bulletins\bulletins_propres\table_page_271.csv: En-tête '7045Base' introuvable.
Erreur dans le fichier ./CSV3\bulletins\bulletins_propres\table_page_271.csv: En-tête '7050Base' introuvable.
Erreur dans le fichier ./CSV3\bulletins\bulletins_propres\table_page_271.csv: En-tête '7055Base' introuvable.
Erreur dans le fichier ./CSV3\bulletins\bulletins_propres\table_page_271.csv: En-tête '7C00Base' introuvable.
Erreur dans le fichier ./CSV3\bulletins\bulletins_propres\table_page_271.csv: En-tête '7C20Base' introuvable.
Erreur dans le fichier ./CSV3\bulletins\bulletins_propres\table_page_271.csv: En-tête '7P10Base' introuvable.
Erreur dans le fichier ./CSV3\bulletins\bulletins_propres\table_page_271.csv: En-tête '7R56Base' introuvable.
Erreur dans le fichier ./CSV3\bulletins\bulletins_propres\table_page_271.csv: En-tête '7R63Base' introuvable.
Erreur dans le fichier ./CSV3\bulletins\bulletins_propres\table_page_271.csv: En-tête '7T00Base' introuvable.
Erreur dans le fichier ./CSV3\bulletins\bulletins_propres\table_page_271.csv: En-tête '7T02Base' introuvable.
Erreur dans le fichier ./CSV3\bulletins\bulletins_propres\table_page_271.csv: En-tête '7T05Base' introuvable.
Erreur dans le fichier ./CSV3\bulletins\bulletins_propres\table_page_271.csv: En-tête 'Base' introuvable.
Erreur dans le fichier ./CSV3\bulletins\bulletins_propres\table_page_271.csv: En-tête '7T10Base' introuvable.
Erreur dans le fichier ./CSV3\bulletins\bulletins_propres\table_page_271.csv: En-tête '7T15Base' introuvable.
Erreur dans le fichier ./CSV3\bulletins\bulletins_propres\table_page_271.csv: En-tête '7T20Base' introuvable.
Erreur dans le fichier ./CSV3\bulletins\bulletins_propres\table_page_271.csv: En-tête '6082Base' introuvable.
Erreur dans le fichier ./CSV3\bulletins\bulletins_propres\table_page_271.csv: En-tête '6094Base' introuvable.
Erreur dans le fichier ./CSV3\bulletins\bulletins_propres\table_page_271.csv: En-tête 'Total Charges Ded.Base' introuvable.
Erreur dans le fichier ./CSV3\bulletins\bulletins_propres\table_page_271.csv: En-tête '6070Base' introuvable.
Erreur dans le fichier ./CSV3\bulletins\bulletins_propres\table_page_271.csv: En-tête '6074Base' introuvable.
Erreur dans le fichier ./CSV3\bulletins\bulletins_propres\table_page_271.csv: En-tête '6080Base' introuvable.
Erreur dans le fichier ./CSV3\bulletins\bulletins_propres\table_page_271.csv: En-tête '6084Base' introuvable.
Erreur dans le fichier ./CSV3\bulletins\bulletins_propres\table_page_271.csv: En-tête '6092Base' introuvable.
Erreur dans le fichier ./CSV3\bulletins\bulletins_propres\table_page_271.csv: En-tête '6096Base' introuvable.
Erreur dans le fichier ./CSV3\bulletins\bulletins_propres\table_page_271.csv: En-tête 'Total Charges Non Ded.Base' introuvable.
Erreur dans le fichier ./CSV3\bulletins\bulletins_propres\table_page_271.csv: En-tête '8009Base' introuvable.
Erreur dans le fichier ./CSV3\bulletins\bulletins_propres\table_page_271.csv: En-tête '8010Base' introuvable.
Erreur dans le fichier ./CSV3\bulletins\bulletins_propres\table_page_271.csv: En-tête '8020Base' introuvable.
Erreur dans le fichier ./CSV3\bulletins\bulletins_propres\table_page_271.csv: En-tête '8192Base' introuvable.
Erreur dans le fichier ./CSV3\bulletins\bulletins_propres\table_page_271.csv: En-tête '8190Base' introuvable.
Erreur dans le fichier ./CSV3\bulletins\bulletins_propres\table_page_273.csv: En-tête '1001Base' introuvable.
Erreur dans le fichier ./CSV3\bulletins\bulletins_propres\table_page_273.csv: En-tête '1046Base' introuvable.
Erreur dans le fichier ./CSV3\bulletins\bulletins_propres\table_page_273.csv: En-tête 'Base' introuvable.
Erreur dans le fichier ./CSV3\bulletins\bulletins_propres\table_page_273.csv: En-tête '2012Base' introuvable.
Erreur dans le fichier ./CSV3\bulletins\bulletins_propres\table_page_273.csv: En-tête 'Base' introuvable.
Erreur dans le fichier ./CSV3\bulletins\bulletins_propres\table_page_273.csv: En-tête '2016Base' introuvable.
Erreur dans le fichier ./CSV3\bulletins\bulletins_propres\table_page_273.csv: En-tête '2050Base' introuvable.
Erreur dans le fichier ./CSV3\bulletins\bulletins_propres\table_page_273.csv: En-tête '2068Base' introuvable.
Erreur dans le fichier ./CSV3\bulletins\bulletins_propres\table_page_273.csv: En-tête '2078Base' introuvable.
Erreur dans le fichier ./CSV3\bulletins\bulletins_propres\table_page_273.csv: En-tête '3270Base' introuvable.
Erreur dans le fichier ./CSV3\bulletins\bulletins_propres\table_page_273.csv: En-tête '3275Base' introuvable.
Erreur dans le fichier ./CSV3\bulletins\bulletins_propres\table_page_273.csv: En-tête '3B80Base' introuvable.
Erreur dans le fichier ./CSV3\bulletins\bulletins_propres\table_page_273.csv: En-tête '3B82Base' introuvable.
Erreur dans le fichier ./CSV3\bulletins\bulletins_propres\table_page_273.csv: En-tête 'Base' introuvable.
Erreur dans le fichier ./CSV3\bulletins\bulletins_propres\table_page_273.csv: En-tête 'TOTAL BRUTBase' introuvable.
Erreur dans le fichier ./CSV3\bulletins\bulletins_propres\table_page_273.csv: En-tête '60F2Base' introuvable.
Erreur dans le fichier ./CSV3\bulletins\bulletins_propres\table_page_273.csv: En-tête '7001Base' introuvable.
Erreur dans le fichier ./CSV3\bulletins\bulletins_propres\table_page_273.csv: En-tête '7010Base' introuvable.
Erreur dans le fichier ./CSV3\bulletins\bulletins_propres\table_page_273.csv: En-tête 'Base' introuvable.
Erreur dans le fichier ./CSV3\bulletins\bulletins_propres\table_page_273.csv: En-tête '7015Base' introuvable.
Erreur dans le fichier ./CSV3\bulletins\bulletins_propres\table_page_273.csv: En-tête 'Base' introuvable.
Erreur dans le fichier ./CSV3\bulletins\bulletins_propres\table_page_273.csv: En-tête '7020Base' introuvable.
Erreur dans le fichier ./CSV3\bulletins\bulletins_propres\table_page_273.csv: En-tête 'Base' introuvable.
Erreur dans le fichier ./CSV3\bulletins\bulletins_propres\table_page_273.csv: En-tête '7030Base' introuvable.
Erreur dans le fichier ./CSV3\bulletins\bulletins_propres\table_page_273.csv: En-tête 'Base' introuvable.
Erreur dans le fichier ./CSV3\bulletins\bulletins_propres\table_page_273.csv: En-tête '7035Base' introuvable.
Erreur dans le fichier ./CSV3\bulletins\bulletins_propres\table_page_273.csv: En-tête '7040Base' introuvable.
Erreur dans le fichier ./CSV3\bulletins\bulletins_propres\table_page_273.csv: En-tête '7045Base' introuvable.
Erreur dans le fichier ./CSV3\bulletins\bulletins_propres\table_page_273.csv: En-tête '7050Base' introuvable.
Erreur dans le fichier ./CSV3\bulletins\bulletins_propres\table_page_273.csv: En-tête '7055Base' introuvable.
Erreur dans le fichier ./CSV3\bulletins\bulletins_propres\table_page_273.csv: En-tête '7C00Base' introuvable.
Erreur dans le fichier ./CSV3\bulletins\bulletins_propres\table_page_273.csv: En-tête '7C20Base' introuvable.
Erreur dans le fichier ./CSV3\bulletins\bulletins_propres\table_page_273.csv: En-tête '7M03Base' introuvable.
Erreur dans le fichier ./CSV3\bulletins\bulletins_propres\table_page_273.csv: En-tête '7P10Base' introuvable.
Erreur dans le fichier ./CSV3\bulletins\bulletins_propres\table_page_273.csv: En-tête '7R56Base' introuvable.
Erreur dans le fichier ./CSV3\bulletins\bulletins_propres\table_page_273.csv: En-tête '7R63Base' introuvable.
Erreur dans le fichier ./CSV3\bulletins\bulletins_propres\table_page_273.csv: En-tête 'Base' introuvable.
Erreur dans le fichier ./CSV3\bulletins\bulletins_propres\table_page_273.csv: En-tête '7T00Base' introuvable.
Erreur dans le fichier ./CSV3\bulletins\bulletins_propres\table_page_273.csv: En-tête 'Base' introuvable.
Erreur dans le fichier ./CSV3\bulletins\bulletins_propres\table_page_273.csv: En-tête '7T02Base' introuvable.
Erreur dans le fichier ./CSV3\bulletins\bulletins_propres\table_page_273.csv: En-tête '7T05Base' introuvable.
Erreur dans le fichier ./CSV3\bulletins\bulletins_propres\table_page_273.csv: En-tête '7T10Base' introuvable.
Erreur dans le fichier ./CSV3\bulletins\bulletins_propres\table_page_273.csv: En-tête '7T15Base' introuvable.
Erreur dans le fichier ./CSV3\bulletins\bulletins_propres\table_page_273.csv: En-tête '7T20Base' introuvable.
Erreur dans le fichier ./CSV3\bulletins\bulletins_propres\table_page_273.csv: En-tête '6082Base' introuvable.
Erreur dans le fichier ./CSV3\bulletins\bulletins_propres\table_page_273.csv: En-tête '6094Base' introuvable.
Erreur dans le fichier ./CSV3\bulletins\bulletins_propres\table_page_273.csv: En-tête 'Total Charges Ded.Base' introuvable.
Erreur dans le fichier ./CSV3\bulletins\bulletins_propres\table_page_273.csv: En-tête '6080Base' introuvable.
Erreur dans le fichier ./CSV3\bulletins\bulletins_propres\table_page_273.csv: En-tête '6084Base' introuvable.
Erreur dans le fichier ./CSV3\bulletins\bulletins_propres\table_page_273.csv: En-tête '6092Base' introuvable.
Erreur dans le fichier ./CSV3\bulletins\bulletins_propres\table_page_273.csv: En-tête '6096Base' introuvable.
Erreur dans le fichier ./CSV3\bulletins\bulletins_propres\table_page_273.csv: En-tête '60F1Base' introuvable.
Erreur dans le fichier ./CSV3\bulletins\bulletins_propres\table_page_273.csv: En-tête '60F3Base' introuvable.
Erreur dans le fichier ./CSV3\bulletins\bulletins_propres\table_page_273.csv: En-tête '60F4Base' introuvable.
Erreur dans le fichier ./CSV3\bulletins\bulletins_propres\table_page_273.csv: En-tête '60F8Base' introuvable.
Erreur dans le fichier ./CSV3\bulletins\bulletins_propres\table_page_273.csv: En-tête '60F9Base' introuvable.
Erreur dans le fichier ./CSV3\bulletins\bulletins_propres\table_page_273.csv: En-tête 'Total Charges Non Ded.Base' introuvable.
Erreur dans le fichier ./CSV3\bulletins\bulletins_propres\table_page_273.csv: En-tête '8009Base' introuvable.
Erreur dans le fichier ./CSV3\bulletins\bulletins_propres\table_page_273.csv: En-tête '8010Base' introuvable.
Erreur dans le fichier ./CSV3\bulletins\bulletins_propres\table_page_273.csv: En-tête '8007Base' introuvable.
Erreur dans le fichier ./CSV3\bulletins\bulletins_propres\table_page_273.csv: En-tête '8192Base' introuvable.
Erreur dans le fichier ./CSV3\bulletins\bulletins_propres\table_page_275.csv: En-tête '1001Base' introuvable.
Erreur dans le fichier ./CSV3\bulletins\bulletins_propres\table_page_275.csv: En-tête '2012Base' introuvable.
Erreur dans le fichier ./CSV3\bulletins\bulletins_propres\table_page_275.csv: En-tête 'Base' introuvable.
Erreur dans le fichier ./CSV3\bulletins\bulletins_propres\table_page_275.csv: En-tête '2068Base' introuvable.
Erreur dans le fichier ./CSV3\bulletins\bulletins_propres\table_page_275.csv: En-tête 'Base' introuvable.
Erreur dans le fichier ./CSV3\bulletins\bulletins_propres\table_page_275.csv: En-tête '2078Base' introuvable.
Erreur dans le fichier ./CSV3\bulletins\bulletins_propres\table_page_275.csv: En-tête '3404Base' introuvable.
Erreur dans le fichier ./CSV3\bulletins\bulletins_propres\table_page_275.csv: En-tête '3406Base' introuvable.
Erreur dans le fichier ./CSV3\bulletins\bulletins_propres\table_page_275.csv: En-tête 'Base' introuvable.
Erreur dans le fichier ./CSV3\bulletins\bulletins_propres\table_page_275.csv: En-tête 'TOTAL BRUTBase' introuvable.
Erreur dans le fichier ./CSV3\bulletins\bulletins_propres\table_page_275.csv: En-tête '7001Base' introuvable.
Erreur dans le fichier ./CSV3\bulletins\bulletins_propres\table_page_275.csv: En-tête '7010Base' introuvable.
Erreur dans le fichier ./CSV3\bulletins\bulletins_propres\table_page_275.csv: En-tête '7015Base' introuvable.
Erreur dans le fichier ./CSV3\bulletins\bulletins_propres\table_page_275.csv: En-tête '7020Base' introuvable.
Erreur dans le fichier ./CSV3\bulletins\bulletins_propres\table_page_275.csv: En-tête '7030Base' introuvable.
Erreur dans le fichier ./CSV3\bulletins\bulletins_propres\table_page_275.csv: En-tête '7035Base' introuvable.
Erreur dans le fichier ./CSV3\bulletins\bulletins_propres\table_page_275.csv: En-tête '7040Base' introuvable.
Erreur dans le fichier ./CSV3\bulletins\bulletins_propres\table_page_275.csv: En-tête '7045Base' introuvable.
Erreur dans le fichier ./CSV3\bulletins\bulletins_propres\table_page_275.csv: En-tête 'Base' introuvable.
Erreur dans le fichier ./CSV3\bulletins\bulletins_propres\table_page_275.csv: En-tête '7050Base' introuvable.
Erreur dans le fichier ./CSV3\bulletins\bulletins_propres\table_page_275.csv: En-tête 'Base' introuvable.
Erreur dans le fichier ./CSV3\bulletins\bulletins_propres\table_page_275.csv: En-tête '7055Base' introuvable.
Erreur dans le fichier ./CSV3\bulletins\bulletins_propres\table_page_275.csv: En-tête 'Base' introuvable.
Erreur dans le fichier ./CSV3\bulletins\bulletins_propres\table_page_275.csv: En-tête '7C00Base' introuvable.
Erreur dans le fichier ./CSV3\bulletins\bulletins_propres\table_page_275.csv: En-tête 'Base' introuvable.
Erreur dans le fichier ./CSV3\bulletins\bulletins_propres\table_page_275.csv: En-tête '7C10Base' introuvable.
Erreur dans le fichier ./CSV3\bulletins\bulletins_propres\table_page_275.csv: En-tête '7C20Base' introuvable.
Erreur dans le fichier ./CSV3\bulletins\bulletins_propres\table_page_275.csv: En-tête '7M05Base' introuvable.
Erreur dans le fichier ./CSV3\bulletins\bulletins_propres\table_page_275.csv: En-tête '7P20Base' introuvable.
Erreur dans le fichier ./CSV3\bulletins\bulletins_propres\table_page_275.csv: En-tête '7P25Base' introuvable.
Erreur dans le fichier ./CSV3\bulletins\bulletins_propres\table_page_275.csv: En-tête '7R44Base' introuvable.
Erreur dans le fichier ./CSV3\bulletins\bulletins_propres\table_page_275.csv: En-tête '7R45Base' introuvable.
Erreur dans le fichier ./CSV3\bulletins\bulletins_propres\table_page_275.csv: En-tête '7R53Base' introuvable.
Erreur dans le fichier ./CSV3\bulletins\bulletins_propres\table_page_275.csv: En-tête '7R54Base' introuvable.
Erreur dans le fichier ./CSV3\bulletins\bulletins_propres\table_page_275.csv: En-tête '7R63Base' introuvable.
Erreur dans le fichier ./CSV3\bulletins\bulletins_propres\table_page_275.csv: En-tête '7R64Base' introuvable.
Erreur dans le fichier ./CSV3\bulletins\bulletins_propres\table_page_275.csv: En-tête 'Base' introuvable.
Erreur dans le fichier ./CSV3\bulletins\bulletins_propres\table_page_275.csv: En-tête '7R70Base' introuvable.
Erreur dans le fichier ./CSV3\bulletins\bulletins_propres\table_page_275.csv: En-tête 'Base' introuvable.
Erreur dans le fichier ./CSV3\bulletins\bulletins_propres\table_page_275.csv: En-tête '7R71Base' introuvable.
Erreur dans le fichier ./CSV3\bulletins\bulletins_propres\table_page_275.csv: En-tête '7T00Base' introuvable.
Erreur dans le fichier ./CSV3\bulletins\bulletins_propres\table_page_275.csv: En-tête '7T02Base' introuvable.
Erreur dans le fichier ./CSV3\bulletins\bulletins_propres\table_page_275.csv: En-tête '7T05Base' introuvable.
Erreur dans le fichier ./CSV3\bulletins\bulletins_propres\table_page_275.csv: En-tête '7T10Base' introuvable.
Erreur dans le fichier ./CSV3\bulletins\bulletins_propres\table_page_275.csv: En-tête '7T15Base' introuvable.
Erreur dans le fichier ./CSV3\bulletins\bulletins_propres\table_page_275.csv: En-tête '7T20Base' introuvable.
Erreur dans le fichier ./CSV3\bulletins\bulletins_propres\table_page_275.csv: En-tête '6082Base' introuvable.
Erreur dans le fichier ./CSV3\bulletins\bulletins_propres\table_page_275.csv: En-tête '6094Base' introuvable.
Erreur dans le fichier ./CSV3\bulletins\bulletins_propres\table_page_275.csv: En-tête 'Total Charges Ded.Base' introuvable.
Erreur dans le fichier ./CSV3\bulletins\bulletins_propres\table_page_275.csv: En-tête '6080Base' introuvable.
Erreur dans le fichier ./CSV3\bulletins\bulletins_propres\table_page_275.csv: En-tête '6084Base' introuvable.
Erreur dans le fichier ./CSV3\bulletins\bulletins_propres\table_page_275.csv: En-tête '6092Base' introuvable.
Erreur dans le fichier ./CSV3\bulletins\bulletins_propres\table_page_275.csv: En-tête '6096Base' introuvable.
Erreur dans le fichier ./CSV3\bulletins\bulletins_propres\table_page_275.csv: En-tête 'Total Charges Non Ded.Base' introuvable.
Erreur dans le fichier ./CSV3\bulletins\bulletins_propres\table_page_275.csv: En-tête '8009Base' introuvable.
Erreur dans le fichier ./CSV3\bulletins\bulletins_propres\table_page_275.csv: En-tête '8010Base' introuvable.
Erreur dans le fichier ./CSV3\bulletins\bulletins_propres\table_page_275.csv: En-tête '8007Base' introuvable.
Erreur dans le fichier ./CSV3\bulletins\bulletins_propres\table_page_277.csv: En-tête '1001Base' introuvable.
Erreur dans le fichier ./CSV3\bulletins\bulletins_propres\table_page_277.csv: En-tête '1046Base' introuvable.
Erreur dans le fichier ./CSV3\bulletins\bulletins_propres\table_page_277.csv: En-tête 'Base' introuvable.
Erreur dans le fichier ./CSV3\bulletins\bulletins_propres\table_page_277.csv: En-tête '2012Base' introuvable.
Erreur dans le fichier ./CSV3\bulletins\bulletins_propres\table_page_277.csv: En-tête 'Base' introuvable.
Erreur dans le fichier ./CSV3\bulletins\bulletins_propres\table_page_277.csv: En-tête '2018Base' introuvable.
Erreur dans le fichier ./CSV3\bulletins\bulletins_propres\table_page_277.csv: En-tête '2068Base' introuvable.
Erreur dans le fichier ./CSV3\bulletins\bulletins_propres\table_page_277.csv: En-tête '2078Base' introuvable.
Erreur dans le fichier ./CSV3\bulletins\bulletins_propres\table_page_277.csv: En-tête '2091Base' introuvable.
Erreur dans le fichier ./CSV3\bulletins\bulletins_propres\table_page_277.csv: En-tête 'Base' introuvable.
Erreur dans le fichier ./CSV3\bulletins\bulletins_propres\table_page_277.csv: En-tête 'TOTAL BRUTBase' introuvable.
Erreur dans le fichier ./CSV3\bulletins\bulletins_propres\table_page_277.csv: En-tête '7001Base' introuvable.
Erreur dans le fichier ./CSV3\bulletins\bulletins_propres\table_page_277.csv: En-tête '7010Base' introuvable.
Erreur dans le fichier ./CSV3\bulletins\bulletins_propres\table_page_277.csv: En-tête '7015Base' introuvable.
Erreur dans le fichier ./CSV3\bulletins\bulletins_propres\table_page_277.csv: En-tête '7020Base' introuvable.
Erreur dans le fichier ./CSV3\bulletins\bulletins_propres\table_page_277.csv: En-tête '7030Base' introuvable.
Erreur dans le fichier ./CSV3\bulletins\bulletins_propres\table_page_277.csv: En-tête '7035Base' introuvable.
Erreur dans le fichier ./CSV3\bulletins\bulletins_propres\table_page_277.csv: En-tête '7040Base' introuvable.
Erreur dans le fichier ./CSV3\bulletins\bulletins_propres\table_page_277.csv: En-tête 'Base' introuvable.
Erreur dans le fichier ./CSV3\bulletins\bulletins_propres\table_page_277.csv: En-tête '7045Base' introuvable.
Erreur dans le fichier ./CSV3\bulletins\bulletins_propres\table_page_277.csv: En-tête 'Base' introuvable.
Erreur dans le fichier ./CSV3\bulletins\bulletins_propres\table_page_277.csv: En-tête '7050Base' introuvable.
Erreur dans le fichier ./CSV3\bulletins\bulletins_propres\table_page_277.csv: En-tête 'Base' introuvable.
Erreur dans le fichier ./CSV3\bulletins\bulletins_propres\table_page_277.csv: En-tête '7055Base' introuvable.
Erreur dans le fichier ./CSV3\bulletins\bulletins_propres\table_page_277.csv: En-tête 'Base' introuvable.
Erreur dans le fichier ./CSV3\bulletins\bulletins_propres\table_page_277.csv: En-tête '7C00Base' introuvable.
Erreur dans le fichier ./CSV3\bulletins\bulletins_propres\table_page_277.csv: En-tête '7C20Base' introuvable.
Erreur dans le fichier ./CSV3\bulletins\bulletins_propres\table_page_277.csv: En-tête '7P10Base' introuvable.
Erreur dans le fichier ./CSV3\bulletins\bulletins_propres\table_page_277.csv: En-tête '7R56Base' introuvable.
Erreur dans le fichier ./CSV3\bulletins\bulletins_propres\table_page_277.csv: En-tête '7R63Base' introuvable.
Erreur dans le fichier ./CSV3\bulletins\bulletins_propres\table_page_277.csv: En-tête '7T00Base' introuvable.
Erreur dans le fichier ./CSV3\bulletins\bulletins_propres\table_page_277.csv: En-tête '7T02Base' introuvable.
Erreur dans le fichier ./CSV3\bulletins\bulletins_propres\table_page_277.csv: En-tête '7T05Base' introuvable.
Erreur dans le fichier ./CSV3\bulletins\bulletins_propres\table_page_277.csv: En-tête '7T10Base' introuvable.
Erreur dans le fichier ./CSV3\bulletins\bulletins_propres\table_page_277.csv: En-tête '7T15Base' introuvable.
Erreur dans le fichier ./CSV3\bulletins\bulletins_propres\table_page_277.csv: En-tête '7T20Base' introuvable.
Erreur dans le fichier ./CSV3\bulletins\bulletins_propres\table_page_277.csv: En-tête 'Base' introuvable.
Erreur dans le fichier ./CSV3\bulletins\bulletins_propres\table_page_277.csv: En-tête '6082Base' introuvable.
Erreur dans le fichier ./CSV3\bulletins\bulletins_propres\table_page_277.csv: En-tête '6094Base' introuvable.
Erreur dans le fichier ./CSV3\bulletins\bulletins_propres\table_page_277.csv: En-tête 'Total Charges Ded.Base' introuvable.
Erreur dans le fichier ./CSV3\bulletins\bulletins_propres\table_page_277.csv: En-tête '6080Base' introuvable.
Erreur dans le fichier ./CSV3\bulletins\bulletins_propres\table_page_277.csv: En-tête '6084Base' introuvable.
Erreur dans le fichier ./CSV3\bulletins\bulletins_propres\table_page_277.csv: En-tête '6092Base' introuvable.
Erreur dans le fichier ./CSV3\bulletins\bulletins_propres\table_page_277.csv: En-tête '6096Base' introuvable.
Erreur dans le fichier ./CSV3\bulletins\bulletins_propres\table_page_277.csv: En-tête 'Total Charges Non Ded.Base' introuvable.
Erreur dans le fichier ./CSV3\bulletins\bulletins_propres\table_page_277.csv: En-tête '8009Base' introuvable.
Erreur dans le fichier ./CSV3\bulletins\bulletins_propres\table_page_277.csv: En-tête '8010Base' introuvable.
Erreur dans le fichier ./CSV3\bulletins\bulletins_propres\table_page_277.csv: En-tête '8020Base' introuvable.
Erreur dans le fichier ./CSV3\bulletins\bulletins_propres\table_page_279.csv: En-tête '1002Base' introuvable.
Erreur dans le fichier ./CSV3\bulletins\bulletins_propres\table_page_279.csv: En-tête '2012Base' introuvable.
Erreur dans le fichier ./CSV3\bulletins\bulletins_propres\table_page_279.csv: En-tête 'Base' introuvable.
Erreur dans le fichier ./CSV3\bulletins\bulletins_propres\table_page_279.csv: En-tête '2068Base' introuvable.
Erreur dans le fichier ./CSV3\bulletins\bulletins_propres\table_page_279.csv: En-tête 'Base' introuvable.
Erreur dans le fichier ./CSV3\bulletins\bulletins_propres\table_page_279.csv: En-tête 'Base' introuvable.
Erreur dans le fichier ./CSV3\bulletins\bulletins_propres\table_page_279.csv: En-tête 'TOTAL BRUTBase' introuvable.
Erreur dans le fichier ./CSV3\bulletins\bulletins_propres\table_page_279.csv: En-tête 'Base' introuvable.
Erreur dans le fichier ./CSV3\bulletins\bulletins_propres\table_page_279.csv: En-tête '7001Base' introuvable.
Erreur dans le fichier ./CSV3\bulletins\bulletins_propres\table_page_279.csv: En-tête '7002Base' introuvable.
Erreur dans le fichier ./CSV3\bulletins\bulletins_propres\table_page_279.csv: En-tête '7010Base' introuvable.
Erreur dans le fichier ./CSV3\bulletins\bulletins_propres\table_page_279.csv: En-tête '7015Base' introuvable.
Erreur dans le fichier ./CSV3\bulletins\bulletins_propres\table_page_279.csv: En-tête '7020Base' introuvable.
Erreur dans le fichier ./CSV3\bulletins\bulletins_propres\table_page_279.csv: En-tête '7025Base' introuvable.
Erreur dans le fichier ./CSV3\bulletins\bulletins_propres\table_page_279.csv: En-tête '7030Base' introuvable.
Erreur dans le fichier ./CSV3\bulletins\bulletins_propres\table_page_279.csv: En-tête '7035Base' introuvable.
Erreur dans le fichier ./CSV3\bulletins\bulletins_propres\table_page_279.csv: En-tête '7040Base' introuvable.
Erreur dans le fichier ./CSV3\bulletins\bulletins_propres\table_page_279.csv: En-tête '7045Base' introuvable.
Erreur dans le fichier ./CSV3\bulletins\bulletins_propres\table_page_279.csv: En-tête '7050Base' introuvable.
Erreur dans le fichier ./CSV3\bulletins\bulletins_propres\table_page_279.csv: En-tête 'Base' introuvable.
Erreur dans le fichier ./CSV3\bulletins\bulletins_propres\table_page_279.csv: En-tête '7055Base' introuvable.
Erreur dans le fichier ./CSV3\bulletins\bulletins_propres\table_page_279.csv: En-tête 'Base' introuvable.
Erreur dans le fichier ./CSV3\bulletins\bulletins_propres\table_page_279.csv: En-tête '7C00Base' introuvable.
Erreur dans le fichier ./CSV3\bulletins\bulletins_propres\table_page_279.csv: En-tête 'Base' introuvable.
Erreur dans le fichier ./CSV3\bulletins\bulletins_propres\table_page_279.csv: En-tête '7C10Base' introuvable.
Erreur dans le fichier ./CSV3\bulletins\bulletins_propres\table_page_279.csv: En-tête 'Base' introuvable.
Erreur dans le fichier ./CSV3\bulletins\bulletins_propres\table_page_279.csv: En-tête '7C20Base' introuvable.
Erreur dans le fichier ./CSV3\bulletins\bulletins_propres\table_page_279.csv: En-tête '7M05Base' introuvable.
Erreur dans le fichier ./CSV3\bulletins\bulletins_propres\table_page_279.csv: En-tête '7P20Base' introuvable.
Erreur dans le fichier ./CSV3\bulletins\bulletins_propres\table_page_279.csv: En-tête '7P25Base' introuvable.
Erreur dans le fichier ./CSV3\bulletins\bulletins_propres\table_page_279.csv: En-tête '7R44Base' introuvable.
Erreur dans le fichier ./CSV3\bulletins\bulletins_propres\table_page_279.csv: En-tête '7R45Base' introuvable.
Erreur dans le fichier ./CSV3\bulletins\bulletins_propres\table_page_279.csv: En-tête '7R53Base' introuvable.
Erreur dans le fichier ./CSV3\bulletins\bulletins_propres\table_page_279.csv: En-tête '7R54Base' introuvable.
Erreur dans le fichier ./CSV3\bulletins\bulletins_propres\table_page_279.csv: En-tête '7R63Base' introuvable.
Erreur dans le fichier ./CSV3\bulletins\bulletins_propres\table_page_279.csv: En-tête '7R64Base' introuvable.
Erreur dans le fichier ./CSV3\bulletins\bulletins_propres\table_page_279.csv: En-tête '7R70Base' introuvable.
Erreur dans le fichier ./CSV3\bulletins\bulletins_propres\table_page_279.csv: En-tête 'Base' introuvable.
Erreur dans le fichier ./CSV3\bulletins\bulletins_propres\table_page_279.csv: En-tête '7R71Base' introuvable.
Erreur dans le fichier ./CSV3\bulletins\bulletins_propres\table_page_279.csv: En-tête 'Base' introuvable.
Erreur dans le fichier ./CSV3\bulletins\bulletins_propres\table_page_279.csv: En-tête '7T00Base' introuvable.
Erreur dans le fichier ./CSV3\bulletins\bulletins_propres\table_page_279.csv: En-tête '7T02Base' introuvable.
Erreur dans le fichier ./CSV3\bulletins\bulletins_propres\table_page_279.csv: En-tête '7T05Base' introuvable.
Erreur dans le fichier ./CSV3\bulletins\bulletins_propres\table_page_279.csv: En-tête '7T10Base' introuvable.
Erreur dans le fichier ./CSV3\bulletins\bulletins_propres\table_page_279.csv: En-tête '7T15Base' introuvable.
Erreur dans le fichier ./CSV3\bulletins\bulletins_propres\table_page_279.csv: En-tête '7T20Base' introuvable.
Erreur dans le fichier ./CSV3\bulletins\bulletins_propres\table_page_279.csv: En-tête '6082Base' introuvable.
Erreur dans le fichier ./CSV3\bulletins\bulletins_propres\table_page_279.csv: En-tête '6094Base' introuvable.
Erreur dans le fichier ./CSV3\bulletins\bulletins_propres\table_page_279.csv: En-tête 'Total Charges Ded.Base' introuvable.
Erreur dans le fichier ./CSV3\bulletins\bulletins_propres\table_page_279.csv: En-tête '6080Base' introuvable.
Erreur dans le fichier ./CSV3\bulletins\bulletins_propres\table_page_279.csv: En-tête '6084Base' introuvable.
Erreur dans le fichier ./CSV3\bulletins\bulletins_propres\table_page_279.csv: En-tête '6092Base' introuvable.
Erreur dans le fichier ./CSV3\bulletins\bulletins_propres\table_page_279.csv: En-tête '6096Base' introuvable.
Erreur dans le fichier ./CSV3\bulletins\bulletins_propres\table_page_279.csv: En-tête 'Total Charges Non Ded.Base' introuvable.
Erreur dans le fichier ./CSV3\bulletins\bulletins_propres\table_page_279.csv: En-tête '8009Base' introuvable.
Erreur dans le fichier ./CSV3\bulletins\bulletins_propres\table_page_279.csv: En-tête '8010Base' introuvable.
Erreur dans le fichier ./CSV3\bulletins\bulletins_propres\table_page_279.csv: En-tête '8007Base' introuvable.
Erreur dans le fichier ./CSV3\bulletins\bulletins_propres\table_page_281.csv: En-tête '1001Base' introuvable.
Erreur dans le fichier ./CSV3\bulletins\bulletins_propres\table_page_281.csv: En-tête '2012Base' introuvable.
Erreur dans le fichier ./CSV3\bulletins\bulletins_propres\table_page_281.csv: En-tête 'Base' introuvable.
Erreur dans le fichier ./CSV3\bulletins\bulletins_propres\table_page_281.csv: En-tête '2018Base' introuvable.
Erreur dans le fichier ./CSV3\bulletins\bulletins_propres\table_page_281.csv: En-tête 'Base' introuvable.
Erreur dans le fichier ./CSV3\bulletins\bulletins_propres\table_page_281.csv: En-tête '3050Base' introuvable.
Erreur dans le fichier ./CSV3\bulletins\bulletins_propres\table_page_281.csv: En-tête '3552Base' introuvable.
Erreur dans le fichier ./CSV3\bulletins\bulletins_propres\table_page_281.csv: En-tête '3B80Base' introuvable.
Erreur dans le fichier ./CSV3\bulletins\bulletins_propres\table_page_281.csv: En-tête '3B82Base' introuvable.
Erreur dans le fichier ./CSV3\bulletins\bulletins_propres\table_page_281.csv: En-tête 'Base' introuvable.
Erreur dans le fichier ./CSV3\bulletins\bulletins_propres\table_page_281.csv: En-tête 'TOTAL BRUTBase' introuvable.
Erreur dans le fichier ./CSV3\bulletins\bulletins_propres\table_page_281.csv: En-tête '60F2Base' introuvable.
Erreur dans le fichier ./CSV3\bulletins\bulletins_propres\table_page_281.csv: En-tête '7001Base' introuvable.
Erreur dans le fichier ./CSV3\bulletins\bulletins_propres\table_page_281.csv: En-tête '7002Base' introuvable.
Erreur dans le fichier ./CSV3\bulletins\bulletins_propres\table_page_281.csv: En-tête '7010Base' introuvable.
Erreur dans le fichier ./CSV3\bulletins\bulletins_propres\table_page_281.csv: En-tête '7015Base' introuvable.
Erreur dans le fichier ./CSV3\bulletins\bulletins_propres\table_page_281.csv: En-tête '7020Base' introuvable.
Erreur dans le fichier ./CSV3\bulletins\bulletins_propres\table_page_281.csv: En-tête '7025Base' introuvable.
Erreur dans le fichier ./CSV3\bulletins\bulletins_propres\table_page_281.csv: En-tête 'Base' introuvable.
Erreur dans le fichier ./CSV3\bulletins\bulletins_propres\table_page_281.csv: En-tête '7030Base' introuvable.
Erreur dans le fichier ./CSV3\bulletins\bulletins_propres\table_page_281.csv: En-tête 'Base' introuvable.
Erreur dans le fichier ./CSV3\bulletins\bulletins_propres\table_page_281.csv: En-tête '7035Base' introuvable.
Erreur dans le fichier ./CSV3\bulletins\bulletins_propres\table_page_281.csv: En-tête 'Base' introuvable.
Erreur dans le fichier ./CSV3\bulletins\bulletins_propres\table_page_281.csv: En-tête '7040Base' introuvable.
Erreur dans le fichier ./CSV3\bulletins\bulletins_propres\table_page_281.csv: En-tête 'Base' introuvable.
Erreur dans le fichier ./CSV3\bulletins\bulletins_propres\table_page_281.csv: En-tête '7045Base' introuvable.
Erreur dans le fichier ./CSV3\bulletins\bulletins_propres\table_page_281.csv: En-tête '7050Base' introuvable.
Erreur dans le fichier ./CSV3\bulletins\bulletins_propres\table_page_281.csv: En-tête '7055Base' introuvable.
Erreur dans le fichier ./CSV3\bulletins\bulletins_propres\table_page_281.csv: En-tête '7C00Base' introuvable.
Erreur dans le fichier ./CSV3\bulletins\bulletins_propres\table_page_281.csv: En-tête '7C20Base' introuvable.
Erreur dans le fichier ./CSV3\bulletins\bulletins_propres\table_page_281.csv: En-tête '7M03Base' introuvable.
Erreur dans le fichier ./CSV3\bulletins\bulletins_propres\table_page_281.csv: En-tête '7R56Base' introuvable.
Erreur dans le fichier ./CSV3\bulletins\bulletins_propres\table_page_281.csv: En-tête '7R63Base' introuvable.
Erreur dans le fichier ./CSV3\bulletins\bulletins_propres\table_page_281.csv: En-tête '7T00Base' introuvable.
Erreur dans le fichier ./CSV3\bulletins\bulletins_propres\table_page_281.csv: En-tête '7T02Base' introuvable.
Erreur dans le fichier ./CSV3\bulletins\bulletins_propres\table_page_281.csv: En-tête '7T05Base' introuvable.
Erreur dans le fichier ./CSV3\bulletins\bulletins_propres\table_page_281.csv: En-tête 'Base' introuvable.
Erreur dans le fichier ./CSV3\bulletins\bulletins_propres\table_page_281.csv: En-tête '7T10Base' introuvable.
Erreur dans le fichier ./CSV3\bulletins\bulletins_propres\table_page_281.csv: En-tête 'Base' introuvable.
Erreur dans le fichier ./CSV3\bulletins\bulletins_propres\table_page_281.csv: En-tête '7T15Base' introuvable.
Erreur dans le fichier ./CSV3\bulletins\bulletins_propres\table_page_281.csv: En-tête '7T20Base' introuvable.
Erreur dans le fichier ./CSV3\bulletins\bulletins_propres\table_page_281.csv: En-tête '6082Base' introuvable.
Erreur dans le fichier ./CSV3\bulletins\bulletins_propres\table_page_281.csv: En-tête '6094Base' introuvable.
Erreur dans le fichier ./CSV3\bulletins\bulletins_propres\table_page_281.csv: En-tête 'Total Charges Ded.Base' introuvable.
Erreur dans le fichier ./CSV3\bulletins\bulletins_propres\table_page_281.csv: En-tête '6080Base' introuvable.
Erreur dans le fichier ./CSV3\bulletins\bulletins_propres\table_page_281.csv: En-tête '6084Base' introuvable.
Erreur dans le fichier ./CSV3\bulletins\bulletins_propres\table_page_281.csv: En-tête '6092Base' introuvable.
Erreur dans le fichier ./CSV3\bulletins\bulletins_propres\table_page_281.csv: En-tête '6096Base' introuvable.
Erreur dans le fichier ./CSV3\bulletins\bulletins_propres\table_page_281.csv: En-tête '60F1Base' introuvable.
Erreur dans le fichier ./CSV3\bulletins\bulletins_propres\table_page_281.csv: En-tête '60F3Base' introuvable.
Erreur dans le fichier ./CSV3\bulletins\bulletins_propres\table_page_281.csv: En-tête '60F4Base' introuvable.
Erreur dans le fichier ./CSV3\bulletins\bulletins_propres\table_page_281.csv: En-tête '60F8Base' introuvable.
Erreur dans le fichier ./CSV3\bulletins\bulletins_propres\table_page_281.csv: En-tête '60F9Base' introuvable.
Erreur dans le fichier ./CSV3\bulletins\bulletins_propres\table_page_281.csv: En-tête 'Total Charges Non Ded.Base' introuvable.
Erreur dans le fichier ./CSV3\bulletins\bulletins_propres\table_page_281.csv: En-tête '8031Base' introuvable.
Erreur dans le fichier ./CSV3\bulletins\bulletins_propres\table_page_283.csv: En-tête '1001Base' introuvable.
Erreur dans le fichier ./CSV3\bulletins\bulletins_propres\table_page_283.csv: En-tête '2012Base' introuvable.
Erreur dans le fichier ./CSV3\bulletins\bulletins_propres\table_page_283.csv: En-tête 'Base' introuvable.
Erreur dans le fichier ./CSV3\bulletins\bulletins_propres\table_page_283.csv: En-tête '2068Base' introuvable.
Erreur dans le fichier ./CSV3\bulletins\bulletins_propres\table_page_283.csv: En-tête 'Base' introuvable.
Erreur dans le fichier ./CSV3\bulletins\bulletins_propres\table_page_283.csv: En-tête '2078Base' introuvable.
Erreur dans le fichier ./CSV3\bulletins\bulletins_propres\table_page_283.csv: En-tête '3350Base' introuvable.
Erreur dans le fichier ./CSV3\bulletins\bulletins_propres\table_page_283.csv: En-tête '3355Base' introuvable.
Erreur dans le fichier ./CSV3\bulletins\bulletins_propres\table_page_283.csv: En-tête '3502Base' introuvable.
Erreur dans le fichier ./CSV3\bulletins\bulletins_propres\table_page_283.csv: En-tête '3505Base' introuvable.
Erreur dans le fichier ./CSV3\bulletins\bulletins_propres\table_page_283.csv: En-tête 'Base' introuvable.
Erreur dans le fichier ./CSV3\bulletins\bulletins_propres\table_page_283.csv: En-tête 'TOTAL BRUTBase' introuvable.
Erreur dans le fichier ./CSV3\bulletins\bulletins_propres\table_page_283.csv: En-tête '7001Base' introuvable.
Erreur dans le fichier ./CSV3\bulletins\bulletins_propres\table_page_283.csv: En-tête '7010Base' introuvable.
Erreur dans le fichier ./CSV3\bulletins\bulletins_propres\table_page_283.csv: En-tête '7015Base' introuvable.
Erreur dans le fichier ./CSV3\bulletins\bulletins_propres\table_page_283.csv: En-tête '7020Base' introuvable.
Erreur dans le fichier ./CSV3\bulletins\bulletins_propres\table_page_283.csv: En-tête '7030Base' introuvable.
Erreur dans le fichier ./CSV3\bulletins\bulletins_propres\table_page_283.csv: En-tête '7035Base' introuvable.
Erreur dans le fichier ./CSV3\bulletins\bulletins_propres\table_page_283.csv: En-tête 'Base' introuvable.
Erreur dans le fichier ./CSV3\bulletins\bulletins_propres\table_page_283.csv: En-tête '7040Base' introuvable.
Erreur dans le fichier ./CSV3\bulletins\bulletins_propres\table_page_283.csv: En-tête 'Base' introuvable.
Erreur dans le fichier ./CSV3\bulletins\bulletins_propres\table_page_283.csv: En-tête '7045Base' introuvable.
Erreur dans le fichier ./CSV3\bulletins\bulletins_propres\table_page_283.csv: En-tête 'Base' introuvable.
Erreur dans le fichier ./CSV3\bulletins\bulletins_propres\table_page_283.csv: En-tête '7050Base' introuvable.
Erreur dans le fichier ./CSV3\bulletins\bulletins_propres\table_page_283.csv: En-tête 'Base' introuvable.
Erreur dans le fichier ./CSV3\bulletins\bulletins_propres\table_page_283.csv: En-tête '7055Base' introuvable.
Erreur dans le fichier ./CSV3\bulletins\bulletins_propres\table_page_283.csv: En-tête '7C00Base' introuvable.
Erreur dans le fichier ./CSV3\bulletins\bulletins_propres\table_page_283.csv: En-tête '7C20Base' introuvable.
Erreur dans le fichier ./CSV3\bulletins\bulletins_propres\table_page_283.csv: En-tête '7M04Base' introuvable.
Erreur dans le fichier ./CSV3\bulletins\bulletins_propres\table_page_283.csv: En-tête '7P10Base' introuvable.
Erreur dans le fichier ./CSV3\bulletins\bulletins_propres\table_page_283.csv: En-tête '7R56Base' introuvable.
Erreur dans le fichier ./CSV3\bulletins\bulletins_propres\table_page_283.csv: En-tête '7R63Base' introuvable.
Erreur dans le fichier ./CSV3\bulletins\bulletins_propres\table_page_283.csv: En-tête '7T00Base' introuvable.
Erreur dans le fichier ./CSV3\bulletins\bulletins_propres\table_page_283.csv: En-tête '7T02Base' introuvable.
Erreur dans le fichier ./CSV3\bulletins\bulletins_propres\table_page_283.csv: En-tête '7T05Base' introuvable.
Erreur dans le fichier ./CSV3\bulletins\bulletins_propres\table_page_283.csv: En-tête '7T10Base' introuvable.
Erreur dans le fichier ./CSV3\bulletins\bulletins_propres\table_page_283.csv: En-tête 'Base' introuvable.
Erreur dans le fichier ./CSV3\bulletins\bulletins_propres\table_page_283.csv: En-tête '7T15Base' introuvable.
Erreur dans le fichier ./CSV3\bulletins\bulletins_propres\table_page_283.csv: En-tête 'Base' introuvable.
Erreur dans le fichier ./CSV3\bulletins\bulletins_propres\table_page_283.csv: En-tête '7T20Base' introuvable.
Erreur dans le fichier ./CSV3\bulletins\bulletins_propres\table_page_283.csv: En-tête 'Base' introuvable.
Erreur dans le fichier ./CSV3\bulletins\bulletins_propres\table_page_283.csv: En-tête '6082Base' introuvable.
Erreur dans le fichier ./CSV3\bulletins\bulletins_propres\table_page_283.csv: En-tête '6094Base' introuvable.
Erreur dans le fichier ./CSV3\bulletins\bulletins_propres\table_page_283.csv: En-tête 'PALCAllégement chômageBase' introuvable.
Erreur dans le fichier ./CSV3\bulletins\bulletins_propres\table_page_283.csv: En-tête 'PALFAllégement FillonBase' introuvable.
Erreur dans le fichier ./CSV3\bulletins\bulletins_propres\table_page_283.csv: En-tête 'PALRAllégement retraiteBase' introuvable.
Erreur dans le fichier ./CSV3\bulletins\bulletins_propres\table_page_283.csv: En-tête 'Total Charges Ded.Base' introuvable.
Erreur dans le fichier ./CSV3\bulletins\bulletins_propres\table_page_283.csv: En-tête '6080Base' introuvable.
Erreur dans le fichier ./CSV3\bulletins\bulletins_propres\table_page_283.csv: En-tête '6084Base' introuvable.
Erreur dans le fichier ./CSV3\bulletins\bulletins_propres\table_page_283.csv: En-tête '6092Base' introuvable.
Erreur dans le fichier ./CSV3\bulletins\bulletins_propres\table_page_283.csv: En-tête '6096Base' introuvable.
Erreur dans le fichier ./CSV3\bulletins\bulletins_propres\table_page_283.csv: En-tête 'Total Charges Non Ded.Base' introuvable.
Erreur dans le fichier ./CSV3\bulletins\bulletins_propres\table_page_283.csv: En-tête '8009Base' introuvable.
Erreur dans le fichier ./CSV3\bulletins\bulletins_propres\table_page_283.csv: En-tête '8010Base' introuvable.
Erreur dans le fichier ./CSV3\bulletins\bulletins_propres\table_page_283.csv: En-tête '8007Base' introuvable.
Erreur dans le fichier ./CSV3\bulletins\bulletins_propres\table_page_283.csv: En-tête 'Base' introuvable.
Erreur dans le fichier ./CSV3\bulletins\bulletins_propres\table_page_283.csv: En-tête 'Base' introuvable.
Erreur dans le fichier ./CSV3\bulletins\bulletins_propres\table_page_283.csv: En-tête 'Impôt sur le revenuBase' introuvable.
Erreur dans le fichier ./CSV3\bulletins\bulletins_propres\table_page_283.csv: En-tête 'Impôt sur le revenu à la sourceBase' introuvable.
Erreur dans le fichier ./CSV3\bulletins\bulletins_propres\table_page_285.csv: En-tête '1002Base' introuvable.
Erreur dans le fichier ./CSV3\bulletins\bulletins_propres\table_page_285.csv: En-tête '2012Base' introuvable.
Erreur dans le fichier ./CSV3\bulletins\bulletins_propres\table_page_285.csv: En-tête 'Base' introuvable.
Erreur dans le fichier ./CSV3\bulletins\bulletins_propres\table_page_285.csv: En-tête '2068Base' introuvable.
Erreur dans le fichier ./CSV3\bulletins\bulletins_propres\table_page_285.csv: En-tête 'Base' introuvable.
Erreur dans le fichier ./CSV3\bulletins\bulletins_propres\table_page_285.csv: En-tête 'Base' introuvable.
Erreur dans le fichier ./CSV3\bulletins\bulletins_propres\table_page_285.csv: En-tête 'TOTAL BRUTBase' introuvable.
Erreur dans le fichier ./CSV3\bulletins\bulletins_propres\table_page_285.csv: En-tête 'Base' introuvable.
Erreur dans le fichier ./CSV3\bulletins\bulletins_propres\table_page_285.csv: En-tête '7001Base' introuvable.
Erreur dans le fichier ./CSV3\bulletins\bulletins_propres\table_page_285.csv: En-tête '7002Base' introuvable.
Erreur dans le fichier ./CSV3\bulletins\bulletins_propres\table_page_285.csv: En-tête '7010Base' introuvable.
Erreur dans le fichier ./CSV3\bulletins\bulletins_propres\table_page_285.csv: En-tête '7015Base' introuvable.
Erreur dans le fichier ./CSV3\bulletins\bulletins_propres\table_page_285.csv: En-tête '7020Base' introuvable.
Erreur dans le fichier ./CSV3\bulletins\bulletins_propres\table_page_285.csv: En-tête '7030Base' introuvable.
Erreur dans le fichier ./CSV3\bulletins\bulletins_propres\table_page_285.csv: En-tête '7035Base' introuvable.
Erreur dans le fichier ./CSV3\bulletins\bulletins_propres\table_page_285.csv: En-tête '7040Base' introuvable.
Erreur dans le fichier ./CSV3\bulletins\bulletins_propres\table_page_285.csv: En-tête '7045Base' introuvable.
Erreur dans le fichier ./CSV3\bulletins\bulletins_propres\table_page_285.csv: En-tête '7050Base' introuvable.
Erreur dans le fichier ./CSV3\bulletins\bulletins_propres\table_page_285.csv: En-tête '7055Base' introuvable.
Erreur dans le fichier ./CSV3\bulletins\bulletins_propres\table_page_285.csv: En-tête 'Base' introuvable.
Erreur dans le fichier ./CSV3\bulletins\bulletins_propres\table_page_285.csv: En-tête '7C00Base' introuvable.
Erreur dans le fichier ./CSV3\bulletins\bulletins_propres\table_page_285.csv: En-tête 'Base' introuvable.
Erreur dans le fichier ./CSV3\bulletins\bulletins_propres\table_page_285.csv: En-tête '7C10Base' introuvable.
Erreur dans le fichier ./CSV3\bulletins\bulletins_propres\table_page_285.csv: En-tête 'Base' introuvable.
Erreur dans le fichier ./CSV3\bulletins\bulletins_propres\table_page_285.csv: En-tête '7C20Base' introuvable.
Erreur dans le fichier ./CSV3\bulletins\bulletins_propres\table_page_285.csv: En-tête 'Base' introuvable.
Erreur dans le fichier ./CSV3\bulletins\bulletins_propres\table_page_285.csv: En-tête '7M05Base' introuvable.
Erreur dans le fichier ./CSV3\bulletins\bulletins_propres\table_page_285.csv: En-tête '7P20Base' introuvable.
Erreur dans le fichier ./CSV3\bulletins\bulletins_propres\table_page_285.csv: En-tête '7P25Base' introuvable.
Erreur dans le fichier ./CSV3\bulletins\bulletins_propres\table_page_285.csv: En-tête '7R44Base' introuvable.
Erreur dans le fichier ./CSV3\bulletins\bulletins_propres\table_page_285.csv: En-tête '7R45Base' introuvable.
Erreur dans le fichier ./CSV3\bulletins\bulletins_propres\table_page_285.csv: En-tête '7R53Base' introuvable.
Erreur dans le fichier ./CSV3\bulletins\bulletins_propres\table_page_285.csv: En-tête '7R54Base' introuvable.
Erreur dans le fichier ./CSV3\bulletins\bulletins_propres\table_page_285.csv: En-tête '7R63Base' introuvable.
Erreur dans le fichier ./CSV3\bulletins\bulletins_propres\table_page_285.csv: En-tête '7R64Base' introuvable.
Erreur dans le fichier ./CSV3\bulletins\bulletins_propres\table_page_285.csv: En-tête '7R70Base' introuvable.
Erreur dans le fichier ./CSV3\bulletins\bulletins_propres\table_page_285.csv: En-tête '7R71Base' introuvable.
Erreur dans le fichier ./CSV3\bulletins\bulletins_propres\table_page_285.csv: En-tête 'Base' introuvable.
Erreur dans le fichier ./CSV3\bulletins\bulletins_propres\table_page_285.csv: En-tête '7T00Base' introuvable.
Erreur dans le fichier ./CSV3\bulletins\bulletins_propres\table_page_285.csv: En-tête '7T02Base' introuvable.
Erreur dans le fichier ./CSV3\bulletins\bulletins_propres\table_page_285.csv: En-tête '7T05Base' introuvable.
Erreur dans le fichier ./CSV3\bulletins\bulletins_propres\table_page_285.csv: En-tête '7T10Base' introuvable.
Erreur dans le fichier ./CSV3\bulletins\bulletins_propres\table_page_285.csv: En-tête '7T15Base' introuvable.
Erreur dans le fichier ./CSV3\bulletins\bulletins_propres\table_page_285.csv: En-tête '7T20Base' introuvable.
Erreur dans le fichier ./CSV3\bulletins\bulletins_propres\table_page_285.csv: En-tête '6082Base' introuvable.
Erreur dans le fichier ./CSV3\bulletins\bulletins_propres\table_page_285.csv: En-tête '6094Base' introuvable.
Erreur dans le fichier ./CSV3\bulletins\bulletins_propres\table_page_285.csv: En-tête 'Total Charges Ded.Base' introuvable.
Erreur dans le fichier ./CSV3\bulletins\bulletins_propres\table_page_285.csv: En-tête '6080Base' introuvable.
Erreur dans le fichier ./CSV3\bulletins\bulletins_propres\table_page_285.csv: En-tête '6084Base' introuvable.
Erreur dans le fichier ./CSV3\bulletins\bulletins_propres\table_page_285.csv: En-tête '6092Base' introuvable.
Erreur dans le fichier ./CSV3\bulletins\bulletins_propres\table_page_285.csv: En-tête '6096Base' introuvable.
Erreur dans le fichier ./CSV3\bulletins\bulletins_propres\table_page_285.csv: En-tête 'Total Charges Non Ded.Base' introuvable.
Erreur dans le fichier ./CSV3\bulletins\bulletins_propres\table_page_285.csv: En-tête '8009Base' introuvable.
Erreur dans le fichier ./CSV3\bulletins\bulletins_propres\table_page_285.csv: En-tête '8010Base' introuvable.
Erreur dans le fichier ./CSV3\bulletins\bulletins_propres\table_page_287.csv: En-tête '1001Base' introuvable.
Erreur dans le fichier ./CSV3\bulletins\bulletins_propres\table_page_287.csv: En-tête '1046Base' introuvable.
Erreur dans le fichier ./CSV3\bulletins\bulletins_propres\table_page_287.csv: En-tête 'Base' introuvable.
Erreur dans le fichier ./CSV3\bulletins\bulletins_propres\table_page_287.csv: En-tête '2012Base' introuvable.
Erreur dans le fichier ./CSV3\bulletins\bulletins_propres\table_page_287.csv: En-tête 'Base' introuvable.
Erreur dans le fichier ./CSV3\bulletins\bulletins_propres\table_page_287.csv: En-tête '2016Base' introuvable.
Erreur dans le fichier ./CSV3\bulletins\bulletins_propres\table_page_287.csv: En-tête '2050Base' introuvable.
Erreur dans le fichier ./CSV3\bulletins\bulletins_propres\table_page_287.csv: En-tête '2068Base' introuvable.
Erreur dans le fichier ./CSV3\bulletins\bulletins_propres\table_page_287.csv: En-tête '2078Base' introuvable.
Erreur dans le fichier ./CSV3\bulletins\bulletins_propres\table_page_287.csv: En-tête '3250Base' introuvable.
Erreur dans le fichier ./CSV3\bulletins\bulletins_propres\table_page_287.csv: En-tête '3255Base' introuvable.
Erreur dans le fichier ./CSV3\bulletins\bulletins_propres\table_page_287.csv: En-tête '3502Base' introuvable.
Erreur dans le fichier ./CSV3\bulletins\bulletins_propres\table_page_287.csv: En-tête 'Base' introuvable.
Erreur dans le fichier ./CSV3\bulletins\bulletins_propres\table_page_287.csv: En-tête 'TOTAL BRUTBase' introuvable.
Erreur dans le fichier ./CSV3\bulletins\bulletins_propres\table_page_287.csv: En-tête '7001Base' introuvable.
Erreur dans le fichier ./CSV3\bulletins\bulletins_propres\table_page_287.csv: En-tête '7010Base' introuvable.
Erreur dans le fichier ./CSV3\bulletins\bulletins_propres\table_page_287.csv: En-tête '7015Base' introuvable.
Erreur dans le fichier ./CSV3\bulletins\bulletins_propres\table_page_287.csv: En-tête '7020Base' introuvable.
Erreur dans le fichier ./CSV3\bulletins\bulletins_propres\table_page_287.csv: En-tête 'Base' introuvable.
Erreur dans le fichier ./CSV3\bulletins\bulletins_propres\table_page_287.csv: En-tête '7030Base' introuvable.
Erreur dans le fichier ./CSV3\bulletins\bulletins_propres\table_page_287.csv: En-tête 'Base' introuvable.
Erreur dans le fichier ./CSV3\bulletins\bulletins_propres\table_page_287.csv: En-tête '7035Base' introuvable.
Erreur dans le fichier ./CSV3\bulletins\bulletins_propres\table_page_287.csv: En-tête 'Base' introuvable.
Erreur dans le fichier ./CSV3\bulletins\bulletins_propres\table_page_287.csv: En-tête '7040Base' introuvable.
Erreur dans le fichier ./CSV3\bulletins\bulletins_propres\table_page_287.csv: En-tête 'Base' introuvable.
Erreur dans le fichier ./CSV3\bulletins\bulletins_propres\table_page_287.csv: En-tête '7045Base' introuvable.
Erreur dans le fichier ./CSV3\bulletins\bulletins_propres\table_page_287.csv: En-tête '7050Base' introuvable.
Erreur dans le fichier ./CSV3\bulletins\bulletins_propres\table_page_287.csv: En-tête '7055Base' introuvable.
Erreur dans le fichier ./CSV3\bulletins\bulletins_propres\table_page_287.csv: En-tête '7C00Base' introuvable.
Erreur dans le fichier ./CSV3\bulletins\bulletins_propres\table_page_287.csv: En-tête '7C20Base' introuvable.
Erreur dans le fichier ./CSV3\bulletins\bulletins_propres\table_page_287.csv: En-tête '7M03Base' introuvable.
Erreur dans le fichier ./CSV3\bulletins\bulletins_propres\table_page_287.csv: En-tête '7P10Base' introuvable.
Erreur dans le fichier ./CSV3\bulletins\bulletins_propres\table_page_287.csv: En-tête '7R56Base' introuvable.
Erreur dans le fichier ./CSV3\bulletins\bulletins_propres\table_page_287.csv: En-tête '7R63Base' introuvable.
Erreur dans le fichier ./CSV3\bulletins\bulletins_propres\table_page_287.csv: En-tête '7T00Base' introuvable.
Erreur dans le fichier ./CSV3\bulletins\bulletins_propres\table_page_287.csv: En-tête '7T02Base' introuvable.
Erreur dans le fichier ./CSV3\bulletins\bulletins_propres\table_page_287.csv: En-tête 'Base' introuvable.
Erreur dans le fichier ./CSV3\bulletins\bulletins_propres\table_page_287.csv: En-tête '7T05Base' introuvable.
Erreur dans le fichier ./CSV3\bulletins\bulletins_propres\table_page_287.csv: En-tête 'Base' introuvable.
Erreur dans le fichier ./CSV3\bulletins\bulletins_propres\table_page_287.csv: En-tête '7T10Base' introuvable.
Erreur dans le fichier ./CSV3\bulletins\bulletins_propres\table_page_287.csv: En-tête 'Base' introuvable.
Erreur dans le fichier ./CSV3\bulletins\bulletins_propres\table_page_287.csv: En-tête '7T15Base' introuvable.
Erreur dans le fichier ./CSV3\bulletins\bulletins_propres\table_page_287.csv: En-tête 'Base' introuvable.
Erreur dans le fichier ./CSV3\bulletins\bulletins_propres\table_page_287.csv: En-tête '7T20Base' introuvable.
Erreur dans le fichier ./CSV3\bulletins\bulletins_propres\table_page_287.csv: En-tête 'Base' introuvable.
Erreur dans le fichier ./CSV3\bulletins\bulletins_propres\table_page_287.csv: En-tête '6082Base' introuvable.
Erreur dans le fichier ./CSV3\bulletins\bulletins_propres\table_page_287.csv: En-tête '6094Base' introuvable.
Erreur dans le fichier ./CSV3\bulletins\bulletins_propres\table_page_287.csv: En-tête 'Total Charges Ded.Base' introuvable.
Erreur dans le fichier ./CSV3\bulletins\bulletins_propres\table_page_287.csv: En-tête '6080Base' introuvable.
Erreur dans le fichier ./CSV3\bulletins\bulletins_propres\table_page_287.csv: En-tête '6084Base' introuvable.
Erreur dans le fichier ./CSV3\bulletins\bulletins_propres\table_page_287.csv: En-tête '6092Base' introuvable.
Erreur dans le fichier ./CSV3\bulletins\bulletins_propres\table_page_287.csv: En-tête '6096Base' introuvable.
Erreur dans le fichier ./CSV3\bulletins\bulletins_propres\table_page_287.csv: En-tête 'Total Charges Non Ded.Base' introuvable.
Erreur dans le fichier ./CSV3\bulletins\bulletins_propres\table_page_287.csv: En-tête '8009Base' introuvable.
Erreur dans le fichier ./CSV3\bulletins\bulletins_propres\table_page_287.csv: En-tête '8010Base' introuvable.
Erreur dans le fichier ./CSV3\bulletins\bulletins_propres\table_page_287.csv: En-tête '8020Base' introuvable.
Erreur dans le fichier ./CSV3\bulletins\bulletins_propres\table_page_287.csv: En-tête '8192Base' introuvable.
Erreur dans le fichier ./CSV3\bulletins\bulletins_propres\table_page_289.csv: En-tête '1001Base' introuvable.
Erreur dans le fichier ./CSV3\bulletins\bulletins_propres\table_page_289.csv: En-tête '1046Base' introuvable.
Erreur dans le fichier ./CSV3\bulletins\bulletins_propres\table_page_289.csv: En-tête 'Base' introuvable.
Erreur dans le fichier ./CSV3\bulletins\bulletins_propres\table_page_289.csv: En-tête '2012Base' introuvable.
Erreur dans le fichier ./CSV3\bulletins\bulletins_propres\table_page_289.csv: En-tête 'Base' introuvable.
Erreur dans le fichier ./CSV3\bulletins\bulletins_propres\table_page_289.csv: En-tête '2018Base' introuvable.
Erreur dans le fichier ./CSV3\bulletins\bulletins_propres\table_page_289.csv: En-tête '2068Base' introuvable.
Erreur dans le fichier ./CSV3\bulletins\bulletins_propres\table_page_289.csv: En-tête '2078Base' introuvable.
Erreur dans le fichier ./CSV3\bulletins\bulletins_propres\table_page_289.csv: En-tête '2088Base' introuvable.
Erreur dans le fichier ./CSV3\bulletins\bulletins_propres\table_page_289.csv: En-tête '3B80Base' introuvable.
Erreur dans le fichier ./CSV3\bulletins\bulletins_propres\table_page_289.csv: En-tête '3B82Base' introuvable.
Erreur dans le fichier ./CSV3\bulletins\bulletins_propres\table_page_289.csv: En-tête 'Base' introuvable.
Erreur dans le fichier ./CSV3\bulletins\bulletins_propres\table_page_289.csv: En-tête 'TOTAL BRUTBase' introuvable.
Erreur dans le fichier ./CSV3\bulletins\bulletins_propres\table_page_289.csv: En-tête '60F2Base' introuvable.
Erreur dans le fichier ./CSV3\bulletins\bulletins_propres\table_page_289.csv: En-tête '7001Base' introuvable.
Erreur dans le fichier ./CSV3\bulletins\bulletins_propres\table_page_289.csv: En-tête '7010Base' introuvable.
Erreur dans le fichier ./CSV3\bulletins\bulletins_propres\table_page_289.csv: En-tête '7015Base' introuvable.
Erreur dans le fichier ./CSV3\bulletins\bulletins_propres\table_page_289.csv: En-tête '7020Base' introuvable.
Erreur dans le fichier ./CSV3\bulletins\bulletins_propres\table_page_289.csv: En-tête 'Base' introuvable.
Erreur dans le fichier ./CSV3\bulletins\bulletins_propres\table_page_289.csv: En-tête '7030Base' introuvable.
Erreur dans le fichier ./CSV3\bulletins\bulletins_propres\table_page_289.csv: En-tête 'Base' introuvable.
Erreur dans le fichier ./CSV3\bulletins\bulletins_propres\table_page_289.csv: En-tête '7035Base' introuvable.
Erreur dans le fichier ./CSV3\bulletins\bulletins_propres\table_page_289.csv: En-tête 'Base' introuvable.
Erreur dans le fichier ./CSV3\bulletins\bulletins_propres\table_page_289.csv: En-tête '7040Base' introuvable.
Erreur dans le fichier ./CSV3\bulletins\bulletins_propres\table_page_289.csv: En-tête 'Base' introuvable.
Erreur dans le fichier ./CSV3\bulletins\bulletins_propres\table_page_289.csv: En-tête '7045Base' introuvable.
Erreur dans le fichier ./CSV3\bulletins\bulletins_propres\table_page_289.csv: En-tête '7050Base' introuvable.
Erreur dans le fichier ./CSV3\bulletins\bulletins_propres\table_page_289.csv: En-tête '7055Base' introuvable.
Erreur dans le fichier ./CSV3\bulletins\bulletins_propres\table_page_289.csv: En-tête '7C00Base' introuvable.
Erreur dans le fichier ./CSV3\bulletins\bulletins_propres\table_page_289.csv: En-tête '7C20Base' introuvable.
Erreur dans le fichier ./CSV3\bulletins\bulletins_propres\table_page_289.csv: En-tête '7M05Base' introuvable.
Erreur dans le fichier ./CSV3\bulletins\bulletins_propres\table_page_289.csv: En-tête '7P20Base' introuvable.
Erreur dans le fichier ./CSV3\bulletins\bulletins_propres\table_page_289.csv: En-tête '7R56Base' introuvable.
Erreur dans le fichier ./CSV3\bulletins\bulletins_propres\table_page_289.csv: En-tête '7R63Base' introuvable.
Erreur dans le fichier ./CSV3\bulletins\bulletins_propres\table_page_289.csv: En-tête '7T00Base' introuvable.
Erreur dans le fichier ./CSV3\bulletins\bulletins_propres\table_page_289.csv: En-tête '7T02Base' introuvable.
Erreur dans le fichier ./CSV3\bulletins\bulletins_propres\table_page_289.csv: En-tête 'Base' introuvable.
Erreur dans le fichier ./CSV3\bulletins\bulletins_propres\table_page_289.csv: En-tête '7T05Base' introuvable.
Erreur dans le fichier ./CSV3\bulletins\bulletins_propres\table_page_289.csv: En-tête '7T10Base' introuvable.
Erreur dans le fichier ./CSV3\bulletins\bulletins_propres\table_page_289.csv: En-tête '7T15Base' introuvable.
Erreur dans le fichier ./CSV3\bulletins\bulletins_propres\table_page_289.csv: En-tête '7T20Base' introuvable.
Erreur dans le fichier ./CSV3\bulletins\bulletins_propres\table_page_289.csv: En-tête '6082Base' introuvable.
Erreur dans le fichier ./CSV3\bulletins\bulletins_propres\table_page_289.csv: En-tête '6094Base' introuvable.
Erreur dans le fichier ./CSV3\bulletins\bulletins_propres\table_page_289.csv: En-tête 'Total Charges Ded.Base' introuvable.
Erreur dans le fichier ./CSV3\bulletins\bulletins_propres\table_page_289.csv: En-tête '6080Base' introuvable.
Erreur dans le fichier ./CSV3\bulletins\bulletins_propres\table_page_289.csv: En-tête '6084Base' introuvable.
Erreur dans le fichier ./CSV3\bulletins\bulletins_propres\table_page_289.csv: En-tête '6092Base' introuvable.
Erreur dans le fichier ./CSV3\bulletins\bulletins_propres\table_page_289.csv: En-tête '6096Base' introuvable.
Erreur dans le fichier ./CSV3\bulletins\bulletins_propres\table_page_289.csv: En-tête '60F1Base' introuvable.
Erreur dans le fichier ./CSV3\bulletins\bulletins_propres\table_page_289.csv: En-tête '60F3Base' introuvable.
Erreur dans le fichier ./CSV3\bulletins\bulletins_propres\table_page_289.csv: En-tête '60F4Base' introuvable.
Erreur dans le fichier ./CSV3\bulletins\bulletins_propres\table_page_289.csv: En-tête '60F8Base' introuvable.
Erreur dans le fichier ./CSV3\bulletins\bulletins_propres\table_page_289.csv: En-tête '60F9Base' introuvable.
Erreur dans le fichier ./CSV3\bulletins\bulletins_propres\table_page_289.csv: En-tête 'Total Charges Non Ded.Base' introuvable.
Erreur dans le fichier ./CSV3\bulletins\bulletins_propres\table_page_289.csv: En-tête '8009Base' introuvable.
Erreur dans le fichier ./CSV3\bulletins\bulletins_propres\table_page_289.csv: En-tête '8010Base' introuvable.
Erreur dans le fichier ./CSV3\bulletins\bulletins_propres\table_page_289.csv: En-tête '8007Base' introuvable.
Erreur dans le fichier ./CSV3\bulletins\bulletins_propres\table_page_289.csv: En-tête '8192Base' introuvable.
Erreur dans le fichier ./CSV3\bulletins\bulletins_propres\table_page_29.csv: En-tête '1001Base' introuvable.
Erreur dans le fichier ./CSV3\bulletins\bulletins_propres\table_page_29.csv: En-tête '1046Base' introuvable.
Erreur dans le fichier ./CSV3\bulletins\bulletins_propres\table_page_29.csv: En-tête 'Base' introuvable.
Erreur dans le fichier ./CSV3\bulletins\bulletins_propres\table_page_29.csv: En-tête '1062Base' introuvable.
Erreur dans le fichier ./CSV3\bulletins\bulletins_propres\table_page_29.csv: En-tête 'Base' introuvable.
Erreur dans le fichier ./CSV3\bulletins\bulletins_propres\table_page_29.csv: En-tête '2012Base' introuvable.
Erreur dans le fichier ./CSV3\bulletins\bulletins_propres\table_page_29.csv: En-tête '2018Base' introuvable.
Erreur dans le fichier ./CSV3\bulletins\bulletins_propres\table_page_29.csv: En-tête '2068Base' introuvable.
Erreur dans le fichier ./CSV3\bulletins\bulletins_propres\table_page_29.csv: En-tête '2078Base' introuvable.
Erreur dans le fichier ./CSV3\bulletins\bulletins_propres\table_page_29.csv: En-tête '2112Base' introuvable.
Erreur dans le fichier ./CSV3\bulletins\bulletins_propres\table_page_29.csv: En-tête '3002Base' introuvable.
Erreur dans le fichier ./CSV3\bulletins\bulletins_propres\table_page_29.csv: En-tête '3502Base' introuvable.
Erreur dans le fichier ./CSV3\bulletins\bulletins_propres\table_page_29.csv: En-tête 'Base' introuvable.
Erreur dans le fichier ./CSV3\bulletins\bulletins_propres\table_page_29.csv: En-tête 'TOTAL BRUTBase' introuvable.
Erreur dans le fichier ./CSV3\bulletins\bulletins_propres\table_page_29.csv: En-tête '7001Base' introuvable.
Erreur dans le fichier ./CSV3\bulletins\bulletins_propres\table_page_29.csv: En-tête '7010Base' introuvable.
Erreur dans le fichier ./CSV3\bulletins\bulletins_propres\table_page_29.csv: En-tête '7015Base' introuvable.
Erreur dans le fichier ./CSV3\bulletins\bulletins_propres\table_page_29.csv: En-tête '7020Base' introuvable.
Erreur dans le fichier ./CSV3\bulletins\bulletins_propres\table_page_29.csv: En-tête 'Base' introuvable.
Erreur dans le fichier ./CSV3\bulletins\bulletins_propres\table_page_29.csv: En-tête '7030Base' introuvable.
Erreur dans le fichier ./CSV3\bulletins\bulletins_propres\table_page_29.csv: En-tête 'Base' introuvable.
Erreur dans le fichier ./CSV3\bulletins\bulletins_propres\table_page_29.csv: En-tête '7035Base' introuvable.
Erreur dans le fichier ./CSV3\bulletins\bulletins_propres\table_page_29.csv: En-tête 'Base' introuvable.
Erreur dans le fichier ./CSV3\bulletins\bulletins_propres\table_page_29.csv: En-tête '7040Base' introuvable.
Erreur dans le fichier ./CSV3\bulletins\bulletins_propres\table_page_29.csv: En-tête 'Base' introuvable.
Erreur dans le fichier ./CSV3\bulletins\bulletins_propres\table_page_29.csv: En-tête '7045Base' introuvable.
Erreur dans le fichier ./CSV3\bulletins\bulletins_propres\table_page_29.csv: En-tête '7050Base' introuvable.
Erreur dans le fichier ./CSV3\bulletins\bulletins_propres\table_page_29.csv: En-tête '7055Base' introuvable.
Erreur dans le fichier ./CSV3\bulletins\bulletins_propres\table_page_29.csv: En-tête '7C00Base' introuvable.
Erreur dans le fichier ./CSV3\bulletins\bulletins_propres\table_page_29.csv: En-tête '7C10Base' introuvable.
Erreur dans le fichier ./CSV3\bulletins\bulletins_propres\table_page_29.csv: En-tête '7C20Base' introuvable.
Erreur dans le fichier ./CSV3\bulletins\bulletins_propres\table_page_29.csv: En-tête '7M03Base' introuvable.
Erreur dans le fichier ./CSV3\bulletins\bulletins_propres\table_page_29.csv: En-tête '7P10Base' introuvable.
Erreur dans le fichier ./CSV3\bulletins\bulletins_propres\table_page_29.csv: En-tête '7P11Base' introuvable.
Erreur dans le fichier ./CSV3\bulletins\bulletins_propres\table_page_29.csv: En-tête '7R56Base' introuvable.
Erreur dans le fichier ./CSV3\bulletins\bulletins_propres\table_page_29.csv: En-tête '7R57Base' introuvable.
Erreur dans le fichier ./CSV3\bulletins\bulletins_propres\table_page_29.csv: En-tête 'Base' introuvable.
Erreur dans le fichier ./CSV3\bulletins\bulletins_propres\table_page_29.csv: En-tête '7R63Base' introuvable.
Erreur dans le fichier ./CSV3\bulletins\bulletins_propres\table_page_29.csv: En-tête 'Base' introuvable.
Erreur dans le fichier ./CSV3\bulletins\bulletins_propres\table_page_29.csv: En-tête '7R64Base' introuvable.
Erreur dans le fichier ./CSV3\bulletins\bulletins_propres\table_page_29.csv: En-tête '7R70Base' introuvable.
Erreur dans le fichier ./CSV3\bulletins\bulletins_propres\table_page_29.csv: En-tête '7R71Base' introuvable.
Erreur dans le fichier ./CSV3\bulletins\bulletins_propres\table_page_29.csv: En-tête '7T00Base' introuvable.
Erreur dans le fichier ./CSV3\bulletins\bulletins_propres\table_page_29.csv: En-tête '7T02Base' introuvable.
Erreur dans le fichier ./CSV3\bulletins\bulletins_propres\table_page_29.csv: En-tête '7T05Base' introuvable.
Erreur dans le fichier ./CSV3\bulletins\bulletins_propres\table_page_29.csv: En-tête '7T10Base' introuvable.
Erreur dans le fichier ./CSV3\bulletins\bulletins_propres\table_page_29.csv: En-tête '7T15Base' introuvable.
Erreur dans le fichier ./CSV3\bulletins\bulletins_propres\table_page_29.csv: En-tête '7T20Base' introuvable.
Erreur dans le fichier ./CSV3\bulletins\bulletins_propres\table_page_29.csv: En-tête '6082Base' introuvable.
Erreur dans le fichier ./CSV3\bulletins\bulletins_propres\table_page_29.csv: En-tête '6094Base' introuvable.
Erreur dans le fichier ./CSV3\bulletins\bulletins_propres\table_page_29.csv: En-tête 'Total Charges Ded.Base' introuvable.
Erreur dans le fichier ./CSV3\bulletins\bulletins_propres\table_page_29.csv: En-tête '6080Base' introuvable.
Erreur dans le fichier ./CSV3\bulletins\bulletins_propres\table_page_29.csv: En-tête '6084Base' introuvable.
Erreur dans le fichier ./CSV3\bulletins\bulletins_propres\table_page_29.csv: En-tête '6092Base' introuvable.
Erreur dans le fichier ./CSV3\bulletins\bulletins_propres\table_page_29.csv: En-tête '6096Base' introuvable.
Erreur dans le fichier ./CSV3\bulletins\bulletins_propres\table_page_29.csv: En-tête 'Total Charges Non Ded.Base' introuvable.
Erreur dans le fichier ./CSV3\bulletins\bulletins_propres\table_page_29.csv: En-tête '8009Base' introuvable.
Erreur dans le fichier ./CSV3\bulletins\bulletins_propres\table_page_29.csv: En-tête '8010Base' introuvable.
Erreur dans le fichier ./CSV3\bulletins\bulletins_propres\table_page_29.csv: En-tête '8007Base' introuvable.
Erreur dans le fichier ./CSV3\bulletins\bulletins_propres\table_page_29.csv: En-tête '8192Base' introuvable.
Erreur dans le fichier ./CSV3\bulletins\bulletins_propres\table_page_291.csv: En-tête '1001Base' introuvable.
Erreur dans le fichier ./CSV3\bulletins\bulletins_propres\table_page_291.csv: En-tête '1046Base' introuvable.
Erreur dans le fichier ./CSV3\bulletins\bulletins_propres\table_page_291.csv: En-tête 'Base' introuvable.
Erreur dans le fichier ./CSV3\bulletins\bulletins_propres\table_page_291.csv: En-tête '2012Base' introuvable.
Erreur dans le fichier ./CSV3\bulletins\bulletins_propres\table_page_291.csv: En-tête 'Base' introuvable.
Erreur dans le fichier ./CSV3\bulletins\bulletins_propres\table_page_291.csv: En-tête '2018Base' introuvable.
Erreur dans le fichier ./CSV3\bulletins\bulletins_propres\table_page_291.csv: En-tête '3050Base' introuvable.
Erreur dans le fichier ./CSV3\bulletins\bulletins_propres\table_page_291.csv: En-tête '3060Base' introuvable.
Erreur dans le fichier ./CSV3\bulletins\bulletins_propres\table_page_291.csv: En-tête '3200Base' introuvable.
Erreur dans le fichier ./CSV3\bulletins\bulletins_propres\table_page_291.csv: En-tête '3230Base' introuvable.
Erreur dans le fichier ./CSV3\bulletins\bulletins_propres\table_page_291.csv: En-tête 'Base' introuvable.
Erreur dans le fichier ./CSV3\bulletins\bulletins_propres\table_page_291.csv: En-tête 'TOTAL BRUTBase' introuvable.
Erreur dans le fichier ./CSV3\bulletins\bulletins_propres\table_page_291.csv: En-tête '7001Base' introuvable.
Erreur dans le fichier ./CSV3\bulletins\bulletins_propres\table_page_291.csv: En-tête '7010Base' introuvable.
Erreur dans le fichier ./CSV3\bulletins\bulletins_propres\table_page_291.csv: En-tête '7015Base' introuvable.
Erreur dans le fichier ./CSV3\bulletins\bulletins_propres\table_page_291.csv: En-tête '7020Base' introuvable.
Erreur dans le fichier ./CSV3\bulletins\bulletins_propres\table_page_291.csv: En-tête '7030Base' introuvable.
Erreur dans le fichier ./CSV3\bulletins\bulletins_propres\table_page_291.csv: En-tête '7035Base' introuvable.
Erreur dans le fichier ./CSV3\bulletins\bulletins_propres\table_page_291.csv: En-tête 'Base' introuvable.
Erreur dans le fichier ./CSV3\bulletins\bulletins_propres\table_page_291.csv: En-tête '7040Base' introuvable.
Erreur dans le fichier ./CSV3\bulletins\bulletins_propres\table_page_291.csv: En-tête 'Base' introuvable.
Erreur dans le fichier ./CSV3\bulletins\bulletins_propres\table_page_291.csv: En-tête '7045Base' introuvable.
Erreur dans le fichier ./CSV3\bulletins\bulletins_propres\table_page_291.csv: En-tête 'Base' introuvable.
Erreur dans le fichier ./CSV3\bulletins\bulletins_propres\table_page_291.csv: En-tête '7050Base' introuvable.
Erreur dans le fichier ./CSV3\bulletins\bulletins_propres\table_page_291.csv: En-tête 'Base' introuvable.
Erreur dans le fichier ./CSV3\bulletins\bulletins_propres\table_page_291.csv: En-tête '7055Base' introuvable.
Erreur dans le fichier ./CSV3\bulletins\bulletins_propres\table_page_291.csv: En-tête '7C00Base' introuvable.
Erreur dans le fichier ./CSV3\bulletins\bulletins_propres\table_page_291.csv: En-tête '7C20Base' introuvable.
Erreur dans le fichier ./CSV3\bulletins\bulletins_propres\table_page_291.csv: En-tête '7M04Base' introuvable.
Erreur dans le fichier ./CSV3\bulletins\bulletins_propres\table_page_291.csv: En-tête '7P10Base' introuvable.
Erreur dans le fichier ./CSV3\bulletins\bulletins_propres\table_page_291.csv: En-tête '7R56Base' introuvable.
Erreur dans le fichier ./CSV3\bulletins\bulletins_propres\table_page_291.csv: En-tête '7R63Base' introuvable.
Erreur dans le fichier ./CSV3\bulletins\bulletins_propres\table_page_291.csv: En-tête '7T00Base' introuvable.
Erreur dans le fichier ./CSV3\bulletins\bulletins_propres\table_page_291.csv: En-tête '7T02Base' introuvable.
Erreur dans le fichier ./CSV3\bulletins\bulletins_propres\table_page_291.csv: En-tête '7T05Base' introuvable.
Erreur dans le fichier ./CSV3\bulletins\bulletins_propres\table_page_291.csv: En-tête '7T10Base' introuvable.
Erreur dans le fichier ./CSV3\bulletins\bulletins_propres\table_page_291.csv: En-tête 'Base' introuvable.
Erreur dans le fichier ./CSV3\bulletins\bulletins_propres\table_page_291.csv: En-tête '7T15Base' introuvable.
Erreur dans le fichier ./CSV3\bulletins\bulletins_propres\table_page_291.csv: En-tête 'Base' introuvable.
Erreur dans le fichier ./CSV3\bulletins\bulletins_propres\table_page_291.csv: En-tête '7T20Base' introuvable.
Erreur dans le fichier ./CSV3\bulletins\bulletins_propres\table_page_291.csv: En-tête '6082Base' introuvable.
Erreur dans le fichier ./CSV3\bulletins\bulletins_propres\table_page_291.csv: En-tête '6094Base' introuvable.
Erreur dans le fichier ./CSV3\bulletins\bulletins_propres\table_page_291.csv: En-tête 'Total Charges Ded.Base' introuvable.
Erreur dans le fichier ./CSV3\bulletins\bulletins_propres\table_page_291.csv: En-tête '6080Base' introuvable.
Erreur dans le fichier ./CSV3\bulletins\bulletins_propres\table_page_291.csv: En-tête '6084Base' introuvable.
Erreur dans le fichier ./CSV3\bulletins\bulletins_propres\table_page_291.csv: En-tête '6092Base' introuvable.
Erreur dans le fichier ./CSV3\bulletins\bulletins_propres\table_page_291.csv: En-tête '6096Base' introuvable.
Erreur dans le fichier ./CSV3\bulletins\bulletins_propres\table_page_291.csv: En-tête 'Total Charges Non Ded.Base' introuvable.
Erreur dans le fichier ./CSV3\bulletins\bulletins_propres\table_page_291.csv: En-tête '/5I2IJ nette - Maladie 0624Base' introuvable.
Erreur dans le fichier ./CSV3\bulletins\bulletins_propres\table_page_291.csv: En-tête '8020Base' introuvable.
Erreur dans le fichier ./CSV3\bulletins\bulletins_propres\table_page_291.csv: En-tête '8192Base' introuvable.
Erreur dans le fichier ./CSV3\bulletins\bulletins_propres\table_page_291.csv: En-tête 'Base' introuvable.
Erreur dans le fichier ./CSV3\bulletins\bulletins_propres\table_page_291.csv: En-tête 'Base' introuvable.
Erreur dans le fichier ./CSV3\bulletins\bulletins_propres\table_page_291.csv: En-tête 'Impôt sur le revenuBase' introuvable.
Erreur dans le fichier ./CSV3\bulletins\bulletins_propres\table_page_291.csv: En-tête 'Impôt sur le revenu à la sourceBase' introuvable.
Erreur dans le fichier ./CSV3\bulletins\bulletins_propres\table_page_293.csv: En-tête '1001Base' introuvable.
Erreur dans le fichier ./CSV3\bulletins\bulletins_propres\table_page_293.csv: En-tête '1046Base' introuvable.
Erreur dans le fichier ./CSV3\bulletins\bulletins_propres\table_page_293.csv: En-tête 'Base' introuvable.
Erreur dans le fichier ./CSV3\bulletins\bulletins_propres\table_page_293.csv: En-tête '1062Base' introuvable.
Erreur dans le fichier ./CSV3\bulletins\bulletins_propres\table_page_293.csv: En-tête 'Base' introuvable.
Erreur dans le fichier ./CSV3\bulletins\bulletins_propres\table_page_293.csv: En-tête '2012Base' introuvable.
Erreur dans le fichier ./CSV3\bulletins\bulletins_propres\table_page_293.csv: En-tête '2018Base' introuvable.
Erreur dans le fichier ./CSV3\bulletins\bulletins_propres\table_page_293.csv: En-tête '2068Base' introuvable.
Erreur dans le fichier ./CSV3\bulletins\bulletins_propres\table_page_293.csv: En-tête '2078Base' introuvable.
Erreur dans le fichier ./CSV3\bulletins\bulletins_propres\table_page_293.csv: En-tête '2080Base' introuvable.
Erreur dans le fichier ./CSV3\bulletins\bulletins_propres\table_page_293.csv: En-tête '2082Base' introuvable.
Erreur dans le fichier ./CSV3\bulletins\bulletins_propres\table_page_293.csv: En-tête '2084Base' introuvable.
Erreur dans le fichier ./CSV3\bulletins\bulletins_propres\table_page_293.csv: En-tête '2112Base' introuvable.
Erreur dans le fichier ./CSV3\bulletins\bulletins_propres\table_page_293.csv: En-tête '2262Base' introuvable.
Erreur dans le fichier ./CSV3\bulletins\bulletins_propres\table_page_293.csv: En-tête 'Base' introuvable.
Erreur dans le fichier ./CSV3\bulletins\bulletins_propres\table_page_293.csv: En-tête 'TOTAL BRUTBase' introuvable.
Erreur dans le fichier ./CSV3\bulletins\bulletins_propres\table_page_293.csv: En-tête '7001Base' introuvable.
Erreur dans le fichier ./CSV3\bulletins\bulletins_propres\table_page_293.csv: En-tête '7002Base' introuvable.
Erreur dans le fichier ./CSV3\bulletins\bulletins_propres\table_page_293.csv: En-tête 'Base' introuvable.
Erreur dans le fichier ./CSV3\bulletins\bulletins_propres\table_page_293.csv: En-tête '7010Base' introuvable.
Erreur dans le fichier ./CSV3\bulletins\bulletins_propres\table_page_293.csv: En-tête 'Base' introuvable.
Erreur dans le fichier ./CSV3\bulletins\bulletins_propres\table_page_293.csv: En-tête '7015Base' introuvable.
Erreur dans le fichier ./CSV3\bulletins\bulletins_propres\table_page_293.csv: En-tête 'Base' introuvable.
Erreur dans le fichier ./CSV3\bulletins\bulletins_propres\table_page_293.csv: En-tête '7020Base' introuvable.
Erreur dans le fichier ./CSV3\bulletins\bulletins_propres\table_page_293.csv: En-tête 'Base' introuvable.
Erreur dans le fichier ./CSV3\bulletins\bulletins_propres\table_page_293.csv: En-tête '7030Base' introuvable.
Erreur dans le fichier ./CSV3\bulletins\bulletins_propres\table_page_293.csv: En-tête '7035Base' introuvable.
Erreur dans le fichier ./CSV3\bulletins\bulletins_propres\table_page_293.csv: En-tête '7040Base' introuvable.
Erreur dans le fichier ./CSV3\bulletins\bulletins_propres\table_page_293.csv: En-tête '7045Base' introuvable.
Erreur dans le fichier ./CSV3\bulletins\bulletins_propres\table_page_293.csv: En-tête '7050Base' introuvable.
Erreur dans le fichier ./CSV3\bulletins\bulletins_propres\table_page_293.csv: En-tête '7055Base' introuvable.
Erreur dans le fichier ./CSV3\bulletins\bulletins_propres\table_page_293.csv: En-tête '7C00Base' introuvable.
Erreur dans le fichier ./CSV3\bulletins\bulletins_propres\table_page_293.csv: En-tête '7C10Base' introuvable.
Erreur dans le fichier ./CSV3\bulletins\bulletins_propres\table_page_293.csv: En-tête '7C20Base' introuvable.
Erreur dans le fichier ./CSV3\bulletins\bulletins_propres\table_page_293.csv: En-tête '7P10Base' introuvable.
Erreur dans le fichier ./CSV3\bulletins\bulletins_propres\table_page_293.csv: En-tête '7P11Base' introuvable.
Erreur dans le fichier ./CSV3\bulletins\bulletins_propres\table_page_293.csv: En-tête 'Base' introuvable.
Erreur dans le fichier ./CSV3\bulletins\bulletins_propres\table_page_293.csv: En-tête '7R56Base' introuvable.
Erreur dans le fichier ./CSV3\bulletins\bulletins_propres\table_page_293.csv: En-tête '7R57Base' introuvable.
Erreur dans le fichier ./CSV3\bulletins\bulletins_propres\table_page_293.csv: En-tête '7R63Base' introuvable.
Erreur dans le fichier ./CSV3\bulletins\bulletins_propres\table_page_293.csv: En-tête '7R64Base' introuvable.
Erreur dans le fichier ./CSV3\bulletins\bulletins_propres\table_page_293.csv: En-tête '7R70Base' introuvable.
Erreur dans le fichier ./CSV3\bulletins\bulletins_propres\table_page_293.csv: En-tête '7R71Base' introuvable.
Erreur dans le fichier ./CSV3\bulletins\bulletins_propres\table_page_293.csv: En-tête '7T00Base' introuvable.
Erreur dans le fichier ./CSV3\bulletins\bulletins_propres\table_page_293.csv: En-tête '7T02Base' introuvable.
Erreur dans le fichier ./CSV3\bulletins\bulletins_propres\table_page_293.csv: En-tête '7T05Base' introuvable.
Erreur dans le fichier ./CSV3\bulletins\bulletins_propres\table_page_293.csv: En-tête '7T10Base' introuvable.
Erreur dans le fichier ./CSV3\bulletins\bulletins_propres\table_page_293.csv: En-tête '7T15Base' introuvable.
Erreur dans le fichier ./CSV3\bulletins\bulletins_propres\table_page_293.csv: En-tête '7T20Base' introuvable.
Erreur dans le fichier ./CSV3\bulletins\bulletins_propres\table_page_293.csv: En-tête '6082Base' introuvable.
Erreur dans le fichier ./CSV3\bulletins\bulletins_propres\table_page_293.csv: En-tête '6094Base' introuvable.
Erreur dans le fichier ./CSV3\bulletins\bulletins_propres\table_page_293.csv: En-tête 'Total Charges Ded.Base' introuvable.
Erreur dans le fichier ./CSV3\bulletins\bulletins_propres\table_page_293.csv: En-tête '6080Base' introuvable.
Erreur dans le fichier ./CSV3\bulletins\bulletins_propres\table_page_293.csv: En-tête '6084Base' introuvable.
Erreur dans le fichier ./CSV3\bulletins\bulletins_propres\table_page_293.csv: En-tête '6092Base' introuvable.
Erreur dans le fichier ./CSV3\bulletins\bulletins_propres\table_page_293.csv: En-tête '6096Base' introuvable.
Erreur dans le fichier ./CSV3\bulletins\bulletins_propres\table_page_293.csv: En-tête 'Total Charges Non Ded.Base' introuvable.
Erreur dans le fichier ./CSV3\bulletins\bulletins_propres\table_page_293.csv: En-tête '8009Base' introuvable.
Erreur dans le fichier ./CSV3\bulletins\bulletins_propres\table_page_293.csv: En-tête '8010Base' introuvable.
Erreur dans le fichier ./CSV3\bulletins\bulletins_propres\table_page_293.csv: En-tête '8007Base' introuvable.
Erreur dans le fichier ./CSV3\bulletins\bulletins_propres\table_page_295.csv: En-tête '1001Base' introuvable.
Erreur dans le fichier ./CSV3\bulletins\bulletins_propres\table_page_295.csv: En-tête '1046Base' introuvable.
Erreur dans le fichier ./CSV3\bulletins\bulletins_propres\table_page_295.csv: En-tête 'Base' introuvable.
Erreur dans le fichier ./CSV3\bulletins\bulletins_propres\table_page_295.csv: En-tête '2012Base' introuvable.
Erreur dans le fichier ./CSV3\bulletins\bulletins_propres\table_page_295.csv: En-tête 'Base' introuvable.
Erreur dans le fichier ./CSV3\bulletins\bulletins_propres\table_page_295.csv: En-tête '2018Base' introuvable.
Erreur dans le fichier ./CSV3\bulletins\bulletins_propres\table_page_295.csv: En-tête '2068Base' introuvable.
Erreur dans le fichier ./CSV3\bulletins\bulletins_propres\table_page_295.csv: En-tête '2078Base' introuvable.
Erreur dans le fichier ./CSV3\bulletins\bulletins_propres\table_page_295.csv: En-tête '3006Base' introuvable.
Erreur dans le fichier ./CSV3\bulletins\bulletins_propres\table_page_295.csv: En-tête 'Base' introuvable.
Erreur dans le fichier ./CSV3\bulletins\bulletins_propres\table_page_295.csv: En-tête 'TOTAL BRUTBase' introuvable.
Erreur dans le fichier ./CSV3\bulletins\bulletins_propres\table_page_295.csv: En-tête '6S89Base' introuvable.
Erreur dans le fichier ./CSV3\bulletins\bulletins_propres\table_page_295.csv: En-tête '7001Base' introuvable.
Erreur dans le fichier ./CSV3\bulletins\bulletins_propres\table_page_295.csv: En-tête '7010Base' introuvable.
Erreur dans le fichier ./CSV3\bulletins\bulletins_propres\table_page_295.csv: En-tête '7015Base' introuvable.
Erreur dans le fichier ./CSV3\bulletins\bulletins_propres\table_page_295.csv: En-tête '7020Base' introuvable.
Erreur dans le fichier ./CSV3\bulletins\bulletins_propres\table_page_295.csv: En-tête '7030Base' introuvable.
Erreur dans le fichier ./CSV3\bulletins\bulletins_propres\table_page_295.csv: En-tête '7035Base' introuvable.
Erreur dans le fichier ./CSV3\bulletins\bulletins_propres\table_page_295.csv: En-tête 'Base' introuvable.
Erreur dans le fichier ./CSV3\bulletins\bulletins_propres\table_page_295.csv: En-tête '7040Base' introuvable.
Erreur dans le fichier ./CSV3\bulletins\bulletins_propres\table_page_295.csv: En-tête 'Base' introuvable.
Erreur dans le fichier ./CSV3\bulletins\bulletins_propres\table_page_295.csv: En-tête '7045Base' introuvable.
Erreur dans le fichier ./CSV3\bulletins\bulletins_propres\table_page_295.csv: En-tête 'Base' introuvable.
Erreur dans le fichier ./CSV3\bulletins\bulletins_propres\table_page_295.csv: En-tête '7050Base' introuvable.
Erreur dans le fichier ./CSV3\bulletins\bulletins_propres\table_page_295.csv: En-tête 'Base' introuvable.
Erreur dans le fichier ./CSV3\bulletins\bulletins_propres\table_page_295.csv: En-tête '7055Base' introuvable.
Erreur dans le fichier ./CSV3\bulletins\bulletins_propres\table_page_295.csv: En-tête '7C00Base' introuvable.
Erreur dans le fichier ./CSV3\bulletins\bulletins_propres\table_page_295.csv: En-tête '7C20Base' introuvable.
Erreur dans le fichier ./CSV3\bulletins\bulletins_propres\table_page_295.csv: En-tête '7M05Base' introuvable.
Erreur dans le fichier ./CSV3\bulletins\bulletins_propres\table_page_295.csv: En-tête '7P20Base' introuvable.
Erreur dans le fichier ./CSV3\bulletins\bulletins_propres\table_page_295.csv: En-tête '7R56Base' introuvable.
Erreur dans le fichier ./CSV3\bulletins\bulletins_propres\table_page_295.csv: En-tête '7R63Base' introuvable.
Erreur dans le fichier ./CSV3\bulletins\bulletins_propres\table_page_295.csv: En-tête '7T00Base' introuvable.
Erreur dans le fichier ./CSV3\bulletins\bulletins_propres\table_page_295.csv: En-tête '7T02Base' introuvable.
Erreur dans le fichier ./CSV3\bulletins\bulletins_propres\table_page_295.csv: En-tête '7T05Base' introuvable.
Erreur dans le fichier ./CSV3\bulletins\bulletins_propres\table_page_295.csv: En-tête '7T10Base' introuvable.
Erreur dans le fichier ./CSV3\bulletins\bulletins_propres\table_page_295.csv: En-tête 'Base' introuvable.
Erreur dans le fichier ./CSV3\bulletins\bulletins_propres\table_page_295.csv: En-tête '7T15Base' introuvable.
Erreur dans le fichier ./CSV3\bulletins\bulletins_propres\table_page_295.csv: En-tête '7T20Base' introuvable.
Erreur dans le fichier ./CSV3\bulletins\bulletins_propres\table_page_295.csv: En-tête '6082Base' introuvable.
Erreur dans le fichier ./CSV3\bulletins\bulletins_propres\table_page_295.csv: En-tête '6094Base' introuvable.
Erreur dans le fichier ./CSV3\bulletins\bulletins_propres\table_page_295.csv: En-tête 'Total Charges Ded.Base' introuvable.
Erreur dans le fichier ./CSV3\bulletins\bulletins_propres\table_page_295.csv: En-tête '6070Base' introuvable.
Erreur dans le fichier ./CSV3\bulletins\bulletins_propres\table_page_295.csv: En-tête '6074Base' introuvable.
Erreur dans le fichier ./CSV3\bulletins\bulletins_propres\table_page_295.csv: En-tête '6080Base' introuvable.
Erreur dans le fichier ./CSV3\bulletins\bulletins_propres\table_page_295.csv: En-tête '6084Base' introuvable.
Erreur dans le fichier ./CSV3\bulletins\bulletins_propres\table_page_295.csv: En-tête '6092Base' introuvable.
Erreur dans le fichier ./CSV3\bulletins\bulletins_propres\table_page_295.csv: En-tête '6096Base' introuvable.
Erreur dans le fichier ./CSV3\bulletins\bulletins_propres\table_page_295.csv: En-tête 'Total Charges Non Ded.Base' introuvable.
Erreur dans le fichier ./CSV3\bulletins\bulletins_propres\table_page_295.csv: En-tête '8009Base' introuvable.
Erreur dans le fichier ./CSV3\bulletins\bulletins_propres\table_page_295.csv: En-tête '8010Base' introuvable.
Erreur dans le fichier ./CSV3\bulletins\bulletins_propres\table_page_295.csv: En-tête '8007Base' introuvable.
Erreur dans le fichier ./CSV3\bulletins\bulletins_propres\table_page_295.csv: En-tête '8192Base' introuvable.
Erreur dans le fichier ./CSV3\bulletins\bulletins_propres\table_page_295.csv: En-tête '8190Base' introuvable.
Erreur dans le fichier ./CSV3\bulletins\bulletins_propres\table_page_295.csv: En-tête 'Base' introuvable.
Erreur dans le fichier ./CSV3\bulletins\bulletins_propres\table_page_295.csv: En-tête 'Base' introuvable.
Erreur dans le fichier ./CSV3\bulletins\bulletins_propres\table_page_295.csv: En-tête 'Impôt sur le revenuBase' introuvable.
Erreur dans le fichier ./CSV3\bulletins\bulletins_propres\table_page_295.csv: En-tête 'Impôt sur le revenu à la sourceBase' introuvable.
Erreur dans le fichier ./CSV3\bulletins\bulletins_propres\table_page_297.csv: En-tête '1001Base' introuvable.
Erreur dans le fichier ./CSV3\bulletins\bulletins_propres\table_page_297.csv: En-tête '2012Base' introuvable.
Erreur dans le fichier ./CSV3\bulletins\bulletins_propres\table_page_297.csv: En-tête 'Base' introuvable.
Erreur dans le fichier ./CSV3\bulletins\bulletins_propres\table_page_297.csv: En-tête '2068Base' introuvable.
Erreur dans le fichier ./CSV3\bulletins\bulletins_propres\table_page_297.csv: En-tête 'Base' introuvable.
Erreur dans le fichier ./CSV3\bulletins\bulletins_propres\table_page_297.csv: En-tête '2078Base' introuvable.
Erreur dans le fichier ./CSV3\bulletins\bulletins_propres\table_page_297.csv: En-tête '3310Base' introuvable.
Erreur dans le fichier ./CSV3\bulletins\bulletins_propres\table_page_297.csv: En-tête '3315Base' introuvable.
Erreur dans le fichier ./CSV3\bulletins\bulletins_propres\table_page_297.csv: En-tête '3404Base' introuvable.
Erreur dans le fichier ./CSV3\bulletins\bulletins_propres\table_page_297.csv: En-tête '3406Base' introuvable.
Erreur dans le fichier ./CSV3\bulletins\bulletins_propres\table_page_297.csv: En-tête 'Base' introuvable.
Erreur dans le fichier ./CSV3\bulletins\bulletins_propres\table_page_297.csv: En-tête 'TOTAL BRUTBase' introuvable.
Erreur dans le fichier ./CSV3\bulletins\bulletins_propres\table_page_297.csv: En-tête '7001Base' introuvable.
Erreur dans le fichier ./CSV3\bulletins\bulletins_propres\table_page_297.csv: En-tête '7010Base' introuvable.
Erreur dans le fichier ./CSV3\bulletins\bulletins_propres\table_page_297.csv: En-tête '7015Base' introuvable.
Erreur dans le fichier ./CSV3\bulletins\bulletins_propres\table_page_297.csv: En-tête '7020Base' introuvable.
Erreur dans le fichier ./CSV3\bulletins\bulletins_propres\table_page_297.csv: En-tête '7030Base' introuvable.
Erreur dans le fichier ./CSV3\bulletins\bulletins_propres\table_page_297.csv: En-tête '7035Base' introuvable.
Erreur dans le fichier ./CSV3\bulletins\bulletins_propres\table_page_297.csv: En-tête 'Base' introuvable.
Erreur dans le fichier ./CSV3\bulletins\bulletins_propres\table_page_297.csv: En-tête '7040Base' introuvable.
Erreur dans le fichier ./CSV3\bulletins\bulletins_propres\table_page_297.csv: En-tête 'Base' introuvable.
Erreur dans le fichier ./CSV3\bulletins\bulletins_propres\table_page_297.csv: En-tête '7045Base' introuvable.
Erreur dans le fichier ./CSV3\bulletins\bulletins_propres\table_page_297.csv: En-tête 'Base' introuvable.
Erreur dans le fichier ./CSV3\bulletins\bulletins_propres\table_page_297.csv: En-tête '7050Base' introuvable.
Erreur dans le fichier ./CSV3\bulletins\bulletins_propres\table_page_297.csv: En-tête 'Base' introuvable.
Erreur dans le fichier ./CSV3\bulletins\bulletins_propres\table_page_297.csv: En-tête '7055Base' introuvable.
Erreur dans le fichier ./CSV3\bulletins\bulletins_propres\table_page_297.csv: En-tête '7C00Base' introuvable.
Erreur dans le fichier ./CSV3\bulletins\bulletins_propres\table_page_297.csv: En-tête '7C20Base' introuvable.
Erreur dans le fichier ./CSV3\bulletins\bulletins_propres\table_page_297.csv: En-tête '7M05Base' introuvable.
Erreur dans le fichier ./CSV3\bulletins\bulletins_propres\table_page_297.csv: En-tête '7P20Base' introuvable.
Erreur dans le fichier ./CSV3\bulletins\bulletins_propres\table_page_297.csv: En-tête '7R56Base' introuvable.
Erreur dans le fichier ./CSV3\bulletins\bulletins_propres\table_page_297.csv: En-tête '7R63Base' introuvable.
Erreur dans le fichier ./CSV3\bulletins\bulletins_propres\table_page_297.csv: En-tête '7T00Base' introuvable.
Erreur dans le fichier ./CSV3\bulletins\bulletins_propres\table_page_297.csv: En-tête '7T02Base' introuvable.
Erreur dans le fichier ./CSV3\bulletins\bulletins_propres\table_page_297.csv: En-tête '7T05Base' introuvable.
Erreur dans le fichier ./CSV3\bulletins\bulletins_propres\table_page_297.csv: En-tête '7T10Base' introuvable.
Erreur dans le fichier ./CSV3\bulletins\bulletins_propres\table_page_297.csv: En-tête 'Base' introuvable.
Erreur dans le fichier ./CSV3\bulletins\bulletins_propres\table_page_297.csv: En-tête '7T15Base' introuvable.
Erreur dans le fichier ./CSV3\bulletins\bulletins_propres\table_page_297.csv: En-tête 'Base' introuvable.
Erreur dans le fichier ./CSV3\bulletins\bulletins_propres\table_page_297.csv: En-tête '7T20Base' introuvable.
Erreur dans le fichier ./CSV3\bulletins\bulletins_propres\table_page_297.csv: En-tête 'Base' introuvable.
Erreur dans le fichier ./CSV3\bulletins\bulletins_propres\table_page_297.csv: En-tête '6082Base' introuvable.
Erreur dans le fichier ./CSV3\bulletins\bulletins_propres\table_page_297.csv: En-tête 'Base' introuvable.
Erreur dans le fichier ./CSV3\bulletins\bulletins_propres\table_page_297.csv: En-tête '6094Base' introuvable.
Erreur dans le fichier ./CSV3\bulletins\bulletins_propres\table_page_297.csv: En-tête 'Total Charges Ded.Base' introuvable.
Erreur dans le fichier ./CSV3\bulletins\bulletins_propres\table_page_297.csv: En-tête '6080Base' introuvable.
Erreur dans le fichier ./CSV3\bulletins\bulletins_propres\table_page_297.csv: En-tête '6084Base' introuvable.
Erreur dans le fichier ./CSV3\bulletins\bulletins_propres\table_page_297.csv: En-tête '6092Base' introuvable.
Erreur dans le fichier ./CSV3\bulletins\bulletins_propres\table_page_297.csv: En-tête '6096Base' introuvable.
Erreur dans le fichier ./CSV3\bulletins\bulletins_propres\table_page_297.csv: En-tête 'Total Charges Non Ded.Base' introuvable.
Erreur dans le fichier ./CSV3\bulletins\bulletins_propres\table_page_297.csv: En-tête '8009Base' introuvable.
Erreur dans le fichier ./CSV3\bulletins\bulletins_propres\table_page_297.csv: En-tête '8010Base' introuvable.
Erreur dans le fichier ./CSV3\bulletins\bulletins_propres\table_page_297.csv: En-tête '8007Base' introuvable.
Erreur dans le fichier ./CSV3\bulletins\bulletins_propres\table_page_299.csv: En-tête '1001Base' introuvable.
Erreur dans le fichier ./CSV3\bulletins\bulletins_propres\table_page_299.csv: En-tête '1046Base' introuvable.
Erreur dans le fichier ./CSV3\bulletins\bulletins_propres\table_page_299.csv: En-tête 'Base' introuvable.
Erreur dans le fichier ./CSV3\bulletins\bulletins_propres\table_page_299.csv: En-tête '2012Base' introuvable.
Erreur dans le fichier ./CSV3\bulletins\bulletins_propres\table_page_299.csv: En-tête 'Base' introuvable.
Erreur dans le fichier ./CSV3\bulletins\bulletins_propres\table_page_299.csv: En-tête '2068Base' introuvable.
Erreur dans le fichier ./CSV3\bulletins\bulletins_propres\table_page_299.csv: En-tête '2078Base' introuvable.
Erreur dans le fichier ./CSV3\bulletins\bulletins_propres\table_page_299.csv: En-tête '3250Base' introuvable.
Erreur dans le fichier ./CSV3\bulletins\bulletins_propres\table_page_299.csv: En-tête '3255Base' introuvable.
Erreur dans le fichier ./CSV3\bulletins\bulletins_propres\table_page_299.csv: En-tête '3270Base' introuvable.
Erreur dans le fichier ./CSV3\bulletins\bulletins_propres\table_page_299.csv: En-tête '3275Base' introuvable.
Erreur dans le fichier ./CSV3\bulletins\bulletins_propres\table_page_299.csv: En-tête 'Base' introuvable.
Erreur dans le fichier ./CSV3\bulletins\bulletins_propres\table_page_299.csv: En-tête 'TOTAL BRUTBase' introuvable.
Erreur dans le fichier ./CSV3\bulletins\bulletins_propres\table_page_299.csv: En-tête '7001Base' introuvable.
Erreur dans le fichier ./CSV3\bulletins\bulletins_propres\table_page_299.csv: En-tête '7010Base' introuvable.
Erreur dans le fichier ./CSV3\bulletins\bulletins_propres\table_page_299.csv: En-tête '7015Base' introuvable.
Erreur dans le fichier ./CSV3\bulletins\bulletins_propres\table_page_299.csv: En-tête '7020Base' introuvable.
Erreur dans le fichier ./CSV3\bulletins\bulletins_propres\table_page_299.csv: En-tête '7030Base' introuvable.
Erreur dans le fichier ./CSV3\bulletins\bulletins_propres\table_page_299.csv: En-tête 'Base' introuvable.
Erreur dans le fichier ./CSV3\bulletins\bulletins_propres\table_page_299.csv: En-tête '7035Base' introuvable.
Erreur dans le fichier ./CSV3\bulletins\bulletins_propres\table_page_299.csv: En-tête 'Base' introuvable.
Erreur dans le fichier ./CSV3\bulletins\bulletins_propres\table_page_299.csv: En-tête '7040Base' introuvable.
Erreur dans le fichier ./CSV3\bulletins\bulletins_propres\table_page_299.csv: En-tête 'Base' introuvable.
Erreur dans le fichier ./CSV3\bulletins\bulletins_propres\table_page_299.csv: En-tête '7045Base' introuvable.
Erreur dans le fichier ./CSV3\bulletins\bulletins_propres\table_page_299.csv: En-tête 'Base' introuvable.
Erreur dans le fichier ./CSV3\bulletins\bulletins_propres\table_page_299.csv: En-tête '7050Base' introuvable.
Erreur dans le fichier ./CSV3\bulletins\bulletins_propres\table_page_299.csv: En-tête '7055Base' introuvable.
Erreur dans le fichier ./CSV3\bulletins\bulletins_propres\table_page_299.csv: En-tête '7C00Base' introuvable.
Erreur dans le fichier ./CSV3\bulletins\bulletins_propres\table_page_299.csv: En-tête '7C20Base' introuvable.
Erreur dans le fichier ./CSV3\bulletins\bulletins_propres\table_page_299.csv: En-tête '7M05Base' introuvable.
Erreur dans le fichier ./CSV3\bulletins\bulletins_propres\table_page_299.csv: En-tête '7P20Base' introuvable.
Erreur dans le fichier ./CSV3\bulletins\bulletins_propres\table_page_299.csv: En-tête '7R56Base' introuvable.
Erreur dans le fichier ./CSV3\bulletins\bulletins_propres\table_page_299.csv: En-tête '7R63Base' introuvable.
Erreur dans le fichier ./CSV3\bulletins\bulletins_propres\table_page_299.csv: En-tête '7T00Base' introuvable.
Erreur dans le fichier ./CSV3\bulletins\bulletins_propres\table_page_299.csv: En-tête '7T02Base' introuvable.
Erreur dans le fichier ./CSV3\bulletins\bulletins_propres\table_page_299.csv: En-tête '7T05Base' introuvable.
Erreur dans le fichier ./CSV3\bulletins\bulletins_propres\table_page_299.csv: En-tête 'Base' introuvable.
Erreur dans le fichier ./CSV3\bulletins\bulletins_propres\table_page_299.csv: En-tête '7T10Base' introuvable.
Erreur dans le fichier ./CSV3\bulletins\bulletins_propres\table_page_299.csv: En-tête 'Base' introuvable.
Erreur dans le fichier ./CSV3\bulletins\bulletins_propres\table_page_299.csv: En-tête '7T15Base' introuvable.
Erreur dans le fichier ./CSV3\bulletins\bulletins_propres\table_page_299.csv: En-tête '7T20Base' introuvable.
Erreur dans le fichier ./CSV3\bulletins\bulletins_propres\table_page_299.csv: En-tête '6082Base' introuvable.
Erreur dans le fichier ./CSV3\bulletins\bulletins_propres\table_page_299.csv: En-tête '6094Base' introuvable.
Erreur dans le fichier ./CSV3\bulletins\bulletins_propres\table_page_299.csv: En-tête 'Total Charges Ded.Base' introuvable.
Erreur dans le fichier ./CSV3\bulletins\bulletins_propres\table_page_299.csv: En-tête '6080Base' introuvable.
Erreur dans le fichier ./CSV3\bulletins\bulletins_propres\table_page_299.csv: En-tête '6084Base' introuvable.
Erreur dans le fichier ./CSV3\bulletins\bulletins_propres\table_page_299.csv: En-tête '6092Base' introuvable.
Erreur dans le fichier ./CSV3\bulletins\bulletins_propres\table_page_299.csv: En-tête '6096Base' introuvable.
Erreur dans le fichier ./CSV3\bulletins\bulletins_propres\table_page_299.csv: En-tête 'Total Charges Non Ded.Base' introuvable.
Erreur dans le fichier ./CSV3\bulletins\bulletins_propres\table_page_299.csv: En-tête '8009Base' introuvable.
Erreur dans le fichier ./CSV3\bulletins\bulletins_propres\table_page_299.csv: En-tête '8010Base' introuvable.
Erreur dans le fichier ./CSV3\bulletins\bulletins_propres\table_page_299.csv: En-tête 'Base' introuvable.
Erreur dans le fichier ./CSV3\bulletins\bulletins_propres\table_page_299.csv: En-tête 'Base' introuvable.
Erreur dans le fichier ./CSV3\bulletins\bulletins_propres\table_page_299.csv: En-tête 'Impôt sur le revenuBase' introuvable.
Erreur dans le fichier ./CSV3\bulletins\bulletins_propres\table_page_299.csv: En-tête 'Impôt sur le revenu à la sourceBase' introuvable.
Erreur dans le fichier ./CSV3\bulletins\bulletins_propres\table_page_3.csv: En-tête '1001Base' introuvable.
Erreur dans le fichier ./CSV3\bulletins\bulletins_propres\table_page_3.csv: En-tête '1046Base' introuvable.
Erreur dans le fichier ./CSV3\bulletins\bulletins_propres\table_page_3.csv: En-tête 'Base' introuvable.
Erreur dans le fichier ./CSV3\bulletins\bulletins_propres\table_page_3.csv: En-tête '2012Base' introuvable.
Erreur dans le fichier ./CSV3\bulletins\bulletins_propres\table_page_3.csv: En-tête 'Base' introuvable.
Erreur dans le fichier ./CSV3\bulletins\bulletins_propres\table_page_3.csv: En-tête '2016Base' introuvable.
Erreur dans le fichier ./CSV3\bulletins\bulletins_propres\table_page_3.csv: En-tête '2050Base' introuvable.
Erreur dans le fichier ./CSV3\bulletins\bulletins_propres\table_page_3.csv: En-tête '2068Base' introuvable.
Erreur dans le fichier ./CSV3\bulletins\bulletins_propres\table_page_3.csv: En-tête '2078Base' introuvable.
Erreur dans le fichier ./CSV3\bulletins\bulletins_propres\table_page_3.csv: En-tête 'Base' introuvable.
Erreur dans le fichier ./CSV3\bulletins\bulletins_propres\table_page_3.csv: En-tête 'TOTAL BRUTBase' introuvable.
Erreur dans le fichier ./CSV3\bulletins\bulletins_propres\table_page_3.csv: En-tête '7001Base' introuvable.
Erreur dans le fichier ./CSV3\bulletins\bulletins_propres\table_page_3.csv: En-tête '7010Base' introuvable.
Erreur dans le fichier ./CSV3\bulletins\bulletins_propres\table_page_3.csv: En-tête '7015Base' introuvable.
Erreur dans le fichier ./CSV3\bulletins\bulletins_propres\table_page_3.csv: En-tête '7020Base' introuvable.
Erreur dans le fichier ./CSV3\bulletins\bulletins_propres\table_page_3.csv: En-tête '7030Base' introuvable.
Erreur dans le fichier ./CSV3\bulletins\bulletins_propres\table_page_3.csv: En-tête '7035Base' introuvable.
Erreur dans le fichier ./CSV3\bulletins\bulletins_propres\table_page_3.csv: En-tête '7040Base' introuvable.
Erreur dans le fichier ./CSV3\bulletins\bulletins_propres\table_page_3.csv: En-tête 'Base' introuvable.
Erreur dans le fichier ./CSV3\bulletins\bulletins_propres\table_page_3.csv: En-tête '7045Base' introuvable.
Erreur dans le fichier ./CSV3\bulletins\bulletins_propres\table_page_3.csv: En-tête 'Base' introuvable.
Erreur dans le fichier ./CSV3\bulletins\bulletins_propres\table_page_3.csv: En-tête '7050Base' introuvable.
Erreur dans le fichier ./CSV3\bulletins\bulletins_propres\table_page_3.csv: En-tête 'Base' introuvable.
Erreur dans le fichier ./CSV3\bulletins\bulletins_propres\table_page_3.csv: En-tête '7055Base' introuvable.
Erreur dans le fichier ./CSV3\bulletins\bulletins_propres\table_page_3.csv: En-tête 'Base' introuvable.
Erreur dans le fichier ./CSV3\bulletins\bulletins_propres\table_page_3.csv: En-tête '7C00Base' introuvable.
Erreur dans le fichier ./CSV3\bulletins\bulletins_propres\table_page_3.csv: En-tête '7C20Base' introuvable.
Erreur dans le fichier ./CSV3\bulletins\bulletins_propres\table_page_3.csv: En-tête '7M03Base' introuvable.
Erreur dans le fichier ./CSV3\bulletins\bulletins_propres\table_page_3.csv: En-tête '7P10Base' introuvable.
Erreur dans le fichier ./CSV3\bulletins\bulletins_propres\table_page_3.csv: En-tête '7R56Base' introuvable.
Erreur dans le fichier ./CSV3\bulletins\bulletins_propres\table_page_3.csv: En-tête '7R63Base' introuvable.
Erreur dans le fichier ./CSV3\bulletins\bulletins_propres\table_page_3.csv: En-tête '7T00Base' introuvable.
Erreur dans le fichier ./CSV3\bulletins\bulletins_propres\table_page_3.csv: En-tête '7T02Base' introuvable.
Erreur dans le fichier ./CSV3\bulletins\bulletins_propres\table_page_3.csv: En-tête '7T05Base' introuvable.
Erreur dans le fichier ./CSV3\bulletins\bulletins_propres\table_page_3.csv: En-tête '7T10Base' introuvable.
Erreur dans le fichier ./CSV3\bulletins\bulletins_propres\table_page_3.csv: En-tête '7T15Base' introuvable.
Erreur dans le fichier ./CSV3\bulletins\bulletins_propres\table_page_3.csv: En-tête 'Base' introuvable.
Erreur dans le fichier ./CSV3\bulletins\bulletins_propres\table_page_3.csv: En-tête '7T20Base' introuvable.
Erreur dans le fichier ./CSV3\bulletins\bulletins_propres\table_page_3.csv: En-tête '6082Base' introuvable.
Erreur dans le fichier ./CSV3\bulletins\bulletins_propres\table_page_3.csv: En-tête '6094Base' introuvable.
Erreur dans le fichier ./CSV3\bulletins\bulletins_propres\table_page_3.csv: En-tête 'Total Charges Ded.Base' introuvable.
Erreur dans le fichier ./CSV3\bulletins\bulletins_propres\table_page_3.csv: En-tête '6080Base' introuvable.
Erreur dans le fichier ./CSV3\bulletins\bulletins_propres\table_page_3.csv: En-tête '6084Base' introuvable.
Erreur dans le fichier ./CSV3\bulletins\bulletins_propres\table_page_3.csv: En-tête '6092Base' introuvable.
Erreur dans le fichier ./CSV3\bulletins\bulletins_propres\table_page_3.csv: En-tête '6096Base' introuvable.
Erreur dans le fichier ./CSV3\bulletins\bulletins_propres\table_page_3.csv: En-tête 'Total Charges Non Ded.Base' introuvable.
Erreur dans le fichier ./CSV3\bulletins\bulletins_propres\table_page_3.csv: En-tête '8009Base' introuvable.
Erreur dans le fichier ./CSV3\bulletins\bulletins_propres\table_page_3.csv: En-tête '8010Base' introuvable.
Erreur dans le fichier ./CSV3\bulletins\bulletins_propres\table_page_3.csv: En-tête '8007Base' introuvable.
Erreur dans le fichier ./CSV3\bulletins\bulletins_propres\table_page_3.csv: En-tête 'Base' introuvable.
Erreur dans le fichier ./CSV3\bulletins\bulletins_propres\table_page_3.csv: En-tête 'Base' introuvable.
Erreur dans le fichier ./CSV3\bulletins\bulletins_propres\table_page_3.csv: En-tête 'Impôt sur le revenuBase' introuvable.
Erreur dans le fichier ./CSV3\bulletins\bulletins_propres\table_page_3.csv: En-tête 'Impôt sur le revenu à la sourceBase' introuvable.
Erreur dans le fichier ./CSV3\bulletins\bulletins_propres\table_page_301.csv: En-tête '1001Base' introuvable.
Erreur dans le fichier ./CSV3\bulletins\bulletins_propres\table_page_301.csv: En-tête '1046Base' introuvable.
Erreur dans le fichier ./CSV3\bulletins\bulletins_propres\table_page_301.csv: En-tête 'Base' introuvable.
Erreur dans le fichier ./CSV3\bulletins\bulletins_propres\table_page_301.csv: En-tête '2012Base' introuvable.
Erreur dans le fichier ./CSV3\bulletins\bulletins_propres\table_page_301.csv: En-tête 'Base' introuvable.
Erreur dans le fichier ./CSV3\bulletins\bulletins_propres\table_page_301.csv: En-tête '2018Base' introuvable.
Erreur dans le fichier ./CSV3\bulletins\bulletins_propres\table_page_301.csv: En-tête '2068Base' introuvable.
Erreur dans le fichier ./CSV3\bulletins\bulletins_propres\table_page_301.csv: En-tête '2078Base' introuvable.
Erreur dans le fichier ./CSV3\bulletins\bulletins_propres\table_page_301.csv: En-tête '2082Base' introuvable.
Erreur dans le fichier ./CSV3\bulletins\bulletins_propres\table_page_301.csv: En-tête '3006Base' introuvable.
Erreur dans le fichier ./CSV3\bulletins\bulletins_propres\table_page_301.csv: En-tête 'Base' introuvable.
Erreur dans le fichier ./CSV3\bulletins\bulletins_propres\table_page_301.csv: En-tête 'TOTAL BRUTBase' introuvable.
Erreur dans le fichier ./CSV3\bulletins\bulletins_propres\table_page_301.csv: En-tête '6S89Base' introuvable.
Erreur dans le fichier ./CSV3\bulletins\bulletins_propres\table_page_301.csv: En-tête '7001Base' introuvable.
Erreur dans le fichier ./CSV3\bulletins\bulletins_propres\table_page_301.csv: En-tête '7010Base' introuvable.
Erreur dans le fichier ./CSV3\bulletins\bulletins_propres\table_page_301.csv: En-tête '7015Base' introuvable.
Erreur dans le fichier ./CSV3\bulletins\bulletins_propres\table_page_301.csv: En-tête '7020Base' introuvable.
Erreur dans le fichier ./CSV3\bulletins\bulletins_propres\table_page_301.csv: En-tête '7030Base' introuvable.
Erreur dans le fichier ./CSV3\bulletins\bulletins_propres\table_page_301.csv: En-tête 'Base' introuvable.
Erreur dans le fichier ./CSV3\bulletins\bulletins_propres\table_page_301.csv: En-tête '7035Base' introuvable.
Erreur dans le fichier ./CSV3\bulletins\bulletins_propres\table_page_301.csv: En-tête 'Base' introuvable.
Erreur dans le fichier ./CSV3\bulletins\bulletins_propres\table_page_301.csv: En-tête '7040Base' introuvable.
Erreur dans le fichier ./CSV3\bulletins\bulletins_propres\table_page_301.csv: En-tête 'Base' introuvable.
Erreur dans le fichier ./CSV3\bulletins\bulletins_propres\table_page_301.csv: En-tête '7045Base' introuvable.
Erreur dans le fichier ./CSV3\bulletins\bulletins_propres\table_page_301.csv: En-tête 'Base' introuvable.
Erreur dans le fichier ./CSV3\bulletins\bulletins_propres\table_page_301.csv: En-tête '7050Base' introuvable.
Erreur dans le fichier ./CSV3\bulletins\bulletins_propres\table_page_301.csv: En-tête '7055Base' introuvable.
Erreur dans le fichier ./CSV3\bulletins\bulletins_propres\table_page_301.csv: En-tête '7C00Base' introuvable.
Erreur dans le fichier ./CSV3\bulletins\bulletins_propres\table_page_301.csv: En-tête '7C20Base' introuvable.
Erreur dans le fichier ./CSV3\bulletins\bulletins_propres\table_page_301.csv: En-tête '7M03Base' introuvable.
Erreur dans le fichier ./CSV3\bulletins\bulletins_propres\table_page_301.csv: En-tête '7P10Base' introuvable.
Erreur dans le fichier ./CSV3\bulletins\bulletins_propres\table_page_301.csv: En-tête '7R56Base' introuvable.
Erreur dans le fichier ./CSV3\bulletins\bulletins_propres\table_page_301.csv: En-tête '7R63Base' introuvable.
Erreur dans le fichier ./CSV3\bulletins\bulletins_propres\table_page_301.csv: En-tête '7T00Base' introuvable.
Erreur dans le fichier ./CSV3\bulletins\bulletins_propres\table_page_301.csv: En-tête '7T02Base' introuvable.
Erreur dans le fichier ./CSV3\bulletins\bulletins_propres\table_page_301.csv: En-tête '7T05Base' introuvable.
Erreur dans le fichier ./CSV3\bulletins\bulletins_propres\table_page_301.csv: En-tête 'Base' introuvable.
Erreur dans le fichier ./CSV3\bulletins\bulletins_propres\table_page_301.csv: En-tête '7T10Base' introuvable.
Erreur dans le fichier ./CSV3\bulletins\bulletins_propres\table_page_301.csv: En-tête '7T15Base' introuvable.
Erreur dans le fichier ./CSV3\bulletins\bulletins_propres\table_page_301.csv: En-tête '7T20Base' introuvable.
Erreur dans le fichier ./CSV3\bulletins\bulletins_propres\table_page_301.csv: En-tête '6082Base' introuvable.
Erreur dans le fichier ./CSV3\bulletins\bulletins_propres\table_page_301.csv: En-tête '6094Base' introuvable.
Erreur dans le fichier ./CSV3\bulletins\bulletins_propres\table_page_301.csv: En-tête 'Total Charges Ded.Base' introuvable.
Erreur dans le fichier ./CSV3\bulletins\bulletins_propres\table_page_301.csv: En-tête '6070Base' introuvable.
Erreur dans le fichier ./CSV3\bulletins\bulletins_propres\table_page_301.csv: En-tête '6074Base' introuvable.
Erreur dans le fichier ./CSV3\bulletins\bulletins_propres\table_page_301.csv: En-tête '6080Base' introuvable.
Erreur dans le fichier ./CSV3\bulletins\bulletins_propres\table_page_301.csv: En-tête '6084Base' introuvable.
Erreur dans le fichier ./CSV3\bulletins\bulletins_propres\table_page_301.csv: En-tête '6092Base' introuvable.
Erreur dans le fichier ./CSV3\bulletins\bulletins_propres\table_page_301.csv: En-tête '6096Base' introuvable.
Erreur dans le fichier ./CSV3\bulletins\bulletins_propres\table_page_301.csv: En-tête 'Total Charges Non Ded.Base' introuvable.
Erreur dans le fichier ./CSV3\bulletins\bulletins_propres\table_page_301.csv: En-tête '8009Base' introuvable.
Erreur dans le fichier ./CSV3\bulletins\bulletins_propres\table_page_301.csv: En-tête '8010Base' introuvable.
Erreur dans le fichier ./CSV3\bulletins\bulletins_propres\table_page_301.csv: En-tête '8007Base' introuvable.
Erreur dans le fichier ./CSV3\bulletins\bulletins_propres\table_page_301.csv: En-tête '8192Base' introuvable.
Erreur dans le fichier ./CSV3\bulletins\bulletins_propres\table_page_301.csv: En-tête '8190Base' introuvable.
Erreur dans le fichier ./CSV3\bulletins\bulletins_propres\table_page_303.csv: En-tête '1001Base' introuvable.
Erreur dans le fichier ./CSV3\bulletins\bulletins_propres\table_page_303.csv: En-tête '1046Base' introuvable.
Erreur dans le fichier ./CSV3\bulletins\bulletins_propres\table_page_303.csv: En-tête 'Base' introuvable.
Erreur dans le fichier ./CSV3\bulletins\bulletins_propres\table_page_303.csv: En-tête '2012Base' introuvable.
Erreur dans le fichier ./CSV3\bulletins\bulletins_propres\table_page_303.csv: En-tête 'Base' introuvable.
Erreur dans le fichier ./CSV3\bulletins\bulletins_propres\table_page_303.csv: En-tête '2068Base' introuvable.
Erreur dans le fichier ./CSV3\bulletins\bulletins_propres\table_page_303.csv: En-tête '2078Base' introuvable.
Erreur dans le fichier ./CSV3\bulletins\bulletins_propres\table_page_303.csv: En-tête '3270Base' introuvable.
Erreur dans le fichier ./CSV3\bulletins\bulletins_propres\table_page_303.csv: En-tête '3275Base' introuvable.
Erreur dans le fichier ./CSV3\bulletins\bulletins_propres\table_page_303.csv: En-tête '3280Base' introuvable.
Erreur dans le fichier ./CSV3\bulletins\bulletins_propres\table_page_303.csv: En-tête '3285Base' introuvable.
Erreur dans le fichier ./CSV3\bulletins\bulletins_propres\table_page_303.csv: En-tête 'Base' introuvable.
Erreur dans le fichier ./CSV3\bulletins\bulletins_propres\table_page_303.csv: En-tête 'TOTAL BRUTBase' introuvable.
Erreur dans le fichier ./CSV3\bulletins\bulletins_propres\table_page_303.csv: En-tête '7001Base' introuvable.
Erreur dans le fichier ./CSV3\bulletins\bulletins_propres\table_page_303.csv: En-tête '7010Base' introuvable.
Erreur dans le fichier ./CSV3\bulletins\bulletins_propres\table_page_303.csv: En-tête '7015Base' introuvable.
Erreur dans le fichier ./CSV3\bulletins\bulletins_propres\table_page_303.csv: En-tête '7020Base' introuvable.
Erreur dans le fichier ./CSV3\bulletins\bulletins_propres\table_page_303.csv: En-tête '7030Base' introuvable.
Erreur dans le fichier ./CSV3\bulletins\bulletins_propres\table_page_303.csv: En-tête 'Base' introuvable.
Erreur dans le fichier ./CSV3\bulletins\bulletins_propres\table_page_303.csv: En-tête '7035Base' introuvable.
Erreur dans le fichier ./CSV3\bulletins\bulletins_propres\table_page_303.csv: En-tête 'Base' introuvable.
Erreur dans le fichier ./CSV3\bulletins\bulletins_propres\table_page_303.csv: En-tête '7040Base' introuvable.
Erreur dans le fichier ./CSV3\bulletins\bulletins_propres\table_page_303.csv: En-tête 'Base' introuvable.
Erreur dans le fichier ./CSV3\bulletins\bulletins_propres\table_page_303.csv: En-tête '7045Base' introuvable.
Erreur dans le fichier ./CSV3\bulletins\bulletins_propres\table_page_303.csv: En-tête 'Base' introuvable.
Erreur dans le fichier ./CSV3\bulletins\bulletins_propres\table_page_303.csv: En-tête '7050Base' introuvable.
Erreur dans le fichier ./CSV3\bulletins\bulletins_propres\table_page_303.csv: En-tête '7055Base' introuvable.
Erreur dans le fichier ./CSV3\bulletins\bulletins_propres\table_page_303.csv: En-tête '7C00Base' introuvable.
Erreur dans le fichier ./CSV3\bulletins\bulletins_propres\table_page_303.csv: En-tête '7C20Base' introuvable.
Erreur dans le fichier ./CSV3\bulletins\bulletins_propres\table_page_303.csv: En-tête '7M05Base' introuvable.
Erreur dans le fichier ./CSV3\bulletins\bulletins_propres\table_page_303.csv: En-tête '7P20Base' introuvable.
Erreur dans le fichier ./CSV3\bulletins\bulletins_propres\table_page_303.csv: En-tête '7R56Base' introuvable.
Erreur dans le fichier ./CSV3\bulletins\bulletins_propres\table_page_303.csv: En-tête '7R63Base' introuvable.
Erreur dans le fichier ./CSV3\bulletins\bulletins_propres\table_page_303.csv: En-tête '7T00Base' introuvable.
Erreur dans le fichier ./CSV3\bulletins\bulletins_propres\table_page_303.csv: En-tête '7T02Base' introuvable.
Erreur dans le fichier ./CSV3\bulletins\bulletins_propres\table_page_303.csv: En-tête '7T05Base' introuvable.
Erreur dans le fichier ./CSV3\bulletins\bulletins_propres\table_page_303.csv: En-tête 'Base' introuvable.
Erreur dans le fichier ./CSV3\bulletins\bulletins_propres\table_page_303.csv: En-tête '7T10Base' introuvable.
Erreur dans le fichier ./CSV3\bulletins\bulletins_propres\table_page_303.csv: En-tête 'Base' introuvable.
Erreur dans le fichier ./CSV3\bulletins\bulletins_propres\table_page_303.csv: En-tête '7T15Base' introuvable.
Erreur dans le fichier ./CSV3\bulletins\bulletins_propres\table_page_303.csv: En-tête '7T20Base' introuvable.
Erreur dans le fichier ./CSV3\bulletins\bulletins_propres\table_page_303.csv: En-tête '6082Base' introuvable.
Erreur dans le fichier ./CSV3\bulletins\bulletins_propres\table_page_303.csv: En-tête '6094Base' introuvable.
Erreur dans le fichier ./CSV3\bulletins\bulletins_propres\table_page_303.csv: En-tête 'Total Charges Ded.Base' introuvable.
Erreur dans le fichier ./CSV3\bulletins\bulletins_propres\table_page_303.csv: En-tête '6080Base' introuvable.
Erreur dans le fichier ./CSV3\bulletins\bulletins_propres\table_page_303.csv: En-tête '6084Base' introuvable.
Erreur dans le fichier ./CSV3\bulletins\bulletins_propres\table_page_303.csv: En-tête '6092Base' introuvable.
Erreur dans le fichier ./CSV3\bulletins\bulletins_propres\table_page_303.csv: En-tête '6096Base' introuvable.
Erreur dans le fichier ./CSV3\bulletins\bulletins_propres\table_page_303.csv: En-tête 'Total Charges Non Ded.Base' introuvable.
Erreur dans le fichier ./CSV3\bulletins\bulletins_propres\table_page_303.csv: En-tête '8009Base' introuvable.
Erreur dans le fichier ./CSV3\bulletins\bulletins_propres\table_page_303.csv: En-tête '8010Base' introuvable.
Erreur dans le fichier ./CSV3\bulletins\bulletins_propres\table_page_303.csv: En-tête '8007Base' introuvable.
Erreur dans le fichier ./CSV3\bulletins\bulletins_propres\table_page_303.csv: En-tête '8192Base' introuvable.
Erreur dans le fichier ./CSV3\bulletins\bulletins_propres\table_page_303.csv: En-tête 'Base' introuvable.
Erreur dans le fichier ./CSV3\bulletins\bulletins_propres\table_page_303.csv: En-tête 'Base' introuvable.
Erreur dans le fichier ./CSV3\bulletins\bulletins_propres\table_page_303.csv: En-tête 'Impôt sur le revenuBase' introuvable.
Erreur dans le fichier ./CSV3\bulletins\bulletins_propres\table_page_303.csv: En-tête 'Impôt sur le revenu à la sourceBase' introuvable.
Erreur dans le fichier ./CSV3\bulletins\bulletins_propres\table_page_305.csv: En-tête '1001Base' introuvable.
Erreur dans le fichier ./CSV3\bulletins\bulletins_propres\table_page_305.csv: En-tête '2012Base' introuvable.
Erreur dans le fichier ./CSV3\bulletins\bulletins_propres\table_page_305.csv: En-tête 'Base' introuvable.
Erreur dans le fichier ./CSV3\bulletins\bulletins_propres\table_page_305.csv: En-tête '2068Base' introuvable.
Erreur dans le fichier ./CSV3\bulletins\bulletins_propres\table_page_305.csv: En-tête 'Base' introuvable.
Erreur dans le fichier ./CSV3\bulletins\bulletins_propres\table_page_305.csv: En-tête '2084Base' introuvable.
Erreur dans le fichier ./CSV3\bulletins\bulletins_propres\table_page_305.csv: En-tête '3404Base' introuvable.
Erreur dans le fichier ./CSV3\bulletins\bulletins_propres\table_page_305.csv: En-tête '3406Base' introuvable.
Erreur dans le fichier ./CSV3\bulletins\bulletins_propres\table_page_305.csv: En-tête 'Base' introuvable.
Erreur dans le fichier ./CSV3\bulletins\bulletins_propres\table_page_305.csv: En-tête 'TOTAL BRUTBase' introuvable.
Erreur dans le fichier ./CSV3\bulletins\bulletins_propres\table_page_305.csv: En-tête '7001Base' introuvable.
Erreur dans le fichier ./CSV3\bulletins\bulletins_propres\table_page_305.csv: En-tête '7010Base' introuvable.
Erreur dans le fichier ./CSV3\bulletins\bulletins_propres\table_page_305.csv: En-tête '7015Base' introuvable.
Erreur dans le fichier ./CSV3\bulletins\bulletins_propres\table_page_305.csv: En-tête '7020Base' introuvable.
Erreur dans le fichier ./CSV3\bulletins\bulletins_propres\table_page_305.csv: En-tête '7030Base' introuvable.
Erreur dans le fichier ./CSV3\bulletins\bulletins_propres\table_page_305.csv: En-tête '7035Base' introuvable.
Erreur dans le fichier ./CSV3\bulletins\bulletins_propres\table_page_305.csv: En-tête '7040Base' introuvable.
Erreur dans le fichier ./CSV3\bulletins\bulletins_propres\table_page_305.csv: En-tête '7045Base' introuvable.
Erreur dans le fichier ./CSV3\bulletins\bulletins_propres\table_page_305.csv: En-tête 'Base' introuvable.
Erreur dans le fichier ./CSV3\bulletins\bulletins_propres\table_page_305.csv: En-tête '7050Base' introuvable.
Erreur dans le fichier ./CSV3\bulletins\bulletins_propres\table_page_305.csv: En-tête 'Base' introuvable.
Erreur dans le fichier ./CSV3\bulletins\bulletins_propres\table_page_305.csv: En-tête '7055Base' introuvable.
Erreur dans le fichier ./CSV3\bulletins\bulletins_propres\table_page_305.csv: En-tête 'Base' introuvable.
Erreur dans le fichier ./CSV3\bulletins\bulletins_propres\table_page_305.csv: En-tête '7C00Base' introuvable.
Erreur dans le fichier ./CSV3\bulletins\bulletins_propres\table_page_305.csv: En-tête 'Base' introuvable.
Erreur dans le fichier ./CSV3\bulletins\bulletins_propres\table_page_305.csv: En-tête '7C20Base' introuvable.
Erreur dans le fichier ./CSV3\bulletins\bulletins_propres\table_page_305.csv: En-tête '7M05Base' introuvable.
Erreur dans le fichier ./CSV3\bulletins\bulletins_propres\table_page_305.csv: En-tête '7P20Base' introuvable.
Erreur dans le fichier ./CSV3\bulletins\bulletins_propres\table_page_305.csv: En-tête '7R56Base' introuvable.
Erreur dans le fichier ./CSV3\bulletins\bulletins_propres\table_page_305.csv: En-tête '7R63Base' introuvable.
Erreur dans le fichier ./CSV3\bulletins\bulletins_propres\table_page_305.csv: En-tête '7T00Base' introuvable.
Erreur dans le fichier ./CSV3\bulletins\bulletins_propres\table_page_305.csv: En-tête '7T02Base' introuvable.
Erreur dans le fichier ./CSV3\bulletins\bulletins_propres\table_page_305.csv: En-tête '7T05Base' introuvable.
Erreur dans le fichier ./CSV3\bulletins\bulletins_propres\table_page_305.csv: En-tête '7T10Base' introuvable.
Erreur dans le fichier ./CSV3\bulletins\bulletins_propres\table_page_305.csv: En-tête '7T15Base' introuvable.
Erreur dans le fichier ./CSV3\bulletins\bulletins_propres\table_page_305.csv: En-tête '7T20Base' introuvable.
Erreur dans le fichier ./CSV3\bulletins\bulletins_propres\table_page_305.csv: En-tête 'Base' introuvable.
Erreur dans le fichier ./CSV3\bulletins\bulletins_propres\table_page_305.csv: En-tête '6082Base' introuvable.
Erreur dans le fichier ./CSV3\bulletins\bulletins_propres\table_page_305.csv: En-tête 'Base' introuvable.
Erreur dans le fichier ./CSV3\bulletins\bulletins_propres\table_page_305.csv: En-tête '6094Base' introuvable.
Erreur dans le fichier ./CSV3\bulletins\bulletins_propres\table_page_305.csv: En-tête 'Total Charges Ded.Base' introuvable.
Erreur dans le fichier ./CSV3\bulletins\bulletins_propres\table_page_305.csv: En-tête '6080Base' introuvable.
Erreur dans le fichier ./CSV3\bulletins\bulletins_propres\table_page_305.csv: En-tête '6084Base' introuvable.
Erreur dans le fichier ./CSV3\bulletins\bulletins_propres\table_page_305.csv: En-tête '6092Base' introuvable.
Erreur dans le fichier ./CSV3\bulletins\bulletins_propres\table_page_305.csv: En-tête '6096Base' introuvable.
Erreur dans le fichier ./CSV3\bulletins\bulletins_propres\table_page_305.csv: En-tête 'Total Charges Non Ded.Base' introuvable.
Erreur dans le fichier ./CSV3\bulletins\bulletins_propres\table_page_305.csv: En-tête '8009Base' introuvable.
Erreur dans le fichier ./CSV3\bulletins\bulletins_propres\table_page_305.csv: En-tête '8010Base' introuvable.
Erreur dans le fichier ./CSV3\bulletins\bulletins_propres\table_page_305.csv: En-tête '8020Base' introuvable.
Erreur dans le fichier ./CSV3\bulletins\bulletins_propres\table_page_307.csv: En-tête '1001Base' introuvable.
Erreur dans le fichier ./CSV3\bulletins\bulletins_propres\table_page_307.csv: En-tête '1046Base' introuvable.
Erreur dans le fichier ./CSV3\bulletins\bulletins_propres\table_page_307.csv: En-tête 'Base' introuvable.
Erreur dans le fichier ./CSV3\bulletins\bulletins_propres\table_page_307.csv: En-tête '2012Base' introuvable.
Erreur dans le fichier ./CSV3\bulletins\bulletins_propres\table_page_307.csv: En-tête 'Base' introuvable.
Erreur dans le fichier ./CSV3\bulletins\bulletins_propres\table_page_307.csv: En-tête '2018Base' introuvable.
Erreur dans le fichier ./CSV3\bulletins\bulletins_propres\table_page_307.csv: En-tête '2068Base' introuvable.
Erreur dans le fichier ./CSV3\bulletins\bulletins_propres\table_page_307.csv: En-tête '2078Base' introuvable.
Erreur dans le fichier ./CSV3\bulletins\bulletins_propres\table_page_307.csv: En-tête '2082Base' introuvable.
Erreur dans le fichier ./CSV3\bulletins\bulletins_propres\table_page_307.csv: En-tête '3460Base' introuvable.
Erreur dans le fichier ./CSV3\bulletins\bulletins_propres\table_page_307.csv: En-tête '3462Base' introuvable.
Erreur dans le fichier ./CSV3\bulletins\bulletins_propres\table_page_307.csv: En-tête 'Base' introuvable.
Erreur dans le fichier ./CSV3\bulletins\bulletins_propres\table_page_307.csv: En-tête 'TOTAL BRUTBase' introuvable.
Erreur dans le fichier ./CSV3\bulletins\bulletins_propres\table_page_307.csv: En-tête '7001Base' introuvable.
Erreur dans le fichier ./CSV3\bulletins\bulletins_propres\table_page_307.csv: En-tête '7010Base' introuvable.
Erreur dans le fichier ./CSV3\bulletins\bulletins_propres\table_page_307.csv: En-tête '7015Base' introuvable.
Erreur dans le fichier ./CSV3\bulletins\bulletins_propres\table_page_307.csv: En-tête '7020Base' introuvable.
Erreur dans le fichier ./CSV3\bulletins\bulletins_propres\table_page_307.csv: En-tête '7030Base' introuvable.
Erreur dans le fichier ./CSV3\bulletins\bulletins_propres\table_page_307.csv: En-tête 'Base' introuvable.
Erreur dans le fichier ./CSV3\bulletins\bulletins_propres\table_page_307.csv: En-tête '7035Base' introuvable.
Erreur dans le fichier ./CSV3\bulletins\bulletins_propres\table_page_307.csv: En-tête 'Base' introuvable.
Erreur dans le fichier ./CSV3\bulletins\bulletins_propres\table_page_307.csv: En-tête '7040Base' introuvable.
Erreur dans le fichier ./CSV3\bulletins\bulletins_propres\table_page_307.csv: En-tête 'Base' introuvable.
Erreur dans le fichier ./CSV3\bulletins\bulletins_propres\table_page_307.csv: En-tête '7045Base' introuvable.
Erreur dans le fichier ./CSV3\bulletins\bulletins_propres\table_page_307.csv: En-tête 'Base' introuvable.
Erreur dans le fichier ./CSV3\bulletins\bulletins_propres\table_page_307.csv: En-tête '7050Base' introuvable.
Erreur dans le fichier ./CSV3\bulletins\bulletins_propres\table_page_307.csv: En-tête '7055Base' introuvable.
Erreur dans le fichier ./CSV3\bulletins\bulletins_propres\table_page_307.csv: En-tête '7C00Base' introuvable.
Erreur dans le fichier ./CSV3\bulletins\bulletins_propres\table_page_307.csv: En-tête '7C20Base' introuvable.
Erreur dans le fichier ./CSV3\bulletins\bulletins_propres\table_page_307.csv: En-tête '7M03Base' introuvable.
Erreur dans le fichier ./CSV3\bulletins\bulletins_propres\table_page_307.csv: En-tête '7P10Base' introuvable.
Erreur dans le fichier ./CSV3\bulletins\bulletins_propres\table_page_307.csv: En-tête '7R56Base' introuvable.
Erreur dans le fichier ./CSV3\bulletins\bulletins_propres\table_page_307.csv: En-tête '7R63Base' introuvable.
Erreur dans le fichier ./CSV3\bulletins\bulletins_propres\table_page_307.csv: En-tête '7T00Base' introuvable.
Erreur dans le fichier ./CSV3\bulletins\bulletins_propres\table_page_307.csv: En-tête '7T02Base' introuvable.
Erreur dans le fichier ./CSV3\bulletins\bulletins_propres\table_page_307.csv: En-tête '7T05Base' introuvable.
Erreur dans le fichier ./CSV3\bulletins\bulletins_propres\table_page_307.csv: En-tête 'Base' introuvable.
Erreur dans le fichier ./CSV3\bulletins\bulletins_propres\table_page_307.csv: En-tête '7T10Base' introuvable.
Erreur dans le fichier ./CSV3\bulletins\bulletins_propres\table_page_307.csv: En-tête 'Base' introuvable.
Erreur dans le fichier ./CSV3\bulletins\bulletins_propres\table_page_307.csv: En-tête '7T15Base' introuvable.
Erreur dans le fichier ./CSV3\bulletins\bulletins_propres\table_page_307.csv: En-tête '7T20Base' introuvable.
Erreur dans le fichier ./CSV3\bulletins\bulletins_propres\table_page_307.csv: En-tête '6082Base' introuvable.
Erreur dans le fichier ./CSV3\bulletins\bulletins_propres\table_page_307.csv: En-tête '6094Base' introuvable.
Erreur dans le fichier ./CSV3\bulletins\bulletins_propres\table_page_307.csv: En-tête 'Total Charges Ded.Base' introuvable.
Erreur dans le fichier ./CSV3\bulletins\bulletins_propres\table_page_307.csv: En-tête '6080Base' introuvable.
Erreur dans le fichier ./CSV3\bulletins\bulletins_propres\table_page_307.csv: En-tête '6084Base' introuvable.
Erreur dans le fichier ./CSV3\bulletins\bulletins_propres\table_page_307.csv: En-tête '6092Base' introuvable.
Erreur dans le fichier ./CSV3\bulletins\bulletins_propres\table_page_307.csv: En-tête '6096Base' introuvable.
Erreur dans le fichier ./CSV3\bulletins\bulletins_propres\table_page_307.csv: En-tête 'Total Charges Non Ded.Base' introuvable.
Erreur dans le fichier ./CSV3\bulletins\bulletins_propres\table_page_307.csv: En-tête '8009Base' introuvable.
Erreur dans le fichier ./CSV3\bulletins\bulletins_propres\table_page_307.csv: En-tête '8010Base' introuvable.
Erreur dans le fichier ./CSV3\bulletins\bulletins_propres\table_page_307.csv: En-tête '8007Base' introuvable.
Erreur dans le fichier ./CSV3\bulletins\bulletins_propres\table_page_307.csv: En-tête '8192Base' introuvable.
Erreur dans le fichier ./CSV3\bulletins\bulletins_propres\table_page_309.csv: En-tête '1001Base' introuvable.
Erreur dans le fichier ./CSV3\bulletins\bulletins_propres\table_page_309.csv: En-tête '1046Base' introuvable.
Erreur dans le fichier ./CSV3\bulletins\bulletins_propres\table_page_309.csv: En-tête 'Base' introuvable.
Erreur dans le fichier ./CSV3\bulletins\bulletins_propres\table_page_309.csv: En-tête '2012Base' introuvable.
Erreur dans le fichier ./CSV3\bulletins\bulletins_propres\table_page_309.csv: En-tête 'Base' introuvable.
Erreur dans le fichier ./CSV3\bulletins\bulletins_propres\table_page_309.csv: En-tête '2018Base' introuvable.
Erreur dans le fichier ./CSV3\bulletins\bulletins_propres\table_page_309.csv: En-tête '3050Base' introuvable.
Erreur dans le fichier ./CSV3\bulletins\bulletins_propres\table_page_309.csv: En-tête '3552Base' introuvable.
Erreur dans le fichier ./CSV3\bulletins\bulletins_propres\table_page_309.csv: En-tête 'Base' introuvable.
Erreur dans le fichier ./CSV3\bulletins\bulletins_propres\table_page_309.csv: En-tête 'TOTAL BRUTBase' introuvable.
Erreur dans le fichier ./CSV3\bulletins\bulletins_propres\table_page_309.csv: En-tête '7001Base' introuvable.
Erreur dans le fichier ./CSV3\bulletins\bulletins_propres\table_page_309.csv: En-tête '7002Base' introuvable.
Erreur dans le fichier ./CSV3\bulletins\bulletins_propres\table_page_309.csv: En-tête '7010Base' introuvable.
Erreur dans le fichier ./CSV3\bulletins\bulletins_propres\table_page_309.csv: En-tête '7015Base' introuvable.
Erreur dans le fichier ./CSV3\bulletins\bulletins_propres\table_page_309.csv: En-tête '7020Base' introuvable.
Erreur dans le fichier ./CSV3\bulletins\bulletins_propres\table_page_309.csv: En-tête '7025Base' introuvable.
Erreur dans le fichier ./CSV3\bulletins\bulletins_propres\table_page_309.csv: En-tête '7030Base' introuvable.
Erreur dans le fichier ./CSV3\bulletins\bulletins_propres\table_page_309.csv: En-tête '7035Base' introuvable.
Erreur dans le fichier ./CSV3\bulletins\bulletins_propres\table_page_309.csv: En-tête 'Base' introuvable.
Erreur dans le fichier ./CSV3\bulletins\bulletins_propres\table_page_309.csv: En-tête '7040Base' introuvable.
Erreur dans le fichier ./CSV3\bulletins\bulletins_propres\table_page_309.csv: En-tête 'Base' introuvable.
Erreur dans le fichier ./CSV3\bulletins\bulletins_propres\table_page_309.csv: En-tête '7045Base' introuvable.
Erreur dans le fichier ./CSV3\bulletins\bulletins_propres\table_page_309.csv: En-tête 'Base' introuvable.
Erreur dans le fichier ./CSV3\bulletins\bulletins_propres\table_page_309.csv: En-tête '7050Base' introuvable.
Erreur dans le fichier ./CSV3\bulletins\bulletins_propres\table_page_309.csv: En-tête 'Base' introuvable.
Erreur dans le fichier ./CSV3\bulletins\bulletins_propres\table_page_309.csv: En-tête '7055Base' introuvable.
Erreur dans le fichier ./CSV3\bulletins\bulletins_propres\table_page_309.csv: En-tête '7C00Base' introuvable.
Erreur dans le fichier ./CSV3\bulletins\bulletins_propres\table_page_309.csv: En-tête '7C20Base' introuvable.
Erreur dans le fichier ./CSV3\bulletins\bulletins_propres\table_page_309.csv: En-tête '7M04Base' introuvable.
Erreur dans le fichier ./CSV3\bulletins\bulletins_propres\table_page_309.csv: En-tête '7R56Base' introuvable.
Erreur dans le fichier ./CSV3\bulletins\bulletins_propres\table_page_309.csv: En-tête '7R63Base' introuvable.
Erreur dans le fichier ./CSV3\bulletins\bulletins_propres\table_page_309.csv: En-tête '7T00Base' introuvable.
Erreur dans le fichier ./CSV3\bulletins\bulletins_propres\table_page_309.csv: En-tête '7T02Base' introuvable.
Erreur dans le fichier ./CSV3\bulletins\bulletins_propres\table_page_309.csv: En-tête '7T05Base' introuvable.
Erreur dans le fichier ./CSV3\bulletins\bulletins_propres\table_page_309.csv: En-tête '7T10Base' introuvable.
Erreur dans le fichier ./CSV3\bulletins\bulletins_propres\table_page_309.csv: En-tête '7T15Base' introuvable.
Erreur dans le fichier ./CSV3\bulletins\bulletins_propres\table_page_309.csv: En-tête 'Base' introuvable.
Erreur dans le fichier ./CSV3\bulletins\bulletins_propres\table_page_309.csv: En-tête '7T20Base' introuvable.
Erreur dans le fichier ./CSV3\bulletins\bulletins_propres\table_page_309.csv: En-tête 'Base' introuvable.
Erreur dans le fichier ./CSV3\bulletins\bulletins_propres\table_page_309.csv: En-tête '6082Base' introuvable.
Erreur dans le fichier ./CSV3\bulletins\bulletins_propres\table_page_309.csv: En-tête '6094Base' introuvable.
Erreur dans le fichier ./CSV3\bulletins\bulletins_propres\table_page_309.csv: En-tête 'Total Charges Ded.Base' introuvable.
Erreur dans le fichier ./CSV3\bulletins\bulletins_propres\table_page_309.csv: En-tête '6080Base' introuvable.
Erreur dans le fichier ./CSV3\bulletins\bulletins_propres\table_page_309.csv: En-tête '6084Base' introuvable.
Erreur dans le fichier ./CSV3\bulletins\bulletins_propres\table_page_309.csv: En-tête '6092Base' introuvable.
Erreur dans le fichier ./CSV3\bulletins\bulletins_propres\table_page_309.csv: En-tête '6096Base' introuvable.
Erreur dans le fichier ./CSV3\bulletins\bulletins_propres\table_page_309.csv: En-tête 'Total Charges Non Ded.Base' introuvable.
Erreur dans le fichier ./CSV3\bulletins\bulletins_propres\table_page_309.csv: En-tête '8031Base' introuvable.
Erreur dans le fichier ./CSV3\bulletins\bulletins_propres\table_page_309.csv: En-tête 'Base' introuvable.
Erreur dans le fichier ./CSV3\bulletins\bulletins_propres\table_page_309.csv: En-tête 'Base' introuvable.
Erreur dans le fichier ./CSV3\bulletins\bulletins_propres\table_page_309.csv: En-tête 'Impôt sur le revenuBase' introuvable.
Erreur dans le fichier ./CSV3\bulletins\bulletins_propres\table_page_309.csv: En-tête 'Impôt sur le revenu à la sourceBase' introuvable.
Erreur dans le fichier ./CSV3\bulletins\bulletins_propres\table_page_31.csv: En-tête '1001Base' introuvable.
Erreur dans le fichier ./CSV3\bulletins\bulletins_propres\table_page_31.csv: En-tête '1046Base' introuvable.
Erreur dans le fichier ./CSV3\bulletins\bulletins_propres\table_page_31.csv: En-tête 'Base' introuvable.
Erreur dans le fichier ./CSV3\bulletins\bulletins_propres\table_page_31.csv: En-tête '2012Base' introuvable.
Erreur dans le fichier ./CSV3\bulletins\bulletins_propres\table_page_31.csv: En-tête 'Base' introuvable.
Erreur dans le fichier ./CSV3\bulletins\bulletins_propres\table_page_31.csv: En-tête '2018Base' introuvable.
Erreur dans le fichier ./CSV3\bulletins\bulletins_propres\table_page_31.csv: En-tête '2068Base' introuvable.
Erreur dans le fichier ./CSV3\bulletins\bulletins_propres\table_page_31.csv: En-tête '2078Base' introuvable.
Erreur dans le fichier ./CSV3\bulletins\bulletins_propres\table_page_31.csv: En-tête '3006Base' introuvable.
Erreur dans le fichier ./CSV3\bulletins\bulletins_propres\table_page_31.csv: En-tête '3310Base' introuvable.
Erreur dans le fichier ./CSV3\bulletins\bulletins_propres\table_page_31.csv: En-tête '3315Base' introuvable.
Erreur dans le fichier ./CSV3\bulletins\bulletins_propres\table_page_31.csv: En-tête 'Base' introuvable.
Erreur dans le fichier ./CSV3\bulletins\bulletins_propres\table_page_31.csv: En-tête 'TOTAL BRUTBase' introuvable.
Erreur dans le fichier ./CSV3\bulletins\bulletins_propres\table_page_31.csv: En-tête '6S89Base' introuvable.
Erreur dans le fichier ./CSV3\bulletins\bulletins_propres\table_page_31.csv: En-tête '7001Base' introuvable.
Erreur dans le fichier ./CSV3\bulletins\bulletins_propres\table_page_31.csv: En-tête '7010Base' introuvable.
Erreur dans le fichier ./CSV3\bulletins\bulletins_propres\table_page_31.csv: En-tête '7015Base' introuvable.
Erreur dans le fichier ./CSV3\bulletins\bulletins_propres\table_page_31.csv: En-tête '7020Base' introuvable.
Erreur dans le fichier ./CSV3\bulletins\bulletins_propres\table_page_31.csv: En-tête 'Base' introuvable.
Erreur dans le fichier ./CSV3\bulletins\bulletins_propres\table_page_31.csv: En-tête '7030Base' introuvable.
Erreur dans le fichier ./CSV3\bulletins\bulletins_propres\table_page_31.csv: En-tête 'Base' introuvable.
Erreur dans le fichier ./CSV3\bulletins\bulletins_propres\table_page_31.csv: En-tête '7035Base' introuvable.
Erreur dans le fichier ./CSV3\bulletins\bulletins_propres\table_page_31.csv: En-tête 'Base' introuvable.
Erreur dans le fichier ./CSV3\bulletins\bulletins_propres\table_page_31.csv: En-tête '7040Base' introuvable.
Erreur dans le fichier ./CSV3\bulletins\bulletins_propres\table_page_31.csv: En-tête 'Base' introuvable.
Erreur dans le fichier ./CSV3\bulletins\bulletins_propres\table_page_31.csv: En-tête '7045Base' introuvable.
Erreur dans le fichier ./CSV3\bulletins\bulletins_propres\table_page_31.csv: En-tête '7050Base' introuvable.
Erreur dans le fichier ./CSV3\bulletins\bulletins_propres\table_page_31.csv: En-tête '7055Base' introuvable.
Erreur dans le fichier ./CSV3\bulletins\bulletins_propres\table_page_31.csv: En-tête '7C00Base' introuvable.
Erreur dans le fichier ./CSV3\bulletins\bulletins_propres\table_page_31.csv: En-tête '7C10Base' introuvable.
Erreur dans le fichier ./CSV3\bulletins\bulletins_propres\table_page_31.csv: En-tête '7C20Base' introuvable.
Erreur dans le fichier ./CSV3\bulletins\bulletins_propres\table_page_31.csv: En-tête '7M03Base' introuvable.
Erreur dans le fichier ./CSV3\bulletins\bulletins_propres\table_page_31.csv: En-tête '7P10Base' introuvable.
Erreur dans le fichier ./CSV3\bulletins\bulletins_propres\table_page_31.csv: En-tête '7P11Base' introuvable.
Erreur dans le fichier ./CSV3\bulletins\bulletins_propres\table_page_31.csv: En-tête '7R56Base' introuvable.
Erreur dans le fichier ./CSV3\bulletins\bulletins_propres\table_page_31.csv: En-tête '7R57Base' introuvable.
Erreur dans le fichier ./CSV3\bulletins\bulletins_propres\table_page_31.csv: En-tête 'Base' introuvable.
Erreur dans le fichier ./CSV3\bulletins\bulletins_propres\table_page_31.csv: En-tête '7R63Base' introuvable.
Erreur dans le fichier ./CSV3\bulletins\bulletins_propres\table_page_31.csv: En-tête 'Base' introuvable.
Erreur dans le fichier ./CSV3\bulletins\bulletins_propres\table_page_31.csv: En-tête '7R64Base' introuvable.
Erreur dans le fichier ./CSV3\bulletins\bulletins_propres\table_page_31.csv: En-tête '7R70Base' introuvable.
Erreur dans le fichier ./CSV3\bulletins\bulletins_propres\table_page_31.csv: En-tête '7R71Base' introuvable.
Erreur dans le fichier ./CSV3\bulletins\bulletins_propres\table_page_31.csv: En-tête '7T00Base' introuvable.
Erreur dans le fichier ./CSV3\bulletins\bulletins_propres\table_page_31.csv: En-tête '7T02Base' introuvable.
Erreur dans le fichier ./CSV3\bulletins\bulletins_propres\table_page_31.csv: En-tête '7T05Base' introuvable.
Erreur dans le fichier ./CSV3\bulletins\bulletins_propres\table_page_31.csv: En-tête '7T10Base' introuvable.
Erreur dans le fichier ./CSV3\bulletins\bulletins_propres\table_page_31.csv: En-tête '7T15Base' introuvable.
Erreur dans le fichier ./CSV3\bulletins\bulletins_propres\table_page_31.csv: En-tête '7T20Base' introuvable.
Erreur dans le fichier ./CSV3\bulletins\bulletins_propres\table_page_31.csv: En-tête '6082Base' introuvable.
Erreur dans le fichier ./CSV3\bulletins\bulletins_propres\table_page_31.csv: En-tête '6094Base' introuvable.
Erreur dans le fichier ./CSV3\bulletins\bulletins_propres\table_page_31.csv: En-tête 'Total Charges Ded.Base' introuvable.
Erreur dans le fichier ./CSV3\bulletins\bulletins_propres\table_page_31.csv: En-tête '6070Base' introuvable.
Erreur dans le fichier ./CSV3\bulletins\bulletins_propres\table_page_31.csv: En-tête '6074Base' introuvable.
Erreur dans le fichier ./CSV3\bulletins\bulletins_propres\table_page_31.csv: En-tête '6080Base' introuvable.
Erreur dans le fichier ./CSV3\bulletins\bulletins_propres\table_page_31.csv: En-tête '6084Base' introuvable.
Erreur dans le fichier ./CSV3\bulletins\bulletins_propres\table_page_31.csv: En-tête '6092Base' introuvable.
Erreur dans le fichier ./CSV3\bulletins\bulletins_propres\table_page_31.csv: En-tête '6096Base' introuvable.
Erreur dans le fichier ./CSV3\bulletins\bulletins_propres\table_page_31.csv: En-tête 'Total Charges Non Ded.Base' introuvable.
Erreur dans le fichier ./CSV3\bulletins\bulletins_propres\table_page_31.csv: En-tête '8009Base' introuvable.
Erreur dans le fichier ./CSV3\bulletins\bulletins_propres\table_page_31.csv: En-tête '8010Base' introuvable.
Erreur dans le fichier ./CSV3\bulletins\bulletins_propres\table_page_31.csv: En-tête '8007Base' introuvable.
Erreur dans le fichier ./CSV3\bulletins\bulletins_propres\table_page_311.csv: En-tête '1001Base' introuvable.
Erreur dans le fichier ./CSV3\bulletins\bulletins_propres\table_page_311.csv: En-tête '1046Base' introuvable.
Erreur dans le fichier ./CSV3\bulletins\bulletins_propres\table_page_311.csv: En-tête 'Base' introuvable.
Erreur dans le fichier ./CSV3\bulletins\bulletins_propres\table_page_311.csv: En-tête '2012Base' introuvable.
Erreur dans le fichier ./CSV3\bulletins\bulletins_propres\table_page_311.csv: En-tête 'Base' introuvable.
Erreur dans le fichier ./CSV3\bulletins\bulletins_propres\table_page_311.csv: En-tête '2018Base' introuvable.
Erreur dans le fichier ./CSV3\bulletins\bulletins_propres\table_page_311.csv: En-tête '2068Base' introuvable.
Erreur dans le fichier ./CSV3\bulletins\bulletins_propres\table_page_311.csv: En-tête '2078Base' introuvable.
Erreur dans le fichier ./CSV3\bulletins\bulletins_propres\table_page_311.csv: En-tête '2082Base' introuvable.
Erreur dans le fichier ./CSV3\bulletins\bulletins_propres\table_page_311.csv: En-tête '2262Base' introuvable.
Erreur dans le fichier ./CSV3\bulletins\bulletins_propres\table_page_311.csv: En-tête '3280Base' introuvable.
Erreur dans le fichier ./CSV3\bulletins\bulletins_propres\table_page_311.csv: En-tête '3285Base' introuvable.
Erreur dans le fichier ./CSV3\bulletins\bulletins_propres\table_page_311.csv: En-tête 'Base' introuvable.
Erreur dans le fichier ./CSV3\bulletins\bulletins_propres\table_page_311.csv: En-tête 'TOTAL BRUTBase' introuvable.
Erreur dans le fichier ./CSV3\bulletins\bulletins_propres\table_page_311.csv: En-tête '7001Base' introuvable.
Erreur dans le fichier ./CSV3\bulletins\bulletins_propres\table_page_311.csv: En-tête '7010Base' introuvable.
Erreur dans le fichier ./CSV3\bulletins\bulletins_propres\table_page_311.csv: En-tête '7015Base' introuvable.
Erreur dans le fichier ./CSV3\bulletins\bulletins_propres\table_page_311.csv: En-tête '7020Base' introuvable.
Erreur dans le fichier ./CSV3\bulletins\bulletins_propres\table_page_311.csv: En-tête 'Base' introuvable.
Erreur dans le fichier ./CSV3\bulletins\bulletins_propres\table_page_311.csv: En-tête '7030Base' introuvable.
Erreur dans le fichier ./CSV3\bulletins\bulletins_propres\table_page_311.csv: En-tête 'Base' introuvable.
Erreur dans le fichier ./CSV3\bulletins\bulletins_propres\table_page_311.csv: En-tête '7035Base' introuvable.
Erreur dans le fichier ./CSV3\bulletins\bulletins_propres\table_page_311.csv: En-tête 'Base' introuvable.
Erreur dans le fichier ./CSV3\bulletins\bulletins_propres\table_page_311.csv: En-tête '7040Base' introuvable.
Erreur dans le fichier ./CSV3\bulletins\bulletins_propres\table_page_311.csv: En-tête 'Base' introuvable.
Erreur dans le fichier ./CSV3\bulletins\bulletins_propres\table_page_311.csv: En-tête '7045Base' introuvable.
Erreur dans le fichier ./CSV3\bulletins\bulletins_propres\table_page_311.csv: En-tête '7050Base' introuvable.
Erreur dans le fichier ./CSV3\bulletins\bulletins_propres\table_page_311.csv: En-tête '7055Base' introuvable.
Erreur dans le fichier ./CSV3\bulletins\bulletins_propres\table_page_311.csv: En-tête '7C00Base' introuvable.
Erreur dans le fichier ./CSV3\bulletins\bulletins_propres\table_page_311.csv: En-tête '7C20Base' introuvable.
Erreur dans le fichier ./CSV3\bulletins\bulletins_propres\table_page_311.csv: En-tête '7P10Base' introuvable.
Erreur dans le fichier ./CSV3\bulletins\bulletins_propres\table_page_311.csv: En-tête '7R56Base' introuvable.
Erreur dans le fichier ./CSV3\bulletins\bulletins_propres\table_page_311.csv: En-tête '7R63Base' introuvable.
Erreur dans le fichier ./CSV3\bulletins\bulletins_propres\table_page_311.csv: En-tête '7T00Base' introuvable.
Erreur dans le fichier ./CSV3\bulletins\bulletins_propres\table_page_311.csv: En-tête '7T02Base' introuvable.
Erreur dans le fichier ./CSV3\bulletins\bulletins_propres\table_page_311.csv: En-tête '7T05Base' introuvable.
Erreur dans le fichier ./CSV3\bulletins\bulletins_propres\table_page_311.csv: En-tête 'Base' introuvable.
Erreur dans le fichier ./CSV3\bulletins\bulletins_propres\table_page_311.csv: En-tête '7T10Base' introuvable.
Erreur dans le fichier ./CSV3\bulletins\bulletins_propres\table_page_311.csv: En-tête 'Base' introuvable.
Erreur dans le fichier ./CSV3\bulletins\bulletins_propres\table_page_311.csv: En-tête '7T15Base' introuvable.
Erreur dans le fichier ./CSV3\bulletins\bulletins_propres\table_page_311.csv: En-tête '7T20Base' introuvable.
Erreur dans le fichier ./CSV3\bulletins\bulletins_propres\table_page_311.csv: En-tête '6082Base' introuvable.
Erreur dans le fichier ./CSV3\bulletins\bulletins_propres\table_page_311.csv: En-tête '6094Base' introuvable.
Erreur dans le fichier ./CSV3\bulletins\bulletins_propres\table_page_311.csv: En-tête 'Total Charges Ded.Base' introuvable.
Erreur dans le fichier ./CSV3\bulletins\bulletins_propres\table_page_311.csv: En-tête '6080Base' introuvable.
Erreur dans le fichier ./CSV3\bulletins\bulletins_propres\table_page_311.csv: En-tête '6084Base' introuvable.
Erreur dans le fichier ./CSV3\bulletins\bulletins_propres\table_page_311.csv: En-tête '6092Base' introuvable.
Erreur dans le fichier ./CSV3\bulletins\bulletins_propres\table_page_311.csv: En-tête '6096Base' introuvable.
Erreur dans le fichier ./CSV3\bulletins\bulletins_propres\table_page_311.csv: En-tête 'Total Charges Non Ded.Base' introuvable.
Erreur dans le fichier ./CSV3\bulletins\bulletins_propres\table_page_311.csv: En-tête '8009Base' introuvable.
Erreur dans le fichier ./CSV3\bulletins\bulletins_propres\table_page_311.csv: En-tête '8010Base' introuvable.
Erreur dans le fichier ./CSV3\bulletins\bulletins_propres\table_page_311.csv: En-tête '8007Base' introuvable.
Erreur dans le fichier ./CSV3\bulletins\bulletins_propres\table_page_313.csv: En-tête '1001Base' introuvable.
Erreur dans le fichier ./CSV3\bulletins\bulletins_propres\table_page_313.csv: En-tête '1046Base' introuvable.
Erreur dans le fichier ./CSV3\bulletins\bulletins_propres\table_page_313.csv: En-tête 'Base' introuvable.
Erreur dans le fichier ./CSV3\bulletins\bulletins_propres\table_page_313.csv: En-tête '2010Base' introuvable.
Erreur dans le fichier ./CSV3\bulletins\bulletins_propres\table_page_313.csv: En-tête 'Base' introuvable.
Erreur dans le fichier ./CSV3\bulletins\bulletins_propres\table_page_313.csv: En-tête '2012Base' introuvable.
Erreur dans le fichier ./CSV3\bulletins\bulletins_propres\table_page_313.csv: En-tête '2016Base' introuvable.
Erreur dans le fichier ./CSV3\bulletins\bulletins_propres\table_page_313.csv: En-tête '2050Base' introuvable.
Erreur dans le fichier ./CSV3\bulletins\bulletins_propres\table_page_313.csv: En-tête '2068Base' introuvable.
Erreur dans le fichier ./CSV3\bulletins\bulletins_propres\table_page_313.csv: En-tête '2078Base' introuvable.
Erreur dans le fichier ./CSV3\bulletins\bulletins_propres\table_page_313.csv: En-tête '3006Base' introuvable.
Erreur dans le fichier ./CSV3\bulletins\bulletins_propres\table_page_313.csv: En-tête 'Base' introuvable.
Erreur dans le fichier ./CSV3\bulletins\bulletins_propres\table_page_313.csv: En-tête 'TOTAL BRUTBase' introuvable.
Erreur dans le fichier ./CSV3\bulletins\bulletins_propres\table_page_313.csv: En-tête '6S89Base' introuvable.
Erreur dans le fichier ./CSV3\bulletins\bulletins_propres\table_page_313.csv: En-tête '7001Base' introuvable.
Erreur dans le fichier ./CSV3\bulletins\bulletins_propres\table_page_313.csv: En-tête '7010Base' introuvable.
Erreur dans le fichier ./CSV3\bulletins\bulletins_propres\table_page_313.csv: En-tête '7015Base' introuvable.
Erreur dans le fichier ./CSV3\bulletins\bulletins_propres\table_page_313.csv: En-tête '7020Base' introuvable.
Erreur dans le fichier ./CSV3\bulletins\bulletins_propres\table_page_313.csv: En-tête 'Base' introuvable.
Erreur dans le fichier ./CSV3\bulletins\bulletins_propres\table_page_313.csv: En-tête '7030Base' introuvable.
Erreur dans le fichier ./CSV3\bulletins\bulletins_propres\table_page_313.csv: En-tête 'Base' introuvable.
Erreur dans le fichier ./CSV3\bulletins\bulletins_propres\table_page_313.csv: En-tête '7035Base' introuvable.
Erreur dans le fichier ./CSV3\bulletins\bulletins_propres\table_page_313.csv: En-tête 'Base' introuvable.
Erreur dans le fichier ./CSV3\bulletins\bulletins_propres\table_page_313.csv: En-tête '7040Base' introuvable.
Erreur dans le fichier ./CSV3\bulletins\bulletins_propres\table_page_313.csv: En-tête 'Base' introuvable.
Erreur dans le fichier ./CSV3\bulletins\bulletins_propres\table_page_313.csv: En-tête '7045Base' introuvable.
Erreur dans le fichier ./CSV3\bulletins\bulletins_propres\table_page_313.csv: En-tête '7050Base' introuvable.
Erreur dans le fichier ./CSV3\bulletins\bulletins_propres\table_page_313.csv: En-tête '7055Base' introuvable.
Erreur dans le fichier ./CSV3\bulletins\bulletins_propres\table_page_313.csv: En-tête '7C00Base' introuvable.
Erreur dans le fichier ./CSV3\bulletins\bulletins_propres\table_page_313.csv: En-tête '7C20Base' introuvable.
Erreur dans le fichier ./CSV3\bulletins\bulletins_propres\table_page_313.csv: En-tête '7M05Base' introuvable.
Erreur dans le fichier ./CSV3\bulletins\bulletins_propres\table_page_313.csv: En-tête '7P10Base' introuvable.
Erreur dans le fichier ./CSV3\bulletins\bulletins_propres\table_page_313.csv: En-tête '7R56Base' introuvable.
Erreur dans le fichier ./CSV3\bulletins\bulletins_propres\table_page_313.csv: En-tête '7R63Base' introuvable.
Erreur dans le fichier ./CSV3\bulletins\bulletins_propres\table_page_313.csv: En-tête '7T00Base' introuvable.
Erreur dans le fichier ./CSV3\bulletins\bulletins_propres\table_page_313.csv: En-tête '7T02Base' introuvable.
Erreur dans le fichier ./CSV3\bulletins\bulletins_propres\table_page_313.csv: En-tête 'Base' introuvable.
Erreur dans le fichier ./CSV3\bulletins\bulletins_propres\table_page_313.csv: En-tête '7T05Base' introuvable.
Erreur dans le fichier ./CSV3\bulletins\bulletins_propres\table_page_313.csv: En-tête '7T10Base' introuvable.
Erreur dans le fichier ./CSV3\bulletins\bulletins_propres\table_page_313.csv: En-tête '7T15Base' introuvable.
Erreur dans le fichier ./CSV3\bulletins\bulletins_propres\table_page_313.csv: En-tête '7T20Base' introuvable.
Erreur dans le fichier ./CSV3\bulletins\bulletins_propres\table_page_313.csv: En-tête '6082Base' introuvable.
Erreur dans le fichier ./CSV3\bulletins\bulletins_propres\table_page_313.csv: En-tête '6094Base' introuvable.
Erreur dans le fichier ./CSV3\bulletins\bulletins_propres\table_page_313.csv: En-tête 'Total Charges Ded.Base' introuvable.
Erreur dans le fichier ./CSV3\bulletins\bulletins_propres\table_page_313.csv: En-tête '6070Base' introuvable.
Erreur dans le fichier ./CSV3\bulletins\bulletins_propres\table_page_313.csv: En-tête '6074Base' introuvable.
Erreur dans le fichier ./CSV3\bulletins\bulletins_propres\table_page_313.csv: En-tête '6080Base' introuvable.
Erreur dans le fichier ./CSV3\bulletins\bulletins_propres\table_page_313.csv: En-tête '6084Base' introuvable.
Erreur dans le fichier ./CSV3\bulletins\bulletins_propres\table_page_313.csv: En-tête '6092Base' introuvable.
Erreur dans le fichier ./CSV3\bulletins\bulletins_propres\table_page_313.csv: En-tête '6096Base' introuvable.
Erreur dans le fichier ./CSV3\bulletins\bulletins_propres\table_page_313.csv: En-tête 'Total Charges Non Ded.Base' introuvable.
Erreur dans le fichier ./CSV3\bulletins\bulletins_propres\table_page_313.csv: En-tête '8009Base' introuvable.
Erreur dans le fichier ./CSV3\bulletins\bulletins_propres\table_page_313.csv: En-tête '8010Base' introuvable.
Erreur dans le fichier ./CSV3\bulletins\bulletins_propres\table_page_313.csv: En-tête '8007Base' introuvable.
Erreur dans le fichier ./CSV3\bulletins\bulletins_propres\table_page_313.csv: En-tête '8192Base' introuvable.
Erreur dans le fichier ./CSV3\bulletins\bulletins_propres\table_page_313.csv: En-tête '8190Base' introuvable.
Erreur dans le fichier ./CSV3\bulletins\bulletins_propres\table_page_315.csv: En-tête '1001Base' introuvable.
Erreur dans le fichier ./CSV3\bulletins\bulletins_propres\table_page_315.csv: En-tête '1046Base' introuvable.
Erreur dans le fichier ./CSV3\bulletins\bulletins_propres\table_page_315.csv: En-tête 'Base' introuvable.
Erreur dans le fichier ./CSV3\bulletins\bulletins_propres\table_page_315.csv: En-tête '2012Base' introuvable.
Erreur dans le fichier ./CSV3\bulletins\bulletins_propres\table_page_315.csv: En-tête 'Base' introuvable.
Erreur dans le fichier ./CSV3\bulletins\bulletins_propres\table_page_315.csv: En-tête '2018Base' introuvable.
Erreur dans le fichier ./CSV3\bulletins\bulletins_propres\table_page_315.csv: En-tête '2068Base' introuvable.
Erreur dans le fichier ./CSV3\bulletins\bulletins_propres\table_page_315.csv: En-tête '2078Base' introuvable.
Erreur dans le fichier ./CSV3\bulletins\bulletins_propres\table_page_315.csv: En-tête '3006Base' introuvable.
Erreur dans le fichier ./CSV3\bulletins\bulletins_propres\table_page_315.csv: En-tête '3310Base' introuvable.
Erreur dans le fichier ./CSV3\bulletins\bulletins_propres\table_page_315.csv: En-tête '3315Base' introuvable.
Erreur dans le fichier ./CSV3\bulletins\bulletins_propres\table_page_315.csv: En-tête 'Base' introuvable.
Erreur dans le fichier ./CSV3\bulletins\bulletins_propres\table_page_315.csv: En-tête 'TOTAL BRUTBase' introuvable.
Erreur dans le fichier ./CSV3\bulletins\bulletins_propres\table_page_315.csv: En-tête '6S89Base' introuvable.
Erreur dans le fichier ./CSV3\bulletins\bulletins_propres\table_page_315.csv: En-tête '7001Base' introuvable.
Erreur dans le fichier ./CSV3\bulletins\bulletins_propres\table_page_315.csv: En-tête '7010Base' introuvable.
Erreur dans le fichier ./CSV3\bulletins\bulletins_propres\table_page_315.csv: En-tête '7015Base' introuvable.
Erreur dans le fichier ./CSV3\bulletins\bulletins_propres\table_page_315.csv: En-tête '7020Base' introuvable.
Erreur dans le fichier ./CSV3\bulletins\bulletins_propres\table_page_315.csv: En-tête 'Base' introuvable.
Erreur dans le fichier ./CSV3\bulletins\bulletins_propres\table_page_315.csv: En-tête '7030Base' introuvable.
Erreur dans le fichier ./CSV3\bulletins\bulletins_propres\table_page_315.csv: En-tête 'Base' introuvable.
Erreur dans le fichier ./CSV3\bulletins\bulletins_propres\table_page_315.csv: En-tête '7035Base' introuvable.
Erreur dans le fichier ./CSV3\bulletins\bulletins_propres\table_page_315.csv: En-tête 'Base' introuvable.
Erreur dans le fichier ./CSV3\bulletins\bulletins_propres\table_page_315.csv: En-tête '7040Base' introuvable.
Erreur dans le fichier ./CSV3\bulletins\bulletins_propres\table_page_315.csv: En-tête 'Base' introuvable.
Erreur dans le fichier ./CSV3\bulletins\bulletins_propres\table_page_315.csv: En-tête '7045Base' introuvable.
Erreur dans le fichier ./CSV3\bulletins\bulletins_propres\table_page_315.csv: En-tête '7050Base' introuvable.
Erreur dans le fichier ./CSV3\bulletins\bulletins_propres\table_page_315.csv: En-tête '7055Base' introuvable.
Erreur dans le fichier ./CSV3\bulletins\bulletins_propres\table_page_315.csv: En-tête '7C00Base' introuvable.
Erreur dans le fichier ./CSV3\bulletins\bulletins_propres\table_page_315.csv: En-tête '7C20Base' introuvable.
Erreur dans le fichier ./CSV3\bulletins\bulletins_propres\table_page_315.csv: En-tête '7M03Base' introuvable.
Erreur dans le fichier ./CSV3\bulletins\bulletins_propres\table_page_315.csv: En-tête '7P10Base' introuvable.
Erreur dans le fichier ./CSV3\bulletins\bulletins_propres\table_page_315.csv: En-tête '7R56Base' introuvable.
Erreur dans le fichier ./CSV3\bulletins\bulletins_propres\table_page_315.csv: En-tête '7R63Base' introuvable.
Erreur dans le fichier ./CSV3\bulletins\bulletins_propres\table_page_315.csv: En-tête '7T00Base' introuvable.
Erreur dans le fichier ./CSV3\bulletins\bulletins_propres\table_page_315.csv: En-tête '7T02Base' introuvable.
Erreur dans le fichier ./CSV3\bulletins\bulletins_propres\table_page_315.csv: En-tête 'Base' introuvable.
Erreur dans le fichier ./CSV3\bulletins\bulletins_propres\table_page_315.csv: En-tête '7T05Base' introuvable.
Erreur dans le fichier ./CSV3\bulletins\bulletins_propres\table_page_315.csv: En-tête 'Base' introuvable.
Erreur dans le fichier ./CSV3\bulletins\bulletins_propres\table_page_315.csv: En-tête '7T10Base' introuvable.
Erreur dans le fichier ./CSV3\bulletins\bulletins_propres\table_page_315.csv: En-tête '7T15Base' introuvable.
Erreur dans le fichier ./CSV3\bulletins\bulletins_propres\table_page_315.csv: En-tête '7T20Base' introuvable.
Erreur dans le fichier ./CSV3\bulletins\bulletins_propres\table_page_315.csv: En-tête '6082Base' introuvable.
Erreur dans le fichier ./CSV3\bulletins\bulletins_propres\table_page_315.csv: En-tête '6094Base' introuvable.
Erreur dans le fichier ./CSV3\bulletins\bulletins_propres\table_page_315.csv: En-tête 'Total Charges Ded.Base' introuvable.
Erreur dans le fichier ./CSV3\bulletins\bulletins_propres\table_page_315.csv: En-tête '6070Base' introuvable.
Erreur dans le fichier ./CSV3\bulletins\bulletins_propres\table_page_315.csv: En-tête '6074Base' introuvable.
Erreur dans le fichier ./CSV3\bulletins\bulletins_propres\table_page_315.csv: En-tête '6080Base' introuvable.
Erreur dans le fichier ./CSV3\bulletins\bulletins_propres\table_page_315.csv: En-tête '6084Base' introuvable.
Erreur dans le fichier ./CSV3\bulletins\bulletins_propres\table_page_315.csv: En-tête '6092Base' introuvable.
Erreur dans le fichier ./CSV3\bulletins\bulletins_propres\table_page_315.csv: En-tête '6096Base' introuvable.
Erreur dans le fichier ./CSV3\bulletins\bulletins_propres\table_page_315.csv: En-tête 'Total Charges Non Ded.Base' introuvable.
Erreur dans le fichier ./CSV3\bulletins\bulletins_propres\table_page_315.csv: En-tête '8009Base' introuvable.
Erreur dans le fichier ./CSV3\bulletins\bulletins_propres\table_page_315.csv: En-tête '8010Base' introuvable.
Erreur dans le fichier ./CSV3\bulletins\bulletins_propres\table_page_315.csv: En-tête '8190Base' introuvable.
Erreur dans le fichier ./CSV3\bulletins\bulletins_propres\table_page_315.csv: En-tête '8192Base' introuvable.
Erreur dans le fichier ./CSV3\bulletins\bulletins_propres\table_page_317.csv: En-tête '1001Base' introuvable.
Erreur dans le fichier ./CSV3\bulletins\bulletins_propres\table_page_317.csv: En-tête '1046Base' introuvable.
Erreur dans le fichier ./CSV3\bulletins\bulletins_propres\table_page_317.csv: En-tête 'Base' introuvable.
Erreur dans le fichier ./CSV3\bulletins\bulletins_propres\table_page_317.csv: En-tête '2012Base' introuvable.
Erreur dans le fichier ./CSV3\bulletins\bulletins_propres\table_page_317.csv: En-tête 'Base' introuvable.
Erreur dans le fichier ./CSV3\bulletins\bulletins_propres\table_page_317.csv: En-tête '2018Base' introuvable.
Erreur dans le fichier ./CSV3\bulletins\bulletins_propres\table_page_317.csv: En-tête '2068Base' introuvable.
Erreur dans le fichier ./CSV3\bulletins\bulletins_propres\table_page_317.csv: En-tête '2078Base' introuvable.
Erreur dans le fichier ./CSV3\bulletins\bulletins_propres\table_page_317.csv: En-tête '3006Base' introuvable.
Erreur dans le fichier ./CSV3\bulletins\bulletins_propres\table_page_317.csv: En-tête '3502Base' introuvable.
Erreur dans le fichier ./CSV3\bulletins\bulletins_propres\table_page_317.csv: En-tête 'Base' introuvable.
Erreur dans le fichier ./CSV3\bulletins\bulletins_propres\table_page_317.csv: En-tête 'TOTAL BRUTBase' introuvable.
Erreur dans le fichier ./CSV3\bulletins\bulletins_propres\table_page_317.csv: En-tête '6S89Base' introuvable.
Erreur dans le fichier ./CSV3\bulletins\bulletins_propres\table_page_317.csv: En-tête '7001Base' introuvable.
Erreur dans le fichier ./CSV3\bulletins\bulletins_propres\table_page_317.csv: En-tête '7010Base' introuvable.
Erreur dans le fichier ./CSV3\bulletins\bulletins_propres\table_page_317.csv: En-tête '7015Base' introuvable.
Erreur dans le fichier ./CSV3\bulletins\bulletins_propres\table_page_317.csv: En-tête '7020Base' introuvable.
Erreur dans le fichier ./CSV3\bulletins\bulletins_propres\table_page_317.csv: En-tête '7030Base' introuvable.
Erreur dans le fichier ./CSV3\bulletins\bulletins_propres\table_page_317.csv: En-tête 'Base' introuvable.
Erreur dans le fichier ./CSV3\bulletins\bulletins_propres\table_page_317.csv: En-tête '7035Base' introuvable.
Erreur dans le fichier ./CSV3\bulletins\bulletins_propres\table_page_317.csv: En-tête 'Base' introuvable.
Erreur dans le fichier ./CSV3\bulletins\bulletins_propres\table_page_317.csv: En-tête '7040Base' introuvable.
Erreur dans le fichier ./CSV3\bulletins\bulletins_propres\table_page_317.csv: En-tête 'Base' introuvable.
Erreur dans le fichier ./CSV3\bulletins\bulletins_propres\table_page_317.csv: En-tête '7045Base' introuvable.
Erreur dans le fichier ./CSV3\bulletins\bulletins_propres\table_page_317.csv: En-tête 'Base' introuvable.
Erreur dans le fichier ./CSV3\bulletins\bulletins_propres\table_page_317.csv: En-tête '7050Base' introuvable.
Erreur dans le fichier ./CSV3\bulletins\bulletins_propres\table_page_317.csv: En-tête '7055Base' introuvable.
Erreur dans le fichier ./CSV3\bulletins\bulletins_propres\table_page_317.csv: En-tête '7C00Base' introuvable.
Erreur dans le fichier ./CSV3\bulletins\bulletins_propres\table_page_317.csv: En-tête '7C20Base' introuvable.
Erreur dans le fichier ./CSV3\bulletins\bulletins_propres\table_page_317.csv: En-tête '7M03Base' introuvable.
Erreur dans le fichier ./CSV3\bulletins\bulletins_propres\table_page_317.csv: En-tête '7P10Base' introuvable.
Erreur dans le fichier ./CSV3\bulletins\bulletins_propres\table_page_317.csv: En-tête '7R56Base' introuvable.
Erreur dans le fichier ./CSV3\bulletins\bulletins_propres\table_page_317.csv: En-tête '7R63Base' introuvable.
Erreur dans le fichier ./CSV3\bulletins\bulletins_propres\table_page_317.csv: En-tête '7T00Base' introuvable.
Erreur dans le fichier ./CSV3\bulletins\bulletins_propres\table_page_317.csv: En-tête '7T02Base' introuvable.
Erreur dans le fichier ./CSV3\bulletins\bulletins_propres\table_page_317.csv: En-tête '7T05Base' introuvable.
Erreur dans le fichier ./CSV3\bulletins\bulletins_propres\table_page_317.csv: En-tête 'Base' introuvable.
Erreur dans le fichier ./CSV3\bulletins\bulletins_propres\table_page_317.csv: En-tête '7T10Base' introuvable.
Erreur dans le fichier ./CSV3\bulletins\bulletins_propres\table_page_317.csv: En-tête 'Base' introuvable.
Erreur dans le fichier ./CSV3\bulletins\bulletins_propres\table_page_317.csv: En-tête '7T15Base' introuvable.
Erreur dans le fichier ./CSV3\bulletins\bulletins_propres\table_page_317.csv: En-tête '7T20Base' introuvable.
Erreur dans le fichier ./CSV3\bulletins\bulletins_propres\table_page_317.csv: En-tête '6082Base' introuvable.
Erreur dans le fichier ./CSV3\bulletins\bulletins_propres\table_page_317.csv: En-tête '6094Base' introuvable.
Erreur dans le fichier ./CSV3\bulletins\bulletins_propres\table_page_317.csv: En-tête 'Total Charges Ded.Base' introuvable.
Erreur dans le fichier ./CSV3\bulletins\bulletins_propres\table_page_317.csv: En-tête '6070Base' introuvable.
Erreur dans le fichier ./CSV3\bulletins\bulletins_propres\table_page_317.csv: En-tête '6074Base' introuvable.
Erreur dans le fichier ./CSV3\bulletins\bulletins_propres\table_page_317.csv: En-tête '6080Base' introuvable.
Erreur dans le fichier ./CSV3\bulletins\bulletins_propres\table_page_317.csv: En-tête '6084Base' introuvable.
Erreur dans le fichier ./CSV3\bulletins\bulletins_propres\table_page_317.csv: En-tête '6092Base' introuvable.
Erreur dans le fichier ./CSV3\bulletins\bulletins_propres\table_page_317.csv: En-tête '6096Base' introuvable.
Erreur dans le fichier ./CSV3\bulletins\bulletins_propres\table_page_317.csv: En-tête 'Total Charges Non Ded.Base' introuvable.
Erreur dans le fichier ./CSV3\bulletins\bulletins_propres\table_page_317.csv: En-tête '8009Base' introuvable.
Erreur dans le fichier ./CSV3\bulletins\bulletins_propres\table_page_317.csv: En-tête '8010Base' introuvable.
Erreur dans le fichier ./CSV3\bulletins\bulletins_propres\table_page_317.csv: En-tête '8192Base' introuvable.
Erreur dans le fichier ./CSV3\bulletins\bulletins_propres\table_page_317.csv: En-tête '8190Base' introuvable.
Erreur dans le fichier ./CSV3\bulletins\bulletins_propres\table_page_317.csv: En-tête 'Base' introuvable.
Erreur dans le fichier ./CSV3\bulletins\bulletins_propres\table_page_317.csv: En-tête 'Base' introuvable.
Erreur dans le fichier ./CSV3\bulletins\bulletins_propres\table_page_317.csv: En-tête 'Impôt sur le revenuBase' introuvable.
Erreur dans le fichier ./CSV3\bulletins\bulletins_propres\table_page_317.csv: En-tête 'Impôt sur le revenu à la sourceBase' introuvable.
Erreur dans le fichier ./CSV3\bulletins\bulletins_propres\table_page_319.csv: En-tête '1001Base' introuvable.
Erreur dans le fichier ./CSV3\bulletins\bulletins_propres\table_page_319.csv: En-tête '2012Base' introuvable.
Erreur dans le fichier ./CSV3\bulletins\bulletins_propres\table_page_319.csv: En-tête 'Base' introuvable.
Erreur dans le fichier ./CSV3\bulletins\bulletins_propres\table_page_319.csv: En-tête '2068Base' introuvable.
Erreur dans le fichier ./CSV3\bulletins\bulletins_propres\table_page_319.csv: En-tête 'Base' introuvable.
Erreur dans le fichier ./CSV3\bulletins\bulletins_propres\table_page_319.csv: En-tête '2078Base' introuvable.
Erreur dans le fichier ./CSV3\bulletins\bulletins_propres\table_page_319.csv: En-tête '3250Base' introuvable.
Erreur dans le fichier ./CSV3\bulletins\bulletins_propres\table_page_319.csv: En-tête '3255Base' introuvable.
Erreur dans le fichier ./CSV3\bulletins\bulletins_propres\table_page_319.csv: En-tête 'Base' introuvable.
Erreur dans le fichier ./CSV3\bulletins\bulletins_propres\table_page_319.csv: En-tête 'TOTAL BRUTBase' introuvable.
Erreur dans le fichier ./CSV3\bulletins\bulletins_propres\table_page_319.csv: En-tête '7001Base' introuvable.
Erreur dans le fichier ./CSV3\bulletins\bulletins_propres\table_page_319.csv: En-tête '7010Base' introuvable.
Erreur dans le fichier ./CSV3\bulletins\bulletins_propres\table_page_319.csv: En-tête '7015Base' introuvable.
Erreur dans le fichier ./CSV3\bulletins\bulletins_propres\table_page_319.csv: En-tête '7020Base' introuvable.
Erreur dans le fichier ./CSV3\bulletins\bulletins_propres\table_page_319.csv: En-tête '7030Base' introuvable.
Erreur dans le fichier ./CSV3\bulletins\bulletins_propres\table_page_319.csv: En-tête '7035Base' introuvable.
Erreur dans le fichier ./CSV3\bulletins\bulletins_propres\table_page_319.csv: En-tête '7040Base' introuvable.
Erreur dans le fichier ./CSV3\bulletins\bulletins_propres\table_page_319.csv: En-tête '7045Base' introuvable.
Erreur dans le fichier ./CSV3\bulletins\bulletins_propres\table_page_319.csv: En-tête 'Base' introuvable.
Erreur dans le fichier ./CSV3\bulletins\bulletins_propres\table_page_319.csv: En-tête '7050Base' introuvable.
Erreur dans le fichier ./CSV3\bulletins\bulletins_propres\table_page_319.csv: En-tête 'Base' introuvable.
Erreur dans le fichier ./CSV3\bulletins\bulletins_propres\table_page_319.csv: En-tête '7055Base' introuvable.
Erreur dans le fichier ./CSV3\bulletins\bulletins_propres\table_page_319.csv: En-tête 'Base' introuvable.
Erreur dans le fichier ./CSV3\bulletins\bulletins_propres\table_page_319.csv: En-tête '7C00Base' introuvable.
Erreur dans le fichier ./CSV3\bulletins\bulletins_propres\table_page_319.csv: En-tête 'Base' introuvable.
Erreur dans le fichier ./CSV3\bulletins\bulletins_propres\table_page_319.csv: En-tête '7C20Base' introuvable.
Erreur dans le fichier ./CSV3\bulletins\bulletins_propres\table_page_319.csv: En-tête '7M04Base' introuvable.
Erreur dans le fichier ./CSV3\bulletins\bulletins_propres\table_page_319.csv: En-tête '7P10Base' introuvable.
Erreur dans le fichier ./CSV3\bulletins\bulletins_propres\table_page_319.csv: En-tête '7R56Base' introuvable.
Erreur dans le fichier ./CSV3\bulletins\bulletins_propres\table_page_319.csv: En-tête '7R63Base' introuvable.
Erreur dans le fichier ./CSV3\bulletins\bulletins_propres\table_page_319.csv: En-tête '7T00Base' introuvable.
Erreur dans le fichier ./CSV3\bulletins\bulletins_propres\table_page_319.csv: En-tête '7T02Base' introuvable.
Erreur dans le fichier ./CSV3\bulletins\bulletins_propres\table_page_319.csv: En-tête '7T05Base' introuvable.
Erreur dans le fichier ./CSV3\bulletins\bulletins_propres\table_page_319.csv: En-tête '7T10Base' introuvable.
Erreur dans le fichier ./CSV3\bulletins\bulletins_propres\table_page_319.csv: En-tête '7T15Base' introuvable.
Erreur dans le fichier ./CSV3\bulletins\bulletins_propres\table_page_319.csv: En-tête '7T20Base' introuvable.
Erreur dans le fichier ./CSV3\bulletins\bulletins_propres\table_page_319.csv: En-tête 'Base' introuvable.
Erreur dans le fichier ./CSV3\bulletins\bulletins_propres\table_page_319.csv: En-tête '6082Base' introuvable.
Erreur dans le fichier ./CSV3\bulletins\bulletins_propres\table_page_319.csv: En-tête 'Base' introuvable.
Erreur dans le fichier ./CSV3\bulletins\bulletins_propres\table_page_319.csv: En-tête '6094Base' introuvable.
Erreur dans le fichier ./CSV3\bulletins\bulletins_propres\table_page_319.csv: En-tête 'PALCAllégement chômageBase' introuvable.
Erreur dans le fichier ./CSV3\bulletins\bulletins_propres\table_page_319.csv: En-tête 'PALFAllégement FillonBase' introuvable.
Erreur dans le fichier ./CSV3\bulletins\bulletins_propres\table_page_319.csv: En-tête 'PALRAllégement retraiteBase' introuvable.
Erreur dans le fichier ./CSV3\bulletins\bulletins_propres\table_page_319.csv: En-tête 'Total Charges Ded.Base' introuvable.
Erreur dans le fichier ./CSV3\bulletins\bulletins_propres\table_page_319.csv: En-tête '6080Base' introuvable.
Erreur dans le fichier ./CSV3\bulletins\bulletins_propres\table_page_319.csv: En-tête '6084Base' introuvable.
Erreur dans le fichier ./CSV3\bulletins\bulletins_propres\table_page_319.csv: En-tête '6092Base' introuvable.
Erreur dans le fichier ./CSV3\bulletins\bulletins_propres\table_page_319.csv: En-tête '6096Base' introuvable.
Erreur dans le fichier ./CSV3\bulletins\bulletins_propres\table_page_319.csv: En-tête 'Total Charges Non Ded.Base' introuvable.
Erreur dans le fichier ./CSV3\bulletins\bulletins_propres\table_page_319.csv: En-tête '8009Base' introuvable.
Erreur dans le fichier ./CSV3\bulletins\bulletins_propres\table_page_319.csv: En-tête '8010Base' introuvable.
Erreur dans le fichier ./CSV3\bulletins\bulletins_propres\table_page_319.csv: En-tête '8007Base' introuvable.
Erreur dans le fichier ./CSV3\bulletins\bulletins_propres\table_page_319.csv: En-tête 'Base' introuvable.
Erreur dans le fichier ./CSV3\bulletins\bulletins_propres\table_page_319.csv: En-tête 'Base' introuvable.
Erreur dans le fichier ./CSV3\bulletins\bulletins_propres\table_page_319.csv: En-tête 'Impôt sur le revenuBase' introuvable.
Erreur dans le fichier ./CSV3\bulletins\bulletins_propres\table_page_319.csv: En-tête 'Impôt sur le revenu à la sourceBase' introuvable.
Erreur dans le fichier ./CSV3\bulletins\bulletins_propres\table_page_321.csv: En-tête '1001Base' introuvable.
Erreur dans le fichier ./CSV3\bulletins\bulletins_propres\table_page_321.csv: En-tête '2012Base' introuvable.
Erreur dans le fichier ./CSV3\bulletins\bulletins_propres\table_page_321.csv: En-tête 'Base' introuvable.
Erreur dans le fichier ./CSV3\bulletins\bulletins_propres\table_page_321.csv: En-tête '2068Base' introuvable.
Erreur dans le fichier ./CSV3\bulletins\bulletins_propres\table_page_321.csv: En-tête 'Base' introuvable.
Erreur dans le fichier ./CSV3\bulletins\bulletins_propres\table_page_321.csv: En-tête '2078Base' introuvable.
Erreur dans le fichier ./CSV3\bulletins\bulletins_propres\table_page_321.csv: En-tête '2088Base' introuvable.
Erreur dans le fichier ./CSV3\bulletins\bulletins_propres\table_page_321.csv: En-tête 'Base' introuvable.
Erreur dans le fichier ./CSV3\bulletins\bulletins_propres\table_page_321.csv: En-tête 'TOTAL BRUTBase' introuvable.
Erreur dans le fichier ./CSV3\bulletins\bulletins_propres\table_page_321.csv: En-tête '7001Base' introuvable.
Erreur dans le fichier ./CSV3\bulletins\bulletins_propres\table_page_321.csv: En-tête '7010Base' introuvable.
Erreur dans le fichier ./CSV3\bulletins\bulletins_propres\table_page_321.csv: En-tête '7015Base' introuvable.
Erreur dans le fichier ./CSV3\bulletins\bulletins_propres\table_page_321.csv: En-tête '7020Base' introuvable.
Erreur dans le fichier ./CSV3\bulletins\bulletins_propres\table_page_321.csv: En-tête '7030Base' introuvable.
Erreur dans le fichier ./CSV3\bulletins\bulletins_propres\table_page_321.csv: En-tête '7035Base' introuvable.
Erreur dans le fichier ./CSV3\bulletins\bulletins_propres\table_page_321.csv: En-tête '7040Base' introuvable.
Erreur dans le fichier ./CSV3\bulletins\bulletins_propres\table_page_321.csv: En-tête '7045Base' introuvable.
Erreur dans le fichier ./CSV3\bulletins\bulletins_propres\table_page_321.csv: En-tête '7050Base' introuvable.
Erreur dans le fichier ./CSV3\bulletins\bulletins_propres\table_page_321.csv: En-tête 'Base' introuvable.
Erreur dans le fichier ./CSV3\bulletins\bulletins_propres\table_page_321.csv: En-tête '7055Base' introuvable.
Erreur dans le fichier ./CSV3\bulletins\bulletins_propres\table_page_321.csv: En-tête 'Base' introuvable.
Erreur dans le fichier ./CSV3\bulletins\bulletins_propres\table_page_321.csv: En-tête '7C00Base' introuvable.
Erreur dans le fichier ./CSV3\bulletins\bulletins_propres\table_page_321.csv: En-tête 'Base' introuvable.
Erreur dans le fichier ./CSV3\bulletins\bulletins_propres\table_page_321.csv: En-tête '7C20Base' introuvable.
Erreur dans le fichier ./CSV3\bulletins\bulletins_propres\table_page_321.csv: En-tête 'Base' introuvable.
Erreur dans le fichier ./CSV3\bulletins\bulletins_propres\table_page_321.csv: En-tête '7M04Base' introuvable.
Erreur dans le fichier ./CSV3\bulletins\bulletins_propres\table_page_321.csv: En-tête '7P10Base' introuvable.
Erreur dans le fichier ./CSV3\bulletins\bulletins_propres\table_page_321.csv: En-tête '7R56Base' introuvable.
Erreur dans le fichier ./CSV3\bulletins\bulletins_propres\table_page_321.csv: En-tête '7R63Base' introuvable.
Erreur dans le fichier ./CSV3\bulletins\bulletins_propres\table_page_321.csv: En-tête '7T00Base' introuvable.
Erreur dans le fichier ./CSV3\bulletins\bulletins_propres\table_page_321.csv: En-tête '7T02Base' introuvable.
Erreur dans le fichier ./CSV3\bulletins\bulletins_propres\table_page_321.csv: En-tête '7T05Base' introuvable.
Erreur dans le fichier ./CSV3\bulletins\bulletins_propres\table_page_321.csv: En-tête '7T10Base' introuvable.
Erreur dans le fichier ./CSV3\bulletins\bulletins_propres\table_page_321.csv: En-tête '7T15Base' introuvable.
Erreur dans le fichier ./CSV3\bulletins\bulletins_propres\table_page_321.csv: En-tête '7T20Base' introuvable.
Erreur dans le fichier ./CSV3\bulletins\bulletins_propres\table_page_321.csv: En-tête '6082Base' introuvable.
Erreur dans le fichier ./CSV3\bulletins\bulletins_propres\table_page_321.csv: En-tête 'Base' introuvable.
Erreur dans le fichier ./CSV3\bulletins\bulletins_propres\table_page_321.csv: En-tête '6094Base' introuvable.
Erreur dans le fichier ./CSV3\bulletins\bulletins_propres\table_page_321.csv: En-tête 'Total Charges Ded.Base' introuvable.
Erreur dans le fichier ./CSV3\bulletins\bulletins_propres\table_page_321.csv: En-tête '6080Base' introuvable.
Erreur dans le fichier ./CSV3\bulletins\bulletins_propres\table_page_321.csv: En-tête '6084Base' introuvable.
Erreur dans le fichier ./CSV3\bulletins\bulletins_propres\table_page_321.csv: En-tête '6092Base' introuvable.
Erreur dans le fichier ./CSV3\bulletins\bulletins_propres\table_page_321.csv: En-tête '6096Base' introuvable.
Erreur dans le fichier ./CSV3\bulletins\bulletins_propres\table_page_321.csv: En-tête 'Total Charges Non Ded.Base' introuvable.
Erreur dans le fichier ./CSV3\bulletins\bulletins_propres\table_page_321.csv: En-tête '8007Base' introuvable.
Erreur dans le fichier ./CSV3\bulletins\bulletins_propres\table_page_321.csv: En-tête 'Base' introuvable.
Erreur dans le fichier ./CSV3\bulletins\bulletins_propres\table_page_321.csv: En-tête 'Base' introuvable.
Erreur dans le fichier ./CSV3\bulletins\bulletins_propres\table_page_321.csv: En-tête 'Impôt sur le revenuBase' introuvable.
Erreur dans le fichier ./CSV3\bulletins\bulletins_propres\table_page_321.csv: En-tête 'Impôt sur le revenu à la sourceBase' introuvable.
Erreur dans le fichier ./CSV3\bulletins\bulletins_propres\table_page_323.csv: En-tête '1001Base' introuvable.
Erreur dans le fichier ./CSV3\bulletins\bulletins_propres\table_page_323.csv: En-tête '1046Base' introuvable.
Erreur dans le fichier ./CSV3\bulletins\bulletins_propres\table_page_323.csv: En-tête 'Base' introuvable.
Erreur dans le fichier ./CSV3\bulletins\bulletins_propres\table_page_323.csv: En-tête '2012Base' introuvable.
Erreur dans le fichier ./CSV3\bulletins\bulletins_propres\table_page_323.csv: En-tête 'Base' introuvable.
Erreur dans le fichier ./CSV3\bulletins\bulletins_propres\table_page_323.csv: En-tête '2018Base' introuvable.
Erreur dans le fichier ./CSV3\bulletins\bulletins_propres\table_page_323.csv: En-tête '2068Base' introuvable.
Erreur dans le fichier ./CSV3\bulletins\bulletins_propres\table_page_323.csv: En-tête '2078Base' introuvable.
Erreur dans le fichier ./CSV3\bulletins\bulletins_propres\table_page_323.csv: En-tête '2080Base' introuvable.
Erreur dans le fichier ./CSV3\bulletins\bulletins_propres\table_page_323.csv: En-tête '3280Base' introuvable.
Erreur dans le fichier ./CSV3\bulletins\bulletins_propres\table_page_323.csv: En-tête '3285Base' introuvable.
Erreur dans le fichier ./CSV3\bulletins\bulletins_propres\table_page_323.csv: En-tête '3460Base' introuvable.
Erreur dans le fichier ./CSV3\bulletins\bulletins_propres\table_page_323.csv: En-tête '3462Base' introuvable.
Erreur dans le fichier ./CSV3\bulletins\bulletins_propres\table_page_323.csv: En-tête 'Base' introuvable.
Erreur dans le fichier ./CSV3\bulletins\bulletins_propres\table_page_323.csv: En-tête 'TOTAL BRUTBase' introuvable.
Erreur dans le fichier ./CSV3\bulletins\bulletins_propres\table_page_323.csv: En-tête '7001Base' introuvable.
Erreur dans le fichier ./CSV3\bulletins\bulletins_propres\table_page_323.csv: En-tête '7010Base' introuvable.
Erreur dans le fichier ./CSV3\bulletins\bulletins_propres\table_page_323.csv: En-tête '7015Base' introuvable.
Erreur dans le fichier ./CSV3\bulletins\bulletins_propres\table_page_323.csv: En-tête 'Base' introuvable.
Erreur dans le fichier ./CSV3\bulletins\bulletins_propres\table_page_323.csv: En-tête '7020Base' introuvable.
Erreur dans le fichier ./CSV3\bulletins\bulletins_propres\table_page_323.csv: En-tête 'Base' introuvable.
Erreur dans le fichier ./CSV3\bulletins\bulletins_propres\table_page_323.csv: En-tête '7030Base' introuvable.
Erreur dans le fichier ./CSV3\bulletins\bulletins_propres\table_page_323.csv: En-tête 'Base' introuvable.
Erreur dans le fichier ./CSV3\bulletins\bulletins_propres\table_page_323.csv: En-tête '7035Base' introuvable.
Erreur dans le fichier ./CSV3\bulletins\bulletins_propres\table_page_323.csv: En-tête 'Base' introuvable.
Erreur dans le fichier ./CSV3\bulletins\bulletins_propres\table_page_323.csv: En-tête '7040Base' introuvable.
Erreur dans le fichier ./CSV3\bulletins\bulletins_propres\table_page_323.csv: En-tête '7045Base' introuvable.
Erreur dans le fichier ./CSV3\bulletins\bulletins_propres\table_page_323.csv: En-tête '7050Base' introuvable.
Erreur dans le fichier ./CSV3\bulletins\bulletins_propres\table_page_323.csv: En-tête '7055Base' introuvable.
Erreur dans le fichier ./CSV3\bulletins\bulletins_propres\table_page_323.csv: En-tête '7C00Base' introuvable.
Erreur dans le fichier ./CSV3\bulletins\bulletins_propres\table_page_323.csv: En-tête '7C20Base' introuvable.
Erreur dans le fichier ./CSV3\bulletins\bulletins_propres\table_page_323.csv: En-tête '7M03Base' introuvable.
Erreur dans le fichier ./CSV3\bulletins\bulletins_propres\table_page_323.csv: En-tête '7P10Base' introuvable.
Erreur dans le fichier ./CSV3\bulletins\bulletins_propres\table_page_323.csv: En-tête '7R56Base' introuvable.
Erreur dans le fichier ./CSV3\bulletins\bulletins_propres\table_page_323.csv: En-tête '7R63Base' introuvable.
Erreur dans le fichier ./CSV3\bulletins\bulletins_propres\table_page_323.csv: En-tête '7T00Base' introuvable.
Erreur dans le fichier ./CSV3\bulletins\bulletins_propres\table_page_323.csv: En-tête 'Base' introuvable.
Erreur dans le fichier ./CSV3\bulletins\bulletins_propres\table_page_323.csv: En-tête '7T02Base' introuvable.
Erreur dans le fichier ./CSV3\bulletins\bulletins_propres\table_page_323.csv: En-tête 'Base' introuvable.
Erreur dans le fichier ./CSV3\bulletins\bulletins_propres\table_page_323.csv: En-tête '7T05Base' introuvable.
Erreur dans le fichier ./CSV3\bulletins\bulletins_propres\table_page_323.csv: En-tête 'Base' introuvable.
Erreur dans le fichier ./CSV3\bulletins\bulletins_propres\table_page_323.csv: En-tête '7T10Base' introuvable.
Erreur dans le fichier ./CSV3\bulletins\bulletins_propres\table_page_323.csv: En-tête '7T15Base' introuvable.
Erreur dans le fichier ./CSV3\bulletins\bulletins_propres\table_page_323.csv: En-tête '7T20Base' introuvable.
Erreur dans le fichier ./CSV3\bulletins\bulletins_propres\table_page_323.csv: En-tête '6082Base' introuvable.
Erreur dans le fichier ./CSV3\bulletins\bulletins_propres\table_page_323.csv: En-tête '6094Base' introuvable.
Erreur dans le fichier ./CSV3\bulletins\bulletins_propres\table_page_323.csv: En-tête 'Total Charges Ded.Base' introuvable.
Erreur dans le fichier ./CSV3\bulletins\bulletins_propres\table_page_323.csv: En-tête '6080Base' introuvable.
Erreur dans le fichier ./CSV3\bulletins\bulletins_propres\table_page_323.csv: En-tête '6084Base' introuvable.
Erreur dans le fichier ./CSV3\bulletins\bulletins_propres\table_page_323.csv: En-tête '6092Base' introuvable.
Erreur dans le fichier ./CSV3\bulletins\bulletins_propres\table_page_323.csv: En-tête '6096Base' introuvable.
Erreur dans le fichier ./CSV3\bulletins\bulletins_propres\table_page_323.csv: En-tête 'Total Charges Non Ded.Base' introuvable.
Erreur dans le fichier ./CSV3\bulletins\bulletins_propres\table_page_323.csv: En-tête '8009Base' introuvable.
Erreur dans le fichier ./CSV3\bulletins\bulletins_propres\table_page_323.csv: En-tête '8010Base' introuvable.
Erreur dans le fichier ./CSV3\bulletins\bulletins_propres\table_page_323.csv: En-tête '8007Base' introuvable.
Erreur dans le fichier ./CSV3\bulletins\bulletins_propres\table_page_323.csv: En-tête '8192Base' introuvable.
Erreur dans le fichier ./CSV3\bulletins\bulletins_propres\table_page_325.csv: En-tête '1001Base' introuvable.
Erreur dans le fichier ./CSV3\bulletins\bulletins_propres\table_page_325.csv: En-tête '1046Base' introuvable.
Erreur dans le fichier ./CSV3\bulletins\bulletins_propres\table_page_325.csv: En-tête 'Base' introuvable.
Erreur dans le fichier ./CSV3\bulletins\bulletins_propres\table_page_325.csv: En-tête '2012Base' introuvable.
Erreur dans le fichier ./CSV3\bulletins\bulletins_propres\table_page_325.csv: En-tête 'Base' introuvable.
Erreur dans le fichier ./CSV3\bulletins\bulletins_propres\table_page_325.csv: En-tête '2018Base' introuvable.
Erreur dans le fichier ./CSV3\bulletins\bulletins_propres\table_page_325.csv: En-tête '2068Base' introuvable.
Erreur dans le fichier ./CSV3\bulletins\bulletins_propres\table_page_325.csv: En-tête '2078Base' introuvable.
Erreur dans le fichier ./CSV3\bulletins\bulletins_propres\table_page_325.csv: En-tête '3B80Base' introuvable.
Erreur dans le fichier ./CSV3\bulletins\bulletins_propres\table_page_325.csv: En-tête '3B82Base' introuvable.
Erreur dans le fichier ./CSV3\bulletins\bulletins_propres\table_page_325.csv: En-tête 'Base' introuvable.
Erreur dans le fichier ./CSV3\bulletins\bulletins_propres\table_page_325.csv: En-tête 'TOTAL BRUTBase' introuvable.
Erreur dans le fichier ./CSV3\bulletins\bulletins_propres\table_page_325.csv: En-tête '60F2Base' introuvable.
Erreur dans le fichier ./CSV3\bulletins\bulletins_propres\table_page_325.csv: En-tête '7001Base' introuvable.
Erreur dans le fichier ./CSV3\bulletins\bulletins_propres\table_page_325.csv: En-tête '7010Base' introuvable.
Erreur dans le fichier ./CSV3\bulletins\bulletins_propres\table_page_325.csv: En-tête '7015Base' introuvable.
Erreur dans le fichier ./CSV3\bulletins\bulletins_propres\table_page_325.csv: En-tête '7020Base' introuvable.
Erreur dans le fichier ./CSV3\bulletins\bulletins_propres\table_page_325.csv: En-tête '7030Base' introuvable.
Erreur dans le fichier ./CSV3\bulletins\bulletins_propres\table_page_325.csv: En-tête 'Base' introuvable.
Erreur dans le fichier ./CSV3\bulletins\bulletins_propres\table_page_325.csv: En-tête '7035Base' introuvable.
Erreur dans le fichier ./CSV3\bulletins\bulletins_propres\table_page_325.csv: En-tête 'Base' introuvable.
Erreur dans le fichier ./CSV3\bulletins\bulletins_propres\table_page_325.csv: En-tête '7040Base' introuvable.
Erreur dans le fichier ./CSV3\bulletins\bulletins_propres\table_page_325.csv: En-tête 'Base' introuvable.
Erreur dans le fichier ./CSV3\bulletins\bulletins_propres\table_page_325.csv: En-tête '7045Base' introuvable.
Erreur dans le fichier ./CSV3\bulletins\bulletins_propres\table_page_325.csv: En-tête 'Base' introuvable.
Erreur dans le fichier ./CSV3\bulletins\bulletins_propres\table_page_325.csv: En-tête '7050Base' introuvable.
Erreur dans le fichier ./CSV3\bulletins\bulletins_propres\table_page_325.csv: En-tête '7055Base' introuvable.
Erreur dans le fichier ./CSV3\bulletins\bulletins_propres\table_page_325.csv: En-tête '7C00Base' introuvable.
Erreur dans le fichier ./CSV3\bulletins\bulletins_propres\table_page_325.csv: En-tête '7C20Base' introuvable.
Erreur dans le fichier ./CSV3\bulletins\bulletins_propres\table_page_325.csv: En-tête '7M05Base' introuvable.
Erreur dans le fichier ./CSV3\bulletins\bulletins_propres\table_page_325.csv: En-tête '7P10Base' introuvable.
Erreur dans le fichier ./CSV3\bulletins\bulletins_propres\table_page_325.csv: En-tête '7R56Base' introuvable.
Erreur dans le fichier ./CSV3\bulletins\bulletins_propres\table_page_325.csv: En-tête '7R63Base' introuvable.
Erreur dans le fichier ./CSV3\bulletins\bulletins_propres\table_page_325.csv: En-tête '7T00Base' introuvable.
Erreur dans le fichier ./CSV3\bulletins\bulletins_propres\table_page_325.csv: En-tête '7T02Base' introuvable.
Erreur dans le fichier ./CSV3\bulletins\bulletins_propres\table_page_325.csv: En-tête '7T05Base' introuvable.
Erreur dans le fichier ./CSV3\bulletins\bulletins_propres\table_page_325.csv: En-tête 'Base' introuvable.
Erreur dans le fichier ./CSV3\bulletins\bulletins_propres\table_page_325.csv: En-tête '7T10Base' introuvable.
Erreur dans le fichier ./CSV3\bulletins\bulletins_propres\table_page_325.csv: En-tête '7T15Base' introuvable.
Erreur dans le fichier ./CSV3\bulletins\bulletins_propres\table_page_325.csv: En-tête '7T20Base' introuvable.
Erreur dans le fichier ./CSV3\bulletins\bulletins_propres\table_page_325.csv: En-tête '6082Base' introuvable.
Erreur dans le fichier ./CSV3\bulletins\bulletins_propres\table_page_325.csv: En-tête '6094Base' introuvable.
Erreur dans le fichier ./CSV3\bulletins\bulletins_propres\table_page_325.csv: En-tête 'Total Charges Ded.Base' introuvable.
Erreur dans le fichier ./CSV3\bulletins\bulletins_propres\table_page_325.csv: En-tête '6080Base' introuvable.
Erreur dans le fichier ./CSV3\bulletins\bulletins_propres\table_page_325.csv: En-tête '6084Base' introuvable.
Erreur dans le fichier ./CSV3\bulletins\bulletins_propres\table_page_325.csv: En-tête '6092Base' introuvable.
Erreur dans le fichier ./CSV3\bulletins\bulletins_propres\table_page_325.csv: En-tête '6096Base' introuvable.
Erreur dans le fichier ./CSV3\bulletins\bulletins_propres\table_page_325.csv: En-tête '60F1Base' introuvable.
Erreur dans le fichier ./CSV3\bulletins\bulletins_propres\table_page_325.csv: En-tête '60F3Base' introuvable.
Erreur dans le fichier ./CSV3\bulletins\bulletins_propres\table_page_325.csv: En-tête '60F4Base' introuvable.
Erreur dans le fichier ./CSV3\bulletins\bulletins_propres\table_page_325.csv: En-tête '60F8Base' introuvable.
Erreur dans le fichier ./CSV3\bulletins\bulletins_propres\table_page_325.csv: En-tête '60F9Base' introuvable.
Erreur dans le fichier ./CSV3\bulletins\bulletins_propres\table_page_325.csv: En-tête 'Total Charges Non Ded.Base' introuvable.
Erreur dans le fichier ./CSV3\bulletins\bulletins_propres\table_page_325.csv: En-tête '8009Base' introuvable.
Erreur dans le fichier ./CSV3\bulletins\bulletins_propres\table_page_325.csv: En-tête '8010Base' introuvable.
Erreur dans le fichier ./CSV3\bulletins\bulletins_propres\table_page_325.csv: En-tête '8007Base' introuvable.
Erreur dans le fichier ./CSV3\bulletins\bulletins_propres\table_page_325.csv: En-tête '8020Base' introuvable.
Erreur dans le fichier ./CSV3\bulletins\bulletins_propres\table_page_325.csv: En-tête '8192Base' introuvable.
Erreur dans le fichier ./CSV3\bulletins\bulletins_propres\table_page_327.csv: En-tête '1001Base' introuvable.
Erreur dans le fichier ./CSV3\bulletins\bulletins_propres\table_page_327.csv: En-tête '1046Base' introuvable.
Erreur dans le fichier ./CSV3\bulletins\bulletins_propres\table_page_327.csv: En-tête 'Base' introuvable.
Erreur dans le fichier ./CSV3\bulletins\bulletins_propres\table_page_327.csv: En-tête '2012Base' introuvable.
Erreur dans le fichier ./CSV3\bulletins\bulletins_propres\table_page_327.csv: En-tête 'Base' introuvable.
Erreur dans le fichier ./CSV3\bulletins\bulletins_propres\table_page_327.csv: En-tête '2018Base' introuvable.
Erreur dans le fichier ./CSV3\bulletins\bulletins_propres\table_page_327.csv: En-tête '2068Base' introuvable.
Erreur dans le fichier ./CSV3\bulletins\bulletins_propres\table_page_327.csv: En-tête '2078Base' introuvable.
Erreur dans le fichier ./CSV3\bulletins\bulletins_propres\table_page_327.csv: En-tête '3350Base' introuvable.
Erreur dans le fichier ./CSV3\bulletins\bulletins_propres\table_page_327.csv: En-tête '3355Base' introuvable.
Erreur dans le fichier ./CSV3\bulletins\bulletins_propres\table_page_327.csv: En-tête 'Base' introuvable.
Erreur dans le fichier ./CSV3\bulletins\bulletins_propres\table_page_327.csv: En-tête 'TOTAL BRUTBase' introuvable.
Erreur dans le fichier ./CSV3\bulletins\bulletins_propres\table_page_327.csv: En-tête '7001Base' introuvable.
Erreur dans le fichier ./CSV3\bulletins\bulletins_propres\table_page_327.csv: En-tête '7010Base' introuvable.
Erreur dans le fichier ./CSV3\bulletins\bulletins_propres\table_page_327.csv: En-tête '7015Base' introuvable.
Erreur dans le fichier ./CSV3\bulletins\bulletins_propres\table_page_327.csv: En-tête '7020Base' introuvable.
Erreur dans le fichier ./CSV3\bulletins\bulletins_propres\table_page_327.csv: En-tête '7030Base' introuvable.
Erreur dans le fichier ./CSV3\bulletins\bulletins_propres\table_page_327.csv: En-tête '7035Base' introuvable.
Erreur dans le fichier ./CSV3\bulletins\bulletins_propres\table_page_327.csv: En-tête 'Base' introuvable.
Erreur dans le fichier ./CSV3\bulletins\bulletins_propres\table_page_327.csv: En-tête '7040Base' introuvable.
Erreur dans le fichier ./CSV3\bulletins\bulletins_propres\table_page_327.csv: En-tête 'Base' introuvable.
Erreur dans le fichier ./CSV3\bulletins\bulletins_propres\table_page_327.csv: En-tête '7045Base' introuvable.
Erreur dans le fichier ./CSV3\bulletins\bulletins_propres\table_page_327.csv: En-tête 'Base' introuvable.
Erreur dans le fichier ./CSV3\bulletins\bulletins_propres\table_page_327.csv: En-tête '7050Base' introuvable.
Erreur dans le fichier ./CSV3\bulletins\bulletins_propres\table_page_327.csv: En-tête 'Base' introuvable.
Erreur dans le fichier ./CSV3\bulletins\bulletins_propres\table_page_327.csv: En-tête '7055Base' introuvable.
Erreur dans le fichier ./CSV3\bulletins\bulletins_propres\table_page_327.csv: En-tête '7C00Base' introuvable.
Erreur dans le fichier ./CSV3\bulletins\bulletins_propres\table_page_327.csv: En-tête '7C20Base' introuvable.
Erreur dans le fichier ./CSV3\bulletins\bulletins_propres\table_page_327.csv: En-tête '7M05Base' introuvable.
Erreur dans le fichier ./CSV3\bulletins\bulletins_propres\table_page_327.csv: En-tête '7P20Base' introuvable.
Erreur dans le fichier ./CSV3\bulletins\bulletins_propres\table_page_327.csv: En-tête '7R56Base' introuvable.
Erreur dans le fichier ./CSV3\bulletins\bulletins_propres\table_page_327.csv: En-tête '7R63Base' introuvable.
Erreur dans le fichier ./CSV3\bulletins\bulletins_propres\table_page_327.csv: En-tête '7T00Base' introuvable.
Erreur dans le fichier ./CSV3\bulletins\bulletins_propres\table_page_327.csv: En-tête '7T02Base' introuvable.
Erreur dans le fichier ./CSV3\bulletins\bulletins_propres\table_page_327.csv: En-tête '7T05Base' introuvable.
Erreur dans le fichier ./CSV3\bulletins\bulletins_propres\table_page_327.csv: En-tête '7T10Base' introuvable.
Erreur dans le fichier ./CSV3\bulletins\bulletins_propres\table_page_327.csv: En-tête 'Base' introuvable.
Erreur dans le fichier ./CSV3\bulletins\bulletins_propres\table_page_327.csv: En-tête '7T15Base' introuvable.
Erreur dans le fichier ./CSV3\bulletins\bulletins_propres\table_page_327.csv: En-tête 'Base' introuvable.
Erreur dans le fichier ./CSV3\bulletins\bulletins_propres\table_page_327.csv: En-tête '7T20Base' introuvable.
Erreur dans le fichier ./CSV3\bulletins\bulletins_propres\table_page_327.csv: En-tête '6082Base' introuvable.
Erreur dans le fichier ./CSV3\bulletins\bulletins_propres\table_page_327.csv: En-tête '6094Base' introuvable.
Erreur dans le fichier ./CSV3\bulletins\bulletins_propres\table_page_327.csv: En-tête 'Total Charges Ded.Base' introuvable.
Erreur dans le fichier ./CSV3\bulletins\bulletins_propres\table_page_327.csv: En-tête '6080Base' introuvable.
Erreur dans le fichier ./CSV3\bulletins\bulletins_propres\table_page_327.csv: En-tête '6084Base' introuvable.
Erreur dans le fichier ./CSV3\bulletins\bulletins_propres\table_page_327.csv: En-tête '6092Base' introuvable.
Erreur dans le fichier ./CSV3\bulletins\bulletins_propres\table_page_327.csv: En-tête '6096Base' introuvable.
Erreur dans le fichier ./CSV3\bulletins\bulletins_propres\table_page_327.csv: En-tête 'Total Charges Non Ded.Base' introuvable.
Erreur dans le fichier ./CSV3\bulletins\bulletins_propres\table_page_327.csv: En-tête '8009Base' introuvable.
Erreur dans le fichier ./CSV3\bulletins\bulletins_propres\table_page_327.csv: En-tête '8010Base' introuvable.
Erreur dans le fichier ./CSV3\bulletins\bulletins_propres\table_page_327.csv: En-tête 'Base' introuvable.
Erreur dans le fichier ./CSV3\bulletins\bulletins_propres\table_page_327.csv: En-tête 'Base' introuvable.
Erreur dans le fichier ./CSV3\bulletins\bulletins_propres\table_page_327.csv: En-tête 'Impôt sur le revenuBase' introuvable.
Erreur dans le fichier ./CSV3\bulletins\bulletins_propres\table_page_327.csv: En-tête 'Impôt sur le revenu à la sourceBase' introuvable.
Erreur dans le fichier ./CSV3\bulletins\bulletins_propres\table_page_329.csv: En-tête '1001Base' introuvable.
Erreur dans le fichier ./CSV3\bulletins\bulletins_propres\table_page_329.csv: En-tête '1046Base' introuvable.
Erreur dans le fichier ./CSV3\bulletins\bulletins_propres\table_page_329.csv: En-tête 'Base' introuvable.
Erreur dans le fichier ./CSV3\bulletins\bulletins_propres\table_page_329.csv: En-tête '2012Base' introuvable.
Erreur dans le fichier ./CSV3\bulletins\bulletins_propres\table_page_329.csv: En-tête 'Base' introuvable.
Erreur dans le fichier ./CSV3\bulletins\bulletins_propres\table_page_329.csv: En-tête '2018Base' introuvable.
Erreur dans le fichier ./CSV3\bulletins\bulletins_propres\table_page_329.csv: En-tête '2068Base' introuvable.
Erreur dans le fichier ./CSV3\bulletins\bulletins_propres\table_page_329.csv: En-tête '2078Base' introuvable.
Erreur dans le fichier ./CSV3\bulletins\bulletins_propres\table_page_329.csv: En-tête 'Base' introuvable.
Erreur dans le fichier ./CSV3\bulletins\bulletins_propres\table_page_329.csv: En-tête 'TOTAL BRUTBase' introuvable.
Erreur dans le fichier ./CSV3\bulletins\bulletins_propres\table_page_329.csv: En-tête '7001Base' introuvable.
Erreur dans le fichier ./CSV3\bulletins\bulletins_propres\table_page_329.csv: En-tête '7010Base' introuvable.
Erreur dans le fichier ./CSV3\bulletins\bulletins_propres\table_page_329.csv: En-tête '7015Base' introuvable.
Erreur dans le fichier ./CSV3\bulletins\bulletins_propres\table_page_329.csv: En-tête '7020Base' introuvable.
Erreur dans le fichier ./CSV3\bulletins\bulletins_propres\table_page_329.csv: En-tête '7030Base' introuvable.
Erreur dans le fichier ./CSV3\bulletins\bulletins_propres\table_page_329.csv: En-tête '7035Base' introuvable.
Erreur dans le fichier ./CSV3\bulletins\bulletins_propres\table_page_329.csv: En-tête '7040Base' introuvable.
Erreur dans le fichier ./CSV3\bulletins\bulletins_propres\table_page_329.csv: En-tête '7045Base' introuvable.
Erreur dans le fichier ./CSV3\bulletins\bulletins_propres\table_page_329.csv: En-tête 'Base' introuvable.
Erreur dans le fichier ./CSV3\bulletins\bulletins_propres\table_page_329.csv: En-tête '7050Base' introuvable.
Erreur dans le fichier ./CSV3\bulletins\bulletins_propres\table_page_329.csv: En-tête 'Base' introuvable.
Erreur dans le fichier ./CSV3\bulletins\bulletins_propres\table_page_329.csv: En-tête '7055Base' introuvable.
Erreur dans le fichier ./CSV3\bulletins\bulletins_propres\table_page_329.csv: En-tête 'Base' introuvable.
Erreur dans le fichier ./CSV3\bulletins\bulletins_propres\table_page_329.csv: En-tête '7C00Base' introuvable.
Erreur dans le fichier ./CSV3\bulletins\bulletins_propres\table_page_329.csv: En-tête 'Base' introuvable.
Erreur dans le fichier ./CSV3\bulletins\bulletins_propres\table_page_329.csv: En-tête '7C20Base' introuvable.
Erreur dans le fichier ./CSV3\bulletins\bulletins_propres\table_page_329.csv: En-tête '7M04Base' introuvable.
Erreur dans le fichier ./CSV3\bulletins\bulletins_propres\table_page_329.csv: En-tête '7P10Base' introuvable.
Erreur dans le fichier ./CSV3\bulletins\bulletins_propres\table_page_329.csv: En-tête '7R56Base' introuvable.
Erreur dans le fichier ./CSV3\bulletins\bulletins_propres\table_page_329.csv: En-tête '7R63Base' introuvable.
Erreur dans le fichier ./CSV3\bulletins\bulletins_propres\table_page_329.csv: En-tête '7T00Base' introuvable.
Erreur dans le fichier ./CSV3\bulletins\bulletins_propres\table_page_329.csv: En-tête '7T02Base' introuvable.
Erreur dans le fichier ./CSV3\bulletins\bulletins_propres\table_page_329.csv: En-tête '7T05Base' introuvable.
Erreur dans le fichier ./CSV3\bulletins\bulletins_propres\table_page_329.csv: En-tête '7T10Base' introuvable.
Erreur dans le fichier ./CSV3\bulletins\bulletins_propres\table_page_329.csv: En-tête '7T15Base' introuvable.
Erreur dans le fichier ./CSV3\bulletins\bulletins_propres\table_page_329.csv: En-tête '7T20Base' introuvable.
Erreur dans le fichier ./CSV3\bulletins\bulletins_propres\table_page_329.csv: En-tête 'Base' introuvable.
Erreur dans le fichier ./CSV3\bulletins\bulletins_propres\table_page_329.csv: En-tête '6082Base' introuvable.
Erreur dans le fichier ./CSV3\bulletins\bulletins_propres\table_page_329.csv: En-tête '6094Base' introuvable.
Erreur dans le fichier ./CSV3\bulletins\bulletins_propres\table_page_329.csv: En-tête 'Total Charges Ded.Base' introuvable.
Erreur dans le fichier ./CSV3\bulletins\bulletins_propres\table_page_329.csv: En-tête '6080Base' introuvable.
Erreur dans le fichier ./CSV3\bulletins\bulletins_propres\table_page_329.csv: En-tête '6084Base' introuvable.
Erreur dans le fichier ./CSV3\bulletins\bulletins_propres\table_page_329.csv: En-tête '6092Base' introuvable.
Erreur dans le fichier ./CSV3\bulletins\bulletins_propres\table_page_329.csv: En-tête '6096Base' introuvable.
Erreur dans le fichier ./CSV3\bulletins\bulletins_propres\table_page_329.csv: En-tête 'Total Charges Non Ded.Base' introuvable.
Erreur dans le fichier ./CSV3\bulletins\bulletins_propres\table_page_329.csv: En-tête '8009Base' introuvable.
Erreur dans le fichier ./CSV3\bulletins\bulletins_propres\table_page_329.csv: En-tête '8010Base' introuvable.
Erreur dans le fichier ./CSV3\bulletins\bulletins_propres\table_page_329.csv: En-tête 'Base' introuvable.
Erreur dans le fichier ./CSV3\bulletins\bulletins_propres\table_page_329.csv: En-tête 'Base' introuvable.
Erreur dans le fichier ./CSV3\bulletins\bulletins_propres\table_page_329.csv: En-tête 'Impôt sur le revenuBase' introuvable.
Erreur dans le fichier ./CSV3\bulletins\bulletins_propres\table_page_329.csv: En-tête 'Impôt sur le revenu à la sourceBase' introuvable.
Erreur dans le fichier ./CSV3\bulletins\bulletins_propres\table_page_33.csv: En-tête '1002Base' introuvable.
Erreur dans le fichier ./CSV3\bulletins\bulletins_propres\table_page_33.csv: En-tête '2012Base' introuvable.
Erreur dans le fichier ./CSV3\bulletins\bulletins_propres\table_page_33.csv: En-tête 'Base' introuvable.
Erreur dans le fichier ./CSV3\bulletins\bulletins_propres\table_page_33.csv: En-tête '2068Base' introuvable.
Erreur dans le fichier ./CSV3\bulletins\bulletins_propres\table_page_33.csv: En-tête 'Base' introuvable.
Erreur dans le fichier ./CSV3\bulletins\bulletins_propres\table_page_33.csv: En-tête '3310Base' introuvable.
Erreur dans le fichier ./CSV3\bulletins\bulletins_propres\table_page_33.csv: En-tête '3315Base' introuvable.
Erreur dans le fichier ./CSV3\bulletins\bulletins_propres\table_page_33.csv: En-tête 'Base' introuvable.
Erreur dans le fichier ./CSV3\bulletins\bulletins_propres\table_page_33.csv: En-tête 'TOTAL BRUTBase' introuvable.
Erreur dans le fichier ./CSV3\bulletins\bulletins_propres\table_page_33.csv: En-tête '7001Base' introuvable.
Erreur dans le fichier ./CSV3\bulletins\bulletins_propres\table_page_33.csv: En-tête '7002Base' introuvable.
Erreur dans le fichier ./CSV3\bulletins\bulletins_propres\table_page_33.csv: En-tête '7010Base' introuvable.
Erreur dans le fichier ./CSV3\bulletins\bulletins_propres\table_page_33.csv: En-tête '7015Base' introuvable.
Erreur dans le fichier ./CSV3\bulletins\bulletins_propres\table_page_33.csv: En-tête '7020Base' introuvable.
Erreur dans le fichier ./CSV3\bulletins\bulletins_propres\table_page_33.csv: En-tête '7025Base' introuvable.
Erreur dans le fichier ./CSV3\bulletins\bulletins_propres\table_page_33.csv: En-tête '7030Base' introuvable.
Erreur dans le fichier ./CSV3\bulletins\bulletins_propres\table_page_33.csv: En-tête '7035Base' introuvable.
Erreur dans le fichier ./CSV3\bulletins\bulletins_propres\table_page_33.csv: En-tête '7040Base' introuvable.
Erreur dans le fichier ./CSV3\bulletins\bulletins_propres\table_page_33.csv: En-tête 'Base' introuvable.
Erreur dans le fichier ./CSV3\bulletins\bulletins_propres\table_page_33.csv: En-tête '7045Base' introuvable.
Erreur dans le fichier ./CSV3\bulletins\bulletins_propres\table_page_33.csv: En-tête 'Base' introuvable.
Erreur dans le fichier ./CSV3\bulletins\bulletins_propres\table_page_33.csv: En-tête '7050Base' introuvable.
Erreur dans le fichier ./CSV3\bulletins\bulletins_propres\table_page_33.csv: En-tête 'Base' introuvable.
Erreur dans le fichier ./CSV3\bulletins\bulletins_propres\table_page_33.csv: En-tête '7055Base' introuvable.
Erreur dans le fichier ./CSV3\bulletins\bulletins_propres\table_page_33.csv: En-tête 'Base' introuvable.
Erreur dans le fichier ./CSV3\bulletins\bulletins_propres\table_page_33.csv: En-tête '7C00Base' introuvable.
Erreur dans le fichier ./CSV3\bulletins\bulletins_propres\table_page_33.csv: En-tête '7C10Base' introuvable.
Erreur dans le fichier ./CSV3\bulletins\bulletins_propres\table_page_33.csv: En-tête '7C20Base' introuvable.
Erreur dans le fichier ./CSV3\bulletins\bulletins_propres\table_page_33.csv: En-tête '7M05Base' introuvable.
Erreur dans le fichier ./CSV3\bulletins\bulletins_propres\table_page_33.csv: En-tête '7P20Base' introuvable.
Erreur dans le fichier ./CSV3\bulletins\bulletins_propres\table_page_33.csv: En-tête '7P25Base' introuvable.
Erreur dans le fichier ./CSV3\bulletins\bulletins_propres\table_page_33.csv: En-tête '7R44Base' introuvable.
Erreur dans le fichier ./CSV3\bulletins\bulletins_propres\table_page_33.csv: En-tête '7R45Base' introuvable.
Erreur dans le fichier ./CSV3\bulletins\bulletins_propres\table_page_33.csv: En-tête '7R53Base' introuvable.
Erreur dans le fichier ./CSV3\bulletins\bulletins_propres\table_page_33.csv: En-tête '7R54Base' introuvable.
Erreur dans le fichier ./CSV3\bulletins\bulletins_propres\table_page_33.csv: En-tête '7R63Base' introuvable.
Erreur dans le fichier ./CSV3\bulletins\bulletins_propres\table_page_33.csv: En-tête 'Base' introuvable.
Erreur dans le fichier ./CSV3\bulletins\bulletins_propres\table_page_33.csv: En-tête '7R64Base' introuvable.
Erreur dans le fichier ./CSV3\bulletins\bulletins_propres\table_page_33.csv: En-tête 'Base' introuvable.
Erreur dans le fichier ./CSV3\bulletins\bulletins_propres\table_page_33.csv: En-tête '7R70Base' introuvable.
Erreur dans le fichier ./CSV3\bulletins\bulletins_propres\table_page_33.csv: En-tête 'Base' introuvable.
Erreur dans le fichier ./CSV3\bulletins\bulletins_propres\table_page_33.csv: En-tête '7R71Base' introuvable.
Erreur dans le fichier ./CSV3\bulletins\bulletins_propres\table_page_33.csv: En-tête '7T00Base' introuvable.
Erreur dans le fichier ./CSV3\bulletins\bulletins_propres\table_page_33.csv: En-tête '7T02Base' introuvable.
Erreur dans le fichier ./CSV3\bulletins\bulletins_propres\table_page_33.csv: En-tête '7T05Base' introuvable.
Erreur dans le fichier ./CSV3\bulletins\bulletins_propres\table_page_33.csv: En-tête '7T10Base' introuvable.
Erreur dans le fichier ./CSV3\bulletins\bulletins_propres\table_page_33.csv: En-tête '7T15Base' introuvable.
Erreur dans le fichier ./CSV3\bulletins\bulletins_propres\table_page_33.csv: En-tête '7T20Base' introuvable.
Erreur dans le fichier ./CSV3\bulletins\bulletins_propres\table_page_33.csv: En-tête '6082Base' introuvable.
Erreur dans le fichier ./CSV3\bulletins\bulletins_propres\table_page_33.csv: En-tête '6094Base' introuvable.
Erreur dans le fichier ./CSV3\bulletins\bulletins_propres\table_page_33.csv: En-tête 'Total Charges Ded.Base' introuvable.
Erreur dans le fichier ./CSV3\bulletins\bulletins_propres\table_page_33.csv: En-tête '6080Base' introuvable.
Erreur dans le fichier ./CSV3\bulletins\bulletins_propres\table_page_33.csv: En-tête '6084Base' introuvable.
Erreur dans le fichier ./CSV3\bulletins\bulletins_propres\table_page_33.csv: En-tête '6092Base' introuvable.
Erreur dans le fichier ./CSV3\bulletins\bulletins_propres\table_page_33.csv: En-tête '6096Base' introuvable.
Erreur dans le fichier ./CSV3\bulletins\bulletins_propres\table_page_33.csv: En-tête 'Total Charges Non Ded.Base' introuvable.
Erreur dans le fichier ./CSV3\bulletins\bulletins_propres\table_page_33.csv: En-tête '8009Base' introuvable.
Erreur dans le fichier ./CSV3\bulletins\bulletins_propres\table_page_33.csv: En-tête '8010Base' introuvable.
Erreur dans le fichier ./CSV3\bulletins\bulletins_propres\table_page_33.csv: En-tête '8007Base' introuvable.
Erreur dans le fichier ./CSV3\bulletins\bulletins_propres\table_page_331.csv: En-tête '1001Base' introuvable.
Erreur dans le fichier ./CSV3\bulletins\bulletins_propres\table_page_331.csv: En-tête '2012Base' introuvable.
Erreur dans le fichier ./CSV3\bulletins\bulletins_propres\table_page_331.csv: En-tête 'Base' introuvable.
Erreur dans le fichier ./CSV3\bulletins\bulletins_propres\table_page_331.csv: En-tête '2068Base' introuvable.
Erreur dans le fichier ./CSV3\bulletins\bulletins_propres\table_page_331.csv: En-tête 'Base' introuvable.
Erreur dans le fichier ./CSV3\bulletins\bulletins_propres\table_page_331.csv: En-tête '2078Base' introuvable.
Erreur dans le fichier ./CSV3\bulletins\bulletins_propres\table_page_331.csv: En-tête 'TOTAL BRUTBase' introuvable.
Erreur dans le fichier ./CSV3\bulletins\bulletins_propres\table_page_331.csv: En-tête 'Base' introuvable.
Erreur dans le fichier ./CSV3\bulletins\bulletins_propres\table_page_331.csv: En-tête '7001Base' introuvable.
Erreur dans le fichier ./CSV3\bulletins\bulletins_propres\table_page_331.csv: En-tête '7010Base' introuvable.
Erreur dans le fichier ./CSV3\bulletins\bulletins_propres\table_page_331.csv: En-tête '7015Base' introuvable.
Erreur dans le fichier ./CSV3\bulletins\bulletins_propres\table_page_331.csv: En-tête '7020Base' introuvable.
Erreur dans le fichier ./CSV3\bulletins\bulletins_propres\table_page_331.csv: En-tête '7030Base' introuvable.
Erreur dans le fichier ./CSV3\bulletins\bulletins_propres\table_page_331.csv: En-tête '7035Base' introuvable.
Erreur dans le fichier ./CSV3\bulletins\bulletins_propres\table_page_331.csv: En-tête '7040Base' introuvable.
Erreur dans le fichier ./CSV3\bulletins\bulletins_propres\table_page_331.csv: En-tête '7045Base' introuvable.
Erreur dans le fichier ./CSV3\bulletins\bulletins_propres\table_page_331.csv: En-tête '7050Base' introuvable.
Erreur dans le fichier ./CSV3\bulletins\bulletins_propres\table_page_331.csv: En-tête '7055Base' introuvable.
Erreur dans le fichier ./CSV3\bulletins\bulletins_propres\table_page_331.csv: En-tête 'Base' introuvable.
Erreur dans le fichier ./CSV3\bulletins\bulletins_propres\table_page_331.csv: En-tête '7C00Base' introuvable.
Erreur dans le fichier ./CSV3\bulletins\bulletins_propres\table_page_331.csv: En-tête 'Base' introuvable.
Erreur dans le fichier ./CSV3\bulletins\bulletins_propres\table_page_331.csv: En-tête '7C10Base' introuvable.
Erreur dans le fichier ./CSV3\bulletins\bulletins_propres\table_page_331.csv: En-tête 'Base' introuvable.
Erreur dans le fichier ./CSV3\bulletins\bulletins_propres\table_page_331.csv: En-tête '7C20Base' introuvable.
Erreur dans le fichier ./CSV3\bulletins\bulletins_propres\table_page_331.csv: En-tête 'Base' introuvable.
Erreur dans le fichier ./CSV3\bulletins\bulletins_propres\table_page_331.csv: En-tête '7M05Base' introuvable.
Erreur dans le fichier ./CSV3\bulletins\bulletins_propres\table_page_331.csv: En-tête '7P20Base' introuvable.
Erreur dans le fichier ./CSV3\bulletins\bulletins_propres\table_page_331.csv: En-tête '7P25Base' introuvable.
Erreur dans le fichier ./CSV3\bulletins\bulletins_propres\table_page_331.csv: En-tête '7R44Base' introuvable.
Erreur dans le fichier ./CSV3\bulletins\bulletins_propres\table_page_331.csv: En-tête '7R45Base' introuvable.
Erreur dans le fichier ./CSV3\bulletins\bulletins_propres\table_page_331.csv: En-tête '7R53Base' introuvable.
Erreur dans le fichier ./CSV3\bulletins\bulletins_propres\table_page_331.csv: En-tête '7R54Base' introuvable.
Erreur dans le fichier ./CSV3\bulletins\bulletins_propres\table_page_331.csv: En-tête '7R63Base' introuvable.
Erreur dans le fichier ./CSV3\bulletins\bulletins_propres\table_page_331.csv: En-tête '7R64Base' introuvable.
Erreur dans le fichier ./CSV3\bulletins\bulletins_propres\table_page_331.csv: En-tête '7R70Base' introuvable.
Erreur dans le fichier ./CSV3\bulletins\bulletins_propres\table_page_331.csv: En-tête '7R71Base' introuvable.
Erreur dans le fichier ./CSV3\bulletins\bulletins_propres\table_page_331.csv: En-tête 'Base' introuvable.
Erreur dans le fichier ./CSV3\bulletins\bulletins_propres\table_page_331.csv: En-tête '7T00Base' introuvable.
Erreur dans le fichier ./CSV3\bulletins\bulletins_propres\table_page_331.csv: En-tête '7T02Base' introuvable.
Erreur dans le fichier ./CSV3\bulletins\bulletins_propres\table_page_331.csv: En-tête '7T05Base' introuvable.
Erreur dans le fichier ./CSV3\bulletins\bulletins_propres\table_page_331.csv: En-tête '7T10Base' introuvable.
Erreur dans le fichier ./CSV3\bulletins\bulletins_propres\table_page_331.csv: En-tête '7T15Base' introuvable.
Erreur dans le fichier ./CSV3\bulletins\bulletins_propres\table_page_331.csv: En-tête '7T20Base' introuvable.
Erreur dans le fichier ./CSV3\bulletins\bulletins_propres\table_page_331.csv: En-tête '6082Base' introuvable.
Erreur dans le fichier ./CSV3\bulletins\bulletins_propres\table_page_331.csv: En-tête '6094Base' introuvable.
Erreur dans le fichier ./CSV3\bulletins\bulletins_propres\table_page_331.csv: En-tête 'Total Charges Ded.Base' introuvable.
Erreur dans le fichier ./CSV3\bulletins\bulletins_propres\table_page_331.csv: En-tête '6080Base' introuvable.
Erreur dans le fichier ./CSV3\bulletins\bulletins_propres\table_page_331.csv: En-tête '6084Base' introuvable.
Erreur dans le fichier ./CSV3\bulletins\bulletins_propres\table_page_331.csv: En-tête '6092Base' introuvable.
Erreur dans le fichier ./CSV3\bulletins\bulletins_propres\table_page_331.csv: En-tête '6096Base' introuvable.
Erreur dans le fichier ./CSV3\bulletins\bulletins_propres\table_page_331.csv: En-tête 'Total Charges Non Ded.Base' introuvable.
Erreur dans le fichier ./CSV3\bulletins\bulletins_propres\table_page_331.csv: En-tête '8009Base' introuvable.
Erreur dans le fichier ./CSV3\bulletins\bulletins_propres\table_page_331.csv: En-tête '8010Base' introuvable.
Erreur dans le fichier ./CSV3\bulletins\bulletins_propres\table_page_331.csv: En-tête '8007Base' introuvable.
Erreur dans le fichier ./CSV3\bulletins\bulletins_propres\table_page_331.csv: En-tête '8020Base' introuvable.
Erreur dans le fichier ./CSV3\bulletins\bulletins_propres\table_page_331.csv: En-tête 'Base' introuvable.
Erreur dans le fichier ./CSV3\bulletins\bulletins_propres\table_page_331.csv: En-tête 'Base' introuvable.
Erreur dans le fichier ./CSV3\bulletins\bulletins_propres\table_page_331.csv: En-tête 'Impôt sur le revenuBase' introuvable.
Erreur dans le fichier ./CSV3\bulletins\bulletins_propres\table_page_331.csv: En-tête 'Impôt sur le revenu à la sourceBase' introuvable.
Erreur dans le fichier ./CSV3\bulletins\bulletins_propres\table_page_333.csv: En-tête '1002Base' introuvable.
Erreur dans le fichier ./CSV3\bulletins\bulletins_propres\table_page_333.csv: En-tête '2012Base' introuvable.
Erreur dans le fichier ./CSV3\bulletins\bulletins_propres\table_page_333.csv: En-tête 'Base' introuvable.
Erreur dans le fichier ./CSV3\bulletins\bulletins_propres\table_page_333.csv: En-tête '2068Base' introuvable.
Erreur dans le fichier ./CSV3\bulletins\bulletins_propres\table_page_333.csv: En-tête 'Base' introuvable.
Erreur dans le fichier ./CSV3\bulletins\bulletins_propres\table_page_333.csv: En-tête '3618Base' introuvable.
Erreur dans le fichier ./CSV3\bulletins\bulletins_propres\table_page_333.csv: En-tête 'TOTAL BRUTBase' introuvable.
Erreur dans le fichier ./CSV3\bulletins\bulletins_propres\table_page_333.csv: En-tête 'Base' introuvable.
Erreur dans le fichier ./CSV3\bulletins\bulletins_propres\table_page_333.csv: En-tête '7001Base' introuvable.
Erreur dans le fichier ./CSV3\bulletins\bulletins_propres\table_page_333.csv: En-tête '7002Base' introuvable.
Erreur dans le fichier ./CSV3\bulletins\bulletins_propres\table_page_333.csv: En-tête '7010Base' introuvable.
Erreur dans le fichier ./CSV3\bulletins\bulletins_propres\table_page_333.csv: En-tête '7015Base' introuvable.
Erreur dans le fichier ./CSV3\bulletins\bulletins_propres\table_page_333.csv: En-tête '7020Base' introuvable.
Erreur dans le fichier ./CSV3\bulletins\bulletins_propres\table_page_333.csv: En-tête '7025Base' introuvable.
Erreur dans le fichier ./CSV3\bulletins\bulletins_propres\table_page_333.csv: En-tête '7030Base' introuvable.
Erreur dans le fichier ./CSV3\bulletins\bulletins_propres\table_page_333.csv: En-tête '7035Base' introuvable.
Erreur dans le fichier ./CSV3\bulletins\bulletins_propres\table_page_333.csv: En-tête '7040Base' introuvable.
Erreur dans le fichier ./CSV3\bulletins\bulletins_propres\table_page_333.csv: En-tête '7045Base' introuvable.
Erreur dans le fichier ./CSV3\bulletins\bulletins_propres\table_page_333.csv: En-tête 'Base' introuvable.
Erreur dans le fichier ./CSV3\bulletins\bulletins_propres\table_page_333.csv: En-tête '7050Base' introuvable.
Erreur dans le fichier ./CSV3\bulletins\bulletins_propres\table_page_333.csv: En-tête 'Base' introuvable.
Erreur dans le fichier ./CSV3\bulletins\bulletins_propres\table_page_333.csv: En-tête '7055Base' introuvable.
Erreur dans le fichier ./CSV3\bulletins\bulletins_propres\table_page_333.csv: En-tête 'Base' introuvable.
Erreur dans le fichier ./CSV3\bulletins\bulletins_propres\table_page_333.csv: En-tête '7C00Base' introuvable.
Erreur dans le fichier ./CSV3\bulletins\bulletins_propres\table_page_333.csv: En-tête 'Base' introuvable.
Erreur dans le fichier ./CSV3\bulletins\bulletins_propres\table_page_333.csv: En-tête '7C10Base' introuvable.
Erreur dans le fichier ./CSV3\bulletins\bulletins_propres\table_page_333.csv: En-tête '7C20Base' introuvable.
Erreur dans le fichier ./CSV3\bulletins\bulletins_propres\table_page_333.csv: En-tête '7M05Base' introuvable.
Erreur dans le fichier ./CSV3\bulletins\bulletins_propres\table_page_333.csv: En-tête '7P20Base' introuvable.
Erreur dans le fichier ./CSV3\bulletins\bulletins_propres\table_page_333.csv: En-tête '7P25Base' introuvable.
Erreur dans le fichier ./CSV3\bulletins\bulletins_propres\table_page_333.csv: En-tête '7R44Base' introuvable.
Erreur dans le fichier ./CSV3\bulletins\bulletins_propres\table_page_333.csv: En-tête '7R45Base' introuvable.
Erreur dans le fichier ./CSV3\bulletins\bulletins_propres\table_page_333.csv: En-tête '7R53Base' introuvable.
Erreur dans le fichier ./CSV3\bulletins\bulletins_propres\table_page_333.csv: En-tête '7R54Base' introuvable.
Erreur dans le fichier ./CSV3\bulletins\bulletins_propres\table_page_333.csv: En-tête '7R63Base' introuvable.
Erreur dans le fichier ./CSV3\bulletins\bulletins_propres\table_page_333.csv: En-tête '7R64Base' introuvable.
Erreur dans le fichier ./CSV3\bulletins\bulletins_propres\table_page_333.csv: En-tête 'Base' introuvable.
Erreur dans le fichier ./CSV3\bulletins\bulletins_propres\table_page_333.csv: En-tête '7R70Base' introuvable.
Erreur dans le fichier ./CSV3\bulletins\bulletins_propres\table_page_333.csv: En-tête '7R71Base' introuvable.
Erreur dans le fichier ./CSV3\bulletins\bulletins_propres\table_page_333.csv: En-tête '7T00Base' introuvable.
Erreur dans le fichier ./CSV3\bulletins\bulletins_propres\table_page_333.csv: En-tête '7T02Base' introuvable.
Erreur dans le fichier ./CSV3\bulletins\bulletins_propres\table_page_333.csv: En-tête '7T05Base' introuvable.
Erreur dans le fichier ./CSV3\bulletins\bulletins_propres\table_page_333.csv: En-tête '7T10Base' introuvable.
Erreur dans le fichier ./CSV3\bulletins\bulletins_propres\table_page_333.csv: En-tête '7T15Base' introuvable.
Erreur dans le fichier ./CSV3\bulletins\bulletins_propres\table_page_333.csv: En-tête '7T20Base' introuvable.
Erreur dans le fichier ./CSV3\bulletins\bulletins_propres\table_page_333.csv: En-tête '6082Base' introuvable.
Erreur dans le fichier ./CSV3\bulletins\bulletins_propres\table_page_333.csv: En-tête '6094Base' introuvable.
Erreur dans le fichier ./CSV3\bulletins\bulletins_propres\table_page_333.csv: En-tête 'Total Charges Ded.Base' introuvable.
Erreur dans le fichier ./CSV3\bulletins\bulletins_propres\table_page_333.csv: En-tête '6080Base' introuvable.
Erreur dans le fichier ./CSV3\bulletins\bulletins_propres\table_page_333.csv: En-tête '6084Base' introuvable.
Erreur dans le fichier ./CSV3\bulletins\bulletins_propres\table_page_333.csv: En-tête '6092Base' introuvable.
Erreur dans le fichier ./CSV3\bulletins\bulletins_propres\table_page_333.csv: En-tête '6096Base' introuvable.
Erreur dans le fichier ./CSV3\bulletins\bulletins_propres\table_page_333.csv: En-tête 'Total Charges Non Ded.Base' introuvable.
Erreur dans le fichier ./CSV3\bulletins\bulletins_propres\table_page_333.csv: En-tête '8009Base' introuvable.
Erreur dans le fichier ./CSV3\bulletins\bulletins_propres\table_page_333.csv: En-tête '8010Base' introuvable.
Erreur dans le fichier ./CSV3\bulletins\bulletins_propres\table_page_333.csv: En-tête '8003Base' introuvable.
Erreur dans le fichier ./CSV3\bulletins\bulletins_propres\table_page_335.csv: En-tête '1001Base' introuvable.
Erreur dans le fichier ./CSV3\bulletins\bulletins_propres\table_page_335.csv: En-tête '1046Base' introuvable.
Erreur dans le fichier ./CSV3\bulletins\bulletins_propres\table_page_335.csv: En-tête 'Base' introuvable.
Erreur dans le fichier ./CSV3\bulletins\bulletins_propres\table_page_335.csv: En-tête '2012Base' introuvable.
Erreur dans le fichier ./CSV3\bulletins\bulletins_propres\table_page_335.csv: En-tête 'Base' introuvable.
Erreur dans le fichier ./CSV3\bulletins\bulletins_propres\table_page_335.csv: En-tête '2068Base' introuvable.
Erreur dans le fichier ./CSV3\bulletins\bulletins_propres\table_page_335.csv: En-tête '2078Base' introuvable.
Erreur dans le fichier ./CSV3\bulletins\bulletins_propres\table_page_335.csv: En-tête '2082Base' introuvable.
Erreur dans le fichier ./CSV3\bulletins\bulletins_propres\table_page_335.csv: En-tête '2084Base' introuvable.
Erreur dans le fichier ./CSV3\bulletins\bulletins_propres\table_page_335.csv: En-tête '3250Base' introuvable.
Erreur dans le fichier ./CSV3\bulletins\bulletins_propres\table_page_335.csv: En-tête '3255Base' introuvable.
Erreur dans le fichier ./CSV3\bulletins\bulletins_propres\table_page_335.csv: En-tête 'Base' introuvable.
Erreur dans le fichier ./CSV3\bulletins\bulletins_propres\table_page_335.csv: En-tête 'TOTAL BRUTBase' introuvable.
Erreur dans le fichier ./CSV3\bulletins\bulletins_propres\table_page_335.csv: En-tête '7001Base' introuvable.
Erreur dans le fichier ./CSV3\bulletins\bulletins_propres\table_page_335.csv: En-tête '7010Base' introuvable.
Erreur dans le fichier ./CSV3\bulletins\bulletins_propres\table_page_335.csv: En-tête '7015Base' introuvable.
Erreur dans le fichier ./CSV3\bulletins\bulletins_propres\table_page_335.csv: En-tête '7020Base' introuvable.
Erreur dans le fichier ./CSV3\bulletins\bulletins_propres\table_page_335.csv: En-tête '7030Base' introuvable.
Erreur dans le fichier ./CSV3\bulletins\bulletins_propres\table_page_335.csv: En-tête 'Base' introuvable.
Erreur dans le fichier ./CSV3\bulletins\bulletins_propres\table_page_335.csv: En-tête '7035Base' introuvable.
Erreur dans le fichier ./CSV3\bulletins\bulletins_propres\table_page_335.csv: En-tête 'Base' introuvable.
Erreur dans le fichier ./CSV3\bulletins\bulletins_propres\table_page_335.csv: En-tête '7040Base' introuvable.
Erreur dans le fichier ./CSV3\bulletins\bulletins_propres\table_page_335.csv: En-tête 'Base' introuvable.
Erreur dans le fichier ./CSV3\bulletins\bulletins_propres\table_page_335.csv: En-tête '7045Base' introuvable.
Erreur dans le fichier ./CSV3\bulletins\bulletins_propres\table_page_335.csv: En-tête 'Base' introuvable.
Erreur dans le fichier ./CSV3\bulletins\bulletins_propres\table_page_335.csv: En-tête '7050Base' introuvable.
Erreur dans le fichier ./CSV3\bulletins\bulletins_propres\table_page_335.csv: En-tête '7055Base' introuvable.
Erreur dans le fichier ./CSV3\bulletins\bulletins_propres\table_page_335.csv: En-tête '7C00Base' introuvable.
Erreur dans le fichier ./CSV3\bulletins\bulletins_propres\table_page_335.csv: En-tête '7C20Base' introuvable.
Erreur dans le fichier ./CSV3\bulletins\bulletins_propres\table_page_335.csv: En-tête '7M04Base' introuvable.
Erreur dans le fichier ./CSV3\bulletins\bulletins_propres\table_page_335.csv: En-tête '7P10Base' introuvable.
Erreur dans le fichier ./CSV3\bulletins\bulletins_propres\table_page_335.csv: En-tête '7R56Base' introuvable.
Erreur dans le fichier ./CSV3\bulletins\bulletins_propres\table_page_335.csv: En-tête '7R63Base' introuvable.
Erreur dans le fichier ./CSV3\bulletins\bulletins_propres\table_page_335.csv: En-tête '7T00Base' introuvable.
Erreur dans le fichier ./CSV3\bulletins\bulletins_propres\table_page_335.csv: En-tête '7T02Base' introuvable.
Erreur dans le fichier ./CSV3\bulletins\bulletins_propres\table_page_335.csv: En-tête '7T05Base' introuvable.
Erreur dans le fichier ./CSV3\bulletins\bulletins_propres\table_page_335.csv: En-tête 'Base' introuvable.
Erreur dans le fichier ./CSV3\bulletins\bulletins_propres\table_page_335.csv: En-tête '7T10Base' introuvable.
Erreur dans le fichier ./CSV3\bulletins\bulletins_propres\table_page_335.csv: En-tête 'Base' introuvable.
Erreur dans le fichier ./CSV3\bulletins\bulletins_propres\table_page_335.csv: En-tête '7T15Base' introuvable.
Erreur dans le fichier ./CSV3\bulletins\bulletins_propres\table_page_335.csv: En-tête '7T20Base' introuvable.
Erreur dans le fichier ./CSV3\bulletins\bulletins_propres\table_page_335.csv: En-tête '6082Base' introuvable.
Erreur dans le fichier ./CSV3\bulletins\bulletins_propres\table_page_335.csv: En-tête '6094Base' introuvable.
Erreur dans le fichier ./CSV3\bulletins\bulletins_propres\table_page_335.csv: En-tête 'Total Charges Ded.Base' introuvable.
Erreur dans le fichier ./CSV3\bulletins\bulletins_propres\table_page_335.csv: En-tête '6080Base' introuvable.
Erreur dans le fichier ./CSV3\bulletins\bulletins_propres\table_page_335.csv: En-tête '6084Base' introuvable.
Erreur dans le fichier ./CSV3\bulletins\bulletins_propres\table_page_335.csv: En-tête '6092Base' introuvable.
Erreur dans le fichier ./CSV3\bulletins\bulletins_propres\table_page_335.csv: En-tête '6096Base' introuvable.
Erreur dans le fichier ./CSV3\bulletins\bulletins_propres\table_page_335.csv: En-tête 'Total Charges Non Ded.Base' introuvable.
Erreur dans le fichier ./CSV3\bulletins\bulletins_propres\table_page_335.csv: En-tête '8009Base' introuvable.
Erreur dans le fichier ./CSV3\bulletins\bulletins_propres\table_page_335.csv: En-tête '8010Base' introuvable.
Erreur dans le fichier ./CSV3\bulletins\bulletins_propres\table_page_335.csv: En-tête '/S11Saisie alimentaireBase' introuvable.
Erreur dans le fichier ./CSV3\bulletins\bulletins_propres\table_page_335.csv: En-tête '8007Base' introuvable.
Erreur dans le fichier ./CSV3\bulletins\bulletins_propres\table_page_335.csv: En-tête 'Base' introuvable.
Erreur dans le fichier ./CSV3\bulletins\bulletins_propres\table_page_335.csv: En-tête 'Base' introuvable.
Erreur dans le fichier ./CSV3\bulletins\bulletins_propres\table_page_335.csv: En-tête 'Impôt sur le revenuBase' introuvable.
Erreur dans le fichier ./CSV3\bulletins\bulletins_propres\table_page_335.csv: En-tête 'Impôt sur le revenu à la sourceBase' introuvable.
Erreur dans le fichier ./CSV3\bulletins\bulletins_propres\table_page_337.csv: En-tête '1002Base' introuvable.
Erreur dans le fichier ./CSV3\bulletins\bulletins_propres\table_page_337.csv: En-tête '2012Base' introuvable.
Erreur dans le fichier ./CSV3\bulletins\bulletins_propres\table_page_337.csv: En-tête 'Base' introuvable.
Erreur dans le fichier ./CSV3\bulletins\bulletins_propres\table_page_337.csv: En-tête '2068Base' introuvable.
Erreur dans le fichier ./CSV3\bulletins\bulletins_propres\table_page_337.csv: En-tête 'Base' introuvable.
Erreur dans le fichier ./CSV3\bulletins\bulletins_propres\table_page_337.csv: En-tête '3310Base' introuvable.
Erreur dans le fichier ./CSV3\bulletins\bulletins_propres\table_page_337.csv: En-tête '3315Base' introuvable.
Erreur dans le fichier ./CSV3\bulletins\bulletins_propres\table_page_337.csv: En-tête 'Base' introuvable.
Erreur dans le fichier ./CSV3\bulletins\bulletins_propres\table_page_337.csv: En-tête 'TOTAL BRUTBase' introuvable.
Erreur dans le fichier ./CSV3\bulletins\bulletins_propres\table_page_337.csv: En-tête '7001Base' introuvable.
Erreur dans le fichier ./CSV3\bulletins\bulletins_propres\table_page_337.csv: En-tête '7002Base' introuvable.
Erreur dans le fichier ./CSV3\bulletins\bulletins_propres\table_page_337.csv: En-tête '7010Base' introuvable.
Erreur dans le fichier ./CSV3\bulletins\bulletins_propres\table_page_337.csv: En-tête '7015Base' introuvable.
Erreur dans le fichier ./CSV3\bulletins\bulletins_propres\table_page_337.csv: En-tête '7020Base' introuvable.
Erreur dans le fichier ./CSV3\bulletins\bulletins_propres\table_page_337.csv: En-tête '7025Base' introuvable.
Erreur dans le fichier ./CSV3\bulletins\bulletins_propres\table_page_337.csv: En-tête '7030Base' introuvable.
Erreur dans le fichier ./CSV3\bulletins\bulletins_propres\table_page_337.csv: En-tête '7035Base' introuvable.
Erreur dans le fichier ./CSV3\bulletins\bulletins_propres\table_page_337.csv: En-tête '7040Base' introuvable.
Erreur dans le fichier ./CSV3\bulletins\bulletins_propres\table_page_337.csv: En-tête 'Base' introuvable.
Erreur dans le fichier ./CSV3\bulletins\bulletins_propres\table_page_337.csv: En-tête '7045Base' introuvable.
Erreur dans le fichier ./CSV3\bulletins\bulletins_propres\table_page_337.csv: En-tête 'Base' introuvable.
Erreur dans le fichier ./CSV3\bulletins\bulletins_propres\table_page_337.csv: En-tête '7050Base' introuvable.
Erreur dans le fichier ./CSV3\bulletins\bulletins_propres\table_page_337.csv: En-tête 'Base' introuvable.
Erreur dans le fichier ./CSV3\bulletins\bulletins_propres\table_page_337.csv: En-tête '7055Base' introuvable.
Erreur dans le fichier ./CSV3\bulletins\bulletins_propres\table_page_337.csv: En-tête 'Base' introuvable.
Erreur dans le fichier ./CSV3\bulletins\bulletins_propres\table_page_337.csv: En-tête '7C00Base' introuvable.
Erreur dans le fichier ./CSV3\bulletins\bulletins_propres\table_page_337.csv: En-tête '7C10Base' introuvable.
Erreur dans le fichier ./CSV3\bulletins\bulletins_propres\table_page_337.csv: En-tête '7C20Base' introuvable.
Erreur dans le fichier ./CSV3\bulletins\bulletins_propres\table_page_337.csv: En-tête '7M05Base' introuvable.
Erreur dans le fichier ./CSV3\bulletins\bulletins_propres\table_page_337.csv: En-tête '7P20Base' introuvable.
Erreur dans le fichier ./CSV3\bulletins\bulletins_propres\table_page_337.csv: En-tête '7P25Base' introuvable.
Erreur dans le fichier ./CSV3\bulletins\bulletins_propres\table_page_337.csv: En-tête '7R44Base' introuvable.
Erreur dans le fichier ./CSV3\bulletins\bulletins_propres\table_page_337.csv: En-tête '7R45Base' introuvable.
Erreur dans le fichier ./CSV3\bulletins\bulletins_propres\table_page_337.csv: En-tête '7R53Base' introuvable.
Erreur dans le fichier ./CSV3\bulletins\bulletins_propres\table_page_337.csv: En-tête '7R54Base' introuvable.
Erreur dans le fichier ./CSV3\bulletins\bulletins_propres\table_page_337.csv: En-tête '7R63Base' introuvable.
Erreur dans le fichier ./CSV3\bulletins\bulletins_propres\table_page_337.csv: En-tête 'Base' introuvable.
Erreur dans le fichier ./CSV3\bulletins\bulletins_propres\table_page_337.csv: En-tête '7R64Base' introuvable.
Erreur dans le fichier ./CSV3\bulletins\bulletins_propres\table_page_337.csv: En-tête 'Base' introuvable.
Erreur dans le fichier ./CSV3\bulletins\bulletins_propres\table_page_337.csv: En-tête '7R70Base' introuvable.
Erreur dans le fichier ./CSV3\bulletins\bulletins_propres\table_page_337.csv: En-tête 'Base' introuvable.
Erreur dans le fichier ./CSV3\bulletins\bulletins_propres\table_page_337.csv: En-tête '7R71Base' introuvable.
Erreur dans le fichier ./CSV3\bulletins\bulletins_propres\table_page_337.csv: En-tête '7T00Base' introuvable.
Erreur dans le fichier ./CSV3\bulletins\bulletins_propres\table_page_337.csv: En-tête '7T02Base' introuvable.
Erreur dans le fichier ./CSV3\bulletins\bulletins_propres\table_page_337.csv: En-tête '7T05Base' introuvable.
Erreur dans le fichier ./CSV3\bulletins\bulletins_propres\table_page_337.csv: En-tête '7T10Base' introuvable.
Erreur dans le fichier ./CSV3\bulletins\bulletins_propres\table_page_337.csv: En-tête '7T15Base' introuvable.
Erreur dans le fichier ./CSV3\bulletins\bulletins_propres\table_page_337.csv: En-tête '7T20Base' introuvable.
Erreur dans le fichier ./CSV3\bulletins\bulletins_propres\table_page_337.csv: En-tête '6082Base' introuvable.
Erreur dans le fichier ./CSV3\bulletins\bulletins_propres\table_page_337.csv: En-tête '6094Base' introuvable.
Erreur dans le fichier ./CSV3\bulletins\bulletins_propres\table_page_337.csv: En-tête 'Total Charges Ded.Base' introuvable.
Erreur dans le fichier ./CSV3\bulletins\bulletins_propres\table_page_337.csv: En-tête '6080Base' introuvable.
Erreur dans le fichier ./CSV3\bulletins\bulletins_propres\table_page_337.csv: En-tête '6084Base' introuvable.
Erreur dans le fichier ./CSV3\bulletins\bulletins_propres\table_page_337.csv: En-tête '6092Base' introuvable.
Erreur dans le fichier ./CSV3\bulletins\bulletins_propres\table_page_337.csv: En-tête '6096Base' introuvable.
Erreur dans le fichier ./CSV3\bulletins\bulletins_propres\table_page_337.csv: En-tête 'Total Charges Non Ded.Base' introuvable.
Erreur dans le fichier ./CSV3\bulletins\bulletins_propres\table_page_337.csv: En-tête '8009Base' introuvable.
Erreur dans le fichier ./CSV3\bulletins\bulletins_propres\table_page_337.csv: En-tête '8010Base' introuvable.
Erreur dans le fichier ./CSV3\bulletins\bulletins_propres\table_page_339.csv: En-tête '1001Base' introuvable.
Erreur dans le fichier ./CSV3\bulletins\bulletins_propres\table_page_339.csv: En-tête '1046Base' introuvable.
Erreur dans le fichier ./CSV3\bulletins\bulletins_propres\table_page_339.csv: En-tête 'Base' introuvable.
Erreur dans le fichier ./CSV3\bulletins\bulletins_propres\table_page_339.csv: En-tête '2012Base' introuvable.
Erreur dans le fichier ./CSV3\bulletins\bulletins_propres\table_page_339.csv: En-tête 'Base' introuvable.
Erreur dans le fichier ./CSV3\bulletins\bulletins_propres\table_page_339.csv: En-tête '2018Base' introuvable.
Erreur dans le fichier ./CSV3\bulletins\bulletins_propres\table_page_339.csv: En-tête '2068Base' introuvable.
Erreur dans le fichier ./CSV3\bulletins\bulletins_propres\table_page_339.csv: En-tête '2078Base' introuvable.
Erreur dans le fichier ./CSV3\bulletins\bulletins_propres\table_page_339.csv: En-tête '2088Base' introuvable.
Erreur dans le fichier ./CSV3\bulletins\bulletins_propres\table_page_339.csv: En-tête '3250Base' introuvable.
Erreur dans le fichier ./CSV3\bulletins\bulletins_propres\table_page_339.csv: En-tête '3255Base' introuvable.
Erreur dans le fichier ./CSV3\bulletins\bulletins_propres\table_page_339.csv: En-tête '3B80Base' introuvable.
Erreur dans le fichier ./CSV3\bulletins\bulletins_propres\table_page_339.csv: En-tête '3B82Base' introuvable.
Erreur dans le fichier ./CSV3\bulletins\bulletins_propres\table_page_339.csv: En-tête 'Base' introuvable.
Erreur dans le fichier ./CSV3\bulletins\bulletins_propres\table_page_339.csv: En-tête 'TOTAL BRUTBase' introuvable.
Erreur dans le fichier ./CSV3\bulletins\bulletins_propres\table_page_339.csv: En-tête '60F2Base' introuvable.
Erreur dans le fichier ./CSV3\bulletins\bulletins_propres\table_page_339.csv: En-tête '7001Base' introuvable.
Erreur dans le fichier ./CSV3\bulletins\bulletins_propres\table_page_339.csv: En-tête '7010Base' introuvable.
Erreur dans le fichier ./CSV3\bulletins\bulletins_propres\table_page_339.csv: En-tête 'Base' introuvable.
Erreur dans le fichier ./CSV3\bulletins\bulletins_propres\table_page_339.csv: En-tête '7015Base' introuvable.
Erreur dans le fichier ./CSV3\bulletins\bulletins_propres\table_page_339.csv: En-tête 'Base' introuvable.
Erreur dans le fichier ./CSV3\bulletins\bulletins_propres\table_page_339.csv: En-tête '7020Base' introuvable.
Erreur dans le fichier ./CSV3\bulletins\bulletins_propres\table_page_339.csv: En-tête 'Base' introuvable.
Erreur dans le fichier ./CSV3\bulletins\bulletins_propres\table_page_339.csv: En-tête '7030Base' introuvable.
Erreur dans le fichier ./CSV3\bulletins\bulletins_propres\table_page_339.csv: En-tête 'Base' introuvable.
Erreur dans le fichier ./CSV3\bulletins\bulletins_propres\table_page_339.csv: En-tête '7035Base' introuvable.
Erreur dans le fichier ./CSV3\bulletins\bulletins_propres\table_page_339.csv: En-tête '7040Base' introuvable.
Erreur dans le fichier ./CSV3\bulletins\bulletins_propres\table_page_339.csv: En-tête '7045Base' introuvable.
Erreur dans le fichier ./CSV3\bulletins\bulletins_propres\table_page_339.csv: En-tête '7050Base' introuvable.
Erreur dans le fichier ./CSV3\bulletins\bulletins_propres\table_page_339.csv: En-tête '7055Base' introuvable.
Erreur dans le fichier ./CSV3\bulletins\bulletins_propres\table_page_339.csv: En-tête '7C00Base' introuvable.
Erreur dans le fichier ./CSV3\bulletins\bulletins_propres\table_page_339.csv: En-tête '7C10Base' introuvable.
Erreur dans le fichier ./CSV3\bulletins\bulletins_propres\table_page_339.csv: En-tête '7C20Base' introuvable.
Erreur dans le fichier ./CSV3\bulletins\bulletins_propres\table_page_339.csv: En-tête '7M05Base' introuvable.
Erreur dans le fichier ./CSV3\bulletins\bulletins_propres\table_page_339.csv: En-tête '7P20Base' introuvable.
Erreur dans le fichier ./CSV3\bulletins\bulletins_propres\table_page_339.csv: En-tête '7P25Base' introuvable.
Erreur dans le fichier ./CSV3\bulletins\bulletins_propres\table_page_339.csv: En-tête 'Base' introuvable.
Erreur dans le fichier ./CSV3\bulletins\bulletins_propres\table_page_339.csv: En-tête '7R56Base' introuvable.
Erreur dans le fichier ./CSV3\bulletins\bulletins_propres\table_page_339.csv: En-tête 'Base' introuvable.
Erreur dans le fichier ./CSV3\bulletins\bulletins_propres\table_page_339.csv: En-tête '7R57Base' introuvable.
Erreur dans le fichier ./CSV3\bulletins\bulletins_propres\table_page_339.csv: En-tête '7R63Base' introuvable.
Erreur dans le fichier ./CSV3\bulletins\bulletins_propres\table_page_339.csv: En-tête '7R64Base' introuvable.
Erreur dans le fichier ./CSV3\bulletins\bulletins_propres\table_page_339.csv: En-tête '7R70Base' introuvable.
Erreur dans le fichier ./CSV3\bulletins\bulletins_propres\table_page_339.csv: En-tête '7R71Base' introuvable.
Erreur dans le fichier ./CSV3\bulletins\bulletins_propres\table_page_339.csv: En-tête '7T00Base' introuvable.
Erreur dans le fichier ./CSV3\bulletins\bulletins_propres\table_page_339.csv: En-tête '7T02Base' introuvable.
Erreur dans le fichier ./CSV3\bulletins\bulletins_propres\table_page_339.csv: En-tête '7T05Base' introuvable.
Erreur dans le fichier ./CSV3\bulletins\bulletins_propres\table_page_339.csv: En-tête '7T10Base' introuvable.
Erreur dans le fichier ./CSV3\bulletins\bulletins_propres\table_page_339.csv: En-tête '7T15Base' introuvable.
Erreur dans le fichier ./CSV3\bulletins\bulletins_propres\table_page_339.csv: En-tête '7T20Base' introuvable.
Erreur dans le fichier ./CSV3\bulletins\bulletins_propres\table_page_339.csv: En-tête '6082Base' introuvable.
Erreur dans le fichier ./CSV3\bulletins\bulletins_propres\table_page_339.csv: En-tête '6094Base' introuvable.
Erreur dans le fichier ./CSV3\bulletins\bulletins_propres\table_page_339.csv: En-tête 'Total Charges Ded.Base' introuvable.
Erreur dans le fichier ./CSV3\bulletins\bulletins_propres\table_page_339.csv: En-tête '6080Base' introuvable.
Erreur dans le fichier ./CSV3\bulletins\bulletins_propres\table_page_339.csv: En-tête '6084Base' introuvable.
Erreur dans le fichier ./CSV3\bulletins\bulletins_propres\table_page_339.csv: En-tête '6092Base' introuvable.
Erreur dans le fichier ./CSV3\bulletins\bulletins_propres\table_page_339.csv: En-tête '6096Base' introuvable.
Erreur dans le fichier ./CSV3\bulletins\bulletins_propres\table_page_339.csv: En-tête '60F1Base' introuvable.
Erreur dans le fichier ./CSV3\bulletins\bulletins_propres\table_page_339.csv: En-tête '60F3Base' introuvable.
Erreur dans le fichier ./CSV3\bulletins\bulletins_propres\table_page_339.csv: En-tête '60F4Base' introuvable.
Erreur dans le fichier ./CSV3\bulletins\bulletins_propres\table_page_339.csv: En-tête '60F8Base' introuvable.
Erreur dans le fichier ./CSV3\bulletins\bulletins_propres\table_page_339.csv: En-tête '60F9Base' introuvable.
Erreur dans le fichier ./CSV3\bulletins\bulletins_propres\table_page_339.csv: En-tête 'Total Charges Non Ded.Base' introuvable.
Erreur dans le fichier ./CSV3\bulletins\bulletins_propres\table_page_339.csv: En-tête '8009Base' introuvable.
Erreur dans le fichier ./CSV3\bulletins\bulletins_propres\table_page_339.csv: En-tête '8010Base' introuvable.
Erreur dans le fichier ./CSV3\bulletins\bulletins_propres\table_page_341.csv: En-tête '1002Base' introuvable.
Erreur dans le fichier ./CSV3\bulletins\bulletins_propres\table_page_341.csv: En-tête '3618Base' introuvable.
Erreur dans le fichier ./CSV3\bulletins\bulletins_propres\table_page_341.csv: En-tête 'Base' introuvable.
Erreur dans le fichier ./CSV3\bulletins\bulletins_propres\table_page_341.csv: En-tête '3B80Base' introuvable.
Erreur dans le fichier ./CSV3\bulletins\bulletins_propres\table_page_341.csv: En-tête 'Base' introuvable.
Erreur dans le fichier ./CSV3\bulletins\bulletins_propres\table_page_341.csv: En-tête '3B82Base' introuvable.
Erreur dans le fichier ./CSV3\bulletins\bulletins_propres\table_page_341.csv: En-tête 'TOTAL BRUTBase' introuvable.
Erreur dans le fichier ./CSV3\bulletins\bulletins_propres\table_page_341.csv: En-tête 'Base' introuvable.
Erreur dans le fichier ./CSV3\bulletins\bulletins_propres\table_page_341.csv: En-tête '60F2Base' introuvable.
Erreur dans le fichier ./CSV3\bulletins\bulletins_propres\table_page_341.csv: En-tête '7001Base' introuvable.
Erreur dans le fichier ./CSV3\bulletins\bulletins_propres\table_page_341.csv: En-tête '7002Base' introuvable.
Erreur dans le fichier ./CSV3\bulletins\bulletins_propres\table_page_341.csv: En-tête '7010Base' introuvable.
Erreur dans le fichier ./CSV3\bulletins\bulletins_propres\table_page_341.csv: En-tête '7015Base' introuvable.
Erreur dans le fichier ./CSV3\bulletins\bulletins_propres\table_page_341.csv: En-tête '7020Base' introuvable.
Erreur dans le fichier ./CSV3\bulletins\bulletins_propres\table_page_341.csv: En-tête '7025Base' introuvable.
Erreur dans le fichier ./CSV3\bulletins\bulletins_propres\table_page_341.csv: En-tête '7030Base' introuvable.
Erreur dans le fichier ./CSV3\bulletins\bulletins_propres\table_page_341.csv: En-tête '7035Base' introuvable.
Erreur dans le fichier ./CSV3\bulletins\bulletins_propres\table_page_341.csv: En-tête '7040Base' introuvable.
Erreur dans le fichier ./CSV3\bulletins\bulletins_propres\table_page_341.csv: En-tête 'Base' introuvable.
Erreur dans le fichier ./CSV3\bulletins\bulletins_propres\table_page_341.csv: En-tête '7045Base' introuvable.
Erreur dans le fichier ./CSV3\bulletins\bulletins_propres\table_page_341.csv: En-tête 'Base' introuvable.
Erreur dans le fichier ./CSV3\bulletins\bulletins_propres\table_page_341.csv: En-tête '7050Base' introuvable.
Erreur dans le fichier ./CSV3\bulletins\bulletins_propres\table_page_341.csv: En-tête 'Base' introuvable.
Erreur dans le fichier ./CSV3\bulletins\bulletins_propres\table_page_341.csv: En-tête '7055Base' introuvable.
Erreur dans le fichier ./CSV3\bulletins\bulletins_propres\table_page_341.csv: En-tête 'Base' introuvable.
Erreur dans le fichier ./CSV3\bulletins\bulletins_propres\table_page_341.csv: En-tête '7C00Base' introuvable.
Erreur dans le fichier ./CSV3\bulletins\bulletins_propres\table_page_341.csv: En-tête '7C10Base' introuvable.
Erreur dans le fichier ./CSV3\bulletins\bulletins_propres\table_page_341.csv: En-tête '7C20Base' introuvable.
Erreur dans le fichier ./CSV3\bulletins\bulletins_propres\table_page_341.csv: En-tête '7M05Base' introuvable.
Erreur dans le fichier ./CSV3\bulletins\bulletins_propres\table_page_341.csv: En-tête '7P20Base' introuvable.
Erreur dans le fichier ./CSV3\bulletins\bulletins_propres\table_page_341.csv: En-tête '7P25Base' introuvable.
Erreur dans le fichier ./CSV3\bulletins\bulletins_propres\table_page_341.csv: En-tête '7R44Base' introuvable.
Erreur dans le fichier ./CSV3\bulletins\bulletins_propres\table_page_341.csv: En-tête '7R45Base' introuvable.
Erreur dans le fichier ./CSV3\bulletins\bulletins_propres\table_page_341.csv: En-tête '7R53Base' introuvable.
Erreur dans le fichier ./CSV3\bulletins\bulletins_propres\table_page_341.csv: En-tête '7R54Base' introuvable.
Erreur dans le fichier ./CSV3\bulletins\bulletins_propres\table_page_341.csv: En-tête '7R63Base' introuvable.
Erreur dans le fichier ./CSV3\bulletins\bulletins_propres\table_page_341.csv: En-tête 'Base' introuvable.
Erreur dans le fichier ./CSV3\bulletins\bulletins_propres\table_page_341.csv: En-tête '7R64Base' introuvable.
Erreur dans le fichier ./CSV3\bulletins\bulletins_propres\table_page_341.csv: En-tête '7R70Base' introuvable.
Erreur dans le fichier ./CSV3\bulletins\bulletins_propres\table_page_341.csv: En-tête '7R71Base' introuvable.
Erreur dans le fichier ./CSV3\bulletins\bulletins_propres\table_page_341.csv: En-tête '7T00Base' introuvable.
Erreur dans le fichier ./CSV3\bulletins\bulletins_propres\table_page_341.csv: En-tête '7T02Base' introuvable.
Erreur dans le fichier ./CSV3\bulletins\bulletins_propres\table_page_341.csv: En-tête '7T05Base' introuvable.
Erreur dans le fichier ./CSV3\bulletins\bulletins_propres\table_page_341.csv: En-tête '7T10Base' introuvable.
Erreur dans le fichier ./CSV3\bulletins\bulletins_propres\table_page_341.csv: En-tête '7T15Base' introuvable.
Erreur dans le fichier ./CSV3\bulletins\bulletins_propres\table_page_341.csv: En-tête '7T20Base' introuvable.
Erreur dans le fichier ./CSV3\bulletins\bulletins_propres\table_page_341.csv: En-tête '6082Base' introuvable.
Erreur dans le fichier ./CSV3\bulletins\bulletins_propres\table_page_341.csv: En-tête '6094Base' introuvable.
Erreur dans le fichier ./CSV3\bulletins\bulletins_propres\table_page_341.csv: En-tête 'Total Charges Ded.Base' introuvable.
Erreur dans le fichier ./CSV3\bulletins\bulletins_propres\table_page_341.csv: En-tête '6080Base' introuvable.
Erreur dans le fichier ./CSV3\bulletins\bulletins_propres\table_page_341.csv: En-tête '6084Base' introuvable.
Erreur dans le fichier ./CSV3\bulletins\bulletins_propres\table_page_341.csv: En-tête '6092Base' introuvable.
Erreur dans le fichier ./CSV3\bulletins\bulletins_propres\table_page_341.csv: En-tête '6096Base' introuvable.
Erreur dans le fichier ./CSV3\bulletins\bulletins_propres\table_page_341.csv: En-tête '60F1Base' introuvable.
Erreur dans le fichier ./CSV3\bulletins\bulletins_propres\table_page_341.csv: En-tête '60F3Base' introuvable.
Erreur dans le fichier ./CSV3\bulletins\bulletins_propres\table_page_341.csv: En-tête '60F4Base' introuvable.
Erreur dans le fichier ./CSV3\bulletins\bulletins_propres\table_page_341.csv: En-tête '60F8Base' introuvable.
Erreur dans le fichier ./CSV3\bulletins\bulletins_propres\table_page_341.csv: En-tête '60F9Base' introuvable.
Erreur dans le fichier ./CSV3\bulletins\bulletins_propres\table_page_341.csv: En-tête 'Total Charges Non Ded.Base' introuvable.
Erreur dans le fichier ./CSV3\bulletins\bulletins_propres\table_page_341.csv: En-tête '8009Base' introuvable.
Erreur dans le fichier ./CSV3\bulletins\bulletins_propres\table_page_343.csv: En-tête '1001Base' introuvable.
Erreur dans le fichier ./CSV3\bulletins\bulletins_propres\table_page_343.csv: En-tête '2012Base' introuvable.
Erreur dans le fichier ./CSV3\bulletins\bulletins_propres\table_page_343.csv: En-tête 'Base' introuvable.
Erreur dans le fichier ./CSV3\bulletins\bulletins_propres\table_page_343.csv: En-tête '2068Base' introuvable.
Erreur dans le fichier ./CSV3\bulletins\bulletins_propres\table_page_343.csv: En-tête 'Base' introuvable.
Erreur dans le fichier ./CSV3\bulletins\bulletins_propres\table_page_343.csv: En-tête '2078Base' introuvable.
Erreur dans le fichier ./CSV3\bulletins\bulletins_propres\table_page_343.csv: En-tête 'TOTAL BRUTBase' introuvable.
Erreur dans le fichier ./CSV3\bulletins\bulletins_propres\table_page_343.csv: En-tête 'Base' introuvable.
Erreur dans le fichier ./CSV3\bulletins\bulletins_propres\table_page_343.csv: En-tête '7001Base' introuvable.
Erreur dans le fichier ./CSV3\bulletins\bulletins_propres\table_page_343.csv: En-tête '7010Base' introuvable.
Erreur dans le fichier ./CSV3\bulletins\bulletins_propres\table_page_343.csv: En-tête '7015Base' introuvable.
Erreur dans le fichier ./CSV3\bulletins\bulletins_propres\table_page_343.csv: En-tête '7020Base' introuvable.
Erreur dans le fichier ./CSV3\bulletins\bulletins_propres\table_page_343.csv: En-tête '7030Base' introuvable.
Erreur dans le fichier ./CSV3\bulletins\bulletins_propres\table_page_343.csv: En-tête '7035Base' introuvable.
Erreur dans le fichier ./CSV3\bulletins\bulletins_propres\table_page_343.csv: En-tête '7040Base' introuvable.
Erreur dans le fichier ./CSV3\bulletins\bulletins_propres\table_page_343.csv: En-tête '7045Base' introuvable.
Erreur dans le fichier ./CSV3\bulletins\bulletins_propres\table_page_343.csv: En-tête '7050Base' introuvable.
Erreur dans le fichier ./CSV3\bulletins\bulletins_propres\table_page_343.csv: En-tête '7055Base' introuvable.
Erreur dans le fichier ./CSV3\bulletins\bulletins_propres\table_page_343.csv: En-tête 'Base' introuvable.
Erreur dans le fichier ./CSV3\bulletins\bulletins_propres\table_page_343.csv: En-tête '7C00Base' introuvable.
Erreur dans le fichier ./CSV3\bulletins\bulletins_propres\table_page_343.csv: En-tête 'Base' introuvable.
Erreur dans le fichier ./CSV3\bulletins\bulletins_propres\table_page_343.csv: En-tête '7C10Base' introuvable.
Erreur dans le fichier ./CSV3\bulletins\bulletins_propres\table_page_343.csv: En-tête 'Base' introuvable.
Erreur dans le fichier ./CSV3\bulletins\bulletins_propres\table_page_343.csv: En-tête '7C20Base' introuvable.
Erreur dans le fichier ./CSV3\bulletins\bulletins_propres\table_page_343.csv: En-tête 'Base' introuvable.
Erreur dans le fichier ./CSV3\bulletins\bulletins_propres\table_page_343.csv: En-tête '7M05Base' introuvable.
Erreur dans le fichier ./CSV3\bulletins\bulletins_propres\table_page_343.csv: En-tête '7P20Base' introuvable.
Erreur dans le fichier ./CSV3\bulletins\bulletins_propres\table_page_343.csv: En-tête '7P25Base' introuvable.
Erreur dans le fichier ./CSV3\bulletins\bulletins_propres\table_page_343.csv: En-tête '7R44Base' introuvable.
Erreur dans le fichier ./CSV3\bulletins\bulletins_propres\table_page_343.csv: En-tête '7R45Base' introuvable.
Erreur dans le fichier ./CSV3\bulletins\bulletins_propres\table_page_343.csv: En-tête '7R53Base' introuvable.
Erreur dans le fichier ./CSV3\bulletins\bulletins_propres\table_page_343.csv: En-tête '7R54Base' introuvable.
Erreur dans le fichier ./CSV3\bulletins\bulletins_propres\table_page_343.csv: En-tête '7R63Base' introuvable.
Erreur dans le fichier ./CSV3\bulletins\bulletins_propres\table_page_343.csv: En-tête '7R64Base' introuvable.
Erreur dans le fichier ./CSV3\bulletins\bulletins_propres\table_page_343.csv: En-tête '7R70Base' introuvable.
Erreur dans le fichier ./CSV3\bulletins\bulletins_propres\table_page_343.csv: En-tête '7R71Base' introuvable.
Erreur dans le fichier ./CSV3\bulletins\bulletins_propres\table_page_343.csv: En-tête 'Base' introuvable.
Erreur dans le fichier ./CSV3\bulletins\bulletins_propres\table_page_343.csv: En-tête '7T00Base' introuvable.
Erreur dans le fichier ./CSV3\bulletins\bulletins_propres\table_page_343.csv: En-tête '7T02Base' introuvable.
Erreur dans le fichier ./CSV3\bulletins\bulletins_propres\table_page_343.csv: En-tête '7T05Base' introuvable.
Erreur dans le fichier ./CSV3\bulletins\bulletins_propres\table_page_343.csv: En-tête '7T10Base' introuvable.
Erreur dans le fichier ./CSV3\bulletins\bulletins_propres\table_page_343.csv: En-tête '7T15Base' introuvable.
Erreur dans le fichier ./CSV3\bulletins\bulletins_propres\table_page_343.csv: En-tête '7T20Base' introuvable.
Erreur dans le fichier ./CSV3\bulletins\bulletins_propres\table_page_343.csv: En-tête '6082Base' introuvable.
Erreur dans le fichier ./CSV3\bulletins\bulletins_propres\table_page_343.csv: En-tête '6094Base' introuvable.
Erreur dans le fichier ./CSV3\bulletins\bulletins_propres\table_page_343.csv: En-tête 'Total Charges Ded.Base' introuvable.
Erreur dans le fichier ./CSV3\bulletins\bulletins_propres\table_page_343.csv: En-tête '6080Base' introuvable.
Erreur dans le fichier ./CSV3\bulletins\bulletins_propres\table_page_343.csv: En-tête '6084Base' introuvable.
Erreur dans le fichier ./CSV3\bulletins\bulletins_propres\table_page_343.csv: En-tête '6092Base' introuvable.
Erreur dans le fichier ./CSV3\bulletins\bulletins_propres\table_page_343.csv: En-tête '6096Base' introuvable.
Erreur dans le fichier ./CSV3\bulletins\bulletins_propres\table_page_343.csv: En-tête 'Total Charges Non Ded.Base' introuvable.
Erreur dans le fichier ./CSV3\bulletins\bulletins_propres\table_page_343.csv: En-tête '8009Base' introuvable.
Erreur dans le fichier ./CSV3\bulletins\bulletins_propres\table_page_343.csv: En-tête '8010Base' introuvable.
Erreur dans le fichier ./CSV3\bulletins\bulletins_propres\table_page_345.csv: En-tête '1001Base' introuvable.
Erreur dans le fichier ./CSV3\bulletins\bulletins_propres\table_page_345.csv: En-tête '1046Base' introuvable.
Erreur dans le fichier ./CSV3\bulletins\bulletins_propres\table_page_345.csv: En-tête 'Base' introuvable.
Erreur dans le fichier ./CSV3\bulletins\bulletins_propres\table_page_345.csv: En-tête '2012Base' introuvable.
Erreur dans le fichier ./CSV3\bulletins\bulletins_propres\table_page_345.csv: En-tête 'Base' introuvable.
Erreur dans le fichier ./CSV3\bulletins\bulletins_propres\table_page_345.csv: En-tête '2016Base' introuvable.
Erreur dans le fichier ./CSV3\bulletins\bulletins_propres\table_page_345.csv: En-tête '2050Base' introuvable.
Erreur dans le fichier ./CSV3\bulletins\bulletins_propres\table_page_345.csv: En-tête '2068Base' introuvable.
Erreur dans le fichier ./CSV3\bulletins\bulletins_propres\table_page_345.csv: En-tête '2078Base' introuvable.
Erreur dans le fichier ./CSV3\bulletins\bulletins_propres\table_page_345.csv: En-tête '2084Base' introuvable.
Erreur dans le fichier ./CSV3\bulletins\bulletins_propres\table_page_345.csv: En-tête '2088Base' introuvable.
Erreur dans le fichier ./CSV3\bulletins\bulletins_propres\table_page_345.csv: En-tête 'Base' introuvable.
Erreur dans le fichier ./CSV3\bulletins\bulletins_propres\table_page_345.csv: En-tête 'TOTAL BRUTBase' introuvable.
Erreur dans le fichier ./CSV3\bulletins\bulletins_propres\table_page_345.csv: En-tête '7001Base' introuvable.
Erreur dans le fichier ./CSV3\bulletins\bulletins_propres\table_page_345.csv: En-tête '7002Base' introuvable.
Erreur dans le fichier ./CSV3\bulletins\bulletins_propres\table_page_345.csv: En-tête '7010Base' introuvable.
Erreur dans le fichier ./CSV3\bulletins\bulletins_propres\table_page_345.csv: En-tête '7015Base' introuvable.
Erreur dans le fichier ./CSV3\bulletins\bulletins_propres\table_page_345.csv: En-tête '7020Base' introuvable.
Erreur dans le fichier ./CSV3\bulletins\bulletins_propres\table_page_345.csv: En-tête 'Base' introuvable.
Erreur dans le fichier ./CSV3\bulletins\bulletins_propres\table_page_345.csv: En-tête '7030Base' introuvable.
Erreur dans le fichier ./CSV3\bulletins\bulletins_propres\table_page_345.csv: En-tête 'Base' introuvable.
Erreur dans le fichier ./CSV3\bulletins\bulletins_propres\table_page_345.csv: En-tête '7035Base' introuvable.
Erreur dans le fichier ./CSV3\bulletins\bulletins_propres\table_page_345.csv: En-tête 'Base' introuvable.
Erreur dans le fichier ./CSV3\bulletins\bulletins_propres\table_page_345.csv: En-tête '7040Base' introuvable.
Erreur dans le fichier ./CSV3\bulletins\bulletins_propres\table_page_345.csv: En-tête 'Base' introuvable.
Erreur dans le fichier ./CSV3\bulletins\bulletins_propres\table_page_345.csv: En-tête '7045Base' introuvable.
Erreur dans le fichier ./CSV3\bulletins\bulletins_propres\table_page_345.csv: En-tête '7050Base' introuvable.
Erreur dans le fichier ./CSV3\bulletins\bulletins_propres\table_page_345.csv: En-tête '7055Base' introuvable.
Erreur dans le fichier ./CSV3\bulletins\bulletins_propres\table_page_345.csv: En-tête '7C00Base' introuvable.
Erreur dans le fichier ./CSV3\bulletins\bulletins_propres\table_page_345.csv: En-tête '7C10Base' introuvable.
Erreur dans le fichier ./CSV3\bulletins\bulletins_propres\table_page_345.csv: En-tête '7C20Base' introuvable.
Erreur dans le fichier ./CSV3\bulletins\bulletins_propres\table_page_345.csv: En-tête '7M05Base' introuvable.
Erreur dans le fichier ./CSV3\bulletins\bulletins_propres\table_page_345.csv: En-tête '7P20Base' introuvable.
Erreur dans le fichier ./CSV3\bulletins\bulletins_propres\table_page_345.csv: En-tête '7P25Base' introuvable.
Erreur dans le fichier ./CSV3\bulletins\bulletins_propres\table_page_345.csv: En-tête '7R56Base' introuvable.
Erreur dans le fichier ./CSV3\bulletins\bulletins_propres\table_page_345.csv: En-tête '7R57Base' introuvable.
Erreur dans le fichier ./CSV3\bulletins\bulletins_propres\table_page_345.csv: En-tête 'Base' introuvable.
Erreur dans le fichier ./CSV3\bulletins\bulletins_propres\table_page_345.csv: En-tête '7R63Base' introuvable.
Erreur dans le fichier ./CSV3\bulletins\bulletins_propres\table_page_345.csv: En-tête '7R64Base' introuvable.
Erreur dans le fichier ./CSV3\bulletins\bulletins_propres\table_page_345.csv: En-tête '7R70Base' introuvable.
Erreur dans le fichier ./CSV3\bulletins\bulletins_propres\table_page_345.csv: En-tête '7R71Base' introuvable.
Erreur dans le fichier ./CSV3\bulletins\bulletins_propres\table_page_345.csv: En-tête '7T00Base' introuvable.
Erreur dans le fichier ./CSV3\bulletins\bulletins_propres\table_page_345.csv: En-tête '7T02Base' introuvable.
Erreur dans le fichier ./CSV3\bulletins\bulletins_propres\table_page_345.csv: En-tête '7T05Base' introuvable.
Erreur dans le fichier ./CSV3\bulletins\bulletins_propres\table_page_345.csv: En-tête '7T10Base' introuvable.
Erreur dans le fichier ./CSV3\bulletins\bulletins_propres\table_page_345.csv: En-tête '7T15Base' introuvable.
Erreur dans le fichier ./CSV3\bulletins\bulletins_propres\table_page_345.csv: En-tête '7T20Base' introuvable.
Erreur dans le fichier ./CSV3\bulletins\bulletins_propres\table_page_345.csv: En-tête '6082Base' introuvable.
Erreur dans le fichier ./CSV3\bulletins\bulletins_propres\table_page_345.csv: En-tête '6094Base' introuvable.
Erreur dans le fichier ./CSV3\bulletins\bulletins_propres\table_page_345.csv: En-tête 'Total Charges Ded.Base' introuvable.
Erreur dans le fichier ./CSV3\bulletins\bulletins_propres\table_page_345.csv: En-tête '6080Base' introuvable.
Erreur dans le fichier ./CSV3\bulletins\bulletins_propres\table_page_345.csv: En-tête '6084Base' introuvable.
Erreur dans le fichier ./CSV3\bulletins\bulletins_propres\table_page_345.csv: En-tête '6092Base' introuvable.
Erreur dans le fichier ./CSV3\bulletins\bulletins_propres\table_page_345.csv: En-tête '6096Base' introuvable.
Erreur dans le fichier ./CSV3\bulletins\bulletins_propres\table_page_345.csv: En-tête 'Total Charges Non Ded.Base' introuvable.
Erreur dans le fichier ./CSV3\bulletins\bulletins_propres\table_page_345.csv: En-tête '8009Base' introuvable.
Erreur dans le fichier ./CSV3\bulletins\bulletins_propres\table_page_345.csv: En-tête '8010Base' introuvable.
Erreur dans le fichier ./CSV3\bulletins\bulletins_propres\table_page_345.csv: En-tête '/S13Saisie non-alim. priorit.Base' introuvable.
Erreur dans le fichier ./CSV3\bulletins\bulletins_propres\table_page_345.csv: En-tête '8007Base' introuvable.
Erreur dans le fichier ./CSV3\bulletins\bulletins_propres\table_page_347.csv: En-tête '1002Base' introuvable.
Erreur dans le fichier ./CSV3\bulletins\bulletins_propres\table_page_347.csv: En-tête '2068Base' introuvable.
Erreur dans le fichier ./CSV3\bulletins\bulletins_propres\table_page_347.csv: En-tête 'Base' introuvable.
Erreur dans le fichier ./CSV3\bulletins\bulletins_propres\table_page_347.csv: En-tête '3280Base' introuvable.
Erreur dans le fichier ./CSV3\bulletins\bulletins_propres\table_page_347.csv: En-tête 'Base' introuvable.
Erreur dans le fichier ./CSV3\bulletins\bulletins_propres\table_page_347.csv: En-tête '3285Base' introuvable.
Erreur dans le fichier ./CSV3\bulletins\bulletins_propres\table_page_347.csv: En-tête 'TOTAL BRUTBase' introuvable.
Erreur dans le fichier ./CSV3\bulletins\bulletins_propres\table_page_347.csv: En-tête 'Base' introuvable.
Erreur dans le fichier ./CSV3\bulletins\bulletins_propres\table_page_347.csv: En-tête '7001Base' introuvable.
Erreur dans le fichier ./CSV3\bulletins\bulletins_propres\table_page_347.csv: En-tête '7002Base' introuvable.
Erreur dans le fichier ./CSV3\bulletins\bulletins_propres\table_page_347.csv: En-tête '7010Base' introuvable.
Erreur dans le fichier ./CSV3\bulletins\bulletins_propres\table_page_347.csv: En-tête '7015Base' introuvable.
Erreur dans le fichier ./CSV3\bulletins\bulletins_propres\table_page_347.csv: En-tête '7020Base' introuvable.
Erreur dans le fichier ./CSV3\bulletins\bulletins_propres\table_page_347.csv: En-tête '7030Base' introuvable.
Erreur dans le fichier ./CSV3\bulletins\bulletins_propres\table_page_347.csv: En-tête '7035Base' introuvable.
Erreur dans le fichier ./CSV3\bulletins\bulletins_propres\table_page_347.csv: En-tête '7040Base' introuvable.
Erreur dans le fichier ./CSV3\bulletins\bulletins_propres\table_page_347.csv: En-tête '7045Base' introuvable.
Erreur dans le fichier ./CSV3\bulletins\bulletins_propres\table_page_347.csv: En-tête '7050Base' introuvable.
Erreur dans le fichier ./CSV3\bulletins\bulletins_propres\table_page_347.csv: En-tête 'Base' introuvable.
Erreur dans le fichier ./CSV3\bulletins\bulletins_propres\table_page_347.csv: En-tête '7055Base' introuvable.
Erreur dans le fichier ./CSV3\bulletins\bulletins_propres\table_page_347.csv: En-tête 'Base' introuvable.
Erreur dans le fichier ./CSV3\bulletins\bulletins_propres\table_page_347.csv: En-tête '7C00Base' introuvable.
Erreur dans le fichier ./CSV3\bulletins\bulletins_propres\table_page_347.csv: En-tête 'Base' introuvable.
Erreur dans le fichier ./CSV3\bulletins\bulletins_propres\table_page_347.csv: En-tête '7C10Base' introuvable.
Erreur dans le fichier ./CSV3\bulletins\bulletins_propres\table_page_347.csv: En-tête 'Base' introuvable.
Erreur dans le fichier ./CSV3\bulletins\bulletins_propres\table_page_347.csv: En-tête '7C20Base' introuvable.
Erreur dans le fichier ./CSV3\bulletins\bulletins_propres\table_page_347.csv: En-tête '7M05Base' introuvable.
Erreur dans le fichier ./CSV3\bulletins\bulletins_propres\table_page_347.csv: En-tête '7P20Base' introuvable.
Erreur dans le fichier ./CSV3\bulletins\bulletins_propres\table_page_347.csv: En-tête '7P25Base' introuvable.
Erreur dans le fichier ./CSV3\bulletins\bulletins_propres\table_page_347.csv: En-tête '7R44Base' introuvable.
Erreur dans le fichier ./CSV3\bulletins\bulletins_propres\table_page_347.csv: En-tête '7R45Base' introuvable.
Erreur dans le fichier ./CSV3\bulletins\bulletins_propres\table_page_347.csv: En-tête '7R53Base' introuvable.
Erreur dans le fichier ./CSV3\bulletins\bulletins_propres\table_page_347.csv: En-tête '7R54Base' introuvable.
Erreur dans le fichier ./CSV3\bulletins\bulletins_propres\table_page_347.csv: En-tête '7R63Base' introuvable.
Erreur dans le fichier ./CSV3\bulletins\bulletins_propres\table_page_347.csv: En-tête '7R64Base' introuvable.
Erreur dans le fichier ./CSV3\bulletins\bulletins_propres\table_page_347.csv: En-tête '7R70Base' introuvable.
Erreur dans le fichier ./CSV3\bulletins\bulletins_propres\table_page_347.csv: En-tête 'Base' introuvable.
Erreur dans le fichier ./CSV3\bulletins\bulletins_propres\table_page_347.csv: En-tête '7R71Base' introuvable.
Erreur dans le fichier ./CSV3\bulletins\bulletins_propres\table_page_347.csv: En-tête 'Base' introuvable.
Erreur dans le fichier ./CSV3\bulletins\bulletins_propres\table_page_347.csv: En-tête '7T00Base' introuvable.
Erreur dans le fichier ./CSV3\bulletins\bulletins_propres\table_page_347.csv: En-tête 'Base' introuvable.
Erreur dans le fichier ./CSV3\bulletins\bulletins_propres\table_page_347.csv: En-tête '7T02Base' introuvable.
Erreur dans le fichier ./CSV3\bulletins\bulletins_propres\table_page_347.csv: En-tête '7T05Base' introuvable.
Erreur dans le fichier ./CSV3\bulletins\bulletins_propres\table_page_347.csv: En-tête '7T10Base' introuvable.
Erreur dans le fichier ./CSV3\bulletins\bulletins_propres\table_page_347.csv: En-tête '7T15Base' introuvable.
Erreur dans le fichier ./CSV3\bulletins\bulletins_propres\table_page_347.csv: En-tête '7T20Base' introuvable.
Erreur dans le fichier ./CSV3\bulletins\bulletins_propres\table_page_347.csv: En-tête '6082Base' introuvable.
Erreur dans le fichier ./CSV3\bulletins\bulletins_propres\table_page_347.csv: En-tête '6094Base' introuvable.
Erreur dans le fichier ./CSV3\bulletins\bulletins_propres\table_page_347.csv: En-tête 'Total Charges Ded.Base' introuvable.
Erreur dans le fichier ./CSV3\bulletins\bulletins_propres\table_page_347.csv: En-tête '6080Base' introuvable.
Erreur dans le fichier ./CSV3\bulletins\bulletins_propres\table_page_347.csv: En-tête '6084Base' introuvable.
Erreur dans le fichier ./CSV3\bulletins\bulletins_propres\table_page_347.csv: En-tête '6092Base' introuvable.
Erreur dans le fichier ./CSV3\bulletins\bulletins_propres\table_page_347.csv: En-tête '6096Base' introuvable.
Erreur dans le fichier ./CSV3\bulletins\bulletins_propres\table_page_347.csv: En-tête 'Total Charges Non Ded.Base' introuvable.
Erreur dans le fichier ./CSV3\bulletins\bulletins_propres\table_page_347.csv: En-tête '8009Base' introuvable.
Erreur dans le fichier ./CSV3\bulletins\bulletins_propres\table_page_347.csv: En-tête '8010Base' introuvable.
Erreur dans le fichier ./CSV3\bulletins\bulletins_propres\table_page_347.csv: En-tête '8007Base' introuvable.
Erreur dans le fichier ./CSV3\bulletins\bulletins_propres\table_page_349.csv: En-tête '1002Base' introuvable.
Erreur dans le fichier ./CSV3\bulletins\bulletins_propres\table_page_349.csv: En-tête '2012Base' introuvable.
Erreur dans le fichier ./CSV3\bulletins\bulletins_propres\table_page_349.csv: En-tête 'Base' introuvable.
Erreur dans le fichier ./CSV3\bulletins\bulletins_propres\table_page_349.csv: En-tête '2068Base' introuvable.
Erreur dans le fichier ./CSV3\bulletins\bulletins_propres\table_page_349.csv: En-tête 'Base' introuvable.
Erreur dans le fichier ./CSV3\bulletins\bulletins_propres\table_page_349.csv: En-tête '3310Base' introuvable.
Erreur dans le fichier ./CSV3\bulletins\bulletins_propres\table_page_349.csv: En-tête '3315Base' introuvable.
Erreur dans le fichier ./CSV3\bulletins\bulletins_propres\table_page_349.csv: En-tête '3B80Base' introuvable.
Erreur dans le fichier ./CSV3\bulletins\bulletins_propres\table_page_349.csv: En-tête '3B82Base' introuvable.
Erreur dans le fichier ./CSV3\bulletins\bulletins_propres\table_page_349.csv: En-tête 'Base' introuvable.
Erreur dans le fichier ./CSV3\bulletins\bulletins_propres\table_page_349.csv: En-tête 'TOTAL BRUTBase' introuvable.
Erreur dans le fichier ./CSV3\bulletins\bulletins_propres\table_page_349.csv: En-tête '60F2Base' introuvable.
Erreur dans le fichier ./CSV3\bulletins\bulletins_propres\table_page_349.csv: En-tête '7001Base' introuvable.
Erreur dans le fichier ./CSV3\bulletins\bulletins_propres\table_page_349.csv: En-tête '7002Base' introuvable.
Erreur dans le fichier ./CSV3\bulletins\bulletins_propres\table_page_349.csv: En-tête '7010Base' introuvable.
Erreur dans le fichier ./CSV3\bulletins\bulletins_propres\table_page_349.csv: En-tête '7015Base' introuvable.
Erreur dans le fichier ./CSV3\bulletins\bulletins_propres\table_page_349.csv: En-tête '7020Base' introuvable.
Erreur dans le fichier ./CSV3\bulletins\bulletins_propres\table_page_349.csv: En-tête '7025Base' introuvable.
Erreur dans le fichier ./CSV3\bulletins\bulletins_propres\table_page_349.csv: En-tête 'Base' introuvable.
Erreur dans le fichier ./CSV3\bulletins\bulletins_propres\table_page_349.csv: En-tête '7030Base' introuvable.
Erreur dans le fichier ./CSV3\bulletins\bulletins_propres\table_page_349.csv: En-tête 'Base' introuvable.
Erreur dans le fichier ./CSV3\bulletins\bulletins_propres\table_page_349.csv: En-tête '7035Base' introuvable.
Erreur dans le fichier ./CSV3\bulletins\bulletins_propres\table_page_349.csv: En-tête 'Base' introuvable.
Erreur dans le fichier ./CSV3\bulletins\bulletins_propres\table_page_349.csv: En-tête '7040Base' introuvable.
Erreur dans le fichier ./CSV3\bulletins\bulletins_propres\table_page_349.csv: En-tête 'Base' introuvable.
Erreur dans le fichier ./CSV3\bulletins\bulletins_propres\table_page_349.csv: En-tête '7045Base' introuvable.
Erreur dans le fichier ./CSV3\bulletins\bulletins_propres\table_page_349.csv: En-tête '7050Base' introuvable.
Erreur dans le fichier ./CSV3\bulletins\bulletins_propres\table_page_349.csv: En-tête '7055Base' introuvable.
Erreur dans le fichier ./CSV3\bulletins\bulletins_propres\table_page_349.csv: En-tête '7C00Base' introuvable.
Erreur dans le fichier ./CSV3\bulletins\bulletins_propres\table_page_349.csv: En-tête '7C10Base' introuvable.
Erreur dans le fichier ./CSV3\bulletins\bulletins_propres\table_page_349.csv: En-tête '7C20Base' introuvable.
Erreur dans le fichier ./CSV3\bulletins\bulletins_propres\table_page_349.csv: En-tête '7M05Base' introuvable.
Erreur dans le fichier ./CSV3\bulletins\bulletins_propres\table_page_349.csv: En-tête '7P20Base' introuvable.
Erreur dans le fichier ./CSV3\bulletins\bulletins_propres\table_page_349.csv: En-tête '7P25Base' introuvable.
Erreur dans le fichier ./CSV3\bulletins\bulletins_propres\table_page_349.csv: En-tête '7R44Base' introuvable.
Erreur dans le fichier ./CSV3\bulletins\bulletins_propres\table_page_349.csv: En-tête '7R45Base' introuvable.
Erreur dans le fichier ./CSV3\bulletins\bulletins_propres\table_page_349.csv: En-tête 'Base' introuvable.
Erreur dans le fichier ./CSV3\bulletins\bulletins_propres\table_page_349.csv: En-tête '7R53Base' introuvable.
Erreur dans le fichier ./CSV3\bulletins\bulletins_propres\table_page_349.csv: En-tête 'Base' introuvable.
Erreur dans le fichier ./CSV3\bulletins\bulletins_propres\table_page_349.csv: En-tête '7R54Base' introuvable.
Erreur dans le fichier ./CSV3\bulletins\bulletins_propres\table_page_349.csv: En-tête '7R63Base' introuvable.
Erreur dans le fichier ./CSV3\bulletins\bulletins_propres\table_page_349.csv: En-tête '7R64Base' introuvable.
Erreur dans le fichier ./CSV3\bulletins\bulletins_propres\table_page_349.csv: En-tête '7R70Base' introuvable.
Erreur dans le fichier ./CSV3\bulletins\bulletins_propres\table_page_349.csv: En-tête '7R71Base' introuvable.
Erreur dans le fichier ./CSV3\bulletins\bulletins_propres\table_page_349.csv: En-tête '7T00Base' introuvable.
Erreur dans le fichier ./CSV3\bulletins\bulletins_propres\table_page_349.csv: En-tête '7T02Base' introuvable.
Erreur dans le fichier ./CSV3\bulletins\bulletins_propres\table_page_349.csv: En-tête '7T05Base' introuvable.
Erreur dans le fichier ./CSV3\bulletins\bulletins_propres\table_page_349.csv: En-tête '7T10Base' introuvable.
Erreur dans le fichier ./CSV3\bulletins\bulletins_propres\table_page_349.csv: En-tête '7T15Base' introuvable.
Erreur dans le fichier ./CSV3\bulletins\bulletins_propres\table_page_349.csv: En-tête '7T20Base' introuvable.
Erreur dans le fichier ./CSV3\bulletins\bulletins_propres\table_page_349.csv: En-tête '6082Base' introuvable.
Erreur dans le fichier ./CSV3\bulletins\bulletins_propres\table_page_349.csv: En-tête '6094Base' introuvable.
Erreur dans le fichier ./CSV3\bulletins\bulletins_propres\table_page_349.csv: En-tête 'Total Charges Ded.Base' introuvable.
Erreur dans le fichier ./CSV3\bulletins\bulletins_propres\table_page_349.csv: En-tête '6080Base' introuvable.
Erreur dans le fichier ./CSV3\bulletins\bulletins_propres\table_page_349.csv: En-tête '6084Base' introuvable.
Erreur dans le fichier ./CSV3\bulletins\bulletins_propres\table_page_349.csv: En-tête '6092Base' introuvable.
Erreur dans le fichier ./CSV3\bulletins\bulletins_propres\table_page_349.csv: En-tête '6096Base' introuvable.
Erreur dans le fichier ./CSV3\bulletins\bulletins_propres\table_page_349.csv: En-tête '60F1Base' introuvable.
Erreur dans le fichier ./CSV3\bulletins\bulletins_propres\table_page_349.csv: En-tête '60F3Base' introuvable.
Erreur dans le fichier ./CSV3\bulletins\bulletins_propres\table_page_349.csv: En-tête '60F4Base' introuvable.
Erreur dans le fichier ./CSV3\bulletins\bulletins_propres\table_page_349.csv: En-tête '60F8Base' introuvable.
Erreur dans le fichier ./CSV3\bulletins\bulletins_propres\table_page_349.csv: En-tête '60F9Base' introuvable.
Erreur dans le fichier ./CSV3\bulletins\bulletins_propres\table_page_349.csv: En-tête 'Total Charges Non Ded.Base' introuvable.
Erreur dans le fichier ./CSV3\bulletins\bulletins_propres\table_page_349.csv: En-tête '8009Base' introuvable.
Erreur dans le fichier ./CSV3\bulletins\bulletins_propres\table_page_349.csv: En-tête '8010Base' introuvable.
Erreur dans le fichier ./CSV3\bulletins\bulletins_propres\table_page_35.csv: En-tête '1001Base' introuvable.
Erreur dans le fichier ./CSV3\bulletins\bulletins_propres\table_page_35.csv: En-tête '2012Base' introuvable.
Erreur dans le fichier ./CSV3\bulletins\bulletins_propres\table_page_35.csv: En-tête 'Base' introuvable.
Erreur dans le fichier ./CSV3\bulletins\bulletins_propres\table_page_35.csv: En-tête '2068Base' introuvable.
Erreur dans le fichier ./CSV3\bulletins\bulletins_propres\table_page_35.csv: En-tête 'Base' introuvable.
Erreur dans le fichier ./CSV3\bulletins\bulletins_propres\table_page_35.csv: En-tête '2078Base' introuvable.
Erreur dans le fichier ./CSV3\bulletins\bulletins_propres\table_page_35.csv: En-tête '3002Base' introuvable.
Erreur dans le fichier ./CSV3\bulletins\bulletins_propres\table_page_35.csv: En-tête '3270Base' introuvable.
Erreur dans le fichier ./CSV3\bulletins\bulletins_propres\table_page_35.csv: En-tête '3275Base' introuvable.
Erreur dans le fichier ./CSV3\bulletins\bulletins_propres\table_page_35.csv: En-tête '3280Base' introuvable.
Erreur dans le fichier ./CSV3\bulletins\bulletins_propres\table_page_35.csv: En-tête '3285Base' introuvable.
Erreur dans le fichier ./CSV3\bulletins\bulletins_propres\table_page_35.csv: En-tête '3460Base' introuvable.
Erreur dans le fichier ./CSV3\bulletins\bulletins_propres\table_page_35.csv: En-tête '3462Base' introuvable.
Erreur dans le fichier ./CSV3\bulletins\bulletins_propres\table_page_35.csv: En-tête '3505Base' introuvable.
Erreur dans le fichier ./CSV3\bulletins\bulletins_propres\table_page_35.csv: En-tête 'Base' introuvable.
Erreur dans le fichier ./CSV3\bulletins\bulletins_propres\table_page_35.csv: En-tête 'TOTAL BRUTBase' introuvable.
Erreur dans le fichier ./CSV3\bulletins\bulletins_propres\table_page_35.csv: En-tête '7001Base' introuvable.
Erreur dans le fichier ./CSV3\bulletins\bulletins_propres\table_page_35.csv: En-tête '7010Base' introuvable.
Erreur dans le fichier ./CSV3\bulletins\bulletins_propres\table_page_35.csv: En-tête 'Base' introuvable.
Erreur dans le fichier ./CSV3\bulletins\bulletins_propres\table_page_35.csv: En-tête '7015Base' introuvable.
Erreur dans le fichier ./CSV3\bulletins\bulletins_propres\table_page_35.csv: En-tête 'Base' introuvable.
Erreur dans le fichier ./CSV3\bulletins\bulletins_propres\table_page_35.csv: En-tête '7020Base' introuvable.
Erreur dans le fichier ./CSV3\bulletins\bulletins_propres\table_page_35.csv: En-tête 'Base' introuvable.
Erreur dans le fichier ./CSV3\bulletins\bulletins_propres\table_page_35.csv: En-tête '7030Base' introuvable.
Erreur dans le fichier ./CSV3\bulletins\bulletins_propres\table_page_35.csv: En-tête 'Base' introuvable.
Erreur dans le fichier ./CSV3\bulletins\bulletins_propres\table_page_35.csv: En-tête '7035Base' introuvable.
Erreur dans le fichier ./CSV3\bulletins\bulletins_propres\table_page_35.csv: En-tête '7040Base' introuvable.
Erreur dans le fichier ./CSV3\bulletins\bulletins_propres\table_page_35.csv: En-tête '7045Base' introuvable.
Erreur dans le fichier ./CSV3\bulletins\bulletins_propres\table_page_35.csv: En-tête '7050Base' introuvable.
Erreur dans le fichier ./CSV3\bulletins\bulletins_propres\table_page_35.csv: En-tête '7055Base' introuvable.
Erreur dans le fichier ./CSV3\bulletins\bulletins_propres\table_page_35.csv: En-tête '7C00Base' introuvable.
Erreur dans le fichier ./CSV3\bulletins\bulletins_propres\table_page_35.csv: En-tête '7C10Base' introuvable.
Erreur dans le fichier ./CSV3\bulletins\bulletins_propres\table_page_35.csv: En-tête '7C20Base' introuvable.
Erreur dans le fichier ./CSV3\bulletins\bulletins_propres\table_page_35.csv: En-tête '7M05Base' introuvable.
Erreur dans le fichier ./CSV3\bulletins\bulletins_propres\table_page_35.csv: En-tête '7P20Base' introuvable.
Erreur dans le fichier ./CSV3\bulletins\bulletins_propres\table_page_35.csv: En-tête '7P25Base' introuvable.
Erreur dans le fichier ./CSV3\bulletins\bulletins_propres\table_page_35.csv: En-tête 'Base' introuvable.
Erreur dans le fichier ./CSV3\bulletins\bulletins_propres\table_page_35.csv: En-tête '7R56Base' introuvable.
Erreur dans le fichier ./CSV3\bulletins\bulletins_propres\table_page_35.csv: En-tête 'Base' introuvable.
Erreur dans le fichier ./CSV3\bulletins\bulletins_propres\table_page_35.csv: En-tête '7R57Base' introuvable.
Erreur dans le fichier ./CSV3\bulletins\bulletins_propres\table_page_35.csv: En-tête 'Base' introuvable.
Erreur dans le fichier ./CSV3\bulletins\bulletins_propres\table_page_35.csv: En-tête '7R63Base' introuvable.
Erreur dans le fichier ./CSV3\bulletins\bulletins_propres\table_page_35.csv: En-tête 'Base' introuvable.
Erreur dans le fichier ./CSV3\bulletins\bulletins_propres\table_page_35.csv: En-tête '7R64Base' introuvable.
Erreur dans le fichier ./CSV3\bulletins\bulletins_propres\table_page_35.csv: En-tête '7R70Base' introuvable.
Erreur dans le fichier ./CSV3\bulletins\bulletins_propres\table_page_35.csv: En-tête '7R71Base' introuvable.
Erreur dans le fichier ./CSV3\bulletins\bulletins_propres\table_page_35.csv: En-tête '7T00Base' introuvable.
Erreur dans le fichier ./CSV3\bulletins\bulletins_propres\table_page_35.csv: En-tête '7T02Base' introuvable.
Erreur dans le fichier ./CSV3\bulletins\bulletins_propres\table_page_35.csv: En-tête '7T05Base' introuvable.
Erreur dans le fichier ./CSV3\bulletins\bulletins_propres\table_page_35.csv: En-tête '7T10Base' introuvable.
Erreur dans le fichier ./CSV3\bulletins\bulletins_propres\table_page_35.csv: En-tête '7T15Base' introuvable.
Erreur dans le fichier ./CSV3\bulletins\bulletins_propres\table_page_35.csv: En-tête '7T20Base' introuvable.
Erreur dans le fichier ./CSV3\bulletins\bulletins_propres\table_page_35.csv: En-tête '6082Base' introuvable.
Erreur dans le fichier ./CSV3\bulletins\bulletins_propres\table_page_35.csv: En-tête '6094Base' introuvable.
Erreur dans le fichier ./CSV3\bulletins\bulletins_propres\table_page_35.csv: En-tête 'Total Charges Ded.Base' introuvable.
Erreur dans le fichier ./CSV3\bulletins\bulletins_propres\table_page_35.csv: En-tête '6080Base' introuvable.
Erreur dans le fichier ./CSV3\bulletins\bulletins_propres\table_page_35.csv: En-tête '6084Base' introuvable.
Erreur dans le fichier ./CSV3\bulletins\bulletins_propres\table_page_35.csv: En-tête '6092Base' introuvable.
Erreur dans le fichier ./CSV3\bulletins\bulletins_propres\table_page_35.csv: En-tête '6096Base' introuvable.
Erreur dans le fichier ./CSV3\bulletins\bulletins_propres\table_page_35.csv: En-tête 'Total Charges Non Ded.Base' introuvable.
Erreur dans le fichier ./CSV3\bulletins\bulletins_propres\table_page_35.csv: En-tête '8009Base' introuvable.
Erreur dans le fichier ./CSV3\bulletins\bulletins_propres\table_page_35.csv: En-tête '8010Base' introuvable.
Erreur dans le fichier ./CSV3\bulletins\bulletins_propres\table_page_35.csv: En-tête '8007Base' introuvable.
Erreur dans le fichier ./CSV3\bulletins\bulletins_propres\table_page_351.csv: En-tête '1001Base' introuvable.
Erreur dans le fichier ./CSV3\bulletins\bulletins_propres\table_page_351.csv: En-tête '2012Base' introuvable.
Erreur dans le fichier ./CSV3\bulletins\bulletins_propres\table_page_351.csv: En-tête 'Base' introuvable.
Erreur dans le fichier ./CSV3\bulletins\bulletins_propres\table_page_351.csv: En-tête '2068Base' introuvable.
Erreur dans le fichier ./CSV3\bulletins\bulletins_propres\table_page_351.csv: En-tête 'Base' introuvable.
Erreur dans le fichier ./CSV3\bulletins\bulletins_propres\table_page_351.csv: En-tête '3404Base' introuvable.
Erreur dans le fichier ./CSV3\bulletins\bulletins_propres\table_page_351.csv: En-tête '3406Base' introuvable.
Erreur dans le fichier ./CSV3\bulletins\bulletins_propres\table_page_351.csv: En-tête 'Base' introuvable.
Erreur dans le fichier ./CSV3\bulletins\bulletins_propres\table_page_351.csv: En-tête 'TOTAL BRUTBase' introuvable.
Erreur dans le fichier ./CSV3\bulletins\bulletins_propres\table_page_351.csv: En-tête '7001Base' introuvable.
Erreur dans le fichier ./CSV3\bulletins\bulletins_propres\table_page_351.csv: En-tête '7002Base' introuvable.
Erreur dans le fichier ./CSV3\bulletins\bulletins_propres\table_page_351.csv: En-tête '7010Base' introuvable.
Erreur dans le fichier ./CSV3\bulletins\bulletins_propres\table_page_351.csv: En-tête '7015Base' introuvable.
Erreur dans le fichier ./CSV3\bulletins\bulletins_propres\table_page_351.csv: En-tête '7020Base' introuvable.
Erreur dans le fichier ./CSV3\bulletins\bulletins_propres\table_page_351.csv: En-tête '7030Base' introuvable.
Erreur dans le fichier ./CSV3\bulletins\bulletins_propres\table_page_351.csv: En-tête '7035Base' introuvable.
Erreur dans le fichier ./CSV3\bulletins\bulletins_propres\table_page_351.csv: En-tête '7040Base' introuvable.
Erreur dans le fichier ./CSV3\bulletins\bulletins_propres\table_page_351.csv: En-tête '7045Base' introuvable.
Erreur dans le fichier ./CSV3\bulletins\bulletins_propres\table_page_351.csv: En-tête 'Base' introuvable.
Erreur dans le fichier ./CSV3\bulletins\bulletins_propres\table_page_351.csv: En-tête '7050Base' introuvable.
Erreur dans le fichier ./CSV3\bulletins\bulletins_propres\table_page_351.csv: En-tête 'Base' introuvable.
Erreur dans le fichier ./CSV3\bulletins\bulletins_propres\table_page_351.csv: En-tête '7055Base' introuvable.
Erreur dans le fichier ./CSV3\bulletins\bulletins_propres\table_page_351.csv: En-tête 'Base' introuvable.
Erreur dans le fichier ./CSV3\bulletins\bulletins_propres\table_page_351.csv: En-tête '7C00Base' introuvable.
Erreur dans le fichier ./CSV3\bulletins\bulletins_propres\table_page_351.csv: En-tête 'Base' introuvable.
Erreur dans le fichier ./CSV3\bulletins\bulletins_propres\table_page_351.csv: En-tête '7C10Base' introuvable.
Erreur dans le fichier ./CSV3\bulletins\bulletins_propres\table_page_351.csv: En-tête '7C20Base' introuvable.
Erreur dans le fichier ./CSV3\bulletins\bulletins_propres\table_page_351.csv: En-tête '7M05Base' introuvable.
Erreur dans le fichier ./CSV3\bulletins\bulletins_propres\table_page_351.csv: En-tête '7P20Base' introuvable.
Erreur dans le fichier ./CSV3\bulletins\bulletins_propres\table_page_351.csv: En-tête '7P25Base' introuvable.
Erreur dans le fichier ./CSV3\bulletins\bulletins_propres\table_page_351.csv: En-tête '7R44Base' introuvable.
Erreur dans le fichier ./CSV3\bulletins\bulletins_propres\table_page_351.csv: En-tête '7R45Base' introuvable.
Erreur dans le fichier ./CSV3\bulletins\bulletins_propres\table_page_351.csv: En-tête '7R53Base' introuvable.
Erreur dans le fichier ./CSV3\bulletins\bulletins_propres\table_page_351.csv: En-tête '7R54Base' introuvable.
Erreur dans le fichier ./CSV3\bulletins\bulletins_propres\table_page_351.csv: En-tête '7R63Base' introuvable.
Erreur dans le fichier ./CSV3\bulletins\bulletins_propres\table_page_351.csv: En-tête '7R64Base' introuvable.
Erreur dans le fichier ./CSV3\bulletins\bulletins_propres\table_page_351.csv: En-tête 'Base' introuvable.
Erreur dans le fichier ./CSV3\bulletins\bulletins_propres\table_page_351.csv: En-tête '7R70Base' introuvable.
Erreur dans le fichier ./CSV3\bulletins\bulletins_propres\table_page_351.csv: En-tête 'Base' introuvable.
Erreur dans le fichier ./CSV3\bulletins\bulletins_propres\table_page_351.csv: En-tête '7R71Base' introuvable.
Erreur dans le fichier ./CSV3\bulletins\bulletins_propres\table_page_351.csv: En-tête '7T00Base' introuvable.
Erreur dans le fichier ./CSV3\bulletins\bulletins_propres\table_page_351.csv: En-tête '7T02Base' introuvable.
Erreur dans le fichier ./CSV3\bulletins\bulletins_propres\table_page_351.csv: En-tête '7T05Base' introuvable.
Erreur dans le fichier ./CSV3\bulletins\bulletins_propres\table_page_351.csv: En-tête '7T10Base' introuvable.
Erreur dans le fichier ./CSV3\bulletins\bulletins_propres\table_page_351.csv: En-tête '7T15Base' introuvable.
Erreur dans le fichier ./CSV3\bulletins\bulletins_propres\table_page_351.csv: En-tête '7T20Base' introuvable.
Erreur dans le fichier ./CSV3\bulletins\bulletins_propres\table_page_351.csv: En-tête '6082Base' introuvable.
Erreur dans le fichier ./CSV3\bulletins\bulletins_propres\table_page_351.csv: En-tête '6094Base' introuvable.
Erreur dans le fichier ./CSV3\bulletins\bulletins_propres\table_page_351.csv: En-tête 'Total Charges Ded.Base' introuvable.
Erreur dans le fichier ./CSV3\bulletins\bulletins_propres\table_page_351.csv: En-tête '6080Base' introuvable.
Erreur dans le fichier ./CSV3\bulletins\bulletins_propres\table_page_351.csv: En-tête '6084Base' introuvable.
Erreur dans le fichier ./CSV3\bulletins\bulletins_propres\table_page_351.csv: En-tête '6092Base' introuvable.
Erreur dans le fichier ./CSV3\bulletins\bulletins_propres\table_page_351.csv: En-tête '6096Base' introuvable.
Erreur dans le fichier ./CSV3\bulletins\bulletins_propres\table_page_351.csv: En-tête 'Total Charges Non Ded.Base' introuvable.
Erreur dans le fichier ./CSV3\bulletins\bulletins_propres\table_page_351.csv: En-tête '8009Base' introuvable.
Erreur dans le fichier ./CSV3\bulletins\bulletins_propres\table_page_351.csv: En-tête '8010Base' introuvable.
Erreur dans le fichier ./CSV3\bulletins\bulletins_propres\table_page_351.csv: En-tête '8007Base' introuvable.
Erreur dans le fichier ./CSV3\bulletins\bulletins_propres\table_page_353.csv: En-tête '1002Base' introuvable.
Erreur dans le fichier ./CSV3\bulletins\bulletins_propres\table_page_353.csv: En-tête '3280Base' introuvable.
Erreur dans le fichier ./CSV3\bulletins\bulletins_propres\table_page_353.csv: En-tête 'Base' introuvable.
Erreur dans le fichier ./CSV3\bulletins\bulletins_propres\table_page_353.csv: En-tête '3285Base' introuvable.
Erreur dans le fichier ./CSV3\bulletins\bulletins_propres\table_page_353.csv: En-tête 'Base' introuvable.
Erreur dans le fichier ./CSV3\bulletins\bulletins_propres\table_page_353.csv: En-tête '3618Base' introuvable.
Erreur dans le fichier ./CSV3\bulletins\bulletins_propres\table_page_353.csv: En-tête 'TOTAL BRUTBase' introuvable.
Erreur dans le fichier ./CSV3\bulletins\bulletins_propres\table_page_353.csv: En-tête 'Base' introuvable.
Erreur dans le fichier ./CSV3\bulletins\bulletins_propres\table_page_353.csv: En-tête '7001Base' introuvable.
Erreur dans le fichier ./CSV3\bulletins\bulletins_propres\table_page_353.csv: En-tête '7002Base' introuvable.
Erreur dans le fichier ./CSV3\bulletins\bulletins_propres\table_page_353.csv: En-tête '7010Base' introuvable.
Erreur dans le fichier ./CSV3\bulletins\bulletins_propres\table_page_353.csv: En-tête '7015Base' introuvable.
Erreur dans le fichier ./CSV3\bulletins\bulletins_propres\table_page_353.csv: En-tête '7020Base' introuvable.
Erreur dans le fichier ./CSV3\bulletins\bulletins_propres\table_page_353.csv: En-tête '7025Base' introuvable.
Erreur dans le fichier ./CSV3\bulletins\bulletins_propres\table_page_353.csv: En-tête '7030Base' introuvable.
Erreur dans le fichier ./CSV3\bulletins\bulletins_propres\table_page_353.csv: En-tête '7035Base' introuvable.
Erreur dans le fichier ./CSV3\bulletins\bulletins_propres\table_page_353.csv: En-tête '7040Base' introuvable.
Erreur dans le fichier ./CSV3\bulletins\bulletins_propres\table_page_353.csv: En-tête '7045Base' introuvable.
Erreur dans le fichier ./CSV3\bulletins\bulletins_propres\table_page_353.csv: En-tête 'Base' introuvable.
Erreur dans le fichier ./CSV3\bulletins\bulletins_propres\table_page_353.csv: En-tête '7050Base' introuvable.
Erreur dans le fichier ./CSV3\bulletins\bulletins_propres\table_page_353.csv: En-tête 'Base' introuvable.
Erreur dans le fichier ./CSV3\bulletins\bulletins_propres\table_page_353.csv: En-tête '7055Base' introuvable.
Erreur dans le fichier ./CSV3\bulletins\bulletins_propres\table_page_353.csv: En-tête 'Base' introuvable.
Erreur dans le fichier ./CSV3\bulletins\bulletins_propres\table_page_353.csv: En-tête '7C00Base' introuvable.
Erreur dans le fichier ./CSV3\bulletins\bulletins_propres\table_page_353.csv: En-tête 'Base' introuvable.
Erreur dans le fichier ./CSV3\bulletins\bulletins_propres\table_page_353.csv: En-tête '7C10Base' introuvable.
Erreur dans le fichier ./CSV3\bulletins\bulletins_propres\table_page_353.csv: En-tête '7C20Base' introuvable.
Erreur dans le fichier ./CSV3\bulletins\bulletins_propres\table_page_353.csv: En-tête '7M05Base' introuvable.
Erreur dans le fichier ./CSV3\bulletins\bulletins_propres\table_page_353.csv: En-tête '7P20Base' introuvable.
Erreur dans le fichier ./CSV3\bulletins\bulletins_propres\table_page_353.csv: En-tête '7P25Base' introuvable.
Erreur dans le fichier ./CSV3\bulletins\bulletins_propres\table_page_353.csv: En-tête '7R44Base' introuvable.
Erreur dans le fichier ./CSV3\bulletins\bulletins_propres\table_page_353.csv: En-tête '7R45Base' introuvable.
Erreur dans le fichier ./CSV3\bulletins\bulletins_propres\table_page_353.csv: En-tête '7R53Base' introuvable.
Erreur dans le fichier ./CSV3\bulletins\bulletins_propres\table_page_353.csv: En-tête '7R54Base' introuvable.
Erreur dans le fichier ./CSV3\bulletins\bulletins_propres\table_page_353.csv: En-tête '7R63Base' introuvable.
Erreur dans le fichier ./CSV3\bulletins\bulletins_propres\table_page_353.csv: En-tête '7R64Base' introuvable.
Erreur dans le fichier ./CSV3\bulletins\bulletins_propres\table_page_353.csv: En-tête 'Base' introuvable.
Erreur dans le fichier ./CSV3\bulletins\bulletins_propres\table_page_353.csv: En-tête '7R70Base' introuvable.
Erreur dans le fichier ./CSV3\bulletins\bulletins_propres\table_page_353.csv: En-tête 'Base' introuvable.
Erreur dans le fichier ./CSV3\bulletins\bulletins_propres\table_page_353.csv: En-tête '7R71Base' introuvable.
Erreur dans le fichier ./CSV3\bulletins\bulletins_propres\table_page_353.csv: En-tête '7T00Base' introuvable.
Erreur dans le fichier ./CSV3\bulletins\bulletins_propres\table_page_353.csv: En-tête '7T02Base' introuvable.
Erreur dans le fichier ./CSV3\bulletins\bulletins_propres\table_page_353.csv: En-tête '7T05Base' introuvable.
Erreur dans le fichier ./CSV3\bulletins\bulletins_propres\table_page_353.csv: En-tête '7T10Base' introuvable.
Erreur dans le fichier ./CSV3\bulletins\bulletins_propres\table_page_353.csv: En-tête '7T15Base' introuvable.
Erreur dans le fichier ./CSV3\bulletins\bulletins_propres\table_page_353.csv: En-tête '7T20Base' introuvable.
Erreur dans le fichier ./CSV3\bulletins\bulletins_propres\table_page_353.csv: En-tête '6082Base' introuvable.
Erreur dans le fichier ./CSV3\bulletins\bulletins_propres\table_page_353.csv: En-tête '6094Base' introuvable.
Erreur dans le fichier ./CSV3\bulletins\bulletins_propres\table_page_353.csv: En-tête 'Total Charges Ded.Base' introuvable.
Erreur dans le fichier ./CSV3\bulletins\bulletins_propres\table_page_353.csv: En-tête '6080Base' introuvable.
Erreur dans le fichier ./CSV3\bulletins\bulletins_propres\table_page_353.csv: En-tête '6084Base' introuvable.
Erreur dans le fichier ./CSV3\bulletins\bulletins_propres\table_page_353.csv: En-tête '6092Base' introuvable.
Erreur dans le fichier ./CSV3\bulletins\bulletins_propres\table_page_353.csv: En-tête '6096Base' introuvable.
Erreur dans le fichier ./CSV3\bulletins\bulletins_propres\table_page_353.csv: En-tête 'Total Charges Non Ded.Base' introuvable.
Erreur dans le fichier ./CSV3\bulletins\bulletins_propres\table_page_353.csv: En-tête '8009Base' introuvable.
Erreur dans le fichier ./CSV3\bulletins\bulletins_propres\table_page_353.csv: En-tête '8010Base' introuvable.
Erreur dans le fichier ./CSV3\bulletins\bulletins_propres\table_page_353.csv: En-tête '8003Base' introuvable.
Erreur dans le fichier ./CSV3\bulletins\bulletins_propres\table_page_355.csv: En-tête '1002Base' introuvable.
Erreur dans le fichier ./CSV3\bulletins\bulletins_propres\table_page_355.csv: En-tête '2012Base' introuvable.
Erreur dans le fichier ./CSV3\bulletins\bulletins_propres\table_page_355.csv: En-tête 'Base' introuvable.
Erreur dans le fichier ./CSV3\bulletins\bulletins_propres\table_page_355.csv: En-tête '2068Base' introuvable.
Erreur dans le fichier ./CSV3\bulletins\bulletins_propres\table_page_355.csv: En-tête 'Base' introuvable.
Erreur dans le fichier ./CSV3\bulletins\bulletins_propres\table_page_355.csv: En-tête '3310Base' introuvable.
Erreur dans le fichier ./CSV3\bulletins\bulletins_propres\table_page_355.csv: En-tête '3315Base' introuvable.
Erreur dans le fichier ./CSV3\bulletins\bulletins_propres\table_page_355.csv: En-tête 'Base' introuvable.
Erreur dans le fichier ./CSV3\bulletins\bulletins_propres\table_page_355.csv: En-tête 'TOTAL BRUTBase' introuvable.
Erreur dans le fichier ./CSV3\bulletins\bulletins_propres\table_page_355.csv: En-tête '7001Base' introuvable.
Erreur dans le fichier ./CSV3\bulletins\bulletins_propres\table_page_355.csv: En-tête '7002Base' introuvable.
Erreur dans le fichier ./CSV3\bulletins\bulletins_propres\table_page_355.csv: En-tête '7010Base' introuvable.
Erreur dans le fichier ./CSV3\bulletins\bulletins_propres\table_page_355.csv: En-tête '7015Base' introuvable.
Erreur dans le fichier ./CSV3\bulletins\bulletins_propres\table_page_355.csv: En-tête '7020Base' introuvable.
Erreur dans le fichier ./CSV3\bulletins\bulletins_propres\table_page_355.csv: En-tête '7030Base' introuvable.
Erreur dans le fichier ./CSV3\bulletins\bulletins_propres\table_page_355.csv: En-tête '7035Base' introuvable.
Erreur dans le fichier ./CSV3\bulletins\bulletins_propres\table_page_355.csv: En-tête '7040Base' introuvable.
Erreur dans le fichier ./CSV3\bulletins\bulletins_propres\table_page_355.csv: En-tête '7045Base' introuvable.
Erreur dans le fichier ./CSV3\bulletins\bulletins_propres\table_page_355.csv: En-tête 'Base' introuvable.
Erreur dans le fichier ./CSV3\bulletins\bulletins_propres\table_page_355.csv: En-tête '7050Base' introuvable.
Erreur dans le fichier ./CSV3\bulletins\bulletins_propres\table_page_355.csv: En-tête 'Base' introuvable.
Erreur dans le fichier ./CSV3\bulletins\bulletins_propres\table_page_355.csv: En-tête '7055Base' introuvable.
Erreur dans le fichier ./CSV3\bulletins\bulletins_propres\table_page_355.csv: En-tête 'Base' introuvable.
Erreur dans le fichier ./CSV3\bulletins\bulletins_propres\table_page_355.csv: En-tête '7C00Base' introuvable.
Erreur dans le fichier ./CSV3\bulletins\bulletins_propres\table_page_355.csv: En-tête 'Base' introuvable.
Erreur dans le fichier ./CSV3\bulletins\bulletins_propres\table_page_355.csv: En-tête '7C10Base' introuvable.
Erreur dans le fichier ./CSV3\bulletins\bulletins_propres\table_page_355.csv: En-tête '7C20Base' introuvable.
Erreur dans le fichier ./CSV3\bulletins\bulletins_propres\table_page_355.csv: En-tête '7M05Base' introuvable.
Erreur dans le fichier ./CSV3\bulletins\bulletins_propres\table_page_355.csv: En-tête '7P20Base' introuvable.
Erreur dans le fichier ./CSV3\bulletins\bulletins_propres\table_page_355.csv: En-tête '7P25Base' introuvable.
Erreur dans le fichier ./CSV3\bulletins\bulletins_propres\table_page_355.csv: En-tête '7R44Base' introuvable.
Erreur dans le fichier ./CSV3\bulletins\bulletins_propres\table_page_355.csv: En-tête '7R45Base' introuvable.
Erreur dans le fichier ./CSV3\bulletins\bulletins_propres\table_page_355.csv: En-tête '7R53Base' introuvable.
Erreur dans le fichier ./CSV3\bulletins\bulletins_propres\table_page_355.csv: En-tête '7R54Base' introuvable.
Erreur dans le fichier ./CSV3\bulletins\bulletins_propres\table_page_355.csv: En-tête '7R63Base' introuvable.
Erreur dans le fichier ./CSV3\bulletins\bulletins_propres\table_page_355.csv: En-tête '7R64Base' introuvable.
Erreur dans le fichier ./CSV3\bulletins\bulletins_propres\table_page_355.csv: En-tête 'Base' introuvable.
Erreur dans le fichier ./CSV3\bulletins\bulletins_propres\table_page_355.csv: En-tête '7R70Base' introuvable.
Erreur dans le fichier ./CSV3\bulletins\bulletins_propres\table_page_355.csv: En-tête 'Base' introuvable.
Erreur dans le fichier ./CSV3\bulletins\bulletins_propres\table_page_355.csv: En-tête '7R71Base' introuvable.
Erreur dans le fichier ./CSV3\bulletins\bulletins_propres\table_page_355.csv: En-tête '7T00Base' introuvable.
Erreur dans le fichier ./CSV3\bulletins\bulletins_propres\table_page_355.csv: En-tête '7T02Base' introuvable.
Erreur dans le fichier ./CSV3\bulletins\bulletins_propres\table_page_355.csv: En-tête '7T05Base' introuvable.
Erreur dans le fichier ./CSV3\bulletins\bulletins_propres\table_page_355.csv: En-tête '7T10Base' introuvable.
Erreur dans le fichier ./CSV3\bulletins\bulletins_propres\table_page_355.csv: En-tête '7T15Base' introuvable.
Erreur dans le fichier ./CSV3\bulletins\bulletins_propres\table_page_355.csv: En-tête '7T20Base' introuvable.
Erreur dans le fichier ./CSV3\bulletins\bulletins_propres\table_page_355.csv: En-tête '6082Base' introuvable.
Erreur dans le fichier ./CSV3\bulletins\bulletins_propres\table_page_355.csv: En-tête '6094Base' introuvable.
Erreur dans le fichier ./CSV3\bulletins\bulletins_propres\table_page_355.csv: En-tête 'Total Charges Ded.Base' introuvable.
Erreur dans le fichier ./CSV3\bulletins\bulletins_propres\table_page_355.csv: En-tête '6080Base' introuvable.
Erreur dans le fichier ./CSV3\bulletins\bulletins_propres\table_page_355.csv: En-tête '6084Base' introuvable.
Erreur dans le fichier ./CSV3\bulletins\bulletins_propres\table_page_355.csv: En-tête '6092Base' introuvable.
Erreur dans le fichier ./CSV3\bulletins\bulletins_propres\table_page_355.csv: En-tête '6096Base' introuvable.
Erreur dans le fichier ./CSV3\bulletins\bulletins_propres\table_page_355.csv: En-tête 'Total Charges Non Ded.Base' introuvable.
Erreur dans le fichier ./CSV3\bulletins\bulletins_propres\table_page_355.csv: En-tête '8009Base' introuvable.
Erreur dans le fichier ./CSV3\bulletins\bulletins_propres\table_page_355.csv: En-tête '8010Base' introuvable.
Erreur dans le fichier ./CSV3\bulletins\bulletins_propres\table_page_355.csv: En-tête '8007Base' introuvable.
Erreur dans le fichier ./CSV3\bulletins\bulletins_propres\table_page_355.csv: En-tête '8020Base' introuvable.
Erreur dans le fichier ./CSV3\bulletins\bulletins_propres\table_page_357.csv: En-tête '1002Base' introuvable.
Erreur dans le fichier ./CSV3\bulletins\bulletins_propres\table_page_357.csv: En-tête '3618Base' introuvable.
Erreur dans le fichier ./CSV3\bulletins\bulletins_propres\table_page_357.csv: En-tête 'Base' introuvable.
Erreur dans le fichier ./CSV3\bulletins\bulletins_propres\table_page_357.csv: En-tête '3B80Base' introuvable.
Erreur dans le fichier ./CSV3\bulletins\bulletins_propres\table_page_357.csv: En-tête 'Base' introuvable.
Erreur dans le fichier ./CSV3\bulletins\bulletins_propres\table_page_357.csv: En-tête '3B82Base' introuvable.
Erreur dans le fichier ./CSV3\bulletins\bulletins_propres\table_page_357.csv: En-tête 'TOTAL BRUTBase' introuvable.
Erreur dans le fichier ./CSV3\bulletins\bulletins_propres\table_page_357.csv: En-tête 'Base' introuvable.
Erreur dans le fichier ./CSV3\bulletins\bulletins_propres\table_page_357.csv: En-tête '60F2Base' introuvable.
Erreur dans le fichier ./CSV3\bulletins\bulletins_propres\table_page_357.csv: En-tête '7001Base' introuvable.
Erreur dans le fichier ./CSV3\bulletins\bulletins_propres\table_page_357.csv: En-tête '7002Base' introuvable.
Erreur dans le fichier ./CSV3\bulletins\bulletins_propres\table_page_357.csv: En-tête '7010Base' introuvable.
Erreur dans le fichier ./CSV3\bulletins\bulletins_propres\table_page_357.csv: En-tête '7015Base' introuvable.
Erreur dans le fichier ./CSV3\bulletins\bulletins_propres\table_page_357.csv: En-tête '7020Base' introuvable.
Erreur dans le fichier ./CSV3\bulletins\bulletins_propres\table_page_357.csv: En-tête '7025Base' introuvable.
Erreur dans le fichier ./CSV3\bulletins\bulletins_propres\table_page_357.csv: En-tête '7030Base' introuvable.
Erreur dans le fichier ./CSV3\bulletins\bulletins_propres\table_page_357.csv: En-tête '7035Base' introuvable.
Erreur dans le fichier ./CSV3\bulletins\bulletins_propres\table_page_357.csv: En-tête '7040Base' introuvable.
Erreur dans le fichier ./CSV3\bulletins\bulletins_propres\table_page_357.csv: En-tête 'Base' introuvable.
Erreur dans le fichier ./CSV3\bulletins\bulletins_propres\table_page_357.csv: En-tête '7045Base' introuvable.
Erreur dans le fichier ./CSV3\bulletins\bulletins_propres\table_page_357.csv: En-tête 'Base' introuvable.
Erreur dans le fichier ./CSV3\bulletins\bulletins_propres\table_page_357.csv: En-tête '7050Base' introuvable.
Erreur dans le fichier ./CSV3\bulletins\bulletins_propres\table_page_357.csv: En-tête 'Base' introuvable.
Erreur dans le fichier ./CSV3\bulletins\bulletins_propres\table_page_357.csv: En-tête '7055Base' introuvable.
Erreur dans le fichier ./CSV3\bulletins\bulletins_propres\table_page_357.csv: En-tête 'Base' introuvable.
Erreur dans le fichier ./CSV3\bulletins\bulletins_propres\table_page_357.csv: En-tête '7C00Base' introuvable.
Erreur dans le fichier ./CSV3\bulletins\bulletins_propres\table_page_357.csv: En-tête '7C10Base' introuvable.
Erreur dans le fichier ./CSV3\bulletins\bulletins_propres\table_page_357.csv: En-tête '7C20Base' introuvable.
Erreur dans le fichier ./CSV3\bulletins\bulletins_propres\table_page_357.csv: En-tête '7M05Base' introuvable.
Erreur dans le fichier ./CSV3\bulletins\bulletins_propres\table_page_357.csv: En-tête '7P20Base' introuvable.
Erreur dans le fichier ./CSV3\bulletins\bulletins_propres\table_page_357.csv: En-tête '7P25Base' introuvable.
Erreur dans le fichier ./CSV3\bulletins\bulletins_propres\table_page_357.csv: En-tête '7P26Base' introuvable.
Erreur dans le fichier ./CSV3\bulletins\bulletins_propres\table_page_357.csv: En-tête '7R44Base' introuvable.
Erreur dans le fichier ./CSV3\bulletins\bulletins_propres\table_page_357.csv: En-tête '7R45Base' introuvable.
Erreur dans le fichier ./CSV3\bulletins\bulletins_propres\table_page_357.csv: En-tête '7R53Base' introuvable.
Erreur dans le fichier ./CSV3\bulletins\bulletins_propres\table_page_357.csv: En-tête '7R54Base' introuvable.
Erreur dans le fichier ./CSV3\bulletins\bulletins_propres\table_page_357.csv: En-tête 'Base' introuvable.
Erreur dans le fichier ./CSV3\bulletins\bulletins_propres\table_page_357.csv: En-tête '7R63Base' introuvable.
Erreur dans le fichier ./CSV3\bulletins\bulletins_propres\table_page_357.csv: En-tête '7R64Base' introuvable.
Erreur dans le fichier ./CSV3\bulletins\bulletins_propres\table_page_357.csv: En-tête '7R70Base' introuvable.
Erreur dans le fichier ./CSV3\bulletins\bulletins_propres\table_page_357.csv: En-tête '7R71Base' introuvable.
Erreur dans le fichier ./CSV3\bulletins\bulletins_propres\table_page_357.csv: En-tête '7T00Base' introuvable.
Erreur dans le fichier ./CSV3\bulletins\bulletins_propres\table_page_357.csv: En-tête '7T02Base' introuvable.
Erreur dans le fichier ./CSV3\bulletins\bulletins_propres\table_page_357.csv: En-tête '7T05Base' introuvable.
Erreur dans le fichier ./CSV3\bulletins\bulletins_propres\table_page_357.csv: En-tête '7T10Base' introuvable.
Erreur dans le fichier ./CSV3\bulletins\bulletins_propres\table_page_357.csv: En-tête '7T15Base' introuvable.
Erreur dans le fichier ./CSV3\bulletins\bulletins_propres\table_page_357.csv: En-tête '7T20Base' introuvable.
Erreur dans le fichier ./CSV3\bulletins\bulletins_propres\table_page_357.csv: En-tête '6082Base' introuvable.
Erreur dans le fichier ./CSV3\bulletins\bulletins_propres\table_page_357.csv: En-tête '6083Base' introuvable.
Erreur dans le fichier ./CSV3\bulletins\bulletins_propres\table_page_357.csv: En-tête '6094Base' introuvable.
Erreur dans le fichier ./CSV3\bulletins\bulletins_propres\table_page_357.csv: En-tête 'Total Charges Ded.Base' introuvable.
Erreur dans le fichier ./CSV3\bulletins\bulletins_propres\table_page_357.csv: En-tête '6080Base' introuvable.
Erreur dans le fichier ./CSV3\bulletins\bulletins_propres\table_page_357.csv: En-tête '6081Base' introuvable.
Erreur dans le fichier ./CSV3\bulletins\bulletins_propres\table_page_357.csv: En-tête '6084Base' introuvable.
Erreur dans le fichier ./CSV3\bulletins\bulletins_propres\table_page_357.csv: En-tête '6085Base' introuvable.
Erreur dans le fichier ./CSV3\bulletins\bulletins_propres\table_page_357.csv: En-tête '6092Base' introuvable.
Erreur dans le fichier ./CSV3\bulletins\bulletins_propres\table_page_357.csv: En-tête '6096Base' introuvable.
Erreur dans le fichier ./CSV3\bulletins\bulletins_propres\table_page_357.csv: En-tête '60F1Base' introuvable.
Erreur dans le fichier ./CSV3\bulletins\bulletins_propres\table_page_357.csv: En-tête '60F3Base' introuvable.
Erreur dans le fichier ./CSV3\bulletins\bulletins_propres\table_page_357.csv: En-tête '60F4Base' introuvable.
Erreur dans le fichier ./CSV3\bulletins\bulletins_propres\table_page_357.csv: En-tête '60F8Base' introuvable.
Erreur dans le fichier ./CSV3\bulletins\bulletins_propres\table_page_357.csv: En-tête '60F9Base' introuvable.
Erreur dans le fichier ./CSV3\bulletins\bulletins_propres\table_page_357.csv: En-tête 'Total Charges Non Ded.Base' introuvable.
Erreur dans le fichier ./CSV3\bulletins\bulletins_propres\table_page_357.csv: En-tête '8009Base' introuvable.
Erreur dans le fichier ./CSV3\bulletins\bulletins_propres\table_page_359.csv: En-tête '1002Base' introuvable.
Erreur dans le fichier ./CSV3\bulletins\bulletins_propres\table_page_359.csv: En-tête '2012Base' introuvable.
Erreur dans le fichier ./CSV3\bulletins\bulletins_propres\table_page_359.csv: En-tête 'Base' introuvable.
Erreur dans le fichier ./CSV3\bulletins\bulletins_propres\table_page_359.csv: En-tête '2068Base' introuvable.
Erreur dans le fichier ./CSV3\bulletins\bulletins_propres\table_page_359.csv: En-tête 'Base' introuvable.
Erreur dans le fichier ./CSV3\bulletins\bulletins_propres\table_page_359.csv: En-tête '2074Base' introuvable.
Erreur dans le fichier ./CSV3\bulletins\bulletins_propres\table_page_359.csv: En-tête '3280Base' introuvable.
Erreur dans le fichier ./CSV3\bulletins\bulletins_propres\table_page_359.csv: En-tête '3285Base' introuvable.
Erreur dans le fichier ./CSV3\bulletins\bulletins_propres\table_page_359.csv: En-tête 'Base' introuvable.
Erreur dans le fichier ./CSV3\bulletins\bulletins_propres\table_page_359.csv: En-tête 'TOTAL BRUTBase' introuvable.
Erreur dans le fichier ./CSV3\bulletins\bulletins_propres\table_page_359.csv: En-tête '7001Base' introuvable.
Erreur dans le fichier ./CSV3\bulletins\bulletins_propres\table_page_359.csv: En-tête '7002Base' introuvable.
Erreur dans le fichier ./CSV3\bulletins\bulletins_propres\table_page_359.csv: En-tête '7010Base' introuvable.
Erreur dans le fichier ./CSV3\bulletins\bulletins_propres\table_page_359.csv: En-tête '7015Base' introuvable.
Erreur dans le fichier ./CSV3\bulletins\bulletins_propres\table_page_359.csv: En-tête '7020Base' introuvable.
Erreur dans le fichier ./CSV3\bulletins\bulletins_propres\table_page_359.csv: En-tête '7030Base' introuvable.
Erreur dans le fichier ./CSV3\bulletins\bulletins_propres\table_page_359.csv: En-tête '7035Base' introuvable.
Erreur dans le fichier ./CSV3\bulletins\bulletins_propres\table_page_359.csv: En-tête '7040Base' introuvable.
Erreur dans le fichier ./CSV3\bulletins\bulletins_propres\table_page_359.csv: En-tête 'Base' introuvable.
Erreur dans le fichier ./CSV3\bulletins\bulletins_propres\table_page_359.csv: En-tête '7045Base' introuvable.
Erreur dans le fichier ./CSV3\bulletins\bulletins_propres\table_page_359.csv: En-tête 'Base' introuvable.
Erreur dans le fichier ./CSV3\bulletins\bulletins_propres\table_page_359.csv: En-tête '7050Base' introuvable.
Erreur dans le fichier ./CSV3\bulletins\bulletins_propres\table_page_359.csv: En-tête 'Base' introuvable.
Erreur dans le fichier ./CSV3\bulletins\bulletins_propres\table_page_359.csv: En-tête '7055Base' introuvable.
Erreur dans le fichier ./CSV3\bulletins\bulletins_propres\table_page_359.csv: En-tête 'Base' introuvable.
Erreur dans le fichier ./CSV3\bulletins\bulletins_propres\table_page_359.csv: En-tête '7C00Base' introuvable.
Erreur dans le fichier ./CSV3\bulletins\bulletins_propres\table_page_359.csv: En-tête '7C10Base' introuvable.
Erreur dans le fichier ./CSV3\bulletins\bulletins_propres\table_page_359.csv: En-tête '7C20Base' introuvable.
Erreur dans le fichier ./CSV3\bulletins\bulletins_propres\table_page_359.csv: En-tête '7M05Base' introuvable.
Erreur dans le fichier ./CSV3\bulletins\bulletins_propres\table_page_359.csv: En-tête '7P20Base' introuvable.
Erreur dans le fichier ./CSV3\bulletins\bulletins_propres\table_page_359.csv: En-tête '7P25Base' introuvable.
Erreur dans le fichier ./CSV3\bulletins\bulletins_propres\table_page_359.csv: En-tête '7R44Base' introuvable.
Erreur dans le fichier ./CSV3\bulletins\bulletins_propres\table_page_359.csv: En-tête '7R45Base' introuvable.
Erreur dans le fichier ./CSV3\bulletins\bulletins_propres\table_page_359.csv: En-tête '7R53Base' introuvable.
Erreur dans le fichier ./CSV3\bulletins\bulletins_propres\table_page_359.csv: En-tête '7R54Base' introuvable.
Erreur dans le fichier ./CSV3\bulletins\bulletins_propres\table_page_359.csv: En-tête '7R63Base' introuvable.
Erreur dans le fichier ./CSV3\bulletins\bulletins_propres\table_page_359.csv: En-tête 'Base' introuvable.
Erreur dans le fichier ./CSV3\bulletins\bulletins_propres\table_page_359.csv: En-tête '7R64Base' introuvable.
Erreur dans le fichier ./CSV3\bulletins\bulletins_propres\table_page_359.csv: En-tête 'Base' introuvable.
Erreur dans le fichier ./CSV3\bulletins\bulletins_propres\table_page_359.csv: En-tête '7R70Base' introuvable.
Erreur dans le fichier ./CSV3\bulletins\bulletins_propres\table_page_359.csv: En-tête '7R71Base' introuvable.
Erreur dans le fichier ./CSV3\bulletins\bulletins_propres\table_page_359.csv: En-tête '7T00Base' introuvable.
Erreur dans le fichier ./CSV3\bulletins\bulletins_propres\table_page_359.csv: En-tête '7T02Base' introuvable.
Erreur dans le fichier ./CSV3\bulletins\bulletins_propres\table_page_359.csv: En-tête '7T05Base' introuvable.
Erreur dans le fichier ./CSV3\bulletins\bulletins_propres\table_page_359.csv: En-tête '7T10Base' introuvable.
Erreur dans le fichier ./CSV3\bulletins\bulletins_propres\table_page_359.csv: En-tête '7T15Base' introuvable.
Erreur dans le fichier ./CSV3\bulletins\bulletins_propres\table_page_359.csv: En-tête '7T20Base' introuvable.
Erreur dans le fichier ./CSV3\bulletins\bulletins_propres\table_page_359.csv: En-tête '6082Base' introuvable.
Erreur dans le fichier ./CSV3\bulletins\bulletins_propres\table_page_359.csv: En-tête '6094Base' introuvable.
Erreur dans le fichier ./CSV3\bulletins\bulletins_propres\table_page_359.csv: En-tête 'Total Charges Ded.Base' introuvable.
Erreur dans le fichier ./CSV3\bulletins\bulletins_propres\table_page_359.csv: En-tête '6080Base' introuvable.
Erreur dans le fichier ./CSV3\bulletins\bulletins_propres\table_page_359.csv: En-tête '6084Base' introuvable.
Erreur dans le fichier ./CSV3\bulletins\bulletins_propres\table_page_359.csv: En-tête '6092Base' introuvable.
Erreur dans le fichier ./CSV3\bulletins\bulletins_propres\table_page_359.csv: En-tête '6096Base' introuvable.
Erreur dans le fichier ./CSV3\bulletins\bulletins_propres\table_page_359.csv: En-tête 'Total Charges Non Ded.Base' introuvable.
Erreur dans le fichier ./CSV3\bulletins\bulletins_propres\table_page_359.csv: En-tête '8009Base' introuvable.
Erreur dans le fichier ./CSV3\bulletins\bulletins_propres\table_page_359.csv: En-tête '8010Base' introuvable.
Erreur dans le fichier ./CSV3\bulletins\bulletins_propres\table_page_359.csv: En-tête '8007Base' introuvable.
Erreur dans le fichier ./CSV3\bulletins\bulletins_propres\table_page_361.csv: En-tête '1001Base' introuvable.
Erreur dans le fichier ./CSV3\bulletins\bulletins_propres\table_page_361.csv: En-tête '2012Base' introuvable.
Erreur dans le fichier ./CSV3\bulletins\bulletins_propres\table_page_361.csv: En-tête 'Base' introuvable.
Erreur dans le fichier ./CSV3\bulletins\bulletins_propres\table_page_361.csv: En-tête '2068Base' introuvable.
Erreur dans le fichier ./CSV3\bulletins\bulletins_propres\table_page_361.csv: En-tête 'Base' introuvable.
Erreur dans le fichier ./CSV3\bulletins\bulletins_propres\table_page_361.csv: En-tête '2078Base' introuvable.
Erreur dans le fichier ./CSV3\bulletins\bulletins_propres\table_page_361.csv: En-tête 'TOTAL BRUTBase' introuvable.
Erreur dans le fichier ./CSV3\bulletins\bulletins_propres\table_page_361.csv: En-tête 'Base' introuvable.
Erreur dans le fichier ./CSV3\bulletins\bulletins_propres\table_page_361.csv: En-tête '7001Base' introuvable.
Erreur dans le fichier ./CSV3\bulletins\bulletins_propres\table_page_361.csv: En-tête '7010Base' introuvable.
Erreur dans le fichier ./CSV3\bulletins\bulletins_propres\table_page_361.csv: En-tête '7015Base' introuvable.
Erreur dans le fichier ./CSV3\bulletins\bulletins_propres\table_page_361.csv: En-tête '7020Base' introuvable.
Erreur dans le fichier ./CSV3\bulletins\bulletins_propres\table_page_361.csv: En-tête '7030Base' introuvable.
Erreur dans le fichier ./CSV3\bulletins\bulletins_propres\table_page_361.csv: En-tête '7035Base' introuvable.
Erreur dans le fichier ./CSV3\bulletins\bulletins_propres\table_page_361.csv: En-tête '7040Base' introuvable.
Erreur dans le fichier ./CSV3\bulletins\bulletins_propres\table_page_361.csv: En-tête '7045Base' introuvable.
Erreur dans le fichier ./CSV3\bulletins\bulletins_propres\table_page_361.csv: En-tête '7050Base' introuvable.
Erreur dans le fichier ./CSV3\bulletins\bulletins_propres\table_page_361.csv: En-tête '7055Base' introuvable.
Erreur dans le fichier ./CSV3\bulletins\bulletins_propres\table_page_361.csv: En-tête 'Base' introuvable.
Erreur dans le fichier ./CSV3\bulletins\bulletins_propres\table_page_361.csv: En-tête '7C00Base' introuvable.
Erreur dans le fichier ./CSV3\bulletins\bulletins_propres\table_page_361.csv: En-tête 'Base' introuvable.
Erreur dans le fichier ./CSV3\bulletins\bulletins_propres\table_page_361.csv: En-tête '7C20Base' introuvable.
Erreur dans le fichier ./CSV3\bulletins\bulletins_propres\table_page_361.csv: En-tête 'Base' introuvable.
Erreur dans le fichier ./CSV3\bulletins\bulletins_propres\table_page_361.csv: En-tête '7M05Base' introuvable.
Erreur dans le fichier ./CSV3\bulletins\bulletins_propres\table_page_361.csv: En-tête 'Base' introuvable.
Erreur dans le fichier ./CSV3\bulletins\bulletins_propres\table_page_361.csv: En-tête '7P20Base' introuvable.
Erreur dans le fichier ./CSV3\bulletins\bulletins_propres\table_page_361.csv: En-tête '7R56Base' introuvable.
Erreur dans le fichier ./CSV3\bulletins\bulletins_propres\table_page_361.csv: En-tête '7R63Base' introuvable.
Erreur dans le fichier ./CSV3\bulletins\bulletins_propres\table_page_361.csv: En-tête '7T00Base' introuvable.
Erreur dans le fichier ./CSV3\bulletins\bulletins_propres\table_page_361.csv: En-tête '7T02Base' introuvable.
Erreur dans le fichier ./CSV3\bulletins\bulletins_propres\table_page_361.csv: En-tête '7T05Base' introuvable.
Erreur dans le fichier ./CSV3\bulletins\bulletins_propres\table_page_361.csv: En-tête '7T10Base' introuvable.
Erreur dans le fichier ./CSV3\bulletins\bulletins_propres\table_page_361.csv: En-tête '7T15Base' introuvable.
Erreur dans le fichier ./CSV3\bulletins\bulletins_propres\table_page_361.csv: En-tête '7T20Base' introuvable.
Erreur dans le fichier ./CSV3\bulletins\bulletins_propres\table_page_361.csv: En-tête '6082Base' introuvable.
Erreur dans le fichier ./CSV3\bulletins\bulletins_propres\table_page_361.csv: En-tête '6094Base' introuvable.
Erreur dans le fichier ./CSV3\bulletins\bulletins_propres\table_page_361.csv: En-tête 'Base' introuvable.
Erreur dans le fichier ./CSV3\bulletins\bulletins_propres\table_page_361.csv: En-tête 'Total Charges Ded.Base' introuvable.
Erreur dans le fichier ./CSV3\bulletins\bulletins_propres\table_page_361.csv: En-tête '6080Base' introuvable.
Erreur dans le fichier ./CSV3\bulletins\bulletins_propres\table_page_361.csv: En-tête '6084Base' introuvable.
Erreur dans le fichier ./CSV3\bulletins\bulletins_propres\table_page_361.csv: En-tête '6092Base' introuvable.
Erreur dans le fichier ./CSV3\bulletins\bulletins_propres\table_page_361.csv: En-tête '6096Base' introuvable.
Erreur dans le fichier ./CSV3\bulletins\bulletins_propres\table_page_361.csv: En-tête 'Total Charges Non Ded.Base' introuvable.
Erreur dans le fichier ./CSV3\bulletins\bulletins_propres\table_page_361.csv: En-tête '8009Base' introuvable.
Erreur dans le fichier ./CSV3\bulletins\bulletins_propres\table_page_361.csv: En-tête '8010Base' introuvable.
Erreur dans le fichier ./CSV3\bulletins\bulletins_propres\table_page_361.csv: En-tête '8020Base' introuvable.
Erreur dans le fichier ./CSV3\bulletins\bulletins_propres\table_page_361.csv: En-tête '8192Base' introuvable.
Erreur dans le fichier ./CSV3\bulletins\bulletins_propres\table_page_361.csv: En-tête 'Base' introuvable.
Erreur dans le fichier ./CSV3\bulletins\bulletins_propres\table_page_361.csv: En-tête 'Base' introuvable.
Erreur dans le fichier ./CSV3\bulletins\bulletins_propres\table_page_361.csv: En-tête 'Impôt sur le revenuBase' introuvable.
Erreur dans le fichier ./CSV3\bulletins\bulletins_propres\table_page_361.csv: En-tête 'Impôt sur le revenu à la sourceBase' introuvable.
Erreur dans le fichier ./CSV3\bulletins\bulletins_propres\table_page_363.csv: En-tête '1002Base' introuvable.
Erreur dans le fichier ./CSV3\bulletins\bulletins_propres\table_page_363.csv: En-tête '2012Base' introuvable.
Erreur dans le fichier ./CSV3\bulletins\bulletins_propres\table_page_363.csv: En-tête 'Base' introuvable.
Erreur dans le fichier ./CSV3\bulletins\bulletins_propres\table_page_363.csv: En-tête '2068Base' introuvable.
Erreur dans le fichier ./CSV3\bulletins\bulletins_propres\table_page_363.csv: En-tête 'Base' introuvable.
Erreur dans le fichier ./CSV3\bulletins\bulletins_propres\table_page_363.csv: En-tête '3280Base' introuvable.
Erreur dans le fichier ./CSV3\bulletins\bulletins_propres\table_page_363.csv: En-tête '3285Base' introuvable.
Erreur dans le fichier ./CSV3\bulletins\bulletins_propres\table_page_363.csv: En-tête 'Base' introuvable.
Erreur dans le fichier ./CSV3\bulletins\bulletins_propres\table_page_363.csv: En-tête 'TOTAL BRUTBase' introuvable.
Erreur dans le fichier ./CSV3\bulletins\bulletins_propres\table_page_363.csv: En-tête '7001Base' introuvable.
Erreur dans le fichier ./CSV3\bulletins\bulletins_propres\table_page_363.csv: En-tête '7002Base' introuvable.
Erreur dans le fichier ./CSV3\bulletins\bulletins_propres\table_page_363.csv: En-tête '7010Base' introuvable.
Erreur dans le fichier ./CSV3\bulletins\bulletins_propres\table_page_363.csv: En-tête '7015Base' introuvable.
Erreur dans le fichier ./CSV3\bulletins\bulletins_propres\table_page_363.csv: En-tête '7020Base' introuvable.
Erreur dans le fichier ./CSV3\bulletins\bulletins_propres\table_page_363.csv: En-tête '7030Base' introuvable.
Erreur dans le fichier ./CSV3\bulletins\bulletins_propres\table_page_363.csv: En-tête '7035Base' introuvable.
Erreur dans le fichier ./CSV3\bulletins\bulletins_propres\table_page_363.csv: En-tête '7040Base' introuvable.
Erreur dans le fichier ./CSV3\bulletins\bulletins_propres\table_page_363.csv: En-tête '7045Base' introuvable.
Erreur dans le fichier ./CSV3\bulletins\bulletins_propres\table_page_363.csv: En-tête 'Base' introuvable.
Erreur dans le fichier ./CSV3\bulletins\bulletins_propres\table_page_363.csv: En-tête '7050Base' introuvable.
Erreur dans le fichier ./CSV3\bulletins\bulletins_propres\table_page_363.csv: En-tête 'Base' introuvable.
Erreur dans le fichier ./CSV3\bulletins\bulletins_propres\table_page_363.csv: En-tête '7055Base' introuvable.
Erreur dans le fichier ./CSV3\bulletins\bulletins_propres\table_page_363.csv: En-tête 'Base' introuvable.
Erreur dans le fichier ./CSV3\bulletins\bulletins_propres\table_page_363.csv: En-tête '7C00Base' introuvable.
Erreur dans le fichier ./CSV3\bulletins\bulletins_propres\table_page_363.csv: En-tête 'Base' introuvable.
Erreur dans le fichier ./CSV3\bulletins\bulletins_propres\table_page_363.csv: En-tête '7C10Base' introuvable.
Erreur dans le fichier ./CSV3\bulletins\bulletins_propres\table_page_363.csv: En-tête '7C20Base' introuvable.
Erreur dans le fichier ./CSV3\bulletins\bulletins_propres\table_page_363.csv: En-tête '7M05Base' introuvable.
Erreur dans le fichier ./CSV3\bulletins\bulletins_propres\table_page_363.csv: En-tête '7P20Base' introuvable.
Erreur dans le fichier ./CSV3\bulletins\bulletins_propres\table_page_363.csv: En-tête '7P25Base' introuvable.
Erreur dans le fichier ./CSV3\bulletins\bulletins_propres\table_page_363.csv: En-tête '7R44Base' introuvable.
Erreur dans le fichier ./CSV3\bulletins\bulletins_propres\table_page_363.csv: En-tête '7R45Base' introuvable.
Erreur dans le fichier ./CSV3\bulletins\bulletins_propres\table_page_363.csv: En-tête '7R53Base' introuvable.
Erreur dans le fichier ./CSV3\bulletins\bulletins_propres\table_page_363.csv: En-tête '7R54Base' introuvable.
Erreur dans le fichier ./CSV3\bulletins\bulletins_propres\table_page_363.csv: En-tête '7R63Base' introuvable.
Erreur dans le fichier ./CSV3\bulletins\bulletins_propres\table_page_363.csv: En-tête '7R64Base' introuvable.
Erreur dans le fichier ./CSV3\bulletins\bulletins_propres\table_page_363.csv: En-tête 'Base' introuvable.
Erreur dans le fichier ./CSV3\bulletins\bulletins_propres\table_page_363.csv: En-tête '7R70Base' introuvable.
Erreur dans le fichier ./CSV3\bulletins\bulletins_propres\table_page_363.csv: En-tête 'Base' introuvable.
Erreur dans le fichier ./CSV3\bulletins\bulletins_propres\table_page_363.csv: En-tête '7R71Base' introuvable.
Erreur dans le fichier ./CSV3\bulletins\bulletins_propres\table_page_363.csv: En-tête 'Base' introuvable.
Erreur dans le fichier ./CSV3\bulletins\bulletins_propres\table_page_363.csv: En-tête '7T00Base' introuvable.
Erreur dans le fichier ./CSV3\bulletins\bulletins_propres\table_page_363.csv: En-tête '7T02Base' introuvable.
Erreur dans le fichier ./CSV3\bulletins\bulletins_propres\table_page_363.csv: En-tête '7T05Base' introuvable.
Erreur dans le fichier ./CSV3\bulletins\bulletins_propres\table_page_363.csv: En-tête '7T10Base' introuvable.
Erreur dans le fichier ./CSV3\bulletins\bulletins_propres\table_page_363.csv: En-tête '7T15Base' introuvable.
Erreur dans le fichier ./CSV3\bulletins\bulletins_propres\table_page_363.csv: En-tête '7T20Base' introuvable.
Erreur dans le fichier ./CSV3\bulletins\bulletins_propres\table_page_363.csv: En-tête '6082Base' introuvable.
Erreur dans le fichier ./CSV3\bulletins\bulletins_propres\table_page_363.csv: En-tête '6094Base' introuvable.
Erreur dans le fichier ./CSV3\bulletins\bulletins_propres\table_page_363.csv: En-tête 'Total Charges Ded.Base' introuvable.
Erreur dans le fichier ./CSV3\bulletins\bulletins_propres\table_page_363.csv: En-tête '6080Base' introuvable.
Erreur dans le fichier ./CSV3\bulletins\bulletins_propres\table_page_363.csv: En-tête '6084Base' introuvable.
Erreur dans le fichier ./CSV3\bulletins\bulletins_propres\table_page_363.csv: En-tête '6092Base' introuvable.
Erreur dans le fichier ./CSV3\bulletins\bulletins_propres\table_page_363.csv: En-tête '6096Base' introuvable.
Erreur dans le fichier ./CSV3\bulletins\bulletins_propres\table_page_363.csv: En-tête 'Total Charges Non Ded.Base' introuvable.
Erreur dans le fichier ./CSV3\bulletins\bulletins_propres\table_page_363.csv: En-tête '8009Base' introuvable.
Erreur dans le fichier ./CSV3\bulletins\bulletins_propres\table_page_363.csv: En-tête '8010Base' introuvable.
Erreur dans le fichier ./CSV3\bulletins\bulletins_propres\table_page_363.csv: En-tête '8007Base' introuvable.
Erreur dans le fichier ./CSV3\bulletins\bulletins_propres\table_page_365.csv: En-tête '1002Base' introuvable.
Erreur dans le fichier ./CSV3\bulletins\bulletins_propres\table_page_365.csv: En-tête '2012Base' introuvable.
Erreur dans le fichier ./CSV3\bulletins\bulletins_propres\table_page_365.csv: En-tête '2068Base' introuvable.
Erreur dans le fichier ./CSV3\bulletins\bulletins_propres\table_page_365.csv: En-tête 'TOTAL BRUTBase' introuvable.
Erreur dans le fichier ./CSV3\bulletins\bulletins_propres\table_page_365.csv: En-tête '7001Base' introuvable.
Erreur dans le fichier ./CSV3\bulletins\bulletins_propres\table_page_365.csv: En-tête 'Base' introuvable.
Erreur dans le fichier ./CSV3\bulletins\bulletins_propres\table_page_365.csv: En-tête '7002Base' introuvable.
Erreur dans le fichier ./CSV3\bulletins\bulletins_propres\table_page_365.csv: En-tête '7010Base' introuvable.
Erreur dans le fichier ./CSV3\bulletins\bulletins_propres\table_page_365.csv: En-tête '7015Base' introuvable.
Erreur dans le fichier ./CSV3\bulletins\bulletins_propres\table_page_365.csv: En-tête '7020Base' introuvable.
Erreur dans le fichier ./CSV3\bulletins\bulletins_propres\table_page_365.csv: En-tête '7030Base' introuvable.
Erreur dans le fichier ./CSV3\bulletins\bulletins_propres\table_page_365.csv: En-tête '7035Base' introuvable.
Erreur dans le fichier ./CSV3\bulletins\bulletins_propres\table_page_365.csv: En-tête '7040Base' introuvable.
Erreur dans le fichier ./CSV3\bulletins\bulletins_propres\table_page_365.csv: En-tête '7045Base' introuvable.
Erreur dans le fichier ./CSV3\bulletins\bulletins_propres\table_page_365.csv: En-tête '7050Base' introuvable.
Erreur dans le fichier ./CSV3\bulletins\bulletins_propres\table_page_365.csv: En-tête '7055Base' introuvable.
Erreur dans le fichier ./CSV3\bulletins\bulletins_propres\table_page_365.csv: En-tête '7C00Base' introuvable.
Erreur dans le fichier ./CSV3\bulletins\bulletins_propres\table_page_365.csv: En-tête '7C10Base' introuvable.
Erreur dans le fichier ./CSV3\bulletins\bulletins_propres\table_page_365.csv: En-tête '7C20Base' introuvable.
Erreur dans le fichier ./CSV3\bulletins\bulletins_propres\table_page_365.csv: En-tête '7M05Base' introuvable.
Erreur dans le fichier ./CSV3\bulletins\bulletins_propres\table_page_365.csv: En-tête '7P20Base' introuvable.
Erreur dans le fichier ./CSV3\bulletins\bulletins_propres\table_page_365.csv: En-tête 'Base' introuvable.
Erreur dans le fichier ./CSV3\bulletins\bulletins_propres\table_page_365.csv: En-tête '7P25Base' introuvable.
Erreur dans le fichier ./CSV3\bulletins\bulletins_propres\table_page_365.csv: En-tête '7R44Base' introuvable.
Erreur dans le fichier ./CSV3\bulletins\bulletins_propres\table_page_365.csv: En-tête '7R45Base' introuvable.
Erreur dans le fichier ./CSV3\bulletins\bulletins_propres\table_page_365.csv: En-tête '7R53Base' introuvable.
Erreur dans le fichier ./CSV3\bulletins\bulletins_propres\table_page_365.csv: En-tête '7R54Base' introuvable.
Erreur dans le fichier ./CSV3\bulletins\bulletins_propres\table_page_365.csv: En-tête '7R63Base' introuvable.
Erreur dans le fichier ./CSV3\bulletins\bulletins_propres\table_page_365.csv: En-tête '7R64Base' introuvable.
Erreur dans le fichier ./CSV3\bulletins\bulletins_propres\table_page_365.csv: En-tête '7R70Base' introuvable.
Erreur dans le fichier ./CSV3\bulletins\bulletins_propres\table_page_365.csv: En-tête '7R71Base' introuvable.
Erreur dans le fichier ./CSV3\bulletins\bulletins_propres\table_page_365.csv: En-tête '7T00Base' introuvable.
Erreur dans le fichier ./CSV3\bulletins\bulletins_propres\table_page_365.csv: En-tête '7T02Base' introuvable.
Erreur dans le fichier ./CSV3\bulletins\bulletins_propres\table_page_365.csv: En-tête '7T05Base' introuvable.
Erreur dans le fichier ./CSV3\bulletins\bulletins_propres\table_page_365.csv: En-tête '7T10Base' introuvable.
Erreur dans le fichier ./CSV3\bulletins\bulletins_propres\table_page_365.csv: En-tête '7T15Base' introuvable.
Erreur dans le fichier ./CSV3\bulletins\bulletins_propres\table_page_365.csv: En-tête '7T20Base' introuvable.
Erreur dans le fichier ./CSV3\bulletins\bulletins_propres\table_page_365.csv: En-tête '6082Base' introuvable.
Erreur dans le fichier ./CSV3\bulletins\bulletins_propres\table_page_365.csv: En-tête '6094Base' introuvable.
Erreur dans le fichier ./CSV3\bulletins\bulletins_propres\table_page_365.csv: En-tête 'Total Charges Ded.Base' introuvable.
Erreur dans le fichier ./CSV3\bulletins\bulletins_propres\table_page_365.csv: En-tête '6080Base' introuvable.
Erreur dans le fichier ./CSV3\bulletins\bulletins_propres\table_page_365.csv: En-tête '6084Base' introuvable.
Erreur dans le fichier ./CSV3\bulletins\bulletins_propres\table_page_365.csv: En-tête '6092Base' introuvable.
Erreur dans le fichier ./CSV3\bulletins\bulletins_propres\table_page_365.csv: En-tête '6096Base' introuvable.
Erreur dans le fichier ./CSV3\bulletins\bulletins_propres\table_page_365.csv: En-tête 'Total Charges Non Ded.Base' introuvable.
Erreur dans le fichier ./CSV3\bulletins\bulletins_propres\table_page_365.csv: En-tête '8009Base' introuvable.
Erreur dans le fichier ./CSV3\bulletins\bulletins_propres\table_page_365.csv: En-tête '8010Base' introuvable.
Erreur dans le fichier ./CSV3\bulletins\bulletins_propres\table_page_365.csv: En-tête '8007Base' introuvable.
Erreur dans le fichier ./CSV3\bulletins\bulletins_propres\table_page_367.csv: En-tête '1001Base' introuvable.
Erreur dans le fichier ./CSV3\bulletins\bulletins_propres\table_page_367.csv: En-tête '1046Base' introuvable.
Erreur dans le fichier ./CSV3\bulletins\bulletins_propres\table_page_367.csv: En-tête 'Base' introuvable.
Erreur dans le fichier ./CSV3\bulletins\bulletins_propres\table_page_367.csv: En-tête '2012Base' introuvable.
Erreur dans le fichier ./CSV3\bulletins\bulletins_propres\table_page_367.csv: En-tête 'Base' introuvable.
Erreur dans le fichier ./CSV3\bulletins\bulletins_propres\table_page_367.csv: En-tête '2018Base' introuvable.
Erreur dans le fichier ./CSV3\bulletins\bulletins_propres\table_page_367.csv: En-tête '2068Base' introuvable.
Erreur dans le fichier ./CSV3\bulletins\bulletins_propres\table_page_367.csv: En-tête '2078Base' introuvable.
Erreur dans le fichier ./CSV3\bulletins\bulletins_propres\table_page_367.csv: En-tête '3280Base' introuvable.
Erreur dans le fichier ./CSV3\bulletins\bulletins_propres\table_page_367.csv: En-tête '3285Base' introuvable.
Erreur dans le fichier ./CSV3\bulletins\bulletins_propres\table_page_367.csv: En-tête '3350Base' introuvable.
Erreur dans le fichier ./CSV3\bulletins\bulletins_propres\table_page_367.csv: En-tête '3355Base' introuvable.
Erreur dans le fichier ./CSV3\bulletins\bulletins_propres\table_page_367.csv: En-tête 'Base' introuvable.
Erreur dans le fichier ./CSV3\bulletins\bulletins_propres\table_page_367.csv: En-tête 'TOTAL BRUTBase' introuvable.
Erreur dans le fichier ./CSV3\bulletins\bulletins_propres\table_page_367.csv: En-tête '7001Base' introuvable.
Erreur dans le fichier ./CSV3\bulletins\bulletins_propres\table_page_367.csv: En-tête '7010Base' introuvable.
Erreur dans le fichier ./CSV3\bulletins\bulletins_propres\table_page_367.csv: En-tête '7015Base' introuvable.
Erreur dans le fichier ./CSV3\bulletins\bulletins_propres\table_page_367.csv: En-tête '7020Base' introuvable.
Erreur dans le fichier ./CSV3\bulletins\bulletins_propres\table_page_367.csv: En-tête 'Base' introuvable.
Erreur dans le fichier ./CSV3\bulletins\bulletins_propres\table_page_367.csv: En-tête '7030Base' introuvable.
Erreur dans le fichier ./CSV3\bulletins\bulletins_propres\table_page_367.csv: En-tête 'Base' introuvable.
Erreur dans le fichier ./CSV3\bulletins\bulletins_propres\table_page_367.csv: En-tête '7035Base' introuvable.
Erreur dans le fichier ./CSV3\bulletins\bulletins_propres\table_page_367.csv: En-tête 'Base' introuvable.
Erreur dans le fichier ./CSV3\bulletins\bulletins_propres\table_page_367.csv: En-tête '7040Base' introuvable.
Erreur dans le fichier ./CSV3\bulletins\bulletins_propres\table_page_367.csv: En-tête 'Base' introuvable.
Erreur dans le fichier ./CSV3\bulletins\bulletins_propres\table_page_367.csv: En-tête '7045Base' introuvable.
Erreur dans le fichier ./CSV3\bulletins\bulletins_propres\table_page_367.csv: En-tête '7050Base' introuvable.
Erreur dans le fichier ./CSV3\bulletins\bulletins_propres\table_page_367.csv: En-tête '7055Base' introuvable.
Erreur dans le fichier ./CSV3\bulletins\bulletins_propres\table_page_367.csv: En-tête '7C00Base' introuvable.
Erreur dans le fichier ./CSV3\bulletins\bulletins_propres\table_page_367.csv: En-tête '7C20Base' introuvable.
Erreur dans le fichier ./CSV3\bulletins\bulletins_propres\table_page_367.csv: En-tête '7M04Base' introuvable.
Erreur dans le fichier ./CSV3\bulletins\bulletins_propres\table_page_367.csv: En-tête '7P10Base' introuvable.
Erreur dans le fichier ./CSV3\bulletins\bulletins_propres\table_page_367.csv: En-tête '7R56Base' introuvable.
Erreur dans le fichier ./CSV3\bulletins\bulletins_propres\table_page_367.csv: En-tête '7R63Base' introuvable.
Erreur dans le fichier ./CSV3\bulletins\bulletins_propres\table_page_367.csv: En-tête '7T00Base' introuvable.
Erreur dans le fichier ./CSV3\bulletins\bulletins_propres\table_page_367.csv: En-tête '7T02Base' introuvable.
Erreur dans le fichier ./CSV3\bulletins\bulletins_propres\table_page_367.csv: En-tête 'Base' introuvable.
Erreur dans le fichier ./CSV3\bulletins\bulletins_propres\table_page_367.csv: En-tête '7T05Base' introuvable.
Erreur dans le fichier ./CSV3\bulletins\bulletins_propres\table_page_367.csv: En-tête 'Base' introuvable.
Erreur dans le fichier ./CSV3\bulletins\bulletins_propres\table_page_367.csv: En-tête '7T10Base' introuvable.
Erreur dans le fichier ./CSV3\bulletins\bulletins_propres\table_page_367.csv: En-tête 'Base' introuvable.
Erreur dans le fichier ./CSV3\bulletins\bulletins_propres\table_page_367.csv: En-tête '7T15Base' introuvable.
Erreur dans le fichier ./CSV3\bulletins\bulletins_propres\table_page_367.csv: En-tête '7T20Base' introuvable.
Erreur dans le fichier ./CSV3\bulletins\bulletins_propres\table_page_367.csv: En-tête '6082Base' introuvable.
Erreur dans le fichier ./CSV3\bulletins\bulletins_propres\table_page_367.csv: En-tête '6094Base' introuvable.
Erreur dans le fichier ./CSV3\bulletins\bulletins_propres\table_page_367.csv: En-tête 'Total Charges Ded.Base' introuvable.
Erreur dans le fichier ./CSV3\bulletins\bulletins_propres\table_page_367.csv: En-tête '6080Base' introuvable.
Erreur dans le fichier ./CSV3\bulletins\bulletins_propres\table_page_367.csv: En-tête '6084Base' introuvable.
Erreur dans le fichier ./CSV3\bulletins\bulletins_propres\table_page_367.csv: En-tête '6092Base' introuvable.
Erreur dans le fichier ./CSV3\bulletins\bulletins_propres\table_page_367.csv: En-tête '6096Base' introuvable.
Erreur dans le fichier ./CSV3\bulletins\bulletins_propres\table_page_367.csv: En-tête 'Total Charges Non Ded.Base' introuvable.
Erreur dans le fichier ./CSV3\bulletins\bulletins_propres\table_page_367.csv: En-tête '8009Base' introuvable.
Erreur dans le fichier ./CSV3\bulletins\bulletins_propres\table_page_367.csv: En-tête '8010Base' introuvable.
Erreur dans le fichier ./CSV3\bulletins\bulletins_propres\table_page_367.csv: En-tête '8020Base' introuvable.
Erreur dans le fichier ./CSV3\bulletins\bulletins_propres\table_page_367.csv: En-tête '8192Base' introuvable.
Erreur dans le fichier ./CSV3\bulletins\bulletins_propres\table_page_369.csv: En-tête '1001Base' introuvable.
Erreur dans le fichier ./CSV3\bulletins\bulletins_propres\table_page_369.csv: En-tête '1046Base' introuvable.
Erreur dans le fichier ./CSV3\bulletins\bulletins_propres\table_page_369.csv: En-tête 'Base' introuvable.
Erreur dans le fichier ./CSV3\bulletins\bulletins_propres\table_page_369.csv: En-tête '2012Base' introuvable.
Erreur dans le fichier ./CSV3\bulletins\bulletins_propres\table_page_369.csv: En-tête 'Base' introuvable.
Erreur dans le fichier ./CSV3\bulletins\bulletins_propres\table_page_369.csv: En-tête '2018Base' introuvable.
Erreur dans le fichier ./CSV3\bulletins\bulletins_propres\table_page_369.csv: En-tête '2068Base' introuvable.
Erreur dans le fichier ./CSV3\bulletins\bulletins_propres\table_page_369.csv: En-tête '2078Base' introuvable.
Erreur dans le fichier ./CSV3\bulletins\bulletins_propres\table_page_369.csv: En-tête '3280Base' introuvable.
Erreur dans le fichier ./CSV3\bulletins\bulletins_propres\table_page_369.csv: En-tête '3285Base' introuvable.
Erreur dans le fichier ./CSV3\bulletins\bulletins_propres\table_page_369.csv: En-tête 'Base' introuvable.
Erreur dans le fichier ./CSV3\bulletins\bulletins_propres\table_page_369.csv: En-tête 'TOTAL BRUTBase' introuvable.
Erreur dans le fichier ./CSV3\bulletins\bulletins_propres\table_page_369.csv: En-tête '7001Base' introuvable.
Erreur dans le fichier ./CSV3\bulletins\bulletins_propres\table_page_369.csv: En-tête '7010Base' introuvable.
Erreur dans le fichier ./CSV3\bulletins\bulletins_propres\table_page_369.csv: En-tête '7015Base' introuvable.
Erreur dans le fichier ./CSV3\bulletins\bulletins_propres\table_page_369.csv: En-tête '7020Base' introuvable.
Erreur dans le fichier ./CSV3\bulletins\bulletins_propres\table_page_369.csv: En-tête '7030Base' introuvable.
Erreur dans le fichier ./CSV3\bulletins\bulletins_propres\table_page_369.csv: En-tête '7035Base' introuvable.
Erreur dans le fichier ./CSV3\bulletins\bulletins_propres\table_page_369.csv: En-tête 'Base' introuvable.
Erreur dans le fichier ./CSV3\bulletins\bulletins_propres\table_page_369.csv: En-tête '7040Base' introuvable.
Erreur dans le fichier ./CSV3\bulletins\bulletins_propres\table_page_369.csv: En-tête 'Base' introuvable.
Erreur dans le fichier ./CSV3\bulletins\bulletins_propres\table_page_369.csv: En-tête '7045Base' introuvable.
Erreur dans le fichier ./CSV3\bulletins\bulletins_propres\table_page_369.csv: En-tête 'Base' introuvable.
Erreur dans le fichier ./CSV3\bulletins\bulletins_propres\table_page_369.csv: En-tête '7050Base' introuvable.
Erreur dans le fichier ./CSV3\bulletins\bulletins_propres\table_page_369.csv: En-tête 'Base' introuvable.
Erreur dans le fichier ./CSV3\bulletins\bulletins_propres\table_page_369.csv: En-tête '7055Base' introuvable.
Erreur dans le fichier ./CSV3\bulletins\bulletins_propres\table_page_369.csv: En-tête '7C00Base' introuvable.
Erreur dans le fichier ./CSV3\bulletins\bulletins_propres\table_page_369.csv: En-tête '7C20Base' introuvable.
Erreur dans le fichier ./CSV3\bulletins\bulletins_propres\table_page_369.csv: En-tête '7M03Base' introuvable.
Erreur dans le fichier ./CSV3\bulletins\bulletins_propres\table_page_369.csv: En-tête '7P10Base' introuvable.
Erreur dans le fichier ./CSV3\bulletins\bulletins_propres\table_page_369.csv: En-tête '7R56Base' introuvable.
Erreur dans le fichier ./CSV3\bulletins\bulletins_propres\table_page_369.csv: En-tête '7R63Base' introuvable.
Erreur dans le fichier ./CSV3\bulletins\bulletins_propres\table_page_369.csv: En-tête '7T00Base' introuvable.
Erreur dans le fichier ./CSV3\bulletins\bulletins_propres\table_page_369.csv: En-tête '7T02Base' introuvable.
Erreur dans le fichier ./CSV3\bulletins\bulletins_propres\table_page_369.csv: En-tête '7T05Base' introuvable.
Erreur dans le fichier ./CSV3\bulletins\bulletins_propres\table_page_369.csv: En-tête '7T10Base' introuvable.
Erreur dans le fichier ./CSV3\bulletins\bulletins_propres\table_page_369.csv: En-tête 'Base' introuvable.
Erreur dans le fichier ./CSV3\bulletins\bulletins_propres\table_page_369.csv: En-tête '7T15Base' introuvable.
Erreur dans le fichier ./CSV3\bulletins\bulletins_propres\table_page_369.csv: En-tête 'Base' introuvable.
Erreur dans le fichier ./CSV3\bulletins\bulletins_propres\table_page_369.csv: En-tête '7T20Base' introuvable.
Erreur dans le fichier ./CSV3\bulletins\bulletins_propres\table_page_369.csv: En-tête '6082Base' introuvable.
Erreur dans le fichier ./CSV3\bulletins\bulletins_propres\table_page_369.csv: En-tête '6094Base' introuvable.
Erreur dans le fichier ./CSV3\bulletins\bulletins_propres\table_page_369.csv: En-tête 'PALCAllégement chômageBase' introuvable.
Erreur dans le fichier ./CSV3\bulletins\bulletins_propres\table_page_369.csv: En-tête 'PALFAllégement FillonBase' introuvable.
Erreur dans le fichier ./CSV3\bulletins\bulletins_propres\table_page_369.csv: En-tête 'PALRAllégement retraiteBase' introuvable.
Erreur dans le fichier ./CSV3\bulletins\bulletins_propres\table_page_369.csv: En-tête 'Total Charges Ded.Base' introuvable.
Erreur dans le fichier ./CSV3\bulletins\bulletins_propres\table_page_369.csv: En-tête '6080Base' introuvable.
Erreur dans le fichier ./CSV3\bulletins\bulletins_propres\table_page_369.csv: En-tête '6084Base' introuvable.
Erreur dans le fichier ./CSV3\bulletins\bulletins_propres\table_page_369.csv: En-tête '6092Base' introuvable.
Erreur dans le fichier ./CSV3\bulletins\bulletins_propres\table_page_369.csv: En-tête '6096Base' introuvable.
Erreur dans le fichier ./CSV3\bulletins\bulletins_propres\table_page_369.csv: En-tête 'Total Charges Non Ded.Base' introuvable.
Erreur dans le fichier ./CSV3\bulletins\bulletins_propres\table_page_369.csv: En-tête '8020Base' introuvable.
Erreur dans le fichier ./CSV3\bulletins\bulletins_propres\table_page_369.csv: En-tête 'Base' introuvable.
Erreur dans le fichier ./CSV3\bulletins\bulletins_propres\table_page_369.csv: En-tête 'Base' introuvable.
Erreur dans le fichier ./CSV3\bulletins\bulletins_propres\table_page_369.csv: En-tête 'Impôt sur le revenuBase' introuvable.
Erreur dans le fichier ./CSV3\bulletins\bulletins_propres\table_page_369.csv: En-tête 'Impôt sur le revenu à la sourceBase' introuvable.
Erreur dans le fichier ./CSV3\bulletins\bulletins_propres\table_page_37.csv: En-tête '1001Base' introuvable.
Erreur dans le fichier ./CSV3\bulletins\bulletins_propres\table_page_37.csv: En-tête '1046Base' introuvable.
Erreur dans le fichier ./CSV3\bulletins\bulletins_propres\table_page_37.csv: En-tête 'Base' introuvable.
Erreur dans le fichier ./CSV3\bulletins\bulletins_propres\table_page_37.csv: En-tête '2012Base' introuvable.
Erreur dans le fichier ./CSV3\bulletins\bulletins_propres\table_page_37.csv: En-tête 'Base' introuvable.
Erreur dans le fichier ./CSV3\bulletins\bulletins_propres\table_page_37.csv: En-tête '2018Base' introuvable.
Erreur dans le fichier ./CSV3\bulletins\bulletins_propres\table_page_37.csv: En-tête '2068Base' introuvable.
Erreur dans le fichier ./CSV3\bulletins\bulletins_propres\table_page_37.csv: En-tête '2078Base' introuvable.
Erreur dans le fichier ./CSV3\bulletins\bulletins_propres\table_page_37.csv: En-tête 'Base' introuvable.
Erreur dans le fichier ./CSV3\bulletins\bulletins_propres\table_page_37.csv: En-tête 'TOTAL BRUTBase' introuvable.
Erreur dans le fichier ./CSV3\bulletins\bulletins_propres\table_page_37.csv: En-tête '7001Base' introuvable.
Erreur dans le fichier ./CSV3\bulletins\bulletins_propres\table_page_37.csv: En-tête '7010Base' introuvable.
Erreur dans le fichier ./CSV3\bulletins\bulletins_propres\table_page_37.csv: En-tête '7015Base' introuvable.
Erreur dans le fichier ./CSV3\bulletins\bulletins_propres\table_page_37.csv: En-tête '7020Base' introuvable.
Erreur dans le fichier ./CSV3\bulletins\bulletins_propres\table_page_37.csv: En-tête '7030Base' introuvable.
Erreur dans le fichier ./CSV3\bulletins\bulletins_propres\table_page_37.csv: En-tête '7035Base' introuvable.
Erreur dans le fichier ./CSV3\bulletins\bulletins_propres\table_page_37.csv: En-tête '7040Base' introuvable.
Erreur dans le fichier ./CSV3\bulletins\bulletins_propres\table_page_37.csv: En-tête '7045Base' introuvable.
Erreur dans le fichier ./CSV3\bulletins\bulletins_propres\table_page_37.csv: En-tête 'Base' introuvable.
Erreur dans le fichier ./CSV3\bulletins\bulletins_propres\table_page_37.csv: En-tête '7050Base' introuvable.
Erreur dans le fichier ./CSV3\bulletins\bulletins_propres\table_page_37.csv: En-tête 'Base' introuvable.
Erreur dans le fichier ./CSV3\bulletins\bulletins_propres\table_page_37.csv: En-tête '7055Base' introuvable.
Erreur dans le fichier ./CSV3\bulletins\bulletins_propres\table_page_37.csv: En-tête 'Base' introuvable.
Erreur dans le fichier ./CSV3\bulletins\bulletins_propres\table_page_37.csv: En-tête '7C00Base' introuvable.
Erreur dans le fichier ./CSV3\bulletins\bulletins_propres\table_page_37.csv: En-tête 'Base' introuvable.
Erreur dans le fichier ./CSV3\bulletins\bulletins_propres\table_page_37.csv: En-tête '7C20Base' introuvable.
Erreur dans le fichier ./CSV3\bulletins\bulletins_propres\table_page_37.csv: En-tête '7M04Base' introuvable.
Erreur dans le fichier ./CSV3\bulletins\bulletins_propres\table_page_37.csv: En-tête '7P10Base' introuvable.
Erreur dans le fichier ./CSV3\bulletins\bulletins_propres\table_page_37.csv: En-tête '7R56Base' introuvable.
Erreur dans le fichier ./CSV3\bulletins\bulletins_propres\table_page_37.csv: En-tête '7R63Base' introuvable.
Erreur dans le fichier ./CSV3\bulletins\bulletins_propres\table_page_37.csv: En-tête '7T00Base' introuvable.
Erreur dans le fichier ./CSV3\bulletins\bulletins_propres\table_page_37.csv: En-tête '7T02Base' introuvable.
Erreur dans le fichier ./CSV3\bulletins\bulletins_propres\table_page_37.csv: En-tête '7T05Base' introuvable.
Erreur dans le fichier ./CSV3\bulletins\bulletins_propres\table_page_37.csv: En-tête '7T10Base' introuvable.
Erreur dans le fichier ./CSV3\bulletins\bulletins_propres\table_page_37.csv: En-tête '7T15Base' introuvable.
Erreur dans le fichier ./CSV3\bulletins\bulletins_propres\table_page_37.csv: En-tête '7T20Base' introuvable.
Erreur dans le fichier ./CSV3\bulletins\bulletins_propres\table_page_37.csv: En-tête 'Base' introuvable.
Erreur dans le fichier ./CSV3\bulletins\bulletins_propres\table_page_37.csv: En-tête '6082Base' introuvable.
Erreur dans le fichier ./CSV3\bulletins\bulletins_propres\table_page_37.csv: En-tête '6094Base' introuvable.
Erreur dans le fichier ./CSV3\bulletins\bulletins_propres\table_page_37.csv: En-tête 'Total Charges Ded.Base' introuvable.
Erreur dans le fichier ./CSV3\bulletins\bulletins_propres\table_page_37.csv: En-tête '6080Base' introuvable.
Erreur dans le fichier ./CSV3\bulletins\bulletins_propres\table_page_37.csv: En-tête '6084Base' introuvable.
Erreur dans le fichier ./CSV3\bulletins\bulletins_propres\table_page_37.csv: En-tête '6092Base' introuvable.
Erreur dans le fichier ./CSV3\bulletins\bulletins_propres\table_page_37.csv: En-tête '6096Base' introuvable.
Erreur dans le fichier ./CSV3\bulletins\bulletins_propres\table_page_37.csv: En-tête 'Total Charges Non Ded.Base' introuvable.
Erreur dans le fichier ./CSV3\bulletins\bulletins_propres\table_page_37.csv: En-tête '8009Base' introuvable.
Erreur dans le fichier ./CSV3\bulletins\bulletins_propres\table_page_37.csv: En-tête '8010Base' introuvable.
Erreur dans le fichier ./CSV3\bulletins\bulletins_propres\table_page_37.csv: En-tête 'Base' introuvable.
Erreur dans le fichier ./CSV3\bulletins\bulletins_propres\table_page_37.csv: En-tête 'Base' introuvable.
Erreur dans le fichier ./CSV3\bulletins\bulletins_propres\table_page_37.csv: En-tête 'Impôt sur le revenuBase' introuvable.
Erreur dans le fichier ./CSV3\bulletins\bulletins_propres\table_page_37.csv: En-tête 'Impôt sur le revenu à la sourceBase' introuvable.
Erreur dans le fichier ./CSV3\bulletins\bulletins_propres\table_page_371.csv: En-tête '1001Base' introuvable.
Erreur dans le fichier ./CSV3\bulletins\bulletins_propres\table_page_371.csv: En-tête '1046Base' introuvable.
Erreur dans le fichier ./CSV3\bulletins\bulletins_propres\table_page_371.csv: En-tête 'Base' introuvable.
Erreur dans le fichier ./CSV3\bulletins\bulletins_propres\table_page_371.csv: En-tête '2012Base' introuvable.
Erreur dans le fichier ./CSV3\bulletins\bulletins_propres\table_page_371.csv: En-tête 'Base' introuvable.
Erreur dans le fichier ./CSV3\bulletins\bulletins_propres\table_page_371.csv: En-tête '2016Base' introuvable.
Erreur dans le fichier ./CSV3\bulletins\bulletins_propres\table_page_371.csv: En-tête '2050Base' introuvable.
Erreur dans le fichier ./CSV3\bulletins\bulletins_propres\table_page_371.csv: En-tête '2068Base' introuvable.
Erreur dans le fichier ./CSV3\bulletins\bulletins_propres\table_page_371.csv: En-tête '2078Base' introuvable.
Erreur dans le fichier ./CSV3\bulletins\bulletins_propres\table_page_371.csv: En-tête '2082Base' introuvable.
Erreur dans le fichier ./CSV3\bulletins\bulletins_propres\table_page_371.csv: En-tête '2084Base' introuvable.
Erreur dans le fichier ./CSV3\bulletins\bulletins_propres\table_page_371.csv: En-tête 'Base' introuvable.
Erreur dans le fichier ./CSV3\bulletins\bulletins_propres\table_page_371.csv: En-tête 'TOTAL BRUTBase' introuvable.
Erreur dans le fichier ./CSV3\bulletins\bulletins_propres\table_page_371.csv: En-tête '7001Base' introuvable.
Erreur dans le fichier ./CSV3\bulletins\bulletins_propres\table_page_371.csv: En-tête '7010Base' introuvable.
Erreur dans le fichier ./CSV3\bulletins\bulletins_propres\table_page_371.csv: En-tête '7015Base' introuvable.
Erreur dans le fichier ./CSV3\bulletins\bulletins_propres\table_page_371.csv: En-tête '7020Base' introuvable.
Erreur dans le fichier ./CSV3\bulletins\bulletins_propres\table_page_371.csv: En-tête '7030Base' introuvable.
Erreur dans le fichier ./CSV3\bulletins\bulletins_propres\table_page_371.csv: En-tête 'Base' introuvable.
Erreur dans le fichier ./CSV3\bulletins\bulletins_propres\table_page_371.csv: En-tête '7035Base' introuvable.
Erreur dans le fichier ./CSV3\bulletins\bulletins_propres\table_page_371.csv: En-tête 'Base' introuvable.
Erreur dans le fichier ./CSV3\bulletins\bulletins_propres\table_page_371.csv: En-tête '7040Base' introuvable.
Erreur dans le fichier ./CSV3\bulletins\bulletins_propres\table_page_371.csv: En-tête 'Base' introuvable.
Erreur dans le fichier ./CSV3\bulletins\bulletins_propres\table_page_371.csv: En-tête '7045Base' introuvable.
Erreur dans le fichier ./CSV3\bulletins\bulletins_propres\table_page_371.csv: En-tête 'Base' introuvable.
Erreur dans le fichier ./CSV3\bulletins\bulletins_propres\table_page_371.csv: En-tête '7050Base' introuvable.
Erreur dans le fichier ./CSV3\bulletins\bulletins_propres\table_page_371.csv: En-tête '7055Base' introuvable.
Erreur dans le fichier ./CSV3\bulletins\bulletins_propres\table_page_371.csv: En-tête '7C00Base' introuvable.
Erreur dans le fichier ./CSV3\bulletins\bulletins_propres\table_page_371.csv: En-tête '7C20Base' introuvable.
Erreur dans le fichier ./CSV3\bulletins\bulletins_propres\table_page_371.csv: En-tête '7M04Base' introuvable.
Erreur dans le fichier ./CSV3\bulletins\bulletins_propres\table_page_371.csv: En-tête '7P10Base' introuvable.
Erreur dans le fichier ./CSV3\bulletins\bulletins_propres\table_page_371.csv: En-tête '7R56Base' introuvable.
Erreur dans le fichier ./CSV3\bulletins\bulletins_propres\table_page_371.csv: En-tête '7R63Base' introuvable.
Erreur dans le fichier ./CSV3\bulletins\bulletins_propres\table_page_371.csv: En-tête '7T00Base' introuvable.
Erreur dans le fichier ./CSV3\bulletins\bulletins_propres\table_page_371.csv: En-tête '7T02Base' introuvable.
Erreur dans le fichier ./CSV3\bulletins\bulletins_propres\table_page_371.csv: En-tête '7T05Base' introuvable.
Erreur dans le fichier ./CSV3\bulletins\bulletins_propres\table_page_371.csv: En-tête 'Base' introuvable.
Erreur dans le fichier ./CSV3\bulletins\bulletins_propres\table_page_371.csv: En-tête '7T10Base' introuvable.
Erreur dans le fichier ./CSV3\bulletins\bulletins_propres\table_page_371.csv: En-tête '7T15Base' introuvable.
Erreur dans le fichier ./CSV3\bulletins\bulletins_propres\table_page_371.csv: En-tête '7T20Base' introuvable.
Erreur dans le fichier ./CSV3\bulletins\bulletins_propres\table_page_371.csv: En-tête '6082Base' introuvable.
Erreur dans le fichier ./CSV3\bulletins\bulletins_propres\table_page_371.csv: En-tête '6094Base' introuvable.
Erreur dans le fichier ./CSV3\bulletins\bulletins_propres\table_page_371.csv: En-tête 'Total Charges Ded.Base' introuvable.
Erreur dans le fichier ./CSV3\bulletins\bulletins_propres\table_page_371.csv: En-tête '6080Base' introuvable.
Erreur dans le fichier ./CSV3\bulletins\bulletins_propres\table_page_371.csv: En-tête '6084Base' introuvable.
Erreur dans le fichier ./CSV3\bulletins\bulletins_propres\table_page_371.csv: En-tête '6092Base' introuvable.
Erreur dans le fichier ./CSV3\bulletins\bulletins_propres\table_page_371.csv: En-tête '6096Base' introuvable.
Erreur dans le fichier ./CSV3\bulletins\bulletins_propres\table_page_371.csv: En-tête 'Total Charges Non Ded.Base' introuvable.
Erreur dans le fichier ./CSV3\bulletins\bulletins_propres\table_page_371.csv: En-tête '8009Base' introuvable.
Erreur dans le fichier ./CSV3\bulletins\bulletins_propres\table_page_371.csv: En-tête '8010Base' introuvable.
Erreur dans le fichier ./CSV3\bulletins\bulletins_propres\table_page_371.csv: En-tête '8007Base' introuvable.
Erreur dans le fichier ./CSV3\bulletins\bulletins_propres\table_page_371.csv: En-tête 'Base' introuvable.
Erreur dans le fichier ./CSV3\bulletins\bulletins_propres\table_page_371.csv: En-tête 'Base' introuvable.
Erreur dans le fichier ./CSV3\bulletins\bulletins_propres\table_page_371.csv: En-tête 'Impôt sur le revenuBase' introuvable.
Erreur dans le fichier ./CSV3\bulletins\bulletins_propres\table_page_371.csv: En-tête 'Impôt sur le revenu à la sourceBase' introuvable.
Erreur dans le fichier ./CSV3\bulletins\bulletins_propres\table_page_373.csv: En-tête '1001Base' introuvable.
Erreur dans le fichier ./CSV3\bulletins\bulletins_propres\table_page_373.csv: En-tête '1046Base' introuvable.
Erreur dans le fichier ./CSV3\bulletins\bulletins_propres\table_page_373.csv: En-tête 'Base' introuvable.
Erreur dans le fichier ./CSV3\bulletins\bulletins_propres\table_page_373.csv: En-tête '2012Base' introuvable.
Erreur dans le fichier ./CSV3\bulletins\bulletins_propres\table_page_373.csv: En-tête 'Base' introuvable.
Erreur dans le fichier ./CSV3\bulletins\bulletins_propres\table_page_373.csv: En-tête '2068Base' introuvable.
Erreur dans le fichier ./CSV3\bulletins\bulletins_propres\table_page_373.csv: En-tête '2078Base' introuvable.
Erreur dans le fichier ./CSV3\bulletins\bulletins_propres\table_page_373.csv: En-tête '2080Base' introuvable.
Erreur dans le fichier ./CSV3\bulletins\bulletins_propres\table_page_373.csv: En-tête '2082Base' introuvable.
Erreur dans le fichier ./CSV3\bulletins\bulletins_propres\table_page_373.csv: En-tête '2084Base' introuvable.
Erreur dans le fichier ./CSV3\bulletins\bulletins_propres\table_page_373.csv: En-tête '3350Base' introuvable.
Erreur dans le fichier ./CSV3\bulletins\bulletins_propres\table_page_373.csv: En-tête '3355Base' introuvable.
Erreur dans le fichier ./CSV3\bulletins\bulletins_propres\table_page_373.csv: En-tête '3460Base' introuvable.
Erreur dans le fichier ./CSV3\bulletins\bulletins_propres\table_page_373.csv: En-tête '3462Base' introuvable.
Erreur dans le fichier ./CSV3\bulletins\bulletins_propres\table_page_373.csv: En-tête '3502Base' introuvable.
Erreur dans le fichier ./CSV3\bulletins\bulletins_propres\table_page_373.csv: En-tête 'Base' introuvable.
Erreur dans le fichier ./CSV3\bulletins\bulletins_propres\table_page_373.csv: En-tête 'TOTAL BRUTBase' introuvable.
Erreur dans le fichier ./CSV3\bulletins\bulletins_propres\table_page_373.csv: En-tête '7001Base' introuvable.
Erreur dans le fichier ./CSV3\bulletins\bulletins_propres\table_page_373.csv: En-tête 'Base' introuvable.
Erreur dans le fichier ./CSV3\bulletins\bulletins_propres\table_page_373.csv: En-tête '7010Base' introuvable.
Erreur dans le fichier ./CSV3\bulletins\bulletins_propres\table_page_373.csv: En-tête 'Base' introuvable.
Erreur dans le fichier ./CSV3\bulletins\bulletins_propres\table_page_373.csv: En-tête '7015Base' introuvable.
Erreur dans le fichier ./CSV3\bulletins\bulletins_propres\table_page_373.csv: En-tête 'Base' introuvable.
Erreur dans le fichier ./CSV3\bulletins\bulletins_propres\table_page_373.csv: En-tête '7020Base' introuvable.
Erreur dans le fichier ./CSV3\bulletins\bulletins_propres\table_page_373.csv: En-tête 'Base' introuvable.
Erreur dans le fichier ./CSV3\bulletins\bulletins_propres\table_page_373.csv: En-tête '7030Base' introuvable.
Erreur dans le fichier ./CSV3\bulletins\bulletins_propres\table_page_373.csv: En-tête '7035Base' introuvable.
Erreur dans le fichier ./CSV3\bulletins\bulletins_propres\table_page_373.csv: En-tête '7040Base' introuvable.
Erreur dans le fichier ./CSV3\bulletins\bulletins_propres\table_page_373.csv: En-tête '7045Base' introuvable.
Erreur dans le fichier ./CSV3\bulletins\bulletins_propres\table_page_373.csv: En-tête '7050Base' introuvable.
Erreur dans le fichier ./CSV3\bulletins\bulletins_propres\table_page_373.csv: En-tête '7055Base' introuvable.
Erreur dans le fichier ./CSV3\bulletins\bulletins_propres\table_page_373.csv: En-tête '7C00Base' introuvable.
Erreur dans le fichier ./CSV3\bulletins\bulletins_propres\table_page_373.csv: En-tête '7C20Base' introuvable.
Erreur dans le fichier ./CSV3\bulletins\bulletins_propres\table_page_373.csv: En-tête '7M04Base' introuvable.
Erreur dans le fichier ./CSV3\bulletins\bulletins_propres\table_page_373.csv: En-tête '7P10Base' introuvable.
Erreur dans le fichier ./CSV3\bulletins\bulletins_propres\table_page_373.csv: En-tête '7R56Base' introuvable.
Erreur dans le fichier ./CSV3\bulletins\bulletins_propres\table_page_373.csv: En-tête 'Base' introuvable.
Erreur dans le fichier ./CSV3\bulletins\bulletins_propres\table_page_373.csv: En-tête '7R63Base' introuvable.
Erreur dans le fichier ./CSV3\bulletins\bulletins_propres\table_page_373.csv: En-tête 'Base' introuvable.
Erreur dans le fichier ./CSV3\bulletins\bulletins_propres\table_page_373.csv: En-tête '7T00Base' introuvable.
Erreur dans le fichier ./CSV3\bulletins\bulletins_propres\table_page_373.csv: En-tête 'Base' introuvable.
Erreur dans le fichier ./CSV3\bulletins\bulletins_propres\table_page_373.csv: En-tête '7T02Base' introuvable.
Erreur dans le fichier ./CSV3\bulletins\bulletins_propres\table_page_373.csv: En-tête 'Base' introuvable.
Erreur dans le fichier ./CSV3\bulletins\bulletins_propres\table_page_373.csv: En-tête '7T05Base' introuvable.
Erreur dans le fichier ./CSV3\bulletins\bulletins_propres\table_page_373.csv: En-tête '7T10Base' introuvable.
Erreur dans le fichier ./CSV3\bulletins\bulletins_propres\table_page_373.csv: En-tête '7T15Base' introuvable.
Erreur dans le fichier ./CSV3\bulletins\bulletins_propres\table_page_373.csv: En-tête '7T20Base' introuvable.
Erreur dans le fichier ./CSV3\bulletins\bulletins_propres\table_page_373.csv: En-tête '6082Base' introuvable.
Erreur dans le fichier ./CSV3\bulletins\bulletins_propres\table_page_373.csv: En-tête '6094Base' introuvable.
Erreur dans le fichier ./CSV3\bulletins\bulletins_propres\table_page_373.csv: En-tête 'Total Charges Ded.Base' introuvable.
Erreur dans le fichier ./CSV3\bulletins\bulletins_propres\table_page_373.csv: En-tête '6080Base' introuvable.
Erreur dans le fichier ./CSV3\bulletins\bulletins_propres\table_page_373.csv: En-tête '6084Base' introuvable.
Erreur dans le fichier ./CSV3\bulletins\bulletins_propres\table_page_373.csv: En-tête '6092Base' introuvable.
Erreur dans le fichier ./CSV3\bulletins\bulletins_propres\table_page_373.csv: En-tête '6096Base' introuvable.
Erreur dans le fichier ./CSV3\bulletins\bulletins_propres\table_page_373.csv: En-tête 'Total Charges Non Ded.Base' introuvable.
Erreur dans le fichier ./CSV3\bulletins\bulletins_propres\table_page_373.csv: En-tête '8009Base' introuvable.
Erreur dans le fichier ./CSV3\bulletins\bulletins_propres\table_page_373.csv: En-tête '8010Base' introuvable.
Erreur dans le fichier ./CSV3\bulletins\bulletins_propres\table_page_373.csv: En-tête '8007Base' introuvable.
Erreur dans le fichier ./CSV3\bulletins\bulletins_propres\table_page_373.csv: En-tête '8192Base' introuvable.
Erreur dans le fichier ./CSV3\bulletins\bulletins_propres\table_page_375.csv: En-tête '1001Base' introuvable.
Erreur dans le fichier ./CSV3\bulletins\bulletins_propres\table_page_375.csv: En-tête '1046Base' introuvable.
Erreur dans le fichier ./CSV3\bulletins\bulletins_propres\table_page_375.csv: En-tête 'Base' introuvable.
Erreur dans le fichier ./CSV3\bulletins\bulletins_propres\table_page_375.csv: En-tête '2012Base' introuvable.
Erreur dans le fichier ./CSV3\bulletins\bulletins_propres\table_page_375.csv: En-tête 'Base' introuvable.
Erreur dans le fichier ./CSV3\bulletins\bulletins_propres\table_page_375.csv: En-tête '2018Base' introuvable.
Erreur dans le fichier ./CSV3\bulletins\bulletins_propres\table_page_375.csv: En-tête '2078Base' introuvable.
Erreur dans le fichier ./CSV3\bulletins\bulletins_propres\table_page_375.csv: En-tête '3050Base' introuvable.
Erreur dans le fichier ./CSV3\bulletins\bulletins_propres\table_page_375.csv: En-tête '3060Base' introuvable.
Erreur dans le fichier ./CSV3\bulletins\bulletins_propres\table_page_375.csv: En-tête 'Base' introuvable.
Erreur dans le fichier ./CSV3\bulletins\bulletins_propres\table_page_375.csv: En-tête 'TOTAL BRUTBase' introuvable.
Erreur dans le fichier ./CSV3\bulletins\bulletins_propres\table_page_375.csv: En-tête '7001Base' introuvable.
Erreur dans le fichier ./CSV3\bulletins\bulletins_propres\table_page_375.csv: En-tête '7010Base' introuvable.
Erreur dans le fichier ./CSV3\bulletins\bulletins_propres\table_page_375.csv: En-tête '7015Base' introuvable.
Erreur dans le fichier ./CSV3\bulletins\bulletins_propres\table_page_375.csv: En-tête '7020Base' introuvable.
Erreur dans le fichier ./CSV3\bulletins\bulletins_propres\table_page_375.csv: En-tête '7030Base' introuvable.
Erreur dans le fichier ./CSV3\bulletins\bulletins_propres\table_page_375.csv: En-tête '7035Base' introuvable.
Erreur dans le fichier ./CSV3\bulletins\bulletins_propres\table_page_375.csv: En-tête '7040Base' introuvable.
Erreur dans le fichier ./CSV3\bulletins\bulletins_propres\table_page_375.csv: En-tête 'Base' introuvable.
Erreur dans le fichier ./CSV3\bulletins\bulletins_propres\table_page_375.csv: En-tête '7045Base' introuvable.
Erreur dans le fichier ./CSV3\bulletins\bulletins_propres\table_page_375.csv: En-tête 'Base' introuvable.
Erreur dans le fichier ./CSV3\bulletins\bulletins_propres\table_page_375.csv: En-tête '7050Base' introuvable.
Erreur dans le fichier ./CSV3\bulletins\bulletins_propres\table_page_375.csv: En-tête 'Base' introuvable.
Erreur dans le fichier ./CSV3\bulletins\bulletins_propres\table_page_375.csv: En-tête '7055Base' introuvable.
Erreur dans le fichier ./CSV3\bulletins\bulletins_propres\table_page_375.csv: En-tête 'Base' introuvable.
Erreur dans le fichier ./CSV3\bulletins\bulletins_propres\table_page_375.csv: En-tête '7C00Base' introuvable.
Erreur dans le fichier ./CSV3\bulletins\bulletins_propres\table_page_375.csv: En-tête '7C20Base' introuvable.
Erreur dans le fichier ./CSV3\bulletins\bulletins_propres\table_page_375.csv: En-tête '7M05Base' introuvable.
Erreur dans le fichier ./CSV3\bulletins\bulletins_propres\table_page_375.csv: En-tête '7P20Base' introuvable.
Erreur dans le fichier ./CSV3\bulletins\bulletins_propres\table_page_375.csv: En-tête '7R56Base' introuvable.
Erreur dans le fichier ./CSV3\bulletins\bulletins_propres\table_page_375.csv: En-tête '7R63Base' introuvable.
Erreur dans le fichier ./CSV3\bulletins\bulletins_propres\table_page_375.csv: En-tête '7T00Base' introuvable.
Erreur dans le fichier ./CSV3\bulletins\bulletins_propres\table_page_375.csv: En-tête '7T02Base' introuvable.
Erreur dans le fichier ./CSV3\bulletins\bulletins_propres\table_page_375.csv: En-tête '7T05Base' introuvable.
Erreur dans le fichier ./CSV3\bulletins\bulletins_propres\table_page_375.csv: En-tête '7T10Base' introuvable.
Erreur dans le fichier ./CSV3\bulletins\bulletins_propres\table_page_375.csv: En-tête '7T15Base' introuvable.
Erreur dans le fichier ./CSV3\bulletins\bulletins_propres\table_page_375.csv: En-tête 'Base' introuvable.
Erreur dans le fichier ./CSV3\bulletins\bulletins_propres\table_page_375.csv: En-tête '7T20Base' introuvable.
Erreur dans le fichier ./CSV3\bulletins\bulletins_propres\table_page_375.csv: En-tête 'Base' introuvable.
Erreur dans le fichier ./CSV3\bulletins\bulletins_propres\table_page_375.csv: En-tête '6082Base' introuvable.
Erreur dans le fichier ./CSV3\bulletins\bulletins_propres\table_page_375.csv: En-tête '6094Base' introuvable.
Erreur dans le fichier ./CSV3\bulletins\bulletins_propres\table_page_375.csv: En-tête 'Total Charges Ded.Base' introuvable.
Erreur dans le fichier ./CSV3\bulletins\bulletins_propres\table_page_375.csv: En-tête '6080Base' introuvable.
Erreur dans le fichier ./CSV3\bulletins\bulletins_propres\table_page_375.csv: En-tête '6084Base' introuvable.
Erreur dans le fichier ./CSV3\bulletins\bulletins_propres\table_page_375.csv: En-tête '6092Base' introuvable.
Erreur dans le fichier ./CSV3\bulletins\bulletins_propres\table_page_375.csv: En-tête '6096Base' introuvable.
Erreur dans le fichier ./CSV3\bulletins\bulletins_propres\table_page_375.csv: En-tête 'Total Charges Non Ded.Base' introuvable.
Erreur dans le fichier ./CSV3\bulletins\bulletins_propres\table_page_375.csv: En-tête '8009Base' introuvable.
Erreur dans le fichier ./CSV3\bulletins\bulletins_propres\table_page_375.csv: En-tête '8010Base' introuvable.
Erreur dans le fichier ./CSV3\bulletins\bulletins_propres\table_page_377.csv: En-tête '1001Base' introuvable.
Erreur dans le fichier ./CSV3\bulletins\bulletins_propres\table_page_377.csv: En-tête '2012Base' introuvable.
Erreur dans le fichier ./CSV3\bulletins\bulletins_propres\table_page_377.csv: En-tête 'Base' introuvable.
Erreur dans le fichier ./CSV3\bulletins\bulletins_propres\table_page_377.csv: En-tête '2068Base' introuvable.
Erreur dans le fichier ./CSV3\bulletins\bulletins_propres\table_page_377.csv: En-tête 'Base' introuvable.
Erreur dans le fichier ./CSV3\bulletins\bulletins_propres\table_page_377.csv: En-tête '3404Base' introuvable.
Erreur dans le fichier ./CSV3\bulletins\bulletins_propres\table_page_377.csv: En-tête '3406Base' introuvable.
Erreur dans le fichier ./CSV3\bulletins\bulletins_propres\table_page_377.csv: En-tête 'Base' introuvable.
Erreur dans le fichier ./CSV3\bulletins\bulletins_propres\table_page_377.csv: En-tête 'TOTAL BRUTBase' introuvable.
Erreur dans le fichier ./CSV3\bulletins\bulletins_propres\table_page_377.csv: En-tête '7001Base' introuvable.
Erreur dans le fichier ./CSV3\bulletins\bulletins_propres\table_page_377.csv: En-tête '7010Base' introuvable.
Erreur dans le fichier ./CSV3\bulletins\bulletins_propres\table_page_377.csv: En-tête '7015Base' introuvable.
Erreur dans le fichier ./CSV3\bulletins\bulletins_propres\table_page_377.csv: En-tête '7020Base' introuvable.
Erreur dans le fichier ./CSV3\bulletins\bulletins_propres\table_page_377.csv: En-tête '7030Base' introuvable.
Erreur dans le fichier ./CSV3\bulletins\bulletins_propres\table_page_377.csv: En-tête '7035Base' introuvable.
Erreur dans le fichier ./CSV3\bulletins\bulletins_propres\table_page_377.csv: En-tête '7040Base' introuvable.
Erreur dans le fichier ./CSV3\bulletins\bulletins_propres\table_page_377.csv: En-tête '7045Base' introuvable.
Erreur dans le fichier ./CSV3\bulletins\bulletins_propres\table_page_377.csv: En-tête '7050Base' introuvable.
Erreur dans le fichier ./CSV3\bulletins\bulletins_propres\table_page_377.csv: En-tête 'Base' introuvable.
Erreur dans le fichier ./CSV3\bulletins\bulletins_propres\table_page_377.csv: En-tête '7055Base' introuvable.
Erreur dans le fichier ./CSV3\bulletins\bulletins_propres\table_page_377.csv: En-tête 'Base' introuvable.
Erreur dans le fichier ./CSV3\bulletins\bulletins_propres\table_page_377.csv: En-tête '7C00Base' introuvable.
Erreur dans le fichier ./CSV3\bulletins\bulletins_propres\table_page_377.csv: En-tête 'Base' introuvable.
Erreur dans le fichier ./CSV3\bulletins\bulletins_propres\table_page_377.csv: En-tête '7C10Base' introuvable.
Erreur dans le fichier ./CSV3\bulletins\bulletins_propres\table_page_377.csv: En-tête 'Base' introuvable.
Erreur dans le fichier ./CSV3\bulletins\bulletins_propres\table_page_377.csv: En-tête '7C20Base' introuvable.
Erreur dans le fichier ./CSV3\bulletins\bulletins_propres\table_page_377.csv: En-tête '7M05Base' introuvable.
Erreur dans le fichier ./CSV3\bulletins\bulletins_propres\table_page_377.csv: En-tête '7P20Base' introuvable.
Erreur dans le fichier ./CSV3\bulletins\bulletins_propres\table_page_377.csv: En-tête '7P25Base' introuvable.
Erreur dans le fichier ./CSV3\bulletins\bulletins_propres\table_page_377.csv: En-tête '7R44Base' introuvable.
Erreur dans le fichier ./CSV3\bulletins\bulletins_propres\table_page_377.csv: En-tête '7R45Base' introuvable.
Erreur dans le fichier ./CSV3\bulletins\bulletins_propres\table_page_377.csv: En-tête '7R53Base' introuvable.
Erreur dans le fichier ./CSV3\bulletins\bulletins_propres\table_page_377.csv: En-tête '7R54Base' introuvable.
Erreur dans le fichier ./CSV3\bulletins\bulletins_propres\table_page_377.csv: En-tête '7R63Base' introuvable.
Erreur dans le fichier ./CSV3\bulletins\bulletins_propres\table_page_377.csv: En-tête '7R64Base' introuvable.
Erreur dans le fichier ./CSV3\bulletins\bulletins_propres\table_page_377.csv: En-tête '7R70Base' introuvable.
Erreur dans le fichier ./CSV3\bulletins\bulletins_propres\table_page_377.csv: En-tête 'Base' introuvable.
Erreur dans le fichier ./CSV3\bulletins\bulletins_propres\table_page_377.csv: En-tête '7R71Base' introuvable.
Erreur dans le fichier ./CSV3\bulletins\bulletins_propres\table_page_377.csv: En-tête 'Base' introuvable.
Erreur dans le fichier ./CSV3\bulletins\bulletins_propres\table_page_377.csv: En-tête '7T00Base' introuvable.
Erreur dans le fichier ./CSV3\bulletins\bulletins_propres\table_page_377.csv: En-tête 'Base' introuvable.
Erreur dans le fichier ./CSV3\bulletins\bulletins_propres\table_page_377.csv: En-tête '7T02Base' introuvable.
Erreur dans le fichier ./CSV3\bulletins\bulletins_propres\table_page_377.csv: En-tête '7T05Base' introuvable.
Erreur dans le fichier ./CSV3\bulletins\bulletins_propres\table_page_377.csv: En-tête '7T10Base' introuvable.
Erreur dans le fichier ./CSV3\bulletins\bulletins_propres\table_page_377.csv: En-tête '7T15Base' introuvable.
Erreur dans le fichier ./CSV3\bulletins\bulletins_propres\table_page_377.csv: En-tête '7T20Base' introuvable.
Erreur dans le fichier ./CSV3\bulletins\bulletins_propres\table_page_377.csv: En-tête '6082Base' introuvable.
Erreur dans le fichier ./CSV3\bulletins\bulletins_propres\table_page_377.csv: En-tête '6094Base' introuvable.
Erreur dans le fichier ./CSV3\bulletins\bulletins_propres\table_page_377.csv: En-tête 'Total Charges Ded.Base' introuvable.
Erreur dans le fichier ./CSV3\bulletins\bulletins_propres\table_page_377.csv: En-tête '6080Base' introuvable.
Erreur dans le fichier ./CSV3\bulletins\bulletins_propres\table_page_377.csv: En-tête '6084Base' introuvable.
Erreur dans le fichier ./CSV3\bulletins\bulletins_propres\table_page_377.csv: En-tête '6092Base' introuvable.
Erreur dans le fichier ./CSV3\bulletins\bulletins_propres\table_page_377.csv: En-tête '6096Base' introuvable.
Erreur dans le fichier ./CSV3\bulletins\bulletins_propres\table_page_377.csv: En-tête 'Total Charges Non Ded.Base' introuvable.
Erreur dans le fichier ./CSV3\bulletins\bulletins_propres\table_page_377.csv: En-tête '8009Base' introuvable.
Erreur dans le fichier ./CSV3\bulletins\bulletins_propres\table_page_377.csv: En-tête '8010Base' introuvable.
Erreur dans le fichier ./CSV3\bulletins\bulletins_propres\table_page_377.csv: En-tête '8007Base' introuvable.
Erreur dans le fichier ./CSV3\bulletins\bulletins_propres\table_page_377.csv: En-tête 'Base' introuvable.
Erreur dans le fichier ./CSV3\bulletins\bulletins_propres\table_page_377.csv: En-tête 'Base' introuvable.
Erreur dans le fichier ./CSV3\bulletins\bulletins_propres\table_page_377.csv: En-tête 'Impôt sur le revenuBase' introuvable.
Erreur dans le fichier ./CSV3\bulletins\bulletins_propres\table_page_377.csv: En-tête 'Impôt sur le revenu à la sourceBase' introuvable.
Erreur dans le fichier ./CSV3\bulletins\bulletins_propres\table_page_379.csv: En-tête '1001Base' introuvable.
Erreur dans le fichier ./CSV3\bulletins\bulletins_propres\table_page_379.csv: En-tête '1046Base' introuvable.
Erreur dans le fichier ./CSV3\bulletins\bulletins_propres\table_page_379.csv: En-tête 'Base' introuvable.
Erreur dans le fichier ./CSV3\bulletins\bulletins_propres\table_page_379.csv: En-tête '2012Base' introuvable.
Erreur dans le fichier ./CSV3\bulletins\bulletins_propres\table_page_379.csv: En-tête 'Base' introuvable.
Erreur dans le fichier ./CSV3\bulletins\bulletins_propres\table_page_379.csv: En-tête '2012Base' introuvable.
Erreur dans le fichier ./CSV3\bulletins\bulletins_propres\table_page_379.csv: En-tête '2016Base' introuvable.
Erreur dans le fichier ./CSV3\bulletins\bulletins_propres\table_page_379.csv: En-tête '2018Base' introuvable.
Erreur dans le fichier ./CSV3\bulletins\bulletins_propres\table_page_379.csv: En-tête '2050Base' introuvable.
Erreur dans le fichier ./CSV3\bulletins\bulletins_propres\table_page_379.csv: En-tête '2050Base' introuvable.
Erreur dans le fichier ./CSV3\bulletins\bulletins_propres\table_page_379.csv: En-tête '2068Base' introuvable.
Erreur dans le fichier ./CSV3\bulletins\bulletins_propres\table_page_379.csv: En-tête '2078Base' introuvable.
Erreur dans le fichier ./CSV3\bulletins\bulletins_propres\table_page_379.csv: En-tête '2082Base' introuvable.
Erreur dans le fichier ./CSV3\bulletins\bulletins_propres\table_page_379.csv: En-tête '3280Base' introuvable.
Erreur dans le fichier ./CSV3\bulletins\bulletins_propres\table_page_379.csv: En-tête '3285Base' introuvable.
Erreur dans le fichier ./CSV3\bulletins\bulletins_propres\table_page_379.csv: En-tête '3B80Base' introuvable.
Erreur dans le fichier ./CSV3\bulletins\bulletins_propres\table_page_379.csv: En-tête '3B82Base' introuvable.
Erreur dans le fichier ./CSV3\bulletins\bulletins_propres\table_page_379.csv: En-tête 'Base' introuvable.
Erreur dans le fichier ./CSV3\bulletins\bulletins_propres\table_page_379.csv: En-tête 'TOTAL BRUTBase' introuvable.
Erreur dans le fichier ./CSV3\bulletins\bulletins_propres\table_page_379.csv: En-tête 'Base' introuvable.
Erreur dans le fichier ./CSV3\bulletins\bulletins_propres\table_page_379.csv: En-tête '60F2Base' introuvable.
Erreur dans le fichier ./CSV3\bulletins\bulletins_propres\table_page_379.csv: En-tête 'Base' introuvable.
Erreur dans le fichier ./CSV3\bulletins\bulletins_propres\table_page_379.csv: En-tête '7001Base' introuvable.
Erreur dans le fichier ./CSV3\bulletins\bulletins_propres\table_page_379.csv: En-tête 'Base' introuvable.
Erreur dans le fichier ./CSV3\bulletins\bulletins_propres\table_page_379.csv: En-tête '7010Base' introuvable.
Erreur dans le fichier ./CSV3\bulletins\bulletins_propres\table_page_379.csv: En-tête '7015Base' introuvable.
Erreur dans le fichier ./CSV3\bulletins\bulletins_propres\table_page_379.csv: En-tête '7020Base' introuvable.
Erreur dans le fichier ./CSV3\bulletins\bulletins_propres\table_page_379.csv: En-tête '7030Base' introuvable.
Erreur dans le fichier ./CSV3\bulletins\bulletins_propres\table_page_379.csv: En-tête '7035Base' introuvable.
Erreur dans le fichier ./CSV3\bulletins\bulletins_propres\table_page_379.csv: En-tête '7040Base' introuvable.
Erreur dans le fichier ./CSV3\bulletins\bulletins_propres\table_page_379.csv: En-tête '7045Base' introuvable.
Erreur dans le fichier ./CSV3\bulletins\bulletins_propres\table_page_379.csv: En-tête '7050Base' introuvable.
Erreur dans le fichier ./CSV3\bulletins\bulletins_propres\table_page_379.csv: En-tête '7055Base' introuvable.
Erreur dans le fichier ./CSV3\bulletins\bulletins_propres\table_page_379.csv: En-tête '7C00Base' introuvable.
Erreur dans le fichier ./CSV3\bulletins\bulletins_propres\table_page_379.csv: En-tête '7C20Base' introuvable.
Erreur dans le fichier ./CSV3\bulletins\bulletins_propres\table_page_379.csv: En-tête 'Base' introuvable.
Erreur dans le fichier ./CSV3\bulletins\bulletins_propres\table_page_379.csv: En-tête '7M03Base' introuvable.
Erreur dans le fichier ./CSV3\bulletins\bulletins_propres\table_page_379.csv: En-tête 'Base' introuvable.
Erreur dans le fichier ./CSV3\bulletins\bulletins_propres\table_page_379.csv: En-tête '7P10Base' introuvable.
Erreur dans le fichier ./CSV3\bulletins\bulletins_propres\table_page_379.csv: En-tête '7R56Base' introuvable.
Erreur dans le fichier ./CSV3\bulletins\bulletins_propres\table_page_379.csv: En-tête '7R63Base' introuvable.
Erreur dans le fichier ./CSV3\bulletins\bulletins_propres\table_page_379.csv: En-tête '7T00Base' introuvable.
Erreur dans le fichier ./CSV3\bulletins\bulletins_propres\table_page_379.csv: En-tête '7T02Base' introuvable.
Erreur dans le fichier ./CSV3\bulletins\bulletins_propres\table_page_379.csv: En-tête '7T05Base' introuvable.
Erreur dans le fichier ./CSV3\bulletins\bulletins_propres\table_page_379.csv: En-tête '7T10Base' introuvable.
Erreur dans le fichier ./CSV3\bulletins\bulletins_propres\table_page_379.csv: En-tête '7T15Base' introuvable.
Erreur dans le fichier ./CSV3\bulletins\bulletins_propres\table_page_379.csv: En-tête '7T20Base' introuvable.
Erreur dans le fichier ./CSV3\bulletins\bulletins_propres\table_page_379.csv: En-tête '6082Base' introuvable.
Erreur dans le fichier ./CSV3\bulletins\bulletins_propres\table_page_379.csv: En-tête '6094Base' introuvable.
Erreur dans le fichier ./CSV3\bulletins\bulletins_propres\table_page_379.csv: En-tête 'Total Charges Ded.Base' introuvable.
Erreur dans le fichier ./CSV3\bulletins\bulletins_propres\table_page_379.csv: En-tête '6080Base' introuvable.
Erreur dans le fichier ./CSV3\bulletins\bulletins_propres\table_page_379.csv: En-tête '6084Base' introuvable.
Erreur dans le fichier ./CSV3\bulletins\bulletins_propres\table_page_379.csv: En-tête '6092Base' introuvable.
Erreur dans le fichier ./CSV3\bulletins\bulletins_propres\table_page_379.csv: En-tête '6096Base' introuvable.
Erreur dans le fichier ./CSV3\bulletins\bulletins_propres\table_page_379.csv: En-tête '60F1Base' introuvable.
Erreur dans le fichier ./CSV3\bulletins\bulletins_propres\table_page_379.csv: En-tête '60F3Base' introuvable.
Erreur dans le fichier ./CSV3\bulletins\bulletins_propres\table_page_379.csv: En-tête '60F4Base' introuvable.
Erreur dans le fichier ./CSV3\bulletins\bulletins_propres\table_page_379.csv: En-tête '60F8Base' introuvable.
Erreur dans le fichier ./CSV3\bulletins\bulletins_propres\table_page_379.csv: En-tête '60F9Base' introuvable.
Erreur dans le fichier ./CSV3\bulletins\bulletins_propres\table_page_379.csv: En-tête 'Total Charges Non Ded.Base' introuvable.
Erreur dans le fichier ./CSV3\bulletins\bulletins_propres\table_page_381.csv: En-tête '1002Base' introuvable.
Erreur dans le fichier ./CSV3\bulletins\bulletins_propres\table_page_381.csv: En-tête '2012Base' introuvable.
Erreur dans le fichier ./CSV3\bulletins\bulletins_propres\table_page_381.csv: En-tête 'Base' introuvable.
Erreur dans le fichier ./CSV3\bulletins\bulletins_propres\table_page_381.csv: En-tête '2068Base' introuvable.
Erreur dans le fichier ./CSV3\bulletins\bulletins_propres\table_page_381.csv: En-tête 'Base' introuvable.
Erreur dans le fichier ./CSV3\bulletins\bulletins_propres\table_page_381.csv: En-tête '2262Base' introuvable.
Erreur dans le fichier ./CSV3\bulletins\bulletins_propres\table_page_381.csv: En-tête 'TOTAL BRUTBase' introuvable.
Erreur dans le fichier ./CSV3\bulletins\bulletins_propres\table_page_381.csv: En-tête 'Base' introuvable.
Erreur dans le fichier ./CSV3\bulletins\bulletins_propres\table_page_381.csv: En-tête '7001Base' introuvable.
Erreur dans le fichier ./CSV3\bulletins\bulletins_propres\table_page_381.csv: En-tête '7002Base' introuvable.
Erreur dans le fichier ./CSV3\bulletins\bulletins_propres\table_page_381.csv: En-tête '7010Base' introuvable.
Erreur dans le fichier ./CSV3\bulletins\bulletins_propres\table_page_381.csv: En-tête '7015Base' introuvable.
Erreur dans le fichier ./CSV3\bulletins\bulletins_propres\table_page_381.csv: En-tête '7020Base' introuvable.
Erreur dans le fichier ./CSV3\bulletins\bulletins_propres\table_page_381.csv: En-tête '7030Base' introuvable.
Erreur dans le fichier ./CSV3\bulletins\bulletins_propres\table_page_381.csv: En-tête '7035Base' introuvable.
Erreur dans le fichier ./CSV3\bulletins\bulletins_propres\table_page_381.csv: En-tête '7040Base' introuvable.
Erreur dans le fichier ./CSV3\bulletins\bulletins_propres\table_page_381.csv: En-tête '7045Base' introuvable.
Erreur dans le fichier ./CSV3\bulletins\bulletins_propres\table_page_381.csv: En-tête '7050Base' introuvable.
Erreur dans le fichier ./CSV3\bulletins\bulletins_propres\table_page_381.csv: En-tête 'Base' introuvable.
Erreur dans le fichier ./CSV3\bulletins\bulletins_propres\table_page_381.csv: En-tête '7055Base' introuvable.
Erreur dans le fichier ./CSV3\bulletins\bulletins_propres\table_page_381.csv: En-tête 'Base' introuvable.
Erreur dans le fichier ./CSV3\bulletins\bulletins_propres\table_page_381.csv: En-tête '7C00Base' introuvable.
Erreur dans le fichier ./CSV3\bulletins\bulletins_propres\table_page_381.csv: En-tête 'Base' introuvable.
Erreur dans le fichier ./CSV3\bulletins\bulletins_propres\table_page_381.csv: En-tête '7C10Base' introuvable.
Erreur dans le fichier ./CSV3\bulletins\bulletins_propres\table_page_381.csv: En-tête 'Base' introuvable.
Erreur dans le fichier ./CSV3\bulletins\bulletins_propres\table_page_381.csv: En-tête '7C20Base' introuvable.
Erreur dans le fichier ./CSV3\bulletins\bulletins_propres\table_page_381.csv: En-tête '7P20Base' introuvable.
Erreur dans le fichier ./CSV3\bulletins\bulletins_propres\table_page_381.csv: En-tête '7P25Base' introuvable.
Erreur dans le fichier ./CSV3\bulletins\bulletins_propres\table_page_381.csv: En-tête '7R44Base' introuvable.
Erreur dans le fichier ./CSV3\bulletins\bulletins_propres\table_page_381.csv: En-tête '7R45Base' introuvable.
Erreur dans le fichier ./CSV3\bulletins\bulletins_propres\table_page_381.csv: En-tête '7R53Base' introuvable.
Erreur dans le fichier ./CSV3\bulletins\bulletins_propres\table_page_381.csv: En-tête '7R54Base' introuvable.
Erreur dans le fichier ./CSV3\bulletins\bulletins_propres\table_page_381.csv: En-tête '7R63Base' introuvable.
Erreur dans le fichier ./CSV3\bulletins\bulletins_propres\table_page_381.csv: En-tête '7R64Base' introuvable.
Erreur dans le fichier ./CSV3\bulletins\bulletins_propres\table_page_381.csv: En-tête '7R70Base' introuvable.
Erreur dans le fichier ./CSV3\bulletins\bulletins_propres\table_page_381.csv: En-tête '7R71Base' introuvable.
Erreur dans le fichier ./CSV3\bulletins\bulletins_propres\table_page_381.csv: En-tête 'Base' introuvable.
Erreur dans le fichier ./CSV3\bulletins\bulletins_propres\table_page_381.csv: En-tête '7T00Base' introuvable.
Erreur dans le fichier ./CSV3\bulletins\bulletins_propres\table_page_381.csv: En-tête 'Base' introuvable.
Erreur dans le fichier ./CSV3\bulletins\bulletins_propres\table_page_381.csv: En-tête '7T02Base' introuvable.
Erreur dans le fichier ./CSV3\bulletins\bulletins_propres\table_page_381.csv: En-tête '7T05Base' introuvable.
Erreur dans le fichier ./CSV3\bulletins\bulletins_propres\table_page_381.csv: En-tête '7T10Base' introuvable.
Erreur dans le fichier ./CSV3\bulletins\bulletins_propres\table_page_381.csv: En-tête '7T15Base' introuvable.
Erreur dans le fichier ./CSV3\bulletins\bulletins_propres\table_page_381.csv: En-tête '7T20Base' introuvable.
Erreur dans le fichier ./CSV3\bulletins\bulletins_propres\table_page_381.csv: En-tête '6082Base' introuvable.
Erreur dans le fichier ./CSV3\bulletins\bulletins_propres\table_page_381.csv: En-tête '6094Base' introuvable.
Erreur dans le fichier ./CSV3\bulletins\bulletins_propres\table_page_381.csv: En-tête 'Total Charges Ded.Base' introuvable.
Erreur dans le fichier ./CSV3\bulletins\bulletins_propres\table_page_381.csv: En-tête '6080Base' introuvable.
Erreur dans le fichier ./CSV3\bulletins\bulletins_propres\table_page_381.csv: En-tête '6084Base' introuvable.
Erreur dans le fichier ./CSV3\bulletins\bulletins_propres\table_page_381.csv: En-tête '6092Base' introuvable.
Erreur dans le fichier ./CSV3\bulletins\bulletins_propres\table_page_381.csv: En-tête '6096Base' introuvable.
Erreur dans le fichier ./CSV3\bulletins\bulletins_propres\table_page_381.csv: En-tête 'Total Charges Non Ded.Base' introuvable.
Erreur dans le fichier ./CSV3\bulletins\bulletins_propres\table_page_381.csv: En-tête '8009Base' introuvable.
Erreur dans le fichier ./CSV3\bulletins\bulletins_propres\table_page_381.csv: En-tête '8010Base' introuvable.
Erreur dans le fichier ./CSV3\bulletins\bulletins_propres\table_page_381.csv: En-tête '8007Base' introuvable.
Erreur dans le fichier ./CSV3\bulletins\bulletins_propres\table_page_383.csv: En-tête '1001Base' introuvable.
Erreur dans le fichier ./CSV3\bulletins\bulletins_propres\table_page_383.csv: En-tête '1046Base' introuvable.
Erreur dans le fichier ./CSV3\bulletins\bulletins_propres\table_page_383.csv: En-tête 'Base' introuvable.
Erreur dans le fichier ./CSV3\bulletins\bulletins_propres\table_page_383.csv: En-tête '2012Base' introuvable.
Erreur dans le fichier ./CSV3\bulletins\bulletins_propres\table_page_383.csv: En-tête 'Base' introuvable.
Erreur dans le fichier ./CSV3\bulletins\bulletins_propres\table_page_383.csv: En-tête '2068Base' introuvable.
Erreur dans le fichier ./CSV3\bulletins\bulletins_propres\table_page_383.csv: En-tête '2078Base' introuvable.
Erreur dans le fichier ./CSV3\bulletins\bulletins_propres\table_page_383.csv: En-tête '3404Base' introuvable.
Erreur dans le fichier ./CSV3\bulletins\bulletins_propres\table_page_383.csv: En-tête '3406Base' introuvable.
Erreur dans le fichier ./CSV3\bulletins\bulletins_propres\table_page_383.csv: En-tête '3704Base' introuvable.
Erreur dans le fichier ./CSV3\bulletins\bulletins_propres\table_page_383.csv: En-tête 'Base' introuvable.
Erreur dans le fichier ./CSV3\bulletins\bulletins_propres\table_page_383.csv: En-tête 'TOTAL BRUTBase' introuvable.
Erreur dans le fichier ./CSV3\bulletins\bulletins_propres\table_page_383.csv: En-tête '7001Base' introuvable.
Erreur dans le fichier ./CSV3\bulletins\bulletins_propres\table_page_383.csv: En-tête '7010Base' introuvable.
Erreur dans le fichier ./CSV3\bulletins\bulletins_propres\table_page_383.csv: En-tête '7015Base' introuvable.
Erreur dans le fichier ./CSV3\bulletins\bulletins_propres\table_page_383.csv: En-tête '7020Base' introuvable.
Erreur dans le fichier ./CSV3\bulletins\bulletins_propres\table_page_383.csv: En-tête '7030Base' introuvable.
Erreur dans le fichier ./CSV3\bulletins\bulletins_propres\table_page_383.csv: En-tête '7035Base' introuvable.
Erreur dans le fichier ./CSV3\bulletins\bulletins_propres\table_page_383.csv: En-tête 'Base' introuvable.
Erreur dans le fichier ./CSV3\bulletins\bulletins_propres\table_page_383.csv: En-tête '7040Base' introuvable.
Erreur dans le fichier ./CSV3\bulletins\bulletins_propres\table_page_383.csv: En-tête 'Base' introuvable.
Erreur dans le fichier ./CSV3\bulletins\bulletins_propres\table_page_383.csv: En-tête '7045Base' introuvable.
Erreur dans le fichier ./CSV3\bulletins\bulletins_propres\table_page_383.csv: En-tête 'Base' introuvable.
Erreur dans le fichier ./CSV3\bulletins\bulletins_propres\table_page_383.csv: En-tête '7050Base' introuvable.
Erreur dans le fichier ./CSV3\bulletins\bulletins_propres\table_page_383.csv: En-tête 'Base' introuvable.
Erreur dans le fichier ./CSV3\bulletins\bulletins_propres\table_page_383.csv: En-tête '7055Base' introuvable.
Erreur dans le fichier ./CSV3\bulletins\bulletins_propres\table_page_383.csv: En-tête '7C00Base' introuvable.
Erreur dans le fichier ./CSV3\bulletins\bulletins_propres\table_page_383.csv: En-tête '7C20Base' introuvable.
Erreur dans le fichier ./CSV3\bulletins\bulletins_propres\table_page_383.csv: En-tête '7M05Base' introuvable.
Erreur dans le fichier ./CSV3\bulletins\bulletins_propres\table_page_383.csv: En-tête '7P20Base' introuvable.
Erreur dans le fichier ./CSV3\bulletins\bulletins_propres\table_page_383.csv: En-tête '7R56Base' introuvable.
Erreur dans le fichier ./CSV3\bulletins\bulletins_propres\table_page_383.csv: En-tête '7R63Base' introuvable.
Erreur dans le fichier ./CSV3\bulletins\bulletins_propres\table_page_383.csv: En-tête '7T00Base' introuvable.
Erreur dans le fichier ./CSV3\bulletins\bulletins_propres\table_page_383.csv: En-tête '7T02Base' introuvable.
Erreur dans le fichier ./CSV3\bulletins\bulletins_propres\table_page_383.csv: En-tête '7T05Base' introuvable.
Erreur dans le fichier ./CSV3\bulletins\bulletins_propres\table_page_383.csv: En-tête '7T10Base' introuvable.
Erreur dans le fichier ./CSV3\bulletins\bulletins_propres\table_page_383.csv: En-tête 'Base' introuvable.
Erreur dans le fichier ./CSV3\bulletins\bulletins_propres\table_page_383.csv: En-tête '7T15Base' introuvable.
Erreur dans le fichier ./CSV3\bulletins\bulletins_propres\table_page_383.csv: En-tête 'Base' introuvable.
Erreur dans le fichier ./CSV3\bulletins\bulletins_propres\table_page_383.csv: En-tête '7T20Base' introuvable.
Erreur dans le fichier ./CSV3\bulletins\bulletins_propres\table_page_383.csv: En-tête '6082Base' introuvable.
Erreur dans le fichier ./CSV3\bulletins\bulletins_propres\table_page_383.csv: En-tête '6094Base' introuvable.
Erreur dans le fichier ./CSV3\bulletins\bulletins_propres\table_page_383.csv: En-tête 'Total Charges Ded.Base' introuvable.
Erreur dans le fichier ./CSV3\bulletins\bulletins_propres\table_page_383.csv: En-tête '6080Base' introuvable.
Erreur dans le fichier ./CSV3\bulletins\bulletins_propres\table_page_383.csv: En-tête '6084Base' introuvable.
Erreur dans le fichier ./CSV3\bulletins\bulletins_propres\table_page_383.csv: En-tête '6092Base' introuvable.
Erreur dans le fichier ./CSV3\bulletins\bulletins_propres\table_page_383.csv: En-tête '6096Base' introuvable.
Erreur dans le fichier ./CSV3\bulletins\bulletins_propres\table_page_383.csv: En-tête 'Total Charges Non Ded.Base' introuvable.
Erreur dans le fichier ./CSV3\bulletins\bulletins_propres\table_page_383.csv: En-tête '8009Base' introuvable.
Erreur dans le fichier ./CSV3\bulletins\bulletins_propres\table_page_383.csv: En-tête '8010Base' introuvable.
Erreur dans le fichier ./CSV3\bulletins\bulletins_propres\table_page_383.csv: En-tête 'Base' introuvable.
Erreur dans le fichier ./CSV3\bulletins\bulletins_propres\table_page_383.csv: En-tête 'Base' introuvable.
Erreur dans le fichier ./CSV3\bulletins\bulletins_propres\table_page_383.csv: En-tête 'Impôt sur le revenuBase' introuvable.
Erreur dans le fichier ./CSV3\bulletins\bulletins_propres\table_page_383.csv: En-tête 'Impôt sur le revenu à la sourceBase' introuvable.
Erreur dans le fichier ./CSV3\bulletins\bulletins_propres\table_page_385.csv: En-tête '1001Base' introuvable.
Erreur dans le fichier ./CSV3\bulletins\bulletins_propres\table_page_385.csv: En-tête '1046Base' introuvable.
Erreur dans le fichier ./CSV3\bulletins\bulletins_propres\table_page_385.csv: En-tête 'Base' introuvable.
Erreur dans le fichier ./CSV3\bulletins\bulletins_propres\table_page_385.csv: En-tête '2012Base' introuvable.
Erreur dans le fichier ./CSV3\bulletins\bulletins_propres\table_page_385.csv: En-tête 'Base' introuvable.
Erreur dans le fichier ./CSV3\bulletins\bulletins_propres\table_page_385.csv: En-tête '2018Base' introuvable.
Erreur dans le fichier ./CSV3\bulletins\bulletins_propres\table_page_385.csv: En-tête '2068Base' introuvable.
Erreur dans le fichier ./CSV3\bulletins\bulletins_propres\table_page_385.csv: En-tête '2078Base' introuvable.
Erreur dans le fichier ./CSV3\bulletins\bulletins_propres\table_page_385.csv: En-tête '2082Base' introuvable.
Erreur dans le fichier ./CSV3\bulletins\bulletins_propres\table_page_385.csv: En-tête '2084Base' introuvable.
Erreur dans le fichier ./CSV3\bulletins\bulletins_propres\table_page_385.csv: En-tête '3006Base' introuvable.
Erreur dans le fichier ./CSV3\bulletins\bulletins_propres\table_page_385.csv: En-tête 'Base' introuvable.
Erreur dans le fichier ./CSV3\bulletins\bulletins_propres\table_page_385.csv: En-tête 'TOTAL BRUTBase' introuvable.
Erreur dans le fichier ./CSV3\bulletins\bulletins_propres\table_page_385.csv: En-tête '6S89Base' introuvable.
Erreur dans le fichier ./CSV3\bulletins\bulletins_propres\table_page_385.csv: En-tête '7001Base' introuvable.
Erreur dans le fichier ./CSV3\bulletins\bulletins_propres\table_page_385.csv: En-tête '7010Base' introuvable.
Erreur dans le fichier ./CSV3\bulletins\bulletins_propres\table_page_385.csv: En-tête '7015Base' introuvable.
Erreur dans le fichier ./CSV3\bulletins\bulletins_propres\table_page_385.csv: En-tête '7020Base' introuvable.
Erreur dans le fichier ./CSV3\bulletins\bulletins_propres\table_page_385.csv: En-tête 'Base' introuvable.
Erreur dans le fichier ./CSV3\bulletins\bulletins_propres\table_page_385.csv: En-tête '7030Base' introuvable.
Erreur dans le fichier ./CSV3\bulletins\bulletins_propres\table_page_385.csv: En-tête 'Base' introuvable.
Erreur dans le fichier ./CSV3\bulletins\bulletins_propres\table_page_385.csv: En-tête '7035Base' introuvable.
Erreur dans le fichier ./CSV3\bulletins\bulletins_propres\table_page_385.csv: En-tête 'Base' introuvable.
Erreur dans le fichier ./CSV3\bulletins\bulletins_propres\table_page_385.csv: En-tête '7040Base' introuvable.
Erreur dans le fichier ./CSV3\bulletins\bulletins_propres\table_page_385.csv: En-tête 'Base' introuvable.
Erreur dans le fichier ./CSV3\bulletins\bulletins_propres\table_page_385.csv: En-tête '7045Base' introuvable.
Erreur dans le fichier ./CSV3\bulletins\bulletins_propres\table_page_385.csv: En-tête '7050Base' introuvable.
Erreur dans le fichier ./CSV3\bulletins\bulletins_propres\table_page_385.csv: En-tête '7055Base' introuvable.
Erreur dans le fichier ./CSV3\bulletins\bulletins_propres\table_page_385.csv: En-tête '7C00Base' introuvable.
Erreur dans le fichier ./CSV3\bulletins\bulletins_propres\table_page_385.csv: En-tête '7C20Base' introuvable.
Erreur dans le fichier ./CSV3\bulletins\bulletins_propres\table_page_385.csv: En-tête '7M04Base' introuvable.
Erreur dans le fichier ./CSV3\bulletins\bulletins_propres\table_page_385.csv: En-tête '7P10Base' introuvable.
Erreur dans le fichier ./CSV3\bulletins\bulletins_propres\table_page_385.csv: En-tête '7R56Base' introuvable.
Erreur dans le fichier ./CSV3\bulletins\bulletins_propres\table_page_385.csv: En-tête '7R63Base' introuvable.
Erreur dans le fichier ./CSV3\bulletins\bulletins_propres\table_page_385.csv: En-tête '7T00Base' introuvable.
Erreur dans le fichier ./CSV3\bulletins\bulletins_propres\table_page_385.csv: En-tête '7T02Base' introuvable.
Erreur dans le fichier ./CSV3\bulletins\bulletins_propres\table_page_385.csv: En-tête 'Base' introuvable.
Erreur dans le fichier ./CSV3\bulletins\bulletins_propres\table_page_385.csv: En-tête '7T05Base' introuvable.
Erreur dans le fichier ./CSV3\bulletins\bulletins_propres\table_page_385.csv: En-tête '7T10Base' introuvable.
Erreur dans le fichier ./CSV3\bulletins\bulletins_propres\table_page_385.csv: En-tête '7T15Base' introuvable.
Erreur dans le fichier ./CSV3\bulletins\bulletins_propres\table_page_385.csv: En-tête '7T20Base' introuvable.
Erreur dans le fichier ./CSV3\bulletins\bulletins_propres\table_page_385.csv: En-tête '6082Base' introuvable.
Erreur dans le fichier ./CSV3\bulletins\bulletins_propres\table_page_385.csv: En-tête '6094Base' introuvable.
Erreur dans le fichier ./CSV3\bulletins\bulletins_propres\table_page_385.csv: En-tête 'Total Charges Ded.Base' introuvable.
Erreur dans le fichier ./CSV3\bulletins\bulletins_propres\table_page_385.csv: En-tête '6070Base' introuvable.
Erreur dans le fichier ./CSV3\bulletins\bulletins_propres\table_page_385.csv: En-tête '6074Base' introuvable.
Erreur dans le fichier ./CSV3\bulletins\bulletins_propres\table_page_385.csv: En-tête '6080Base' introuvable.
Erreur dans le fichier ./CSV3\bulletins\bulletins_propres\table_page_385.csv: En-tête '6084Base' introuvable.
Erreur dans le fichier ./CSV3\bulletins\bulletins_propres\table_page_385.csv: En-tête '6092Base' introuvable.
Erreur dans le fichier ./CSV3\bulletins\bulletins_propres\table_page_385.csv: En-tête '6096Base' introuvable.
Erreur dans le fichier ./CSV3\bulletins\bulletins_propres\table_page_385.csv: En-tête 'Total Charges Non Ded.Base' introuvable.
Erreur dans le fichier ./CSV3\bulletins\bulletins_propres\table_page_385.csv: En-tête '8009Base' introuvable.
Erreur dans le fichier ./CSV3\bulletins\bulletins_propres\table_page_385.csv: En-tête '8010Base' introuvable.
Erreur dans le fichier ./CSV3\bulletins\bulletins_propres\table_page_385.csv: En-tête '8007Base' introuvable.
Erreur dans le fichier ./CSV3\bulletins\bulletins_propres\table_page_385.csv: En-tête '8190Base' introuvable.
Erreur dans le fichier ./CSV3\bulletins\bulletins_propres\table_page_385.csv: En-tête '8192Base' introuvable.
Erreur dans le fichier ./CSV3\bulletins\bulletins_propres\table_page_387.csv: En-tête '1001Base' introuvable.
Erreur dans le fichier ./CSV3\bulletins\bulletins_propres\table_page_387.csv: En-tête '1046Base' introuvable.
Erreur dans le fichier ./CSV3\bulletins\bulletins_propres\table_page_387.csv: En-tête 'Base' introuvable.
Erreur dans le fichier ./CSV3\bulletins\bulletins_propres\table_page_387.csv: En-tête '2012Base' introuvable.
Erreur dans le fichier ./CSV3\bulletins\bulletins_propres\table_page_387.csv: En-tête 'Base' introuvable.
Erreur dans le fichier ./CSV3\bulletins\bulletins_propres\table_page_387.csv: En-tête '2018Base' introuvable.
Erreur dans le fichier ./CSV3\bulletins\bulletins_propres\table_page_387.csv: En-tête '2068Base' introuvable.
Erreur dans le fichier ./CSV3\bulletins\bulletins_propres\table_page_387.csv: En-tête '2078Base' introuvable.
Erreur dans le fichier ./CSV3\bulletins\bulletins_propres\table_page_387.csv: En-tête '2082Base' introuvable.
Erreur dans le fichier ./CSV3\bulletins\bulletins_propres\table_page_387.csv: En-tête '2084Base' introuvable.
Erreur dans le fichier ./CSV3\bulletins\bulletins_propres\table_page_387.csv: En-tête '3250Base' introuvable.
Erreur dans le fichier ./CSV3\bulletins\bulletins_propres\table_page_387.csv: En-tête '3255Base' introuvable.
Erreur dans le fichier ./CSV3\bulletins\bulletins_propres\table_page_387.csv: En-tête 'Base' introuvable.
Erreur dans le fichier ./CSV3\bulletins\bulletins_propres\table_page_387.csv: En-tête 'TOTAL BRUTBase' introuvable.
Erreur dans le fichier ./CSV3\bulletins\bulletins_propres\table_page_387.csv: En-tête '7001Base' introuvable.
Erreur dans le fichier ./CSV3\bulletins\bulletins_propres\table_page_387.csv: En-tête '7010Base' introuvable.
Erreur dans le fichier ./CSV3\bulletins\bulletins_propres\table_page_387.csv: En-tête '7015Base' introuvable.
Erreur dans le fichier ./CSV3\bulletins\bulletins_propres\table_page_387.csv: En-tête '7020Base' introuvable.
Erreur dans le fichier ./CSV3\bulletins\bulletins_propres\table_page_387.csv: En-tête 'Base' introuvable.
Erreur dans le fichier ./CSV3\bulletins\bulletins_propres\table_page_387.csv: En-tête '7030Base' introuvable.
Erreur dans le fichier ./CSV3\bulletins\bulletins_propres\table_page_387.csv: En-tête 'Base' introuvable.
Erreur dans le fichier ./CSV3\bulletins\bulletins_propres\table_page_387.csv: En-tête '7035Base' introuvable.
Erreur dans le fichier ./CSV3\bulletins\bulletins_propres\table_page_387.csv: En-tête 'Base' introuvable.
Erreur dans le fichier ./CSV3\bulletins\bulletins_propres\table_page_387.csv: En-tête '7040Base' introuvable.
Erreur dans le fichier ./CSV3\bulletins\bulletins_propres\table_page_387.csv: En-tête 'Base' introuvable.
Erreur dans le fichier ./CSV3\bulletins\bulletins_propres\table_page_387.csv: En-tête '7045Base' introuvable.
Erreur dans le fichier ./CSV3\bulletins\bulletins_propres\table_page_387.csv: En-tête '7050Base' introuvable.
Erreur dans le fichier ./CSV3\bulletins\bulletins_propres\table_page_387.csv: En-tête '7055Base' introuvable.
Erreur dans le fichier ./CSV3\bulletins\bulletins_propres\table_page_387.csv: En-tête '7C00Base' introuvable.
Erreur dans le fichier ./CSV3\bulletins\bulletins_propres\table_page_387.csv: En-tête '7C20Base' introuvable.
Erreur dans le fichier ./CSV3\bulletins\bulletins_propres\table_page_387.csv: En-tête '7M04Base' introuvable.
Erreur dans le fichier ./CSV3\bulletins\bulletins_propres\table_page_387.csv: En-tête '7P10Base' introuvable.
Erreur dans le fichier ./CSV3\bulletins\bulletins_propres\table_page_387.csv: En-tête '7R56Base' introuvable.
Erreur dans le fichier ./CSV3\bulletins\bulletins_propres\table_page_387.csv: En-tête '7R63Base' introuvable.
Erreur dans le fichier ./CSV3\bulletins\bulletins_propres\table_page_387.csv: En-tête '7T00Base' introuvable.
Erreur dans le fichier ./CSV3\bulletins\bulletins_propres\table_page_387.csv: En-tête '7T02Base' introuvable.
Erreur dans le fichier ./CSV3\bulletins\bulletins_propres\table_page_387.csv: En-tête 'Base' introuvable.
Erreur dans le fichier ./CSV3\bulletins\bulletins_propres\table_page_387.csv: En-tête '7T05Base' introuvable.
Erreur dans le fichier ./CSV3\bulletins\bulletins_propres\table_page_387.csv: En-tête 'Base' introuvable.
Erreur dans le fichier ./CSV3\bulletins\bulletins_propres\table_page_387.csv: En-tête '7T10Base' introuvable.
Erreur dans le fichier ./CSV3\bulletins\bulletins_propres\table_page_387.csv: En-tête '7T15Base' introuvable.
Erreur dans le fichier ./CSV3\bulletins\bulletins_propres\table_page_387.csv: En-tête '7T20Base' introuvable.
Erreur dans le fichier ./CSV3\bulletins\bulletins_propres\table_page_387.csv: En-tête '6082Base' introuvable.
Erreur dans le fichier ./CSV3\bulletins\bulletins_propres\table_page_387.csv: En-tête '6094Base' introuvable.
Erreur dans le fichier ./CSV3\bulletins\bulletins_propres\table_page_387.csv: En-tête 'Total Charges Ded.Base' introuvable.
Erreur dans le fichier ./CSV3\bulletins\bulletins_propres\table_page_387.csv: En-tête '6080Base' introuvable.
Erreur dans le fichier ./CSV3\bulletins\bulletins_propres\table_page_387.csv: En-tête '6084Base' introuvable.
Erreur dans le fichier ./CSV3\bulletins\bulletins_propres\table_page_387.csv: En-tête '6092Base' introuvable.
Erreur dans le fichier ./CSV3\bulletins\bulletins_propres\table_page_387.csv: En-tête '6096Base' introuvable.
Erreur dans le fichier ./CSV3\bulletins\bulletins_propres\table_page_387.csv: En-tête 'Total Charges Non Ded.Base' introuvable.
Erreur dans le fichier ./CSV3\bulletins\bulletins_propres\table_page_387.csv: En-tête '8009Base' introuvable.
Erreur dans le fichier ./CSV3\bulletins\bulletins_propres\table_page_387.csv: En-tête '8010Base' introuvable.
Erreur dans le fichier ./CSV3\bulletins\bulletins_propres\table_page_387.csv: En-tête '8007Base' introuvable.
Erreur dans le fichier ./CSV3\bulletins\bulletins_propres\table_page_387.csv: En-tête '8020Base' introuvable.
Erreur dans le fichier ./CSV3\bulletins\bulletins_propres\table_page_387.csv: En-tête '8022Base' introuvable.
Erreur dans le fichier ./CSV3\bulletins\bulletins_propres\table_page_387.csv: En-tête '8192Base' introuvable.
Erreur dans le fichier ./CSV3\bulletins\bulletins_propres\table_page_387.csv: En-tête 'Base' introuvable.
Erreur dans le fichier ./CSV3\bulletins\bulletins_propres\table_page_387.csv: En-tête 'Base' introuvable.
Erreur dans le fichier ./CSV3\bulletins\bulletins_propres\table_page_387.csv: En-tête 'Impôt sur le revenuBase' introuvable.
Erreur dans le fichier ./CSV3\bulletins\bulletins_propres\table_page_387.csv: En-tête 'Impôt sur le revenu à la sourceBase' introuvable.
Erreur dans le fichier ./CSV3\bulletins\bulletins_propres\table_page_389.csv: En-tête '1001Base' introuvable.
Erreur dans le fichier ./CSV3\bulletins\bulletins_propres\table_page_389.csv: En-tête '1046Base' introuvable.
Erreur dans le fichier ./CSV3\bulletins\bulletins_propres\table_page_389.csv: En-tête 'Base' introuvable.
Erreur dans le fichier ./CSV3\bulletins\bulletins_propres\table_page_389.csv: En-tête '2012Base' introuvable.
Erreur dans le fichier ./CSV3\bulletins\bulletins_propres\table_page_389.csv: En-tête 'Base' introuvable.
Erreur dans le fichier ./CSV3\bulletins\bulletins_propres\table_page_389.csv: En-tête '2018Base' introuvable.
Erreur dans le fichier ./CSV3\bulletins\bulletins_propres\table_page_389.csv: En-tête '2068Base' introuvable.
Erreur dans le fichier ./CSV3\bulletins\bulletins_propres\table_page_389.csv: En-tête '2078Base' introuvable.
Erreur dans le fichier ./CSV3\bulletins\bulletins_propres\table_page_389.csv: En-tête '2082Base' introuvable.
Erreur dans le fichier ./CSV3\bulletins\bulletins_propres\table_page_389.csv: En-tête '2084Base' introuvable.
Erreur dans le fichier ./CSV3\bulletins\bulletins_propres\table_page_389.csv: En-tête '3250Base' introuvable.
Erreur dans le fichier ./CSV3\bulletins\bulletins_propres\table_page_389.csv: En-tête '3255Base' introuvable.
Erreur dans le fichier ./CSV3\bulletins\bulletins_propres\table_page_389.csv: En-tête 'Base' introuvable.
Erreur dans le fichier ./CSV3\bulletins\bulletins_propres\table_page_389.csv: En-tête 'TOTAL BRUTBase' introuvable.
Erreur dans le fichier ./CSV3\bulletins\bulletins_propres\table_page_389.csv: En-tête '7001Base' introuvable.
Erreur dans le fichier ./CSV3\bulletins\bulletins_propres\table_page_389.csv: En-tête '7010Base' introuvable.
Erreur dans le fichier ./CSV3\bulletins\bulletins_propres\table_page_389.csv: En-tête '7015Base' introuvable.
Erreur dans le fichier ./CSV3\bulletins\bulletins_propres\table_page_389.csv: En-tête '7020Base' introuvable.
Erreur dans le fichier ./CSV3\bulletins\bulletins_propres\table_page_389.csv: En-tête 'Base' introuvable.
Erreur dans le fichier ./CSV3\bulletins\bulletins_propres\table_page_389.csv: En-tête '7030Base' introuvable.
Erreur dans le fichier ./CSV3\bulletins\bulletins_propres\table_page_389.csv: En-tête 'Base' introuvable.
Erreur dans le fichier ./CSV3\bulletins\bulletins_propres\table_page_389.csv: En-tête '7035Base' introuvable.
Erreur dans le fichier ./CSV3\bulletins\bulletins_propres\table_page_389.csv: En-tête 'Base' introuvable.
Erreur dans le fichier ./CSV3\bulletins\bulletins_propres\table_page_389.csv: En-tête '7040Base' introuvable.
Erreur dans le fichier ./CSV3\bulletins\bulletins_propres\table_page_389.csv: En-tête 'Base' introuvable.
Erreur dans le fichier ./CSV3\bulletins\bulletins_propres\table_page_389.csv: En-tête '7045Base' introuvable.
Erreur dans le fichier ./CSV3\bulletins\bulletins_propres\table_page_389.csv: En-tête '7050Base' introuvable.
Erreur dans le fichier ./CSV3\bulletins\bulletins_propres\table_page_389.csv: En-tête '7055Base' introuvable.
Erreur dans le fichier ./CSV3\bulletins\bulletins_propres\table_page_389.csv: En-tête '7C00Base' introuvable.
Erreur dans le fichier ./CSV3\bulletins\bulletins_propres\table_page_389.csv: En-tête '7C20Base' introuvable.
Erreur dans le fichier ./CSV3\bulletins\bulletins_propres\table_page_389.csv: En-tête '7M04Base' introuvable.
Erreur dans le fichier ./CSV3\bulletins\bulletins_propres\table_page_389.csv: En-tête '7P10Base' introuvable.
Erreur dans le fichier ./CSV3\bulletins\bulletins_propres\table_page_389.csv: En-tête '7R56Base' introuvable.
Erreur dans le fichier ./CSV3\bulletins\bulletins_propres\table_page_389.csv: En-tête '7R63Base' introuvable.
Erreur dans le fichier ./CSV3\bulletins\bulletins_propres\table_page_389.csv: En-tête '7T00Base' introuvable.
Erreur dans le fichier ./CSV3\bulletins\bulletins_propres\table_page_389.csv: En-tête '7T02Base' introuvable.
Erreur dans le fichier ./CSV3\bulletins\bulletins_propres\table_page_389.csv: En-tête 'Base' introuvable.
Erreur dans le fichier ./CSV3\bulletins\bulletins_propres\table_page_389.csv: En-tête '7T05Base' introuvable.
Erreur dans le fichier ./CSV3\bulletins\bulletins_propres\table_page_389.csv: En-tête 'Base' introuvable.
Erreur dans le fichier ./CSV3\bulletins\bulletins_propres\table_page_389.csv: En-tête '7T10Base' introuvable.
Erreur dans le fichier ./CSV3\bulletins\bulletins_propres\table_page_389.csv: En-tête '7T15Base' introuvable.
Erreur dans le fichier ./CSV3\bulletins\bulletins_propres\table_page_389.csv: En-tête '7T20Base' introuvable.
Erreur dans le fichier ./CSV3\bulletins\bulletins_propres\table_page_389.csv: En-tête '6082Base' introuvable.
Erreur dans le fichier ./CSV3\bulletins\bulletins_propres\table_page_389.csv: En-tête '6094Base' introuvable.
Erreur dans le fichier ./CSV3\bulletins\bulletins_propres\table_page_389.csv: En-tête 'Total Charges Ded.Base' introuvable.
Erreur dans le fichier ./CSV3\bulletins\bulletins_propres\table_page_389.csv: En-tête '6080Base' introuvable.
Erreur dans le fichier ./CSV3\bulletins\bulletins_propres\table_page_389.csv: En-tête '6084Base' introuvable.
Erreur dans le fichier ./CSV3\bulletins\bulletins_propres\table_page_389.csv: En-tête '6092Base' introuvable.
Erreur dans le fichier ./CSV3\bulletins\bulletins_propres\table_page_389.csv: En-tête '6096Base' introuvable.
Erreur dans le fichier ./CSV3\bulletins\bulletins_propres\table_page_389.csv: En-tête 'Total Charges Non Ded.Base' introuvable.
Erreur dans le fichier ./CSV3\bulletins\bulletins_propres\table_page_389.csv: En-tête '8009Base' introuvable.
Erreur dans le fichier ./CSV3\bulletins\bulletins_propres\table_page_389.csv: En-tête '8010Base' introuvable.
Erreur dans le fichier ./CSV3\bulletins\bulletins_propres\table_page_389.csv: En-tête '8007Base' introuvable.
Erreur dans le fichier ./CSV3\bulletins\bulletins_propres\table_page_389.csv: En-tête '8192Base' introuvable.
Erreur dans le fichier ./CSV3\bulletins\bulletins_propres\table_page_389.csv: En-tête 'Base' introuvable.
Erreur dans le fichier ./CSV3\bulletins\bulletins_propres\table_page_389.csv: En-tête 'Base' introuvable.
Erreur dans le fichier ./CSV3\bulletins\bulletins_propres\table_page_389.csv: En-tête 'Impôt sur le revenuBase' introuvable.
Erreur dans le fichier ./CSV3\bulletins\bulletins_propres\table_page_389.csv: En-tête 'Impôt sur le revenu à la sourceBase' introuvable.
Erreur dans le fichier ./CSV3\bulletins\bulletins_propres\table_page_39.csv: En-tête '1001Base' introuvable.
Erreur dans le fichier ./CSV3\bulletins\bulletins_propres\table_page_39.csv: En-tête '1046Base' introuvable.
Erreur dans le fichier ./CSV3\bulletins\bulletins_propres\table_page_39.csv: En-tête 'Base' introuvable.
Erreur dans le fichier ./CSV3\bulletins\bulletins_propres\table_page_39.csv: En-tête '2012Base' introuvable.
Erreur dans le fichier ./CSV3\bulletins\bulletins_propres\table_page_39.csv: En-tête 'Base' introuvable.
Erreur dans le fichier ./CSV3\bulletins\bulletins_propres\table_page_39.csv: En-tête '2018Base' introuvable.
Erreur dans le fichier ./CSV3\bulletins\bulletins_propres\table_page_39.csv: En-tête '3050Base' introuvable.
Erreur dans le fichier ./CSV3\bulletins\bulletins_propres\table_page_39.csv: En-tête '3060Base' introuvable.
Erreur dans le fichier ./CSV3\bulletins\bulletins_propres\table_page_39.csv: En-tête '3200Base' introuvable.
Erreur dans le fichier ./CSV3\bulletins\bulletins_propres\table_page_39.csv: En-tête '3230Base' introuvable.
Erreur dans le fichier ./CSV3\bulletins\bulletins_propres\table_page_39.csv: En-tête 'Base' introuvable.
Erreur dans le fichier ./CSV3\bulletins\bulletins_propres\table_page_39.csv: En-tête 'TOTAL BRUTBase' introuvable.
Erreur dans le fichier ./CSV3\bulletins\bulletins_propres\table_page_39.csv: En-tête '7001Base' introuvable.
Erreur dans le fichier ./CSV3\bulletins\bulletins_propres\table_page_39.csv: En-tête '7010Base' introuvable.
Erreur dans le fichier ./CSV3\bulletins\bulletins_propres\table_page_39.csv: En-tête '7015Base' introuvable.
Erreur dans le fichier ./CSV3\bulletins\bulletins_propres\table_page_39.csv: En-tête '7020Base' introuvable.
Erreur dans le fichier ./CSV3\bulletins\bulletins_propres\table_page_39.csv: En-tête '7030Base' introuvable.
Erreur dans le fichier ./CSV3\bulletins\bulletins_propres\table_page_39.csv: En-tête '7035Base' introuvable.
Erreur dans le fichier ./CSV3\bulletins\bulletins_propres\table_page_39.csv: En-tête 'Base' introuvable.
Erreur dans le fichier ./CSV3\bulletins\bulletins_propres\table_page_39.csv: En-tête '7040Base' introuvable.
Erreur dans le fichier ./CSV3\bulletins\bulletins_propres\table_page_39.csv: En-tête 'Base' introuvable.
Erreur dans le fichier ./CSV3\bulletins\bulletins_propres\table_page_39.csv: En-tête '7045Base' introuvable.
Erreur dans le fichier ./CSV3\bulletins\bulletins_propres\table_page_39.csv: En-tête 'Base' introuvable.
Erreur dans le fichier ./CSV3\bulletins\bulletins_propres\table_page_39.csv: En-tête '7050Base' introuvable.
Erreur dans le fichier ./CSV3\bulletins\bulletins_propres\table_page_39.csv: En-tête 'Base' introuvable.
Erreur dans le fichier ./CSV3\bulletins\bulletins_propres\table_page_39.csv: En-tête '7055Base' introuvable.
Erreur dans le fichier ./CSV3\bulletins\bulletins_propres\table_page_39.csv: En-tête '7C00Base' introuvable.
Erreur dans le fichier ./CSV3\bulletins\bulletins_propres\table_page_39.csv: En-tête '7C20Base' introuvable.
Erreur dans le fichier ./CSV3\bulletins\bulletins_propres\table_page_39.csv: En-tête '7M04Base' introuvable.
Erreur dans le fichier ./CSV3\bulletins\bulletins_propres\table_page_39.csv: En-tête '7P10Base' introuvable.
Erreur dans le fichier ./CSV3\bulletins\bulletins_propres\table_page_39.csv: En-tête '7R56Base' introuvable.
Erreur dans le fichier ./CSV3\bulletins\bulletins_propres\table_page_39.csv: En-tête '7R63Base' introuvable.
Erreur dans le fichier ./CSV3\bulletins\bulletins_propres\table_page_39.csv: En-tête '7T00Base' introuvable.
Erreur dans le fichier ./CSV3\bulletins\bulletins_propres\table_page_39.csv: En-tête '7T02Base' introuvable.
Erreur dans le fichier ./CSV3\bulletins\bulletins_propres\table_page_39.csv: En-tête '7T05Base' introuvable.
Erreur dans le fichier ./CSV3\bulletins\bulletins_propres\table_page_39.csv: En-tête '7T10Base' introuvable.
Erreur dans le fichier ./CSV3\bulletins\bulletins_propres\table_page_39.csv: En-tête 'Base' introuvable.
Erreur dans le fichier ./CSV3\bulletins\bulletins_propres\table_page_39.csv: En-tête '7T15Base' introuvable.
Erreur dans le fichier ./CSV3\bulletins\bulletins_propres\table_page_39.csv: En-tête 'Base' introuvable.
Erreur dans le fichier ./CSV3\bulletins\bulletins_propres\table_page_39.csv: En-tête '7T20Base' introuvable.
Erreur dans le fichier ./CSV3\bulletins\bulletins_propres\table_page_39.csv: En-tête '6082Base' introuvable.
Erreur dans le fichier ./CSV3\bulletins\bulletins_propres\table_page_39.csv: En-tête '6094Base' introuvable.
Erreur dans le fichier ./CSV3\bulletins\bulletins_propres\table_page_39.csv: En-tête 'Total Charges Ded.Base' introuvable.
Erreur dans le fichier ./CSV3\bulletins\bulletins_propres\table_page_39.csv: En-tête '6080Base' introuvable.
Erreur dans le fichier ./CSV3\bulletins\bulletins_propres\table_page_39.csv: En-tête '6084Base' introuvable.
Erreur dans le fichier ./CSV3\bulletins\bulletins_propres\table_page_39.csv: En-tête '6092Base' introuvable.
Erreur dans le fichier ./CSV3\bulletins\bulletins_propres\table_page_39.csv: En-tête '6096Base' introuvable.
Erreur dans le fichier ./CSV3\bulletins\bulletins_propres\table_page_39.csv: En-tête 'Total Charges Non Ded.Base' introuvable.
Erreur dans le fichier ./CSV3\bulletins\bulletins_propres\table_page_39.csv: En-tête '/5I2IJ nette - Maladie 0624Base' introuvable.
Erreur dans le fichier ./CSV3\bulletins\bulletins_propres\table_page_39.csv: En-tête '8192Base' introuvable.
Erreur dans le fichier ./CSV3\bulletins\bulletins_propres\table_page_39.csv: En-tête 'Base' introuvable.
Erreur dans le fichier ./CSV3\bulletins\bulletins_propres\table_page_39.csv: En-tête 'Base' introuvable.
Erreur dans le fichier ./CSV3\bulletins\bulletins_propres\table_page_39.csv: En-tête 'Impôt sur le revenuBase' introuvable.
Erreur dans le fichier ./CSV3\bulletins\bulletins_propres\table_page_39.csv: En-tête 'Impôt sur le revenu à la sourceBase' introuvable.
Erreur dans le fichier ./CSV3\bulletins\bulletins_propres\table_page_391.csv: En-tête '1001Base' introuvable.
Erreur dans le fichier ./CSV3\bulletins\bulletins_propres\table_page_391.csv: En-tête '1046Base' introuvable.
Erreur dans le fichier ./CSV3\bulletins\bulletins_propres\table_page_391.csv: En-tête 'Base' introuvable.
Erreur dans le fichier ./CSV3\bulletins\bulletins_propres\table_page_391.csv: En-tête '2012Base' introuvable.
Erreur dans le fichier ./CSV3\bulletins\bulletins_propres\table_page_391.csv: En-tête 'Base' introuvable.
Erreur dans le fichier ./CSV3\bulletins\bulletins_propres\table_page_391.csv: En-tête '2018Base' introuvable.
Erreur dans le fichier ./CSV3\bulletins\bulletins_propres\table_page_391.csv: En-tête '2068Base' introuvable.
Erreur dans le fichier ./CSV3\bulletins\bulletins_propres\table_page_391.csv: En-tête '2078Base' introuvable.
Erreur dans le fichier ./CSV3\bulletins\bulletins_propres\table_page_391.csv: En-tête '2082Base' introuvable.
Erreur dans le fichier ./CSV3\bulletins\bulletins_propres\table_page_391.csv: En-tête '2262Base' introuvable.
Erreur dans le fichier ./CSV3\bulletins\bulletins_propres\table_page_391.csv: En-tête '3002Base' introuvable.
Erreur dans le fichier ./CSV3\bulletins\bulletins_propres\table_page_391.csv: En-tête '3006Base' introuvable.
Erreur dans le fichier ./CSV3\bulletins\bulletins_propres\table_page_391.csv: En-tête '3502Base' introuvable.
Erreur dans le fichier ./CSV3\bulletins\bulletins_propres\table_page_391.csv: En-tête 'Base' introuvable.
Erreur dans le fichier ./CSV3\bulletins\bulletins_propres\table_page_391.csv: En-tête 'TOTAL BRUTBase' introuvable.
Erreur dans le fichier ./CSV3\bulletins\bulletins_propres\table_page_391.csv: En-tête '6S89Base' introuvable.
Erreur dans le fichier ./CSV3\bulletins\bulletins_propres\table_page_391.csv: En-tête '7001Base' introuvable.
Erreur dans le fichier ./CSV3\bulletins\bulletins_propres\table_page_391.csv: En-tête '7010Base' introuvable.
Erreur dans le fichier ./CSV3\bulletins\bulletins_propres\table_page_391.csv: En-tête 'Base' introuvable.
Erreur dans le fichier ./CSV3\bulletins\bulletins_propres\table_page_391.csv: En-tête '7015Base' introuvable.
Erreur dans le fichier ./CSV3\bulletins\bulletins_propres\table_page_391.csv: En-tête 'Base' introuvable.
Erreur dans le fichier ./CSV3\bulletins\bulletins_propres\table_page_391.csv: En-tête '7020Base' introuvable.
Erreur dans le fichier ./CSV3\bulletins\bulletins_propres\table_page_391.csv: En-tête 'Base' introuvable.
Erreur dans le fichier ./CSV3\bulletins\bulletins_propres\table_page_391.csv: En-tête '7030Base' introuvable.
Erreur dans le fichier ./CSV3\bulletins\bulletins_propres\table_page_391.csv: En-tête 'Base' introuvable.
Erreur dans le fichier ./CSV3\bulletins\bulletins_propres\table_page_391.csv: En-tête '7035Base' introuvable.
Erreur dans le fichier ./CSV3\bulletins\bulletins_propres\table_page_391.csv: En-tête '7040Base' introuvable.
Erreur dans le fichier ./CSV3\bulletins\bulletins_propres\table_page_391.csv: En-tête '7045Base' introuvable.
Erreur dans le fichier ./CSV3\bulletins\bulletins_propres\table_page_391.csv: En-tête '7050Base' introuvable.
Erreur dans le fichier ./CSV3\bulletins\bulletins_propres\table_page_391.csv: En-tête '7055Base' introuvable.
Erreur dans le fichier ./CSV3\bulletins\bulletins_propres\table_page_391.csv: En-tête '7C00Base' introuvable.
Erreur dans le fichier ./CSV3\bulletins\bulletins_propres\table_page_391.csv: En-tête '7C20Base' introuvable.
Erreur dans le fichier ./CSV3\bulletins\bulletins_propres\table_page_391.csv: En-tête '7P10Base' introuvable.
Erreur dans le fichier ./CSV3\bulletins\bulletins_propres\table_page_391.csv: En-tête '7R56Base' introuvable.
Erreur dans le fichier ./CSV3\bulletins\bulletins_propres\table_page_391.csv: En-tête '7R63Base' introuvable.
Erreur dans le fichier ./CSV3\bulletins\bulletins_propres\table_page_391.csv: En-tête '7T00Base' introuvable.
Erreur dans le fichier ./CSV3\bulletins\bulletins_propres\table_page_391.csv: En-tête 'Base' introuvable.
Erreur dans le fichier ./CSV3\bulletins\bulletins_propres\table_page_391.csv: En-tête '7T02Base' introuvable.
Erreur dans le fichier ./CSV3\bulletins\bulletins_propres\table_page_391.csv: En-tête 'Base' introuvable.
Erreur dans le fichier ./CSV3\bulletins\bulletins_propres\table_page_391.csv: En-tête '7T05Base' introuvable.
Erreur dans le fichier ./CSV3\bulletins\bulletins_propres\table_page_391.csv: En-tête '7T10Base' introuvable.
Erreur dans le fichier ./CSV3\bulletins\bulletins_propres\table_page_391.csv: En-tête '7T15Base' introuvable.
Erreur dans le fichier ./CSV3\bulletins\bulletins_propres\table_page_391.csv: En-tête '7T20Base' introuvable.
Erreur dans le fichier ./CSV3\bulletins\bulletins_propres\table_page_391.csv: En-tête '6082Base' introuvable.
Erreur dans le fichier ./CSV3\bulletins\bulletins_propres\table_page_391.csv: En-tête '6094Base' introuvable.
Erreur dans le fichier ./CSV3\bulletins\bulletins_propres\table_page_391.csv: En-tête 'Total Charges Ded.Base' introuvable.
Erreur dans le fichier ./CSV3\bulletins\bulletins_propres\table_page_391.csv: En-tête '6070Base' introuvable.
Erreur dans le fichier ./CSV3\bulletins\bulletins_propres\table_page_391.csv: En-tête '6074Base' introuvable.
Erreur dans le fichier ./CSV3\bulletins\bulletins_propres\table_page_391.csv: En-tête '6080Base' introuvable.
Erreur dans le fichier ./CSV3\bulletins\bulletins_propres\table_page_391.csv: En-tête '6084Base' introuvable.
Erreur dans le fichier ./CSV3\bulletins\bulletins_propres\table_page_391.csv: En-tête '6092Base' introuvable.
Erreur dans le fichier ./CSV3\bulletins\bulletins_propres\table_page_391.csv: En-tête '6096Base' introuvable.
Erreur dans le fichier ./CSV3\bulletins\bulletins_propres\table_page_391.csv: En-tête 'Total Charges Non Ded.Base' introuvable.
Erreur dans le fichier ./CSV3\bulletins\bulletins_propres\table_page_391.csv: En-tête '8009Base' introuvable.
Erreur dans le fichier ./CSV3\bulletins\bulletins_propres\table_page_391.csv: En-tête '8010Base' introuvable.
Erreur dans le fichier ./CSV3\bulletins\bulletins_propres\table_page_391.csv: En-tête '8007Base' introuvable.
Erreur dans le fichier ./CSV3\bulletins\bulletins_propres\table_page_391.csv: En-tête '8192Base' introuvable.
Erreur dans le fichier ./CSV3\bulletins\bulletins_propres\table_page_391.csv: En-tête '8190Base' introuvable.
Erreur dans le fichier ./CSV3\bulletins\bulletins_propres\table_page_393.csv: En-tête '1001Base' introuvable.
Erreur dans le fichier ./CSV3\bulletins\bulletins_propres\table_page_393.csv: En-tête '1046Base' introuvable.
Erreur dans le fichier ./CSV3\bulletins\bulletins_propres\table_page_393.csv: En-tête 'Base' introuvable.
Erreur dans le fichier ./CSV3\bulletins\bulletins_propres\table_page_393.csv: En-tête '2012Base' introuvable.
Erreur dans le fichier ./CSV3\bulletins\bulletins_propres\table_page_393.csv: En-tête 'Base' introuvable.
Erreur dans le fichier ./CSV3\bulletins\bulletins_propres\table_page_393.csv: En-tête '2018Base' introuvable.
Erreur dans le fichier ./CSV3\bulletins\bulletins_propres\table_page_393.csv: En-tête '2078Base' introuvable.
Erreur dans le fichier ./CSV3\bulletins\bulletins_propres\table_page_393.csv: En-tête '2082Base' introuvable.
Erreur dans le fichier ./CSV3\bulletins\bulletins_propres\table_page_393.csv: En-tête '3050Base' introuvable.
Erreur dans le fichier ./CSV3\bulletins\bulletins_propres\table_page_393.csv: En-tête '3060Base' introuvable.
Erreur dans le fichier ./CSV3\bulletins\bulletins_propres\table_page_393.csv: En-tête '3200Base' introuvable.
Erreur dans le fichier ./CSV3\bulletins\bulletins_propres\table_page_393.csv: En-tête '3230Base' introuvable.
Erreur dans le fichier ./CSV3\bulletins\bulletins_propres\table_page_393.csv: En-tête '3502Base' introuvable.
Erreur dans le fichier ./CSV3\bulletins\bulletins_propres\table_page_393.csv: En-tête 'Base' introuvable.
Erreur dans le fichier ./CSV3\bulletins\bulletins_propres\table_page_393.csv: En-tête 'TOTAL BRUTBase' introuvable.
Erreur dans le fichier ./CSV3\bulletins\bulletins_propres\table_page_393.csv: En-tête '7001Base' introuvable.
Erreur dans le fichier ./CSV3\bulletins\bulletins_propres\table_page_393.csv: En-tête '7010Base' introuvable.
Erreur dans le fichier ./CSV3\bulletins\bulletins_propres\table_page_393.csv: En-tête '7015Base' introuvable.
Erreur dans le fichier ./CSV3\bulletins\bulletins_propres\table_page_393.csv: En-tête 'Base' introuvable.
Erreur dans le fichier ./CSV3\bulletins\bulletins_propres\table_page_393.csv: En-tête '7020Base' introuvable.
Erreur dans le fichier ./CSV3\bulletins\bulletins_propres\table_page_393.csv: En-tête 'Base' introuvable.
Erreur dans le fichier ./CSV3\bulletins\bulletins_propres\table_page_393.csv: En-tête '7030Base' introuvable.
Erreur dans le fichier ./CSV3\bulletins\bulletins_propres\table_page_393.csv: En-tête 'Base' introuvable.
Erreur dans le fichier ./CSV3\bulletins\bulletins_propres\table_page_393.csv: En-tête '7035Base' introuvable.
Erreur dans le fichier ./CSV3\bulletins\bulletins_propres\table_page_393.csv: En-tête 'Base' introuvable.
Erreur dans le fichier ./CSV3\bulletins\bulletins_propres\table_page_393.csv: En-tête '7040Base' introuvable.
Erreur dans le fichier ./CSV3\bulletins\bulletins_propres\table_page_393.csv: En-tête '7045Base' introuvable.
Erreur dans le fichier ./CSV3\bulletins\bulletins_propres\table_page_393.csv: En-tête '7050Base' introuvable.
Erreur dans le fichier ./CSV3\bulletins\bulletins_propres\table_page_393.csv: En-tête '7055Base' introuvable.
Erreur dans le fichier ./CSV3\bulletins\bulletins_propres\table_page_393.csv: En-tête '7C00Base' introuvable.
Erreur dans le fichier ./CSV3\bulletins\bulletins_propres\table_page_393.csv: En-tête '7C20Base' introuvable.
Erreur dans le fichier ./CSV3\bulletins\bulletins_propres\table_page_393.csv: En-tête '7M04Base' introuvable.
Erreur dans le fichier ./CSV3\bulletins\bulletins_propres\table_page_393.csv: En-tête '7P10Base' introuvable.
Erreur dans le fichier ./CSV3\bulletins\bulletins_propres\table_page_393.csv: En-tête '7R56Base' introuvable.
Erreur dans le fichier ./CSV3\bulletins\bulletins_propres\table_page_393.csv: En-tête '7R63Base' introuvable.
Erreur dans le fichier ./CSV3\bulletins\bulletins_propres\table_page_393.csv: En-tête '7T00Base' introuvable.
Erreur dans le fichier ./CSV3\bulletins\bulletins_propres\table_page_393.csv: En-tête 'Base' introuvable.
Erreur dans le fichier ./CSV3\bulletins\bulletins_propres\table_page_393.csv: En-tête '7T02Base' introuvable.
Erreur dans le fichier ./CSV3\bulletins\bulletins_propres\table_page_393.csv: En-tête 'Base' introuvable.
Erreur dans le fichier ./CSV3\bulletins\bulletins_propres\table_page_393.csv: En-tête '7T05Base' introuvable.
Erreur dans le fichier ./CSV3\bulletins\bulletins_propres\table_page_393.csv: En-tête 'Base' introuvable.
Erreur dans le fichier ./CSV3\bulletins\bulletins_propres\table_page_393.csv: En-tête '7T10Base' introuvable.
Erreur dans le fichier ./CSV3\bulletins\bulletins_propres\table_page_393.csv: En-tête '7T15Base' introuvable.
Erreur dans le fichier ./CSV3\bulletins\bulletins_propres\table_page_393.csv: En-tête '7T20Base' introuvable.
Erreur dans le fichier ./CSV3\bulletins\bulletins_propres\table_page_393.csv: En-tête '6082Base' introuvable.
Erreur dans le fichier ./CSV3\bulletins\bulletins_propres\table_page_393.csv: En-tête '6094Base' introuvable.
Erreur dans le fichier ./CSV3\bulletins\bulletins_propres\table_page_393.csv: En-tête 'PALCAllégement chômageBase' introuvable.
Erreur dans le fichier ./CSV3\bulletins\bulletins_propres\table_page_393.csv: En-tête 'PALFAllégement FillonBase' introuvable.
Erreur dans le fichier ./CSV3\bulletins\bulletins_propres\table_page_393.csv: En-tête 'PALRAllégement retraiteBase' introuvable.
Erreur dans le fichier ./CSV3\bulletins\bulletins_propres\table_page_393.csv: En-tête 'Total Charges Ded.Base' introuvable.
Erreur dans le fichier ./CSV3\bulletins\bulletins_propres\table_page_393.csv: En-tête '6080Base' introuvable.
Erreur dans le fichier ./CSV3\bulletins\bulletins_propres\table_page_393.csv: En-tête '6084Base' introuvable.
Erreur dans le fichier ./CSV3\bulletins\bulletins_propres\table_page_393.csv: En-tête '6092Base' introuvable.
Erreur dans le fichier ./CSV3\bulletins\bulletins_propres\table_page_393.csv: En-tête '6096Base' introuvable.
Erreur dans le fichier ./CSV3\bulletins\bulletins_propres\table_page_393.csv: En-tête 'Total Charges Non Ded.Base' introuvable.
Erreur dans le fichier ./CSV3\bulletins\bulletins_propres\table_page_393.csv: En-tête '/5I2IJ nette - Maladie 0624Base' introuvable.
Erreur dans le fichier ./CSV3\bulletins\bulletins_propres\table_page_393.csv: En-tête '8009Base' introuvable.
Erreur dans le fichier ./CSV3\bulletins\bulletins_propres\table_page_393.csv: En-tête '8010Base' introuvable.
Erreur dans le fichier ./CSV3\bulletins\bulletins_propres\table_page_393.csv: En-tête '8007Base' introuvable.
Erreur dans le fichier ./CSV3\bulletins\bulletins_propres\table_page_393.csv: En-tête '8192Base' introuvable.
Erreur dans le fichier ./CSV3\bulletins\bulletins_propres\table_page_395.csv: En-tête '1001Base' introuvable.
Erreur dans le fichier ./CSV3\bulletins\bulletins_propres\table_page_395.csv: En-tête '1046Base' introuvable.
Erreur dans le fichier ./CSV3\bulletins\bulletins_propres\table_page_395.csv: En-tête 'Base' introuvable.
Erreur dans le fichier ./CSV3\bulletins\bulletins_propres\table_page_395.csv: En-tête '2012Base' introuvable.
Erreur dans le fichier ./CSV3\bulletins\bulletins_propres\table_page_395.csv: En-tête 'Base' introuvable.
Erreur dans le fichier ./CSV3\bulletins\bulletins_propres\table_page_395.csv: En-tête '2018Base' introuvable.
Erreur dans le fichier ./CSV3\bulletins\bulletins_propres\table_page_395.csv: En-tête '2068Base' introuvable.
Erreur dans le fichier ./CSV3\bulletins\bulletins_propres\table_page_395.csv: En-tête '2078Base' introuvable.
Erreur dans le fichier ./CSV3\bulletins\bulletins_propres\table_page_395.csv: En-tête '3280Base' introuvable.
Erreur dans le fichier ./CSV3\bulletins\bulletins_propres\table_page_395.csv: En-tête '3285Base' introuvable.
Erreur dans le fichier ./CSV3\bulletins\bulletins_propres\table_page_395.csv: En-tête 'Base' introuvable.
Erreur dans le fichier ./CSV3\bulletins\bulletins_propres\table_page_395.csv: En-tête 'TOTAL BRUTBase' introuvable.
Erreur dans le fichier ./CSV3\bulletins\bulletins_propres\table_page_395.csv: En-tête '7001Base' introuvable.
Erreur dans le fichier ./CSV3\bulletins\bulletins_propres\table_page_395.csv: En-tête '7010Base' introuvable.
Erreur dans le fichier ./CSV3\bulletins\bulletins_propres\table_page_395.csv: En-tête '7015Base' introuvable.
Erreur dans le fichier ./CSV3\bulletins\bulletins_propres\table_page_395.csv: En-tête '7020Base' introuvable.
Erreur dans le fichier ./CSV3\bulletins\bulletins_propres\table_page_395.csv: En-tête '7030Base' introuvable.
Erreur dans le fichier ./CSV3\bulletins\bulletins_propres\table_page_395.csv: En-tête '7035Base' introuvable.
Erreur dans le fichier ./CSV3\bulletins\bulletins_propres\table_page_395.csv: En-tête 'Base' introuvable.
Erreur dans le fichier ./CSV3\bulletins\bulletins_propres\table_page_395.csv: En-tête '7040Base' introuvable.
Erreur dans le fichier ./CSV3\bulletins\bulletins_propres\table_page_395.csv: En-tête 'Base' introuvable.
Erreur dans le fichier ./CSV3\bulletins\bulletins_propres\table_page_395.csv: En-tête '7045Base' introuvable.
Erreur dans le fichier ./CSV3\bulletins\bulletins_propres\table_page_395.csv: En-tête 'Base' introuvable.
Erreur dans le fichier ./CSV3\bulletins\bulletins_propres\table_page_395.csv: En-tête '7050Base' introuvable.
Erreur dans le fichier ./CSV3\bulletins\bulletins_propres\table_page_395.csv: En-tête 'Base' introuvable.
Erreur dans le fichier ./CSV3\bulletins\bulletins_propres\table_page_395.csv: En-tête '7055Base' introuvable.
Erreur dans le fichier ./CSV3\bulletins\bulletins_propres\table_page_395.csv: En-tête '7C00Base' introuvable.
Erreur dans le fichier ./CSV3\bulletins\bulletins_propres\table_page_395.csv: En-tête '7C20Base' introuvable.
Erreur dans le fichier ./CSV3\bulletins\bulletins_propres\table_page_395.csv: En-tête '7M05Base' introuvable.
Erreur dans le fichier ./CSV3\bulletins\bulletins_propres\table_page_395.csv: En-tête '7P20Base' introuvable.
Erreur dans le fichier ./CSV3\bulletins\bulletins_propres\table_page_395.csv: En-tête '7R56Base' introuvable.
Erreur dans le fichier ./CSV3\bulletins\bulletins_propres\table_page_395.csv: En-tête '7R63Base' introuvable.
Erreur dans le fichier ./CSV3\bulletins\bulletins_propres\table_page_395.csv: En-tête '7T00Base' introuvable.
Erreur dans le fichier ./CSV3\bulletins\bulletins_propres\table_page_395.csv: En-tête '7T02Base' introuvable.
Erreur dans le fichier ./CSV3\bulletins\bulletins_propres\table_page_395.csv: En-tête '7T05Base' introuvable.
Erreur dans le fichier ./CSV3\bulletins\bulletins_propres\table_page_395.csv: En-tête '7T10Base' introuvable.
Erreur dans le fichier ./CSV3\bulletins\bulletins_propres\table_page_395.csv: En-tête 'Base' introuvable.
Erreur dans le fichier ./CSV3\bulletins\bulletins_propres\table_page_395.csv: En-tête '7T15Base' introuvable.
Erreur dans le fichier ./CSV3\bulletins\bulletins_propres\table_page_395.csv: En-tête 'Base' introuvable.
Erreur dans le fichier ./CSV3\bulletins\bulletins_propres\table_page_395.csv: En-tête '7T20Base' introuvable.
Erreur dans le fichier ./CSV3\bulletins\bulletins_propres\table_page_395.csv: En-tête '6082Base' introuvable.
Erreur dans le fichier ./CSV3\bulletins\bulletins_propres\table_page_395.csv: En-tête '6094Base' introuvable.
Erreur dans le fichier ./CSV3\bulletins\bulletins_propres\table_page_395.csv: En-tête 'Total Charges Ded.Base' introuvable.
Erreur dans le fichier ./CSV3\bulletins\bulletins_propres\table_page_395.csv: En-tête '6080Base' introuvable.
Erreur dans le fichier ./CSV3\bulletins\bulletins_propres\table_page_395.csv: En-tête '6084Base' introuvable.
Erreur dans le fichier ./CSV3\bulletins\bulletins_propres\table_page_395.csv: En-tête '6092Base' introuvable.
Erreur dans le fichier ./CSV3\bulletins\bulletins_propres\table_page_395.csv: En-tête '6096Base' introuvable.
Erreur dans le fichier ./CSV3\bulletins\bulletins_propres\table_page_395.csv: En-tête 'Total Charges Non Ded.Base' introuvable.
Erreur dans le fichier ./CSV3\bulletins\bulletins_propres\table_page_395.csv: En-tête '8009Base' introuvable.
Erreur dans le fichier ./CSV3\bulletins\bulletins_propres\table_page_395.csv: En-tête '8010Base' introuvable.
Erreur dans le fichier ./CSV3\bulletins\bulletins_propres\table_page_395.csv: En-tête '8007Base' introuvable.
Erreur dans le fichier ./CSV3\bulletins\bulletins_propres\table_page_395.csv: En-tête 'Base' introuvable.
Erreur dans le fichier ./CSV3\bulletins\bulletins_propres\table_page_395.csv: En-tête 'Base' introuvable.
Erreur dans le fichier ./CSV3\bulletins\bulletins_propres\table_page_395.csv: En-tête 'Impôt sur le revenuBase' introuvable.
Erreur dans le fichier ./CSV3\bulletins\bulletins_propres\table_page_395.csv: En-tête 'Impôt sur le revenu à la sourceBase' introuvable.
Erreur dans le fichier ./CSV3\bulletins\bulletins_propres\table_page_397.csv: En-tête '1001Base' introuvable.
Erreur dans le fichier ./CSV3\bulletins\bulletins_propres\table_page_397.csv: En-tête '2012Base' introuvable.
Erreur dans le fichier ./CSV3\bulletins\bulletins_propres\table_page_397.csv: En-tête 'Base' introuvable.
Erreur dans le fichier ./CSV3\bulletins\bulletins_propres\table_page_397.csv: En-tête '2068Base' introuvable.
Erreur dans le fichier ./CSV3\bulletins\bulletins_propres\table_page_397.csv: En-tête 'Base' introuvable.
Erreur dans le fichier ./CSV3\bulletins\bulletins_propres\table_page_397.csv: En-tête '2078Base' introuvable.
Erreur dans le fichier ./CSV3\bulletins\bulletins_propres\table_page_397.csv: En-tête 'TOTAL BRUTBase' introuvable.
Erreur dans le fichier ./CSV3\bulletins\bulletins_propres\table_page_397.csv: En-tête 'Base' introuvable.
Erreur dans le fichier ./CSV3\bulletins\bulletins_propres\table_page_397.csv: En-tête '7001Base' introuvable.
Erreur dans le fichier ./CSV3\bulletins\bulletins_propres\table_page_397.csv: En-tête '7010Base' introuvable.
Erreur dans le fichier ./CSV3\bulletins\bulletins_propres\table_page_397.csv: En-tête '7015Base' introuvable.
Erreur dans le fichier ./CSV3\bulletins\bulletins_propres\table_page_397.csv: En-tête '7020Base' introuvable.
Erreur dans le fichier ./CSV3\bulletins\bulletins_propres\table_page_397.csv: En-tête '7030Base' introuvable.
Erreur dans le fichier ./CSV3\bulletins\bulletins_propres\table_page_397.csv: En-tête '7035Base' introuvable.
Erreur dans le fichier ./CSV3\bulletins\bulletins_propres\table_page_397.csv: En-tête '7040Base' introuvable.
Erreur dans le fichier ./CSV3\bulletins\bulletins_propres\table_page_397.csv: En-tête '7045Base' introuvable.
Erreur dans le fichier ./CSV3\bulletins\bulletins_propres\table_page_397.csv: En-tête '7050Base' introuvable.
Erreur dans le fichier ./CSV3\bulletins\bulletins_propres\table_page_397.csv: En-tête '7055Base' introuvable.
Erreur dans le fichier ./CSV3\bulletins\bulletins_propres\table_page_397.csv: En-tête 'Base' introuvable.
Erreur dans le fichier ./CSV3\bulletins\bulletins_propres\table_page_397.csv: En-tête '7C00Base' introuvable.
Erreur dans le fichier ./CSV3\bulletins\bulletins_propres\table_page_397.csv: En-tête 'Base' introuvable.
Erreur dans le fichier ./CSV3\bulletins\bulletins_propres\table_page_397.csv: En-tête '7C20Base' introuvable.
Erreur dans le fichier ./CSV3\bulletins\bulletins_propres\table_page_397.csv: En-tête 'Base' introuvable.
Erreur dans le fichier ./CSV3\bulletins\bulletins_propres\table_page_397.csv: En-tête '7M03Base' introuvable.
Erreur dans le fichier ./CSV3\bulletins\bulletins_propres\table_page_397.csv: En-tête 'Base' introuvable.
Erreur dans le fichier ./CSV3\bulletins\bulletins_propres\table_page_397.csv: En-tête '7P10Base' introuvable.
Erreur dans le fichier ./CSV3\bulletins\bulletins_propres\table_page_397.csv: En-tête '7R56Base' introuvable.
Erreur dans le fichier ./CSV3\bulletins\bulletins_propres\table_page_397.csv: En-tête '7R63Base' introuvable.
Erreur dans le fichier ./CSV3\bulletins\bulletins_propres\table_page_397.csv: En-tête '7T00Base' introuvable.
Erreur dans le fichier ./CSV3\bulletins\bulletins_propres\table_page_397.csv: En-tête '7T02Base' introuvable.
Erreur dans le fichier ./CSV3\bulletins\bulletins_propres\table_page_397.csv: En-tête '7T05Base' introuvable.
Erreur dans le fichier ./CSV3\bulletins\bulletins_propres\table_page_397.csv: En-tête '7T10Base' introuvable.
Erreur dans le fichier ./CSV3\bulletins\bulletins_propres\table_page_397.csv: En-tête '7T15Base' introuvable.
Erreur dans le fichier ./CSV3\bulletins\bulletins_propres\table_page_397.csv: En-tête '7T20Base' introuvable.
Erreur dans le fichier ./CSV3\bulletins\bulletins_propres\table_page_397.csv: En-tête '6082Base' introuvable.
Erreur dans le fichier ./CSV3\bulletins\bulletins_propres\table_page_397.csv: En-tête '6094Base' introuvable.
Erreur dans le fichier ./CSV3\bulletins\bulletins_propres\table_page_397.csv: En-tête 'Base' introuvable.
Erreur dans le fichier ./CSV3\bulletins\bulletins_propres\table_page_397.csv: En-tête 'PALCAllégement chômageBase' introuvable.
Erreur dans le fichier ./CSV3\bulletins\bulletins_propres\table_page_397.csv: En-tête 'PALFAllégement FillonBase' introuvable.
Erreur dans le fichier ./CSV3\bulletins\bulletins_propres\table_page_397.csv: En-tête 'PALRAllégement retraiteBase' introuvable.
Erreur dans le fichier ./CSV3\bulletins\bulletins_propres\table_page_397.csv: En-tête 'Total Charges Ded.Base' introuvable.
Erreur dans le fichier ./CSV3\bulletins\bulletins_propres\table_page_397.csv: En-tête '6080Base' introuvable.
Erreur dans le fichier ./CSV3\bulletins\bulletins_propres\table_page_397.csv: En-tête '6084Base' introuvable.
Erreur dans le fichier ./CSV3\bulletins\bulletins_propres\table_page_397.csv: En-tête '6092Base' introuvable.
Erreur dans le fichier ./CSV3\bulletins\bulletins_propres\table_page_397.csv: En-tête '6096Base' introuvable.
Erreur dans le fichier ./CSV3\bulletins\bulletins_propres\table_page_397.csv: En-tête 'Total Charges Non Ded.Base' introuvable.
Erreur dans le fichier ./CSV3\bulletins\bulletins_propres\table_page_397.csv: En-tête '8009Base' introuvable.
Erreur dans le fichier ./CSV3\bulletins\bulletins_propres\table_page_397.csv: En-tête '8010Base' introuvable.
Erreur dans le fichier ./CSV3\bulletins\bulletins_propres\table_page_397.csv: En-tête '8007Base' introuvable.
Erreur dans le fichier ./CSV3\bulletins\bulletins_propres\table_page_397.csv: En-tête 'Base' introuvable.
Erreur dans le fichier ./CSV3\bulletins\bulletins_propres\table_page_397.csv: En-tête 'Base' introuvable.
Erreur dans le fichier ./CSV3\bulletins\bulletins_propres\table_page_397.csv: En-tête 'Impôt sur le revenuBase' introuvable.
Erreur dans le fichier ./CSV3\bulletins\bulletins_propres\table_page_397.csv: En-tête 'Impôt sur le revenu à la sourceBase' introuvable.
Erreur dans le fichier ./CSV3\bulletins\bulletins_propres\table_page_399.csv: En-tête '1002Base' introuvable.
Erreur dans le fichier ./CSV3\bulletins\bulletins_propres\table_page_399.csv: En-tête '2012Base' introuvable.
Erreur dans le fichier ./CSV3\bulletins\bulletins_propres\table_page_399.csv: En-tête 'Base' introuvable.
Erreur dans le fichier ./CSV3\bulletins\bulletins_propres\table_page_399.csv: En-tête '2068Base' introuvable.
Erreur dans le fichier ./CSV3\bulletins\bulletins_propres\table_page_399.csv: En-tête 'Base' introuvable.
Erreur dans le fichier ./CSV3\bulletins\bulletins_propres\table_page_399.csv: En-tête '3250Base' introuvable.
Erreur dans le fichier ./CSV3\bulletins\bulletins_propres\table_page_399.csv: En-tête '3255Base' introuvable.
Erreur dans le fichier ./CSV3\bulletins\bulletins_propres\table_page_399.csv: En-tête 'Base' introuvable.
Erreur dans le fichier ./CSV3\bulletins\bulletins_propres\table_page_399.csv: En-tête 'TOTAL BRUTBase' introuvable.
Erreur dans le fichier ./CSV3\bulletins\bulletins_propres\table_page_399.csv: En-tête '7001Base' introuvable.
Erreur dans le fichier ./CSV3\bulletins\bulletins_propres\table_page_399.csv: En-tête '7010Base' introuvable.
Erreur dans le fichier ./CSV3\bulletins\bulletins_propres\table_page_399.csv: En-tête '7015Base' introuvable.
Erreur dans le fichier ./CSV3\bulletins\bulletins_propres\table_page_399.csv: En-tête '7020Base' introuvable.
Erreur dans le fichier ./CSV3\bulletins\bulletins_propres\table_page_399.csv: En-tête '7030Base' introuvable.
Erreur dans le fichier ./CSV3\bulletins\bulletins_propres\table_page_399.csv: En-tête '7035Base' introuvable.
Erreur dans le fichier ./CSV3\bulletins\bulletins_propres\table_page_399.csv: En-tête '7040Base' introuvable.
Erreur dans le fichier ./CSV3\bulletins\bulletins_propres\table_page_399.csv: En-tête '7045Base' introuvable.
Erreur dans le fichier ./CSV3\bulletins\bulletins_propres\table_page_399.csv: En-tête '7050Base' introuvable.
Erreur dans le fichier ./CSV3\bulletins\bulletins_propres\table_page_399.csv: En-tête 'Base' introuvable.
Erreur dans le fichier ./CSV3\bulletins\bulletins_propres\table_page_399.csv: En-tête '7055Base' introuvable.
Erreur dans le fichier ./CSV3\bulletins\bulletins_propres\table_page_399.csv: En-tête 'Base' introuvable.
Erreur dans le fichier ./CSV3\bulletins\bulletins_propres\table_page_399.csv: En-tête '7C00Base' introuvable.
Erreur dans le fichier ./CSV3\bulletins\bulletins_propres\table_page_399.csv: En-tête 'Base' introuvable.
Erreur dans le fichier ./CSV3\bulletins\bulletins_propres\table_page_399.csv: En-tête '7C20Base' introuvable.
Erreur dans le fichier ./CSV3\bulletins\bulletins_propres\table_page_399.csv: En-tête 'Base' introuvable.
Erreur dans le fichier ./CSV3\bulletins\bulletins_propres\table_page_399.csv: En-tête '7M05Base' introuvable.
Erreur dans le fichier ./CSV3\bulletins\bulletins_propres\table_page_399.csv: En-tête '7P20Base' introuvable.
Erreur dans le fichier ./CSV3\bulletins\bulletins_propres\table_page_399.csv: En-tête '7R44Base' introuvable.
Erreur dans le fichier ./CSV3\bulletins\bulletins_propres\table_page_399.csv: En-tête '7R53Base' introuvable.
Erreur dans le fichier ./CSV3\bulletins\bulletins_propres\table_page_399.csv: En-tête '7R63Base' introuvable.
Erreur dans le fichier ./CSV3\bulletins\bulletins_propres\table_page_399.csv: En-tête '7T00Base' introuvable.
Erreur dans le fichier ./CSV3\bulletins\bulletins_propres\table_page_399.csv: En-tête '7T02Base' introuvable.
Erreur dans le fichier ./CSV3\bulletins\bulletins_propres\table_page_399.csv: En-tête '7T05Base' introuvable.
Erreur dans le fichier ./CSV3\bulletins\bulletins_propres\table_page_399.csv: En-tête '7T10Base' introuvable.
Erreur dans le fichier ./CSV3\bulletins\bulletins_propres\table_page_399.csv: En-tête '7T15Base' introuvable.
Erreur dans le fichier ./CSV3\bulletins\bulletins_propres\table_page_399.csv: En-tête '7T20Base' introuvable.
Erreur dans le fichier ./CSV3\bulletins\bulletins_propres\table_page_399.csv: En-tête 'Base' introuvable.
Erreur dans le fichier ./CSV3\bulletins\bulletins_propres\table_page_399.csv: En-tête '6082Base' introuvable.
Erreur dans le fichier ./CSV3\bulletins\bulletins_propres\table_page_399.csv: En-tête 'Base' introuvable.
Erreur dans le fichier ./CSV3\bulletins\bulletins_propres\table_page_399.csv: En-tête '6094Base' introuvable.
Erreur dans le fichier ./CSV3\bulletins\bulletins_propres\table_page_399.csv: En-tête 'Total Charges Ded.Base' introuvable.
Erreur dans le fichier ./CSV3\bulletins\bulletins_propres\table_page_399.csv: En-tête '6080Base' introuvable.
Erreur dans le fichier ./CSV3\bulletins\bulletins_propres\table_page_399.csv: En-tête '6084Base' introuvable.
Erreur dans le fichier ./CSV3\bulletins\bulletins_propres\table_page_399.csv: En-tête '6092Base' introuvable.
Erreur dans le fichier ./CSV3\bulletins\bulletins_propres\table_page_399.csv: En-tête '6096Base' introuvable.
Erreur dans le fichier ./CSV3\bulletins\bulletins_propres\table_page_399.csv: En-tête 'Total Charges Non Ded.Base' introuvable.
Erreur dans le fichier ./CSV3\bulletins\bulletins_propres\table_page_399.csv: En-tête '8009Base' introuvable.
Erreur dans le fichier ./CSV3\bulletins\bulletins_propres\table_page_399.csv: En-tête '8010Base' introuvable.
Erreur dans le fichier ./CSV3\bulletins\bulletins_propres\table_page_399.csv: En-tête '8007Base' introuvable.
Erreur dans le fichier ./CSV3\bulletins\bulletins_propres\table_page_401.csv: En-tête '1001Base' introuvable.
Erreur dans le fichier ./CSV3\bulletins\bulletins_propres\table_page_401.csv: En-tête '2012Base' introuvable.
Erreur dans le fichier ./CSV3\bulletins\bulletins_propres\table_page_401.csv: En-tête 'Base' introuvable.
Erreur dans le fichier ./CSV3\bulletins\bulletins_propres\table_page_401.csv: En-tête '2068Base' introuvable.
Erreur dans le fichier ./CSV3\bulletins\bulletins_propres\table_page_401.csv: En-tête 'Base' introuvable.
Erreur dans le fichier ./CSV3\bulletins\bulletins_propres\table_page_401.csv: En-tête '3250Base' introuvable.
Erreur dans le fichier ./CSV3\bulletins\bulletins_propres\table_page_401.csv: En-tête '3255Base' introuvable.
Erreur dans le fichier ./CSV3\bulletins\bulletins_propres\table_page_401.csv: En-tête '3404Base' introuvable.
Erreur dans le fichier ./CSV3\bulletins\bulletins_propres\table_page_401.csv: En-tête '3406Base' introuvable.
Erreur dans le fichier ./CSV3\bulletins\bulletins_propres\table_page_401.csv: En-tête 'Base' introuvable.
Erreur dans le fichier ./CSV3\bulletins\bulletins_propres\table_page_401.csv: En-tête 'TOTAL BRUTBase' introuvable.
Erreur dans le fichier ./CSV3\bulletins\bulletins_propres\table_page_401.csv: En-tête '7001Base' introuvable.
Erreur dans le fichier ./CSV3\bulletins\bulletins_propres\table_page_401.csv: En-tête '7010Base' introuvable.
Erreur dans le fichier ./CSV3\bulletins\bulletins_propres\table_page_401.csv: En-tête '7015Base' introuvable.
Erreur dans le fichier ./CSV3\bulletins\bulletins_propres\table_page_401.csv: En-tête '7020Base' introuvable.
Erreur dans le fichier ./CSV3\bulletins\bulletins_propres\table_page_401.csv: En-tête '7030Base' introuvable.
Erreur dans le fichier ./CSV3\bulletins\bulletins_propres\table_page_401.csv: En-tête '7035Base' introuvable.
Erreur dans le fichier ./CSV3\bulletins\bulletins_propres\table_page_401.csv: En-tête '7040Base' introuvable.
Erreur dans le fichier ./CSV3\bulletins\bulletins_propres\table_page_401.csv: En-tête 'Base' introuvable.
Erreur dans le fichier ./CSV3\bulletins\bulletins_propres\table_page_401.csv: En-tête '7045Base' introuvable.
Erreur dans le fichier ./CSV3\bulletins\bulletins_propres\table_page_401.csv: En-tête 'Base' introuvable.
Erreur dans le fichier ./CSV3\bulletins\bulletins_propres\table_page_401.csv: En-tête '7050Base' introuvable.
Erreur dans le fichier ./CSV3\bulletins\bulletins_propres\table_page_401.csv: En-tête 'Base' introuvable.
Erreur dans le fichier ./CSV3\bulletins\bulletins_propres\table_page_401.csv: En-tête '7055Base' introuvable.
Erreur dans le fichier ./CSV3\bulletins\bulletins_propres\table_page_401.csv: En-tête 'Base' introuvable.
Erreur dans le fichier ./CSV3\bulletins\bulletins_propres\table_page_401.csv: En-tête '7C00Base' introuvable.
Erreur dans le fichier ./CSV3\bulletins\bulletins_propres\table_page_401.csv: En-tête '7C10Base' introuvable.
Erreur dans le fichier ./CSV3\bulletins\bulletins_propres\table_page_401.csv: En-tête '7C20Base' introuvable.
Erreur dans le fichier ./CSV3\bulletins\bulletins_propres\table_page_401.csv: En-tête '7M05Base' introuvable.
Erreur dans le fichier ./CSV3\bulletins\bulletins_propres\table_page_401.csv: En-tête '7P20Base' introuvable.
Erreur dans le fichier ./CSV3\bulletins\bulletins_propres\table_page_401.csv: En-tête '7P25Base' introuvable.
Erreur dans le fichier ./CSV3\bulletins\bulletins_propres\table_page_401.csv: En-tête '7R44Base' introuvable.
Erreur dans le fichier ./CSV3\bulletins\bulletins_propres\table_page_401.csv: En-tête '7R45Base' introuvable.
Erreur dans le fichier ./CSV3\bulletins\bulletins_propres\table_page_401.csv: En-tête '7R53Base' introuvable.
Erreur dans le fichier ./CSV3\bulletins\bulletins_propres\table_page_401.csv: En-tête '7R54Base' introuvable.
Erreur dans le fichier ./CSV3\bulletins\bulletins_propres\table_page_401.csv: En-tête '7R63Base' introuvable.
Erreur dans le fichier ./CSV3\bulletins\bulletins_propres\table_page_401.csv: En-tête 'Base' introuvable.
Erreur dans le fichier ./CSV3\bulletins\bulletins_propres\table_page_401.csv: En-tête '7R64Base' introuvable.
Erreur dans le fichier ./CSV3\bulletins\bulletins_propres\table_page_401.csv: En-tête 'Base' introuvable.
Erreur dans le fichier ./CSV3\bulletins\bulletins_propres\table_page_401.csv: En-tête '7R70Base' introuvable.
Erreur dans le fichier ./CSV3\bulletins\bulletins_propres\table_page_401.csv: En-tête 'Base' introuvable.
Erreur dans le fichier ./CSV3\bulletins\bulletins_propres\table_page_401.csv: En-tête '7R71Base' introuvable.
Erreur dans le fichier ./CSV3\bulletins\bulletins_propres\table_page_401.csv: En-tête '7T00Base' introuvable.
Erreur dans le fichier ./CSV3\bulletins\bulletins_propres\table_page_401.csv: En-tête '7T02Base' introuvable.
Erreur dans le fichier ./CSV3\bulletins\bulletins_propres\table_page_401.csv: En-tête '7T05Base' introuvable.
Erreur dans le fichier ./CSV3\bulletins\bulletins_propres\table_page_401.csv: En-tête '7T10Base' introuvable.
Erreur dans le fichier ./CSV3\bulletins\bulletins_propres\table_page_401.csv: En-tête '7T15Base' introuvable.
Erreur dans le fichier ./CSV3\bulletins\bulletins_propres\table_page_401.csv: En-tête '7T20Base' introuvable.
Erreur dans le fichier ./CSV3\bulletins\bulletins_propres\table_page_401.csv: En-tête '6082Base' introuvable.
Erreur dans le fichier ./CSV3\bulletins\bulletins_propres\table_page_401.csv: En-tête '6094Base' introuvable.
Erreur dans le fichier ./CSV3\bulletins\bulletins_propres\table_page_401.csv: En-tête 'Total Charges Ded.Base' introuvable.
Erreur dans le fichier ./CSV3\bulletins\bulletins_propres\table_page_401.csv: En-tête '6080Base' introuvable.
Erreur dans le fichier ./CSV3\bulletins\bulletins_propres\table_page_401.csv: En-tête '6084Base' introuvable.
Erreur dans le fichier ./CSV3\bulletins\bulletins_propres\table_page_401.csv: En-tête '6092Base' introuvable.
Erreur dans le fichier ./CSV3\bulletins\bulletins_propres\table_page_401.csv: En-tête '6096Base' introuvable.
Erreur dans le fichier ./CSV3\bulletins\bulletins_propres\table_page_401.csv: En-tête 'Total Charges Non Ded.Base' introuvable.
Erreur dans le fichier ./CSV3\bulletins\bulletins_propres\table_page_401.csv: En-tête '8009Base' introuvable.
Erreur dans le fichier ./CSV3\bulletins\bulletins_propres\table_page_401.csv: En-tête '8010Base' introuvable.
Erreur dans le fichier ./CSV3\bulletins\bulletins_propres\table_page_401.csv: En-tête '8007Base' introuvable.
Erreur dans le fichier ./CSV3\bulletins\bulletins_propres\table_page_401.csv: En-tête '8192Base' introuvable.
Erreur dans le fichier ./CSV3\bulletins\bulletins_propres\table_page_403.csv: En-tête '1001Base' introuvable.
Erreur dans le fichier ./CSV3\bulletins\bulletins_propres\table_page_403.csv: En-tête '1046Base' introuvable.
Erreur dans le fichier ./CSV3\bulletins\bulletins_propres\table_page_403.csv: En-tête 'Base' introuvable.
Erreur dans le fichier ./CSV3\bulletins\bulletins_propres\table_page_403.csv: En-tête '2012Base' introuvable.
Erreur dans le fichier ./CSV3\bulletins\bulletins_propres\table_page_403.csv: En-tête 'Base' introuvable.
Erreur dans le fichier ./CSV3\bulletins\bulletins_propres\table_page_403.csv: En-tête '2018Base' introuvable.
Erreur dans le fichier ./CSV3\bulletins\bulletins_propres\table_page_403.csv: En-tête '2068Base' introuvable.
Erreur dans le fichier ./CSV3\bulletins\bulletins_propres\table_page_403.csv: En-tête '2078Base' introuvable.
Erreur dans le fichier ./CSV3\bulletins\bulletins_propres\table_page_403.csv: En-tête '3006Base' introuvable.
Erreur dans le fichier ./CSV3\bulletins\bulletins_propres\table_page_403.csv: En-tête 'Base' introuvable.
Erreur dans le fichier ./CSV3\bulletins\bulletins_propres\table_page_403.csv: En-tête 'TOTAL BRUTBase' introuvable.
Erreur dans le fichier ./CSV3\bulletins\bulletins_propres\table_page_403.csv: En-tête '6S89Base' introuvable.
Erreur dans le fichier ./CSV3\bulletins\bulletins_propres\table_page_403.csv: En-tête '7001Base' introuvable.
Erreur dans le fichier ./CSV3\bulletins\bulletins_propres\table_page_403.csv: En-tête '7010Base' introuvable.
Erreur dans le fichier ./CSV3\bulletins\bulletins_propres\table_page_403.csv: En-tête '7015Base' introuvable.
Erreur dans le fichier ./CSV3\bulletins\bulletins_propres\table_page_403.csv: En-tête '7020Base' introuvable.
Erreur dans le fichier ./CSV3\bulletins\bulletins_propres\table_page_403.csv: En-tête '7030Base' introuvable.
Erreur dans le fichier ./CSV3\bulletins\bulletins_propres\table_page_403.csv: En-tête '7035Base' introuvable.
Erreur dans le fichier ./CSV3\bulletins\bulletins_propres\table_page_403.csv: En-tête 'Base' introuvable.
Erreur dans le fichier ./CSV3\bulletins\bulletins_propres\table_page_403.csv: En-tête '7040Base' introuvable.
Erreur dans le fichier ./CSV3\bulletins\bulletins_propres\table_page_403.csv: En-tête 'Base' introuvable.
Erreur dans le fichier ./CSV3\bulletins\bulletins_propres\table_page_403.csv: En-tête '7045Base' introuvable.
Erreur dans le fichier ./CSV3\bulletins\bulletins_propres\table_page_403.csv: En-tête 'Base' introuvable.
Erreur dans le fichier ./CSV3\bulletins\bulletins_propres\table_page_403.csv: En-tête '7050Base' introuvable.
Erreur dans le fichier ./CSV3\bulletins\bulletins_propres\table_page_403.csv: En-tête 'Base' introuvable.
Erreur dans le fichier ./CSV3\bulletins\bulletins_propres\table_page_403.csv: En-tête '7055Base' introuvable.
Erreur dans le fichier ./CSV3\bulletins\bulletins_propres\table_page_403.csv: En-tête '7C00Base' introuvable.
Erreur dans le fichier ./CSV3\bulletins\bulletins_propres\table_page_403.csv: En-tête '7C10Base' introuvable.
Erreur dans le fichier ./CSV3\bulletins\bulletins_propres\table_page_403.csv: En-tête '7C20Base' introuvable.
Erreur dans le fichier ./CSV3\bulletins\bulletins_propres\table_page_403.csv: En-tête '7M05Base' introuvable.
Erreur dans le fichier ./CSV3\bulletins\bulletins_propres\table_page_403.csv: En-tête '7P20Base' introuvable.
Erreur dans le fichier ./CSV3\bulletins\bulletins_propres\table_page_403.csv: En-tête '7P25Base' introuvable.
Erreur dans le fichier ./CSV3\bulletins\bulletins_propres\table_page_403.csv: En-tête '7R56Base' introuvable.
Erreur dans le fichier ./CSV3\bulletins\bulletins_propres\table_page_403.csv: En-tête '7R57Base' introuvable.
Erreur dans le fichier ./CSV3\bulletins\bulletins_propres\table_page_403.csv: En-tête '7R63Base' introuvable.
Erreur dans le fichier ./CSV3\bulletins\bulletins_propres\table_page_403.csv: En-tête '7R64Base' introuvable.
Erreur dans le fichier ./CSV3\bulletins\bulletins_propres\table_page_403.csv: En-tête 'Base' introuvable.
Erreur dans le fichier ./CSV3\bulletins\bulletins_propres\table_page_403.csv: En-tête '7R70Base' introuvable.
Erreur dans le fichier ./CSV3\bulletins\bulletins_propres\table_page_403.csv: En-tête '7R71Base' introuvable.
Erreur dans le fichier ./CSV3\bulletins\bulletins_propres\table_page_403.csv: En-tête '7T00Base' introuvable.
Erreur dans le fichier ./CSV3\bulletins\bulletins_propres\table_page_403.csv: En-tête '7T02Base' introuvable.
Erreur dans le fichier ./CSV3\bulletins\bulletins_propres\table_page_403.csv: En-tête '7T05Base' introuvable.
Erreur dans le fichier ./CSV3\bulletins\bulletins_propres\table_page_403.csv: En-tête '7T10Base' introuvable.
Erreur dans le fichier ./CSV3\bulletins\bulletins_propres\table_page_403.csv: En-tête '7T15Base' introuvable.
Erreur dans le fichier ./CSV3\bulletins\bulletins_propres\table_page_403.csv: En-tête '7T20Base' introuvable.
Erreur dans le fichier ./CSV3\bulletins\bulletins_propres\table_page_403.csv: En-tête '6082Base' introuvable.
Erreur dans le fichier ./CSV3\bulletins\bulletins_propres\table_page_403.csv: En-tête '6094Base' introuvable.
Erreur dans le fichier ./CSV3\bulletins\bulletins_propres\table_page_403.csv: En-tête 'Total Charges Ded.Base' introuvable.
Erreur dans le fichier ./CSV3\bulletins\bulletins_propres\table_page_403.csv: En-tête '6070Base' introuvable.
Erreur dans le fichier ./CSV3\bulletins\bulletins_propres\table_page_403.csv: En-tête '6074Base' introuvable.
Erreur dans le fichier ./CSV3\bulletins\bulletins_propres\table_page_403.csv: En-tête '6080Base' introuvable.
Erreur dans le fichier ./CSV3\bulletins\bulletins_propres\table_page_403.csv: En-tête '6084Base' introuvable.
Erreur dans le fichier ./CSV3\bulletins\bulletins_propres\table_page_403.csv: En-tête '6092Base' introuvable.
Erreur dans le fichier ./CSV3\bulletins\bulletins_propres\table_page_403.csv: En-tête '6096Base' introuvable.
Erreur dans le fichier ./CSV3\bulletins\bulletins_propres\table_page_403.csv: En-tête 'Total Charges Non Ded.Base' introuvable.
Erreur dans le fichier ./CSV3\bulletins\bulletins_propres\table_page_403.csv: En-tête '8009Base' introuvable.
Erreur dans le fichier ./CSV3\bulletins\bulletins_propres\table_page_403.csv: En-tête '8010Base' introuvable.
Erreur dans le fichier ./CSV3\bulletins\bulletins_propres\table_page_403.csv: En-tête '8007Base' introuvable.
Erreur dans le fichier ./CSV3\bulletins\bulletins_propres\table_page_403.csv: En-tête '8192Base' introuvable.
Erreur dans le fichier ./CSV3\bulletins\bulletins_propres\table_page_403.csv: En-tête '8190Base' introuvable.
Erreur dans le fichier ./CSV3\bulletins\bulletins_propres\table_page_405.csv: En-tête '1001Base' introuvable.
Erreur dans le fichier ./CSV3\bulletins\bulletins_propres\table_page_405.csv: En-tête '2012Base' introuvable.
Erreur dans le fichier ./CSV3\bulletins\bulletins_propres\table_page_405.csv: En-tête '2068Base' introuvable.
Erreur dans le fichier ./CSV3\bulletins\bulletins_propres\table_page_405.csv: En-tête 'TOTAL BRUTBase' introuvable.
Erreur dans le fichier ./CSV3\bulletins\bulletins_propres\table_page_405.csv: En-tête '7001Base' introuvable.
Erreur dans le fichier ./CSV3\bulletins\bulletins_propres\table_page_405.csv: En-tête 'Base' introuvable.
Erreur dans le fichier ./CSV3\bulletins\bulletins_propres\table_page_405.csv: En-tête '7002Base' introuvable.
Erreur dans le fichier ./CSV3\bulletins\bulletins_propres\table_page_405.csv: En-tête '7010Base' introuvable.
Erreur dans le fichier ./CSV3\bulletins\bulletins_propres\table_page_405.csv: En-tête '7015Base' introuvable.
Erreur dans le fichier ./CSV3\bulletins\bulletins_propres\table_page_405.csv: En-tête '7020Base' introuvable.
Erreur dans le fichier ./CSV3\bulletins\bulletins_propres\table_page_405.csv: En-tête '7030Base' introuvable.
Erreur dans le fichier ./CSV3\bulletins\bulletins_propres\table_page_405.csv: En-tête '7035Base' introuvable.
Erreur dans le fichier ./CSV3\bulletins\bulletins_propres\table_page_405.csv: En-tête '7040Base' introuvable.
Erreur dans le fichier ./CSV3\bulletins\bulletins_propres\table_page_405.csv: En-tête '7045Base' introuvable.
Erreur dans le fichier ./CSV3\bulletins\bulletins_propres\table_page_405.csv: En-tête '7050Base' introuvable.
Erreur dans le fichier ./CSV3\bulletins\bulletins_propres\table_page_405.csv: En-tête '7055Base' introuvable.
Erreur dans le fichier ./CSV3\bulletins\bulletins_propres\table_page_405.csv: En-tête '7C00Base' introuvable.
Erreur dans le fichier ./CSV3\bulletins\bulletins_propres\table_page_405.csv: En-tête '7C10Base' introuvable.
Erreur dans le fichier ./CSV3\bulletins\bulletins_propres\table_page_405.csv: En-tête '7C20Base' introuvable.
Erreur dans le fichier ./CSV3\bulletins\bulletins_propres\table_page_405.csv: En-tête '7M05Base' introuvable.
Erreur dans le fichier ./CSV3\bulletins\bulletins_propres\table_page_405.csv: En-tête '7P20Base' introuvable.
Erreur dans le fichier ./CSV3\bulletins\bulletins_propres\table_page_405.csv: En-tête 'Base' introuvable.
Erreur dans le fichier ./CSV3\bulletins\bulletins_propres\table_page_405.csv: En-tête '7P25Base' introuvable.
Erreur dans le fichier ./CSV3\bulletins\bulletins_propres\table_page_405.csv: En-tête '7R44Base' introuvable.
Erreur dans le fichier ./CSV3\bulletins\bulletins_propres\table_page_405.csv: En-tête '7R45Base' introuvable.
Erreur dans le fichier ./CSV3\bulletins\bulletins_propres\table_page_405.csv: En-tête '7R53Base' introuvable.
Erreur dans le fichier ./CSV3\bulletins\bulletins_propres\table_page_405.csv: En-tête '7R54Base' introuvable.
Erreur dans le fichier ./CSV3\bulletins\bulletins_propres\table_page_405.csv: En-tête '7R63Base' introuvable.
Erreur dans le fichier ./CSV3\bulletins\bulletins_propres\table_page_405.csv: En-tête '7R64Base' introuvable.
Erreur dans le fichier ./CSV3\bulletins\bulletins_propres\table_page_405.csv: En-tête '7R70Base' introuvable.
Erreur dans le fichier ./CSV3\bulletins\bulletins_propres\table_page_405.csv: En-tête '7R71Base' introuvable.
Erreur dans le fichier ./CSV3\bulletins\bulletins_propres\table_page_405.csv: En-tête '7T00Base' introuvable.
Erreur dans le fichier ./CSV3\bulletins\bulletins_propres\table_page_405.csv: En-tête '7T02Base' introuvable.
Erreur dans le fichier ./CSV3\bulletins\bulletins_propres\table_page_405.csv: En-tête '7T05Base' introuvable.
Erreur dans le fichier ./CSV3\bulletins\bulletins_propres\table_page_405.csv: En-tête '7T10Base' introuvable.
Erreur dans le fichier ./CSV3\bulletins\bulletins_propres\table_page_405.csv: En-tête '7T15Base' introuvable.
Erreur dans le fichier ./CSV3\bulletins\bulletins_propres\table_page_405.csv: En-tête '7T20Base' introuvable.
Erreur dans le fichier ./CSV3\bulletins\bulletins_propres\table_page_405.csv: En-tête '6082Base' introuvable.
Erreur dans le fichier ./CSV3\bulletins\bulletins_propres\table_page_405.csv: En-tête '6094Base' introuvable.
Erreur dans le fichier ./CSV3\bulletins\bulletins_propres\table_page_405.csv: En-tête 'Total Charges Ded.Base' introuvable.
Erreur dans le fichier ./CSV3\bulletins\bulletins_propres\table_page_405.csv: En-tête '6080Base' introuvable.
Erreur dans le fichier ./CSV3\bulletins\bulletins_propres\table_page_405.csv: En-tête '6084Base' introuvable.
Erreur dans le fichier ./CSV3\bulletins\bulletins_propres\table_page_405.csv: En-tête '6092Base' introuvable.
Erreur dans le fichier ./CSV3\bulletins\bulletins_propres\table_page_405.csv: En-tête '6096Base' introuvable.
Erreur dans le fichier ./CSV3\bulletins\bulletins_propres\table_page_405.csv: En-tête 'Total Charges Non Ded.Base' introuvable.
Erreur dans le fichier ./CSV3\bulletins\bulletins_propres\table_page_405.csv: En-tête '8009Base' introuvable.
Erreur dans le fichier ./CSV3\bulletins\bulletins_propres\table_page_405.csv: En-tête '8010Base' introuvable.
Erreur dans le fichier ./CSV3\bulletins\bulletins_propres\table_page_405.csv: En-tête '8007Base' introuvable.
Erreur dans le fichier ./CSV3\bulletins\bulletins_propres\table_page_407.csv: En-tête '1001Base' introuvable.
Erreur dans le fichier ./CSV3\bulletins\bulletins_propres\table_page_407.csv: En-tête '1046Base' introuvable.
Erreur dans le fichier ./CSV3\bulletins\bulletins_propres\table_page_407.csv: En-tête 'Base' introuvable.
Erreur dans le fichier ./CSV3\bulletins\bulletins_propres\table_page_407.csv: En-tête '2012Base' introuvable.
Erreur dans le fichier ./CSV3\bulletins\bulletins_propres\table_page_407.csv: En-tête 'Base' introuvable.
Erreur dans le fichier ./CSV3\bulletins\bulletins_propres\table_page_407.csv: En-tête '2018Base' introuvable.
Erreur dans le fichier ./CSV3\bulletins\bulletins_propres\table_page_407.csv: En-tête '2068Base' introuvable.
Erreur dans le fichier ./CSV3\bulletins\bulletins_propres\table_page_407.csv: En-tête '2078Base' introuvable.
Erreur dans le fichier ./CSV3\bulletins\bulletins_propres\table_page_407.csv: En-tête '2082Base' introuvable.
Erreur dans le fichier ./CSV3\bulletins\bulletins_propres\table_page_407.csv: En-tête 'Base' introuvable.
Erreur dans le fichier ./CSV3\bulletins\bulletins_propres\table_page_407.csv: En-tête 'TOTAL BRUTBase' introuvable.
Erreur dans le fichier ./CSV3\bulletins\bulletins_propres\table_page_407.csv: En-tête '7001Base' introuvable.
Erreur dans le fichier ./CSV3\bulletins\bulletins_propres\table_page_407.csv: En-tête '7010Base' introuvable.
Erreur dans le fichier ./CSV3\bulletins\bulletins_propres\table_page_407.csv: En-tête '7015Base' introuvable.
Erreur dans le fichier ./CSV3\bulletins\bulletins_propres\table_page_407.csv: En-tête '7020Base' introuvable.
Erreur dans le fichier ./CSV3\bulletins\bulletins_propres\table_page_407.csv: En-tête '7030Base' introuvable.
Erreur dans le fichier ./CSV3\bulletins\bulletins_propres\table_page_407.csv: En-tête '7035Base' introuvable.
Erreur dans le fichier ./CSV3\bulletins\bulletins_propres\table_page_407.csv: En-tête '7040Base' introuvable.
Erreur dans le fichier ./CSV3\bulletins\bulletins_propres\table_page_407.csv: En-tête 'Base' introuvable.
Erreur dans le fichier ./CSV3\bulletins\bulletins_propres\table_page_407.csv: En-tête '7045Base' introuvable.
Erreur dans le fichier ./CSV3\bulletins\bulletins_propres\table_page_407.csv: En-tête 'Base' introuvable.
Erreur dans le fichier ./CSV3\bulletins\bulletins_propres\table_page_407.csv: En-tête '7050Base' introuvable.
Erreur dans le fichier ./CSV3\bulletins\bulletins_propres\table_page_407.csv: En-tête 'Base' introuvable.
Erreur dans le fichier ./CSV3\bulletins\bulletins_propres\table_page_407.csv: En-tête '7055Base' introuvable.
Erreur dans le fichier ./CSV3\bulletins\bulletins_propres\table_page_407.csv: En-tête 'Base' introuvable.
Erreur dans le fichier ./CSV3\bulletins\bulletins_propres\table_page_407.csv: En-tête '7C00Base' introuvable.
Erreur dans le fichier ./CSV3\bulletins\bulletins_propres\table_page_407.csv: En-tête '7C20Base' introuvable.
Erreur dans le fichier ./CSV3\bulletins\bulletins_propres\table_page_407.csv: En-tête '7P10Base' introuvable.
Erreur dans le fichier ./CSV3\bulletins\bulletins_propres\table_page_407.csv: En-tête '7R56Base' introuvable.
Erreur dans le fichier ./CSV3\bulletins\bulletins_propres\table_page_407.csv: En-tête '7R63Base' introuvable.
Erreur dans le fichier ./CSV3\bulletins\bulletins_propres\table_page_407.csv: En-tête '7T00Base' introuvable.
Erreur dans le fichier ./CSV3\bulletins\bulletins_propres\table_page_407.csv: En-tête '7T02Base' introuvable.
Erreur dans le fichier ./CSV3\bulletins\bulletins_propres\table_page_407.csv: En-tête '7T05Base' introuvable.
Erreur dans le fichier ./CSV3\bulletins\bulletins_propres\table_page_407.csv: En-tête '7T10Base' introuvable.
Erreur dans le fichier ./CSV3\bulletins\bulletins_propres\table_page_407.csv: En-tête '7T15Base' introuvable.
Erreur dans le fichier ./CSV3\bulletins\bulletins_propres\table_page_407.csv: En-tête '7T20Base' introuvable.
Erreur dans le fichier ./CSV3\bulletins\bulletins_propres\table_page_407.csv: En-tête 'Base' introuvable.
Erreur dans le fichier ./CSV3\bulletins\bulletins_propres\table_page_407.csv: En-tête '6082Base' introuvable.
Erreur dans le fichier ./CSV3\bulletins\bulletins_propres\table_page_407.csv: En-tête '6094Base' introuvable.
Erreur dans le fichier ./CSV3\bulletins\bulletins_propres\table_page_407.csv: En-tête 'PALCAllégement chômageBase' introuvable.
Erreur dans le fichier ./CSV3\bulletins\bulletins_propres\table_page_407.csv: En-tête 'PALFAllégement FillonBase' introuvable.
Erreur dans le fichier ./CSV3\bulletins\bulletins_propres\table_page_407.csv: En-tête 'PALRAllégement retraiteBase' introuvable.
Erreur dans le fichier ./CSV3\bulletins\bulletins_propres\table_page_407.csv: En-tête 'Total Charges Ded.Base' introuvable.
Erreur dans le fichier ./CSV3\bulletins\bulletins_propres\table_page_407.csv: En-tête '6080Base' introuvable.
Erreur dans le fichier ./CSV3\bulletins\bulletins_propres\table_page_407.csv: En-tête '6084Base' introuvable.
Erreur dans le fichier ./CSV3\bulletins\bulletins_propres\table_page_407.csv: En-tête '6092Base' introuvable.
Erreur dans le fichier ./CSV3\bulletins\bulletins_propres\table_page_407.csv: En-tête '6096Base' introuvable.
Erreur dans le fichier ./CSV3\bulletins\bulletins_propres\table_page_407.csv: En-tête 'Total Charges Non Ded.Base' introuvable.
Erreur dans le fichier ./CSV3\bulletins\bulletins_propres\table_page_407.csv: En-tête '8009Base' introuvable.
Erreur dans le fichier ./CSV3\bulletins\bulletins_propres\table_page_407.csv: En-tête '8010Base' introuvable.
Erreur dans le fichier ./CSV3\bulletins\bulletins_propres\table_page_407.csv: En-tête '8007Base' introuvable.
Erreur dans le fichier ./CSV3\bulletins\bulletins_propres\table_page_407.csv: En-tête '8192Base' introuvable.
Erreur dans le fichier ./CSV3\bulletins\bulletins_propres\table_page_409.csv: En-tête '1001Base' introuvable.
Erreur dans le fichier ./CSV3\bulletins\bulletins_propres\table_page_409.csv: En-tête '1046Base' introuvable.
Erreur dans le fichier ./CSV3\bulletins\bulletins_propres\table_page_409.csv: En-tête 'Base' introuvable.
Erreur dans le fichier ./CSV3\bulletins\bulletins_propres\table_page_409.csv: En-tête '2012Base' introuvable.
Erreur dans le fichier ./CSV3\bulletins\bulletins_propres\table_page_409.csv: En-tête 'Base' introuvable.
Erreur dans le fichier ./CSV3\bulletins\bulletins_propres\table_page_409.csv: En-tête '2018Base' introuvable.
Erreur dans le fichier ./CSV3\bulletins\bulletins_propres\table_page_409.csv: En-tête '2068Base' introuvable.
Erreur dans le fichier ./CSV3\bulletins\bulletins_propres\table_page_409.csv: En-tête '2078Base' introuvable.
Erreur dans le fichier ./CSV3\bulletins\bulletins_propres\table_page_409.csv: En-tête 'Base' introuvable.
Erreur dans le fichier ./CSV3\bulletins\bulletins_propres\table_page_409.csv: En-tête 'TOTAL BRUTBase' introuvable.
Erreur dans le fichier ./CSV3\bulletins\bulletins_propres\table_page_409.csv: En-tête '7001Base' introuvable.
Erreur dans le fichier ./CSV3\bulletins\bulletins_propres\table_page_409.csv: En-tête '7010Base' introuvable.
Erreur dans le fichier ./CSV3\bulletins\bulletins_propres\table_page_409.csv: En-tête '7015Base' introuvable.
Erreur dans le fichier ./CSV3\bulletins\bulletins_propres\table_page_409.csv: En-tête '7020Base' introuvable.
Erreur dans le fichier ./CSV3\bulletins\bulletins_propres\table_page_409.csv: En-tête '7030Base' introuvable.
Erreur dans le fichier ./CSV3\bulletins\bulletins_propres\table_page_409.csv: En-tête '7035Base' introuvable.
Erreur dans le fichier ./CSV3\bulletins\bulletins_propres\table_page_409.csv: En-tête '7040Base' introuvable.
Erreur dans le fichier ./CSV3\bulletins\bulletins_propres\table_page_409.csv: En-tête '7045Base' introuvable.
Erreur dans le fichier ./CSV3\bulletins\bulletins_propres\table_page_409.csv: En-tête 'Base' introuvable.
Erreur dans le fichier ./CSV3\bulletins\bulletins_propres\table_page_409.csv: En-tête '7050Base' introuvable.
Erreur dans le fichier ./CSV3\bulletins\bulletins_propres\table_page_409.csv: En-tête 'Base' introuvable.
Erreur dans le fichier ./CSV3\bulletins\bulletins_propres\table_page_409.csv: En-tête '7055Base' introuvable.
Erreur dans le fichier ./CSV3\bulletins\bulletins_propres\table_page_409.csv: En-tête 'Base' introuvable.
Erreur dans le fichier ./CSV3\bulletins\bulletins_propres\table_page_409.csv: En-tête '7C00Base' introuvable.
Erreur dans le fichier ./CSV3\bulletins\bulletins_propres\table_page_409.csv: En-tête 'Base' introuvable.
Erreur dans le fichier ./CSV3\bulletins\bulletins_propres\table_page_409.csv: En-tête '7C20Base' introuvable.
Erreur dans le fichier ./CSV3\bulletins\bulletins_propres\table_page_409.csv: En-tête '7M05Base' introuvable.
Erreur dans le fichier ./CSV3\bulletins\bulletins_propres\table_page_409.csv: En-tête '7P20Base' introuvable.
Erreur dans le fichier ./CSV3\bulletins\bulletins_propres\table_page_409.csv: En-tête '7R56Base' introuvable.
Erreur dans le fichier ./CSV3\bulletins\bulletins_propres\table_page_409.csv: En-tête '7R63Base' introuvable.
Erreur dans le fichier ./CSV3\bulletins\bulletins_propres\table_page_409.csv: En-tête '7T00Base' introuvable.
Erreur dans le fichier ./CSV3\bulletins\bulletins_propres\table_page_409.csv: En-tête '7T02Base' introuvable.
Erreur dans le fichier ./CSV3\bulletins\bulletins_propres\table_page_409.csv: En-tête '7T05Base' introuvable.
Erreur dans le fichier ./CSV3\bulletins\bulletins_propres\table_page_409.csv: En-tête '7T10Base' introuvable.
Erreur dans le fichier ./CSV3\bulletins\bulletins_propres\table_page_409.csv: En-tête '7T15Base' introuvable.
Erreur dans le fichier ./CSV3\bulletins\bulletins_propres\table_page_409.csv: En-tête '7T20Base' introuvable.
Erreur dans le fichier ./CSV3\bulletins\bulletins_propres\table_page_409.csv: En-tête 'Base' introuvable.
Erreur dans le fichier ./CSV3\bulletins\bulletins_propres\table_page_409.csv: En-tête '6082Base' introuvable.
Erreur dans le fichier ./CSV3\bulletins\bulletins_propres\table_page_409.csv: En-tête '6094Base' introuvable.
Erreur dans le fichier ./CSV3\bulletins\bulletins_propres\table_page_409.csv: En-tête 'Total Charges Ded.Base' introuvable.
Erreur dans le fichier ./CSV3\bulletins\bulletins_propres\table_page_409.csv: En-tête '6080Base' introuvable.
Erreur dans le fichier ./CSV3\bulletins\bulletins_propres\table_page_409.csv: En-tête '6084Base' introuvable.
Erreur dans le fichier ./CSV3\bulletins\bulletins_propres\table_page_409.csv: En-tête '6092Base' introuvable.
Erreur dans le fichier ./CSV3\bulletins\bulletins_propres\table_page_409.csv: En-tête '6096Base' introuvable.
Erreur dans le fichier ./CSV3\bulletins\bulletins_propres\table_page_409.csv: En-tête 'Total Charges Non Ded.Base' introuvable.
Erreur dans le fichier ./CSV3\bulletins\bulletins_propres\table_page_409.csv: En-tête '8009Base' introuvable.
Erreur dans le fichier ./CSV3\bulletins\bulletins_propres\table_page_409.csv: En-tête '8010Base' introuvable.
Erreur dans le fichier ./CSV3\bulletins\bulletins_propres\table_page_409.csv: En-tête '8007Base' introuvable.
Erreur dans le fichier ./CSV3\bulletins\bulletins_propres\table_page_409.csv: En-tête 'Base' introuvable.
Erreur dans le fichier ./CSV3\bulletins\bulletins_propres\table_page_409.csv: En-tête 'Base' introuvable.
Erreur dans le fichier ./CSV3\bulletins\bulletins_propres\table_page_409.csv: En-tête 'Impôt sur le revenuBase' introuvable.
Erreur dans le fichier ./CSV3\bulletins\bulletins_propres\table_page_409.csv: En-tête 'Impôt sur le revenu à la sourceBase' introuvable.
Erreur dans le fichier ./CSV3\bulletins\bulletins_propres\table_page_41.csv: En-tête '1001Base' introuvable.
Erreur dans le fichier ./CSV3\bulletins\bulletins_propres\table_page_41.csv: En-tête '1046Base' introuvable.
Erreur dans le fichier ./CSV3\bulletins\bulletins_propres\table_page_41.csv: En-tête 'Base' introuvable.
Erreur dans le fichier ./CSV3\bulletins\bulletins_propres\table_page_41.csv: En-tête '2012Base' introuvable.
Erreur dans le fichier ./CSV3\bulletins\bulletins_propres\table_page_41.csv: En-tête 'Base' introuvable.
Erreur dans le fichier ./CSV3\bulletins\bulletins_propres\table_page_41.csv: En-tête '2068Base' introuvable.
Erreur dans le fichier ./CSV3\bulletins\bulletins_propres\table_page_41.csv: En-tête '2078Base' introuvable.
Erreur dans le fichier ./CSV3\bulletins\bulletins_propres\table_page_41.csv: En-tête '2082Base' introuvable.
Erreur dans le fichier ./CSV3\bulletins\bulletins_propres\table_page_41.csv: En-tête '2084Base' introuvable.
Erreur dans le fichier ./CSV3\bulletins\bulletins_propres\table_page_41.csv: En-tête '3460Base' introuvable.
Erreur dans le fichier ./CSV3\bulletins\bulletins_propres\table_page_41.csv: En-tête '3462Base' introuvable.
Erreur dans le fichier ./CSV3\bulletins\bulletins_propres\table_page_41.csv: En-tête '3B80Base' introuvable.
Erreur dans le fichier ./CSV3\bulletins\bulletins_propres\table_page_41.csv: En-tête '3B82Base' introuvable.
Erreur dans le fichier ./CSV3\bulletins\bulletins_propres\table_page_41.csv: En-tête 'Base' introuvable.
Erreur dans le fichier ./CSV3\bulletins\bulletins_propres\table_page_41.csv: En-tête 'TOTAL BRUTBase' introuvable.
Erreur dans le fichier ./CSV3\bulletins\bulletins_propres\table_page_41.csv: En-tête '60F2Base' introuvable.
Erreur dans le fichier ./CSV3\bulletins\bulletins_propres\table_page_41.csv: En-tête '7001Base' introuvable.
Erreur dans le fichier ./CSV3\bulletins\bulletins_propres\table_page_41.csv: En-tête '7010Base' introuvable.
Erreur dans le fichier ./CSV3\bulletins\bulletins_propres\table_page_41.csv: En-tête 'Base' introuvable.
Erreur dans le fichier ./CSV3\bulletins\bulletins_propres\table_page_41.csv: En-tête '7015Base' introuvable.
Erreur dans le fichier ./CSV3\bulletins\bulletins_propres\table_page_41.csv: En-tête 'Base' introuvable.
Erreur dans le fichier ./CSV3\bulletins\bulletins_propres\table_page_41.csv: En-tête '7020Base' introuvable.
Erreur dans le fichier ./CSV3\bulletins\bulletins_propres\table_page_41.csv: En-tête 'Base' introuvable.
Erreur dans le fichier ./CSV3\bulletins\bulletins_propres\table_page_41.csv: En-tête '7030Base' introuvable.
Erreur dans le fichier ./CSV3\bulletins\bulletins_propres\table_page_41.csv: En-tête 'Base' introuvable.
Erreur dans le fichier ./CSV3\bulletins\bulletins_propres\table_page_41.csv: En-tête '7035Base' introuvable.
Erreur dans le fichier ./CSV3\bulletins\bulletins_propres\table_page_41.csv: En-tête '7040Base' introuvable.
Erreur dans le fichier ./CSV3\bulletins\bulletins_propres\table_page_41.csv: En-tête '7045Base' introuvable.
Erreur dans le fichier ./CSV3\bulletins\bulletins_propres\table_page_41.csv: En-tête '7050Base' introuvable.
Erreur dans le fichier ./CSV3\bulletins\bulletins_propres\table_page_41.csv: En-tête '7055Base' introuvable.
Erreur dans le fichier ./CSV3\bulletins\bulletins_propres\table_page_41.csv: En-tête '7C00Base' introuvable.
Erreur dans le fichier ./CSV3\bulletins\bulletins_propres\table_page_41.csv: En-tête '7C20Base' introuvable.
Erreur dans le fichier ./CSV3\bulletins\bulletins_propres\table_page_41.csv: En-tête '7M03Base' introuvable.
Erreur dans le fichier ./CSV3\bulletins\bulletins_propres\table_page_41.csv: En-tête '7P10Base' introuvable.
Erreur dans le fichier ./CSV3\bulletins\bulletins_propres\table_page_41.csv: En-tête '7R56Base' introuvable.
Erreur dans le fichier ./CSV3\bulletins\bulletins_propres\table_page_41.csv: En-tête '7R63Base' introuvable.
Erreur dans le fichier ./CSV3\bulletins\bulletins_propres\table_page_41.csv: En-tête 'Base' introuvable.
Erreur dans le fichier ./CSV3\bulletins\bulletins_propres\table_page_41.csv: En-tête '7T00Base' introuvable.
Erreur dans le fichier ./CSV3\bulletins\bulletins_propres\table_page_41.csv: En-tête 'Base' introuvable.
Erreur dans le fichier ./CSV3\bulletins\bulletins_propres\table_page_41.csv: En-tête '7T02Base' introuvable.
Erreur dans le fichier ./CSV3\bulletins\bulletins_propres\table_page_41.csv: En-tête '7T05Base' introuvable.
Erreur dans le fichier ./CSV3\bulletins\bulletins_propres\table_page_41.csv: En-tête '7T10Base' introuvable.
Erreur dans le fichier ./CSV3\bulletins\bulletins_propres\table_page_41.csv: En-tête '7T15Base' introuvable.
Erreur dans le fichier ./CSV3\bulletins\bulletins_propres\table_page_41.csv: En-tête '7T20Base' introuvable.
Erreur dans le fichier ./CSV3\bulletins\bulletins_propres\table_page_41.csv: En-tête '6082Base' introuvable.
Erreur dans le fichier ./CSV3\bulletins\bulletins_propres\table_page_41.csv: En-tête '6094Base' introuvable.
Erreur dans le fichier ./CSV3\bulletins\bulletins_propres\table_page_41.csv: En-tête 'PALCAllégement chômageBase' introuvable.
Erreur dans le fichier ./CSV3\bulletins\bulletins_propres\table_page_41.csv: En-tête 'PALFAllégement FillonBase' introuvable.
Erreur dans le fichier ./CSV3\bulletins\bulletins_propres\table_page_41.csv: En-tête 'PALRAllégement retraiteBase' introuvable.
Erreur dans le fichier ./CSV3\bulletins\bulletins_propres\table_page_41.csv: En-tête 'Total Charges Ded.Base' introuvable.
Erreur dans le fichier ./CSV3\bulletins\bulletins_propres\table_page_41.csv: En-tête '6080Base' introuvable.
Erreur dans le fichier ./CSV3\bulletins\bulletins_propres\table_page_41.csv: En-tête '6084Base' introuvable.
Erreur dans le fichier ./CSV3\bulletins\bulletins_propres\table_page_41.csv: En-tête '6092Base' introuvable.
Erreur dans le fichier ./CSV3\bulletins\bulletins_propres\table_page_41.csv: En-tête '6096Base' introuvable.
Erreur dans le fichier ./CSV3\bulletins\bulletins_propres\table_page_41.csv: En-tête '60F1Base' introuvable.
Erreur dans le fichier ./CSV3\bulletins\bulletins_propres\table_page_41.csv: En-tête '60F3Base' introuvable.
Erreur dans le fichier ./CSV3\bulletins\bulletins_propres\table_page_41.csv: En-tête '60F4Base' introuvable.
Erreur dans le fichier ./CSV3\bulletins\bulletins_propres\table_page_41.csv: En-tête '60F8Base' introuvable.
Erreur dans le fichier ./CSV3\bulletins\bulletins_propres\table_page_41.csv: En-tête '60F9Base' introuvable.
Erreur dans le fichier ./CSV3\bulletins\bulletins_propres\table_page_41.csv: En-tête 'Total Charges Non Ded.Base' introuvable.
Erreur dans le fichier ./CSV3\bulletins\bulletins_propres\table_page_41.csv: En-tête '8009Base' introuvable.
Erreur dans le fichier ./CSV3\bulletins\bulletins_propres\table_page_411.csv: En-tête '1001Base' introuvable.
Erreur dans le fichier ./CSV3\bulletins\bulletins_propres\table_page_411.csv: En-tête '1046Base' introuvable.
Erreur dans le fichier ./CSV3\bulletins\bulletins_propres\table_page_411.csv: En-tête 'Base' introuvable.
Erreur dans le fichier ./CSV3\bulletins\bulletins_propres\table_page_411.csv: En-tête '2012Base' introuvable.
Erreur dans le fichier ./CSV3\bulletins\bulletins_propres\table_page_411.csv: En-tête 'Base' introuvable.
Erreur dans le fichier ./CSV3\bulletins\bulletins_propres\table_page_411.csv: En-tête '2018Base' introuvable.
Erreur dans le fichier ./CSV3\bulletins\bulletins_propres\table_page_411.csv: En-tête '2068Base' introuvable.
Erreur dans le fichier ./CSV3\bulletins\bulletins_propres\table_page_411.csv: En-tête '2078Base' introuvable.
Erreur dans le fichier ./CSV3\bulletins\bulletins_propres\table_page_411.csv: En-tête '3006Base' introuvable.
Erreur dans le fichier ./CSV3\bulletins\bulletins_propres\table_page_411.csv: En-tête '3350Base' introuvable.
Erreur dans le fichier ./CSV3\bulletins\bulletins_propres\table_page_411.csv: En-tête '3355Base' introuvable.
Erreur dans le fichier ./CSV3\bulletins\bulletins_propres\table_page_411.csv: En-tête 'Base' introuvable.
Erreur dans le fichier ./CSV3\bulletins\bulletins_propres\table_page_411.csv: En-tête 'TOTAL BRUTBase' introuvable.
Erreur dans le fichier ./CSV3\bulletins\bulletins_propres\table_page_411.csv: En-tête '6S89Base' introuvable.
Erreur dans le fichier ./CSV3\bulletins\bulletins_propres\table_page_411.csv: En-tête '7001Base' introuvable.
Erreur dans le fichier ./CSV3\bulletins\bulletins_propres\table_page_411.csv: En-tête '7010Base' introuvable.
Erreur dans le fichier ./CSV3\bulletins\bulletins_propres\table_page_411.csv: En-tête '7015Base' introuvable.
Erreur dans le fichier ./CSV3\bulletins\bulletins_propres\table_page_411.csv: En-tête '7020Base' introuvable.
Erreur dans le fichier ./CSV3\bulletins\bulletins_propres\table_page_411.csv: En-tête 'Base' introuvable.
Erreur dans le fichier ./CSV3\bulletins\bulletins_propres\table_page_411.csv: En-tête '7030Base' introuvable.
Erreur dans le fichier ./CSV3\bulletins\bulletins_propres\table_page_411.csv: En-tête 'Base' introuvable.
Erreur dans le fichier ./CSV3\bulletins\bulletins_propres\table_page_411.csv: En-tête '7035Base' introuvable.
Erreur dans le fichier ./CSV3\bulletins\bulletins_propres\table_page_411.csv: En-tête 'Base' introuvable.
Erreur dans le fichier ./CSV3\bulletins\bulletins_propres\table_page_411.csv: En-tête '7040Base' introuvable.
Erreur dans le fichier ./CSV3\bulletins\bulletins_propres\table_page_411.csv: En-tête 'Base' introuvable.
Erreur dans le fichier ./CSV3\bulletins\bulletins_propres\table_page_411.csv: En-tête '7045Base' introuvable.
Erreur dans le fichier ./CSV3\bulletins\bulletins_propres\table_page_411.csv: En-tête '7050Base' introuvable.
Erreur dans le fichier ./CSV3\bulletins\bulletins_propres\table_page_411.csv: En-tête '7055Base' introuvable.
Erreur dans le fichier ./CSV3\bulletins\bulletins_propres\table_page_411.csv: En-tête '7C00Base' introuvable.
Erreur dans le fichier ./CSV3\bulletins\bulletins_propres\table_page_411.csv: En-tête '7C20Base' introuvable.
Erreur dans le fichier ./CSV3\bulletins\bulletins_propres\table_page_411.csv: En-tête '7M03Base' introuvable.
Erreur dans le fichier ./CSV3\bulletins\bulletins_propres\table_page_411.csv: En-tête '7P10Base' introuvable.
Erreur dans le fichier ./CSV3\bulletins\bulletins_propres\table_page_411.csv: En-tête '7R56Base' introuvable.
Erreur dans le fichier ./CSV3\bulletins\bulletins_propres\table_page_411.csv: En-tête '7R63Base' introuvable.
Erreur dans le fichier ./CSV3\bulletins\bulletins_propres\table_page_411.csv: En-tête '7T00Base' introuvable.
Erreur dans le fichier ./CSV3\bulletins\bulletins_propres\table_page_411.csv: En-tête '7T02Base' introuvable.
Erreur dans le fichier ./CSV3\bulletins\bulletins_propres\table_page_411.csv: En-tête 'Base' introuvable.
Erreur dans le fichier ./CSV3\bulletins\bulletins_propres\table_page_411.csv: En-tête '7T05Base' introuvable.
Erreur dans le fichier ./CSV3\bulletins\bulletins_propres\table_page_411.csv: En-tête 'Base' introuvable.
Erreur dans le fichier ./CSV3\bulletins\bulletins_propres\table_page_411.csv: En-tête '7T10Base' introuvable.
Erreur dans le fichier ./CSV3\bulletins\bulletins_propres\table_page_411.csv: En-tête '7T15Base' introuvable.
Erreur dans le fichier ./CSV3\bulletins\bulletins_propres\table_page_411.csv: En-tête '7T20Base' introuvable.
Erreur dans le fichier ./CSV3\bulletins\bulletins_propres\table_page_411.csv: En-tête '6082Base' introuvable.
Erreur dans le fichier ./CSV3\bulletins\bulletins_propres\table_page_411.csv: En-tête '6094Base' introuvable.
Erreur dans le fichier ./CSV3\bulletins\bulletins_propres\table_page_411.csv: En-tête 'PALCAllégement chômageBase' introuvable.
Erreur dans le fichier ./CSV3\bulletins\bulletins_propres\table_page_411.csv: En-tête 'PALFAllégement FillonBase' introuvable.
Erreur dans le fichier ./CSV3\bulletins\bulletins_propres\table_page_411.csv: En-tête 'PALRAllégement retraiteBase' introuvable.
Erreur dans le fichier ./CSV3\bulletins\bulletins_propres\table_page_411.csv: En-tête 'Total Charges Ded.Base' introuvable.
Erreur dans le fichier ./CSV3\bulletins\bulletins_propres\table_page_411.csv: En-tête '6070Base' introuvable.
Erreur dans le fichier ./CSV3\bulletins\bulletins_propres\table_page_411.csv: En-tête '6074Base' introuvable.
Erreur dans le fichier ./CSV3\bulletins\bulletins_propres\table_page_411.csv: En-tête '6080Base' introuvable.
Erreur dans le fichier ./CSV3\bulletins\bulletins_propres\table_page_411.csv: En-tête '6084Base' introuvable.
Erreur dans le fichier ./CSV3\bulletins\bulletins_propres\table_page_411.csv: En-tête '6092Base' introuvable.
Erreur dans le fichier ./CSV3\bulletins\bulletins_propres\table_page_411.csv: En-tête '6096Base' introuvable.
Erreur dans le fichier ./CSV3\bulletins\bulletins_propres\table_page_411.csv: En-tête 'Total Charges Non Ded.Base' introuvable.
Erreur dans le fichier ./CSV3\bulletins\bulletins_propres\table_page_411.csv: En-tête '8009Base' introuvable.
Erreur dans le fichier ./CSV3\bulletins\bulletins_propres\table_page_411.csv: En-tête '8010Base' introuvable.
Erreur dans le fichier ./CSV3\bulletins\bulletins_propres\table_page_411.csv: En-tête '8007Base' introuvable.
Erreur dans le fichier ./CSV3\bulletins\bulletins_propres\table_page_411.csv: En-tête '8190Base' introuvable.
Erreur dans le fichier ./CSV3\bulletins\bulletins_propres\table_page_411.csv: En-tête '8192Base' introuvable.
Erreur dans le fichier ./CSV3\bulletins\bulletins_propres\table_page_413.csv: En-tête '1001Base' introuvable.
Erreur dans le fichier ./CSV3\bulletins\bulletins_propres\table_page_413.csv: En-tête '1046Base' introuvable.
Erreur dans le fichier ./CSV3\bulletins\bulletins_propres\table_page_413.csv: En-tête 'Base' introuvable.
Erreur dans le fichier ./CSV3\bulletins\bulletins_propres\table_page_413.csv: En-tête '2012Base' introuvable.
Erreur dans le fichier ./CSV3\bulletins\bulletins_propres\table_page_413.csv: En-tête 'Base' introuvable.
Erreur dans le fichier ./CSV3\bulletins\bulletins_propres\table_page_413.csv: En-tête '2018Base' introuvable.
Erreur dans le fichier ./CSV3\bulletins\bulletins_propres\table_page_413.csv: En-tête '2068Base' introuvable.
Erreur dans le fichier ./CSV3\bulletins\bulletins_propres\table_page_413.csv: En-tête '2078Base' introuvable.
Erreur dans le fichier ./CSV3\bulletins\bulletins_propres\table_page_413.csv: En-tête '3006Base' introuvable.
Erreur dans le fichier ./CSV3\bulletins\bulletins_propres\table_page_413.csv: En-tête 'Base' introuvable.
Erreur dans le fichier ./CSV3\bulletins\bulletins_propres\table_page_413.csv: En-tête 'TOTAL BRUTBase' introuvable.
Erreur dans le fichier ./CSV3\bulletins\bulletins_propres\table_page_413.csv: En-tête '6S89Base' introuvable.
Erreur dans le fichier ./CSV3\bulletins\bulletins_propres\table_page_413.csv: En-tête '7001Base' introuvable.
Erreur dans le fichier ./CSV3\bulletins\bulletins_propres\table_page_413.csv: En-tête '7010Base' introuvable.
Erreur dans le fichier ./CSV3\bulletins\bulletins_propres\table_page_413.csv: En-tête '7015Base' introuvable.
Erreur dans le fichier ./CSV3\bulletins\bulletins_propres\table_page_413.csv: En-tête '7020Base' introuvable.
Erreur dans le fichier ./CSV3\bulletins\bulletins_propres\table_page_413.csv: En-tête '7030Base' introuvable.
Erreur dans le fichier ./CSV3\bulletins\bulletins_propres\table_page_413.csv: En-tête '7035Base' introuvable.
Erreur dans le fichier ./CSV3\bulletins\bulletins_propres\table_page_413.csv: En-tête 'Base' introuvable.
Erreur dans le fichier ./CSV3\bulletins\bulletins_propres\table_page_413.csv: En-tête '7040Base' introuvable.
Erreur dans le fichier ./CSV3\bulletins\bulletins_propres\table_page_413.csv: En-tête 'Base' introuvable.
Erreur dans le fichier ./CSV3\bulletins\bulletins_propres\table_page_413.csv: En-tête '7045Base' introuvable.
Erreur dans le fichier ./CSV3\bulletins\bulletins_propres\table_page_413.csv: En-tête 'Base' introuvable.
Erreur dans le fichier ./CSV3\bulletins\bulletins_propres\table_page_413.csv: En-tête '7050Base' introuvable.
Erreur dans le fichier ./CSV3\bulletins\bulletins_propres\table_page_413.csv: En-tête 'Base' introuvable.
Erreur dans le fichier ./CSV3\bulletins\bulletins_propres\table_page_413.csv: En-tête '7055Base' introuvable.
Erreur dans le fichier ./CSV3\bulletins\bulletins_propres\table_page_413.csv: En-tête '7C00Base' introuvable.
Erreur dans le fichier ./CSV3\bulletins\bulletins_propres\table_page_413.csv: En-tête '7C20Base' introuvable.
Erreur dans le fichier ./CSV3\bulletins\bulletins_propres\table_page_413.csv: En-tête '7M05Base' introuvable.
Erreur dans le fichier ./CSV3\bulletins\bulletins_propres\table_page_413.csv: En-tête '7P20Base' introuvable.
Erreur dans le fichier ./CSV3\bulletins\bulletins_propres\table_page_413.csv: En-tête '7R56Base' introuvable.
Erreur dans le fichier ./CSV3\bulletins\bulletins_propres\table_page_413.csv: En-tête '7R63Base' introuvable.
Erreur dans le fichier ./CSV3\bulletins\bulletins_propres\table_page_413.csv: En-tête '7T00Base' introuvable.
Erreur dans le fichier ./CSV3\bulletins\bulletins_propres\table_page_413.csv: En-tête '7T02Base' introuvable.
Erreur dans le fichier ./CSV3\bulletins\bulletins_propres\table_page_413.csv: En-tête '7T05Base' introuvable.
Erreur dans le fichier ./CSV3\bulletins\bulletins_propres\table_page_413.csv: En-tête '7T10Base' introuvable.
Erreur dans le fichier ./CSV3\bulletins\bulletins_propres\table_page_413.csv: En-tête 'Base' introuvable.
Erreur dans le fichier ./CSV3\bulletins\bulletins_propres\table_page_413.csv: En-tête '7T15Base' introuvable.
Erreur dans le fichier ./CSV3\bulletins\bulletins_propres\table_page_413.csv: En-tête '7T20Base' introuvable.
Erreur dans le fichier ./CSV3\bulletins\bulletins_propres\table_page_413.csv: En-tête '6082Base' introuvable.
Erreur dans le fichier ./CSV3\bulletins\bulletins_propres\table_page_413.csv: En-tête '6094Base' introuvable.
Erreur dans le fichier ./CSV3\bulletins\bulletins_propres\table_page_413.csv: En-tête 'Total Charges Ded.Base' introuvable.
Erreur dans le fichier ./CSV3\bulletins\bulletins_propres\table_page_413.csv: En-tête '6070Base' introuvable.
Erreur dans le fichier ./CSV3\bulletins\bulletins_propres\table_page_413.csv: En-tête '6074Base' introuvable.
Erreur dans le fichier ./CSV3\bulletins\bulletins_propres\table_page_413.csv: En-tête '6080Base' introuvable.
Erreur dans le fichier ./CSV3\bulletins\bulletins_propres\table_page_413.csv: En-tête '6084Base' introuvable.
Erreur dans le fichier ./CSV3\bulletins\bulletins_propres\table_page_413.csv: En-tête '6092Base' introuvable.
Erreur dans le fichier ./CSV3\bulletins\bulletins_propres\table_page_413.csv: En-tête '6096Base' introuvable.
Erreur dans le fichier ./CSV3\bulletins\bulletins_propres\table_page_413.csv: En-tête 'Total Charges Non Ded.Base' introuvable.
Erreur dans le fichier ./CSV3\bulletins\bulletins_propres\table_page_413.csv: En-tête '8009Base' introuvable.
Erreur dans le fichier ./CSV3\bulletins\bulletins_propres\table_page_413.csv: En-tête '8010Base' introuvable.
Erreur dans le fichier ./CSV3\bulletins\bulletins_propres\table_page_413.csv: En-tête '8007Base' introuvable.
Erreur dans le fichier ./CSV3\bulletins\bulletins_propres\table_page_413.csv: En-tête '8192Base' introuvable.
Erreur dans le fichier ./CSV3\bulletins\bulletins_propres\table_page_413.csv: En-tête '8190Base' introuvable.
Erreur dans le fichier ./CSV3\bulletins\bulletins_propres\table_page_415.csv: En-tête '1001Base' introuvable.
Erreur dans le fichier ./CSV3\bulletins\bulletins_propres\table_page_415.csv: En-tête '1046Base' introuvable.
Erreur dans le fichier ./CSV3\bulletins\bulletins_propres\table_page_415.csv: En-tête 'Base' introuvable.
Erreur dans le fichier ./CSV3\bulletins\bulletins_propres\table_page_415.csv: En-tête '2012Base' introuvable.
Erreur dans le fichier ./CSV3\bulletins\bulletins_propres\table_page_415.csv: En-tête 'Base' introuvable.
Erreur dans le fichier ./CSV3\bulletins\bulletins_propres\table_page_415.csv: En-tête '2018Base' introuvable.
Erreur dans le fichier ./CSV3\bulletins\bulletins_propres\table_page_415.csv: En-tête '2068Base' introuvable.
Erreur dans le fichier ./CSV3\bulletins\bulletins_propres\table_page_415.csv: En-tête '2078Base' introuvable.
Erreur dans le fichier ./CSV3\bulletins\bulletins_propres\table_page_415.csv: En-tête '3006Base' introuvable.
Erreur dans le fichier ./CSV3\bulletins\bulletins_propres\table_page_415.csv: En-tête 'Base' introuvable.
Erreur dans le fichier ./CSV3\bulletins\bulletins_propres\table_page_415.csv: En-tête 'TOTAL BRUTBase' introuvable.
Erreur dans le fichier ./CSV3\bulletins\bulletins_propres\table_page_415.csv: En-tête '6S89Base' introuvable.
Erreur dans le fichier ./CSV3\bulletins\bulletins_propres\table_page_415.csv: En-tête '7001Base' introuvable.
Erreur dans le fichier ./CSV3\bulletins\bulletins_propres\table_page_415.csv: En-tête '7010Base' introuvable.
Erreur dans le fichier ./CSV3\bulletins\bulletins_propres\table_page_415.csv: En-tête '7015Base' introuvable.
Erreur dans le fichier ./CSV3\bulletins\bulletins_propres\table_page_415.csv: En-tête '7020Base' introuvable.
Erreur dans le fichier ./CSV3\bulletins\bulletins_propres\table_page_415.csv: En-tête '7030Base' introuvable.
Erreur dans le fichier ./CSV3\bulletins\bulletins_propres\table_page_415.csv: En-tête '7035Base' introuvable.
Erreur dans le fichier ./CSV3\bulletins\bulletins_propres\table_page_415.csv: En-tête 'Base' introuvable.
Erreur dans le fichier ./CSV3\bulletins\bulletins_propres\table_page_415.csv: En-tête '7040Base' introuvable.
Erreur dans le fichier ./CSV3\bulletins\bulletins_propres\table_page_415.csv: En-tête 'Base' introuvable.
Erreur dans le fichier ./CSV3\bulletins\bulletins_propres\table_page_415.csv: En-tête '7045Base' introuvable.
Erreur dans le fichier ./CSV3\bulletins\bulletins_propres\table_page_415.csv: En-tête 'Base' introuvable.
Erreur dans le fichier ./CSV3\bulletins\bulletins_propres\table_page_415.csv: En-tête '7050Base' introuvable.
Erreur dans le fichier ./CSV3\bulletins\bulletins_propres\table_page_415.csv: En-tête 'Base' introuvable.
Erreur dans le fichier ./CSV3\bulletins\bulletins_propres\table_page_415.csv: En-tête '7055Base' introuvable.
Erreur dans le fichier ./CSV3\bulletins\bulletins_propres\table_page_415.csv: En-tête '7C00Base' introuvable.
Erreur dans le fichier ./CSV3\bulletins\bulletins_propres\table_page_415.csv: En-tête '7C20Base' introuvable.
Erreur dans le fichier ./CSV3\bulletins\bulletins_propres\table_page_415.csv: En-tête '7M03Base' introuvable.
Erreur dans le fichier ./CSV3\bulletins\bulletins_propres\table_page_415.csv: En-tête '7P10Base' introuvable.
Erreur dans le fichier ./CSV3\bulletins\bulletins_propres\table_page_415.csv: En-tête '7R56Base' introuvable.
Erreur dans le fichier ./CSV3\bulletins\bulletins_propres\table_page_415.csv: En-tête '7R63Base' introuvable.
Erreur dans le fichier ./CSV3\bulletins\bulletins_propres\table_page_415.csv: En-tête '7T00Base' introuvable.
Erreur dans le fichier ./CSV3\bulletins\bulletins_propres\table_page_415.csv: En-tête '7T02Base' introuvable.
Erreur dans le fichier ./CSV3\bulletins\bulletins_propres\table_page_415.csv: En-tête '7T05Base' introuvable.
Erreur dans le fichier ./CSV3\bulletins\bulletins_propres\table_page_415.csv: En-tête '7T10Base' introuvable.
Erreur dans le fichier ./CSV3\bulletins\bulletins_propres\table_page_415.csv: En-tête 'Base' introuvable.
Erreur dans le fichier ./CSV3\bulletins\bulletins_propres\table_page_415.csv: En-tête '7T15Base' introuvable.
Erreur dans le fichier ./CSV3\bulletins\bulletins_propres\table_page_415.csv: En-tête '7T20Base' introuvable.
Erreur dans le fichier ./CSV3\bulletins\bulletins_propres\table_page_415.csv: En-tête '6082Base' introuvable.
Erreur dans le fichier ./CSV3\bulletins\bulletins_propres\table_page_415.csv: En-tête '6094Base' introuvable.
Erreur dans le fichier ./CSV3\bulletins\bulletins_propres\table_page_415.csv: En-tête 'PALCAllégement chômageBase' introuvable.
Erreur dans le fichier ./CSV3\bulletins\bulletins_propres\table_page_415.csv: En-tête 'PALFAllégement FillonBase' introuvable.
Erreur dans le fichier ./CSV3\bulletins\bulletins_propres\table_page_415.csv: En-tête 'PALRAllégement retraiteBase' introuvable.
Erreur dans le fichier ./CSV3\bulletins\bulletins_propres\table_page_415.csv: En-tête 'Total Charges Ded.Base' introuvable.
Erreur dans le fichier ./CSV3\bulletins\bulletins_propres\table_page_415.csv: En-tête '6070Base' introuvable.
Erreur dans le fichier ./CSV3\bulletins\bulletins_propres\table_page_415.csv: En-tête '6074Base' introuvable.
Erreur dans le fichier ./CSV3\bulletins\bulletins_propres\table_page_415.csv: En-tête '6080Base' introuvable.
Erreur dans le fichier ./CSV3\bulletins\bulletins_propres\table_page_415.csv: En-tête '6084Base' introuvable.
Erreur dans le fichier ./CSV3\bulletins\bulletins_propres\table_page_415.csv: En-tête '6092Base' introuvable.
Erreur dans le fichier ./CSV3\bulletins\bulletins_propres\table_page_415.csv: En-tête '6096Base' introuvable.
Erreur dans le fichier ./CSV3\bulletins\bulletins_propres\table_page_415.csv: En-tête 'Total Charges Non Ded.Base' introuvable.
Erreur dans le fichier ./CSV3\bulletins\bulletins_propres\table_page_415.csv: En-tête '8009Base' introuvable.
Erreur dans le fichier ./CSV3\bulletins\bulletins_propres\table_page_415.csv: En-tête '8010Base' introuvable.
Erreur dans le fichier ./CSV3\bulletins\bulletins_propres\table_page_415.csv: En-tête '/S11Saisie alimentaireBase' introuvable.
Erreur dans le fichier ./CSV3\bulletins\bulletins_propres\table_page_415.csv: En-tête '8192Base' introuvable.
Erreur dans le fichier ./CSV3\bulletins\bulletins_propres\table_page_415.csv: En-tête '8190Base' introuvable.
Erreur dans le fichier ./CSV3\bulletins\bulletins_propres\table_page_417.csv: En-tête '1002Base' introuvable.
Erreur dans le fichier ./CSV3\bulletins\bulletins_propres\table_page_417.csv: En-tête '3618Base' introuvable.
Erreur dans le fichier ./CSV3\bulletins\bulletins_propres\table_page_417.csv: En-tête 'TOTAL BRUTBase' introuvable.
Erreur dans le fichier ./CSV3\bulletins\bulletins_propres\table_page_417.csv: En-tête '7001Base' introuvable.
Erreur dans le fichier ./CSV3\bulletins\bulletins_propres\table_page_417.csv: En-tête '7002Base' introuvable.
Erreur dans le fichier ./CSV3\bulletins\bulletins_propres\table_page_417.csv: En-tête 'Base' introuvable.
Erreur dans le fichier ./CSV3\bulletins\bulletins_propres\table_page_417.csv: En-tête '7010Base' introuvable.
Erreur dans le fichier ./CSV3\bulletins\bulletins_propres\table_page_417.csv: En-tête '7015Base' introuvable.
Erreur dans le fichier ./CSV3\bulletins\bulletins_propres\table_page_417.csv: En-tête '7020Base' introuvable.
Erreur dans le fichier ./CSV3\bulletins\bulletins_propres\table_page_417.csv: En-tête '7025Base' introuvable.
Erreur dans le fichier ./CSV3\bulletins\bulletins_propres\table_page_417.csv: En-tête '7030Base' introuvable.
Erreur dans le fichier ./CSV3\bulletins\bulletins_propres\table_page_417.csv: En-tête '7035Base' introuvable.
Erreur dans le fichier ./CSV3\bulletins\bulletins_propres\table_page_417.csv: En-tête '7040Base' introuvable.
Erreur dans le fichier ./CSV3\bulletins\bulletins_propres\table_page_417.csv: En-tête '7045Base' introuvable.
Erreur dans le fichier ./CSV3\bulletins\bulletins_propres\table_page_417.csv: En-tête '7050Base' introuvable.
Erreur dans le fichier ./CSV3\bulletins\bulletins_propres\table_page_417.csv: En-tête '7055Base' introuvable.
Erreur dans le fichier ./CSV3\bulletins\bulletins_propres\table_page_417.csv: En-tête '7C00Base' introuvable.
Erreur dans le fichier ./CSV3\bulletins\bulletins_propres\table_page_417.csv: En-tête '7C10Base' introuvable.
Erreur dans le fichier ./CSV3\bulletins\bulletins_propres\table_page_417.csv: En-tête '7C20Base' introuvable.
Erreur dans le fichier ./CSV3\bulletins\bulletins_propres\table_page_417.csv: En-tête '7M05Base' introuvable.
Erreur dans le fichier ./CSV3\bulletins\bulletins_propres\table_page_417.csv: En-tête '7P20Base' introuvable.
Erreur dans le fichier ./CSV3\bulletins\bulletins_propres\table_page_417.csv: En-tête 'Base' introuvable.
Erreur dans le fichier ./CSV3\bulletins\bulletins_propres\table_page_417.csv: En-tête '7P25Base' introuvable.
Erreur dans le fichier ./CSV3\bulletins\bulletins_propres\table_page_417.csv: En-tête '7R44Base' introuvable.
Erreur dans le fichier ./CSV3\bulletins\bulletins_propres\table_page_417.csv: En-tête '7R45Base' introuvable.
Erreur dans le fichier ./CSV3\bulletins\bulletins_propres\table_page_417.csv: En-tête '7R53Base' introuvable.
Erreur dans le fichier ./CSV3\bulletins\bulletins_propres\table_page_417.csv: En-tête '7R54Base' introuvable.
Erreur dans le fichier ./CSV3\bulletins\bulletins_propres\table_page_417.csv: En-tête '7R63Base' introuvable.
Erreur dans le fichier ./CSV3\bulletins\bulletins_propres\table_page_417.csv: En-tête '7R64Base' introuvable.
Erreur dans le fichier ./CSV3\bulletins\bulletins_propres\table_page_417.csv: En-tête '7R70Base' introuvable.
Erreur dans le fichier ./CSV3\bulletins\bulletins_propres\table_page_417.csv: En-tête '7R71Base' introuvable.
Erreur dans le fichier ./CSV3\bulletins\bulletins_propres\table_page_417.csv: En-tête '7T00Base' introuvable.
Erreur dans le fichier ./CSV3\bulletins\bulletins_propres\table_page_417.csv: En-tête '7T02Base' introuvable.
Erreur dans le fichier ./CSV3\bulletins\bulletins_propres\table_page_417.csv: En-tête '7T05Base' introuvable.
Erreur dans le fichier ./CSV3\bulletins\bulletins_propres\table_page_417.csv: En-tête '7T10Base' introuvable.
Erreur dans le fichier ./CSV3\bulletins\bulletins_propres\table_page_417.csv: En-tête '7T15Base' introuvable.
Erreur dans le fichier ./CSV3\bulletins\bulletins_propres\table_page_417.csv: En-tête '7T20Base' introuvable.
Erreur dans le fichier ./CSV3\bulletins\bulletins_propres\table_page_417.csv: En-tête '6082Base' introuvable.
Erreur dans le fichier ./CSV3\bulletins\bulletins_propres\table_page_417.csv: En-tête '6094Base' introuvable.
Erreur dans le fichier ./CSV3\bulletins\bulletins_propres\table_page_417.csv: En-tête 'Total Charges Ded.Base' introuvable.
Erreur dans le fichier ./CSV3\bulletins\bulletins_propres\table_page_417.csv: En-tête '6080Base' introuvable.
Erreur dans le fichier ./CSV3\bulletins\bulletins_propres\table_page_417.csv: En-tête '6084Base' introuvable.
Erreur dans le fichier ./CSV3\bulletins\bulletins_propres\table_page_417.csv: En-tête '6092Base' introuvable.
Erreur dans le fichier ./CSV3\bulletins\bulletins_propres\table_page_417.csv: En-tête '6096Base' introuvable.
Erreur dans le fichier ./CSV3\bulletins\bulletins_propres\table_page_417.csv: En-tête 'Total Charges Non Ded.Base' introuvable.
Erreur dans le fichier ./CSV3\bulletins\bulletins_propres\table_page_417.csv: En-tête '8009Base' introuvable.
Erreur dans le fichier ./CSV3\bulletins\bulletins_propres\table_page_417.csv: En-tête '8010Base' introuvable.
Erreur dans le fichier ./CSV3\bulletins\bulletins_propres\table_page_417.csv: En-tête '8003Base' introuvable.
Erreur dans le fichier ./CSV3\bulletins\bulletins_propres\table_page_419.csv: En-tête '1001Base' introuvable.
Erreur dans le fichier ./CSV3\bulletins\bulletins_propres\table_page_419.csv: En-tête '2012Base' introuvable.
Erreur dans le fichier ./CSV3\bulletins\bulletins_propres\table_page_419.csv: En-tête 'Base' introuvable.
Erreur dans le fichier ./CSV3\bulletins\bulletins_propres\table_page_419.csv: En-tête '2068Base' introuvable.
Erreur dans le fichier ./CSV3\bulletins\bulletins_propres\table_page_419.csv: En-tête 'Base' introuvable.
Erreur dans le fichier ./CSV3\bulletins\bulletins_propres\table_page_419.csv: En-tête '3250Base' introuvable.
Erreur dans le fichier ./CSV3\bulletins\bulletins_propres\table_page_419.csv: En-tête '3255Base' introuvable.
Erreur dans le fichier ./CSV3\bulletins\bulletins_propres\table_page_419.csv: En-tête '3310Base' introuvable.
Erreur dans le fichier ./CSV3\bulletins\bulletins_propres\table_page_419.csv: En-tête '3315Base' introuvable.
Erreur dans le fichier ./CSV3\bulletins\bulletins_propres\table_page_419.csv: En-tête '3404Base' introuvable.
Erreur dans le fichier ./CSV3\bulletins\bulletins_propres\table_page_419.csv: En-tête '3406Base' introuvable.
Erreur dans le fichier ./CSV3\bulletins\bulletins_propres\table_page_419.csv: En-tête 'Base' introuvable.
Erreur dans le fichier ./CSV3\bulletins\bulletins_propres\table_page_419.csv: En-tête 'TOTAL BRUTBase' introuvable.
Erreur dans le fichier ./CSV3\bulletins\bulletins_propres\table_page_419.csv: En-tête '7001Base' introuvable.
Erreur dans le fichier ./CSV3\bulletins\bulletins_propres\table_page_419.csv: En-tête '7010Base' introuvable.
Erreur dans le fichier ./CSV3\bulletins\bulletins_propres\table_page_419.csv: En-tête '7015Base' introuvable.
Erreur dans le fichier ./CSV3\bulletins\bulletins_propres\table_page_419.csv: En-tête '7020Base' introuvable.
Erreur dans le fichier ./CSV3\bulletins\bulletins_propres\table_page_419.csv: En-tête '7030Base' introuvable.
Erreur dans le fichier ./CSV3\bulletins\bulletins_propres\table_page_419.csv: En-tête 'Base' introuvable.
Erreur dans le fichier ./CSV3\bulletins\bulletins_propres\table_page_419.csv: En-tête '7035Base' introuvable.
Erreur dans le fichier ./CSV3\bulletins\bulletins_propres\table_page_419.csv: En-tête 'Base' introuvable.
Erreur dans le fichier ./CSV3\bulletins\bulletins_propres\table_page_419.csv: En-tête '7040Base' introuvable.
Erreur dans le fichier ./CSV3\bulletins\bulletins_propres\table_page_419.csv: En-tête 'Base' introuvable.
Erreur dans le fichier ./CSV3\bulletins\bulletins_propres\table_page_419.csv: En-tête '7045Base' introuvable.
Erreur dans le fichier ./CSV3\bulletins\bulletins_propres\table_page_419.csv: En-tête 'Base' introuvable.
Erreur dans le fichier ./CSV3\bulletins\bulletins_propres\table_page_419.csv: En-tête '7050Base' introuvable.
Erreur dans le fichier ./CSV3\bulletins\bulletins_propres\table_page_419.csv: En-tête '7055Base' introuvable.
Erreur dans le fichier ./CSV3\bulletins\bulletins_propres\table_page_419.csv: En-tête '7C00Base' introuvable.
Erreur dans le fichier ./CSV3\bulletins\bulletins_propres\table_page_419.csv: En-tête '7C20Base' introuvable.
Erreur dans le fichier ./CSV3\bulletins\bulletins_propres\table_page_419.csv: En-tête '7M05Base' introuvable.
Erreur dans le fichier ./CSV3\bulletins\bulletins_propres\table_page_419.csv: En-tête '7P20Base' introuvable.
Erreur dans le fichier ./CSV3\bulletins\bulletins_propres\table_page_419.csv: En-tête '7R44Base' introuvable.
Erreur dans le fichier ./CSV3\bulletins\bulletins_propres\table_page_419.csv: En-tête '7R53Base' introuvable.
Erreur dans le fichier ./CSV3\bulletins\bulletins_propres\table_page_419.csv: En-tête '7R63Base' introuvable.
Erreur dans le fichier ./CSV3\bulletins\bulletins_propres\table_page_419.csv: En-tête '7T00Base' introuvable.
Erreur dans le fichier ./CSV3\bulletins\bulletins_propres\table_page_419.csv: En-tête '7T02Base' introuvable.
Erreur dans le fichier ./CSV3\bulletins\bulletins_propres\table_page_419.csv: En-tête 'Base' introuvable.
Erreur dans le fichier ./CSV3\bulletins\bulletins_propres\table_page_419.csv: En-tête '7T05Base' introuvable.
Erreur dans le fichier ./CSV3\bulletins\bulletins_propres\table_page_419.csv: En-tête 'Base' introuvable.
Erreur dans le fichier ./CSV3\bulletins\bulletins_propres\table_page_419.csv: En-tête '7T10Base' introuvable.
Erreur dans le fichier ./CSV3\bulletins\bulletins_propres\table_page_419.csv: En-tête 'Base' introuvable.
Erreur dans le fichier ./CSV3\bulletins\bulletins_propres\table_page_419.csv: En-tête '7T15Base' introuvable.
Erreur dans le fichier ./CSV3\bulletins\bulletins_propres\table_page_419.csv: En-tête 'Base' introuvable.
Erreur dans le fichier ./CSV3\bulletins\bulletins_propres\table_page_419.csv: En-tête '7T20Base' introuvable.
Erreur dans le fichier ./CSV3\bulletins\bulletins_propres\table_page_419.csv: En-tête '6082Base' introuvable.
Erreur dans le fichier ./CSV3\bulletins\bulletins_propres\table_page_419.csv: En-tête '6094Base' introuvable.
Erreur dans le fichier ./CSV3\bulletins\bulletins_propres\table_page_419.csv: En-tête 'Total Charges Ded.Base' introuvable.
Erreur dans le fichier ./CSV3\bulletins\bulletins_propres\table_page_419.csv: En-tête '6080Base' introuvable.
Erreur dans le fichier ./CSV3\bulletins\bulletins_propres\table_page_419.csv: En-tête '6084Base' introuvable.
Erreur dans le fichier ./CSV3\bulletins\bulletins_propres\table_page_419.csv: En-tête '6092Base' introuvable.
Erreur dans le fichier ./CSV3\bulletins\bulletins_propres\table_page_419.csv: En-tête '6096Base' introuvable.
Erreur dans le fichier ./CSV3\bulletins\bulletins_propres\table_page_419.csv: En-tête 'Total Charges Non Ded.Base' introuvable.
Erreur dans le fichier ./CSV3\bulletins\bulletins_propres\table_page_419.csv: En-tête '8009Base' introuvable.
Erreur dans le fichier ./CSV3\bulletins\bulletins_propres\table_page_419.csv: En-tête '8010Base' introuvable.
Erreur dans le fichier ./CSV3\bulletins\bulletins_propres\table_page_419.csv: En-tête '8017Base' introuvable.
Erreur dans le fichier ./CSV3\bulletins\bulletins_propres\table_page_421.csv: En-tête '1004Base' introuvable.
Erreur dans le fichier ./CSV3\bulletins\bulletins_propres\table_page_421.csv: En-tête '2068Base' introuvable.
Erreur dans le fichier ./CSV3\bulletins\bulletins_propres\table_page_421.csv: En-tête 'Base' introuvable.
Erreur dans le fichier ./CSV3\bulletins\bulletins_propres\table_page_421.csv: En-tête '2262Base' introuvable.
Erreur dans le fichier ./CSV3\bulletins\bulletins_propres\table_page_421.csv: En-tête 'Base' introuvable.
Erreur dans le fichier ./CSV3\bulletins\bulletins_propres\table_page_421.csv: En-tête '3460Base' introuvable.
Erreur dans le fichier ./CSV3\bulletins\bulletins_propres\table_page_421.csv: En-tête '3462Base' introuvable.
Erreur dans le fichier ./CSV3\bulletins\bulletins_propres\table_page_421.csv: En-tête 'Base' introuvable.
Erreur dans le fichier ./CSV3\bulletins\bulletins_propres\table_page_421.csv: En-tête 'TOTAL BRUTBase' introuvable.
Erreur dans le fichier ./CSV3\bulletins\bulletins_propres\table_page_421.csv: En-tête '7003Base' introuvable.
Erreur dans le fichier ./CSV3\bulletins\bulletins_propres\table_page_421.csv: En-tête '7004Base' introuvable.
Erreur dans le fichier ./CSV3\bulletins\bulletins_propres\table_page_421.csv: En-tête '7011Base' introuvable.
Erreur dans le fichier ./CSV3\bulletins\bulletins_propres\table_page_421.csv: En-tête '7014Base' introuvable.
Erreur dans le fichier ./CSV3\bulletins\bulletins_propres\table_page_421.csv: En-tête '7018Base' introuvable.
Erreur dans le fichier ./CSV3\bulletins\bulletins_propres\table_page_421.csv: En-tête '7019Base' introuvable.
Erreur dans le fichier ./CSV3\bulletins\bulletins_propres\table_page_421.csv: En-tête '7020Base' introuvable.
Erreur dans le fichier ./CSV3\bulletins\bulletins_propres\table_page_421.csv: En-tête '7031Base' introuvable.
Erreur dans le fichier ./CSV3\bulletins\bulletins_propres\table_page_421.csv: En-tête '7032Base' introuvable.
Erreur dans le fichier ./CSV3\bulletins\bulletins_propres\table_page_421.csv: En-tête 'Base' introuvable.
Erreur dans le fichier ./CSV3\bulletins\bulletins_propres\table_page_421.csv: En-tête '7040Base' introuvable.
Erreur dans le fichier ./CSV3\bulletins\bulletins_propres\table_page_421.csv: En-tête 'Base' introuvable.
Erreur dans le fichier ./CSV3\bulletins\bulletins_propres\table_page_421.csv: En-tête '7045Base' introuvable.
Erreur dans le fichier ./CSV3\bulletins\bulletins_propres\table_page_421.csv: En-tête 'Base' introuvable.
Erreur dans le fichier ./CSV3\bulletins\bulletins_propres\table_page_421.csv: En-tête '7055Base' introuvable.
Erreur dans le fichier ./CSV3\bulletins\bulletins_propres\table_page_421.csv: En-tête 'Base' introuvable.
Erreur dans le fichier ./CSV3\bulletins\bulletins_propres\table_page_421.csv: En-tête '7135Base' introuvable.
Erreur dans le fichier ./CSV3\bulletins\bulletins_propres\table_page_421.csv: En-tête '7136Base' introuvable.
Erreur dans le fichier ./CSV3\bulletins\bulletins_propres\table_page_421.csv: En-tête '7155Base' introuvable.
Erreur dans le fichier ./CSV3\bulletins\bulletins_propres\table_page_421.csv: En-tête '7156Base' introuvable.
Erreur dans le fichier ./CSV3\bulletins\bulletins_propres\table_page_421.csv: En-tête '7C20Base' introuvable.
Erreur dans le fichier ./CSV3\bulletins\bulletins_propres\table_page_421.csv: En-tête '7C40Base' introuvable.
Erreur dans le fichier ./CSV3\bulletins\bulletins_propres\table_page_421.csv: En-tête '7C41Base' introuvable.
Erreur dans le fichier ./CSV3\bulletins\bulletins_propres\table_page_421.csv: En-tête '7R50Base' introuvable.
Erreur dans le fichier ./CSV3\bulletins\bulletins_propres\table_page_421.csv: En-tête '7R60Base' introuvable.
Erreur dans le fichier ./CSV3\bulletins\bulletins_propres\table_page_421.csv: En-tête '7P00Base' introuvable.
Erreur dans le fichier ./CSV3\bulletins\bulletins_propres\table_page_421.csv: En-tête '7R56Base' introuvable.
Erreur dans le fichier ./CSV3\bulletins\bulletins_propres\table_page_421.csv: En-tête 'Base' introuvable.
Erreur dans le fichier ./CSV3\bulletins\bulletins_propres\table_page_421.csv: En-tête '7R63Base' introuvable.
Erreur dans le fichier ./CSV3\bulletins\bulletins_propres\table_page_421.csv: En-tête 'Base' introuvable.
Erreur dans le fichier ./CSV3\bulletins\bulletins_propres\table_page_421.csv: En-tête '7T00Base' introuvable.
Erreur dans le fichier ./CSV3\bulletins\bulletins_propres\table_page_421.csv: En-tête '7T02Base' introuvable.
Erreur dans le fichier ./CSV3\bulletins\bulletins_propres\table_page_421.csv: En-tête '7T05Base' introuvable.
Erreur dans le fichier ./CSV3\bulletins\bulletins_propres\table_page_421.csv: En-tête '7T10Base' introuvable.
Erreur dans le fichier ./CSV3\bulletins\bulletins_propres\table_page_421.csv: En-tête '7T15Base' introuvable.
Erreur dans le fichier ./CSV3\bulletins\bulletins_propres\table_page_421.csv: En-tête '7T20Base' introuvable.
Erreur dans le fichier ./CSV3\bulletins\bulletins_propres\table_page_421.csv: En-tête 'PALCAllégement chômageBase' introuvable.
Erreur dans le fichier ./CSV3\bulletins\bulletins_propres\table_page_421.csv: En-tête 'PALFAllégement FillonBase' introuvable.
Erreur dans le fichier ./CSV3\bulletins\bulletins_propres\table_page_421.csv: En-tête 'PALRAllégement retraiteBase' introuvable.
Erreur dans le fichier ./CSV3\bulletins\bulletins_propres\table_page_421.csv: En-tête 'Total Charges Ded.Base' introuvable.
Erreur dans le fichier ./CSV3\bulletins\bulletins_propres\table_page_421.csv: En-tête 'Total Charges Non Ded.Base' introuvable.
Erreur dans le fichier ./CSV3\bulletins\bulletins_propres\table_page_421.csv: En-tête '8009Base' introuvable.
Erreur dans le fichier ./CSV3\bulletins\bulletins_propres\table_page_421.csv: En-tête '8010Base' introuvable.
Erreur dans le fichier ./CSV3\bulletins\bulletins_propres\table_page_421.csv: En-tête '8007Base' introuvable.
Erreur dans le fichier ./CSV3\bulletins\bulletins_propres\table_page_421.csv: En-tête 'Base' introuvable.
Erreur dans le fichier ./CSV3\bulletins\bulletins_propres\table_page_421.csv: En-tête 'Base' introuvable.
Erreur dans le fichier ./CSV3\bulletins\bulletins_propres\table_page_421.csv: En-tête 'Impôt sur le revenuBase' introuvable.
Erreur dans le fichier ./CSV3\bulletins\bulletins_propres\table_page_421.csv: En-tête 'Impôt sur le revenu à la sourceBase' introuvable.
Erreur dans le fichier ./CSV3\bulletins\bulletins_propres\table_page_423.csv: En-tête '1002Base' introuvable.
Erreur dans le fichier ./CSV3\bulletins\bulletins_propres\table_page_423.csv: En-tête '2012Base' introuvable.
Erreur dans le fichier ./CSV3\bulletins\bulletins_propres\table_page_423.csv: En-tête 'Base' introuvable.
Erreur dans le fichier ./CSV3\bulletins\bulletins_propres\table_page_423.csv: En-tête '2068Base' introuvable.
Erreur dans le fichier ./CSV3\bulletins\bulletins_propres\table_page_423.csv: En-tête 'Base' introuvable.
Erreur dans le fichier ./CSV3\bulletins\bulletins_propres\table_page_423.csv: En-tête '3310Base' introuvable.
Erreur dans le fichier ./CSV3\bulletins\bulletins_propres\table_page_423.csv: En-tête '3315Base' introuvable.
Erreur dans le fichier ./CSV3\bulletins\bulletins_propres\table_page_423.csv: En-tête '3B80Base' introuvable.
Erreur dans le fichier ./CSV3\bulletins\bulletins_propres\table_page_423.csv: En-tête '3B82Base' introuvable.
Erreur dans le fichier ./CSV3\bulletins\bulletins_propres\table_page_423.csv: En-tête 'Base' introuvable.
Erreur dans le fichier ./CSV3\bulletins\bulletins_propres\table_page_423.csv: En-tête 'TOTAL BRUTBase' introuvable.
Erreur dans le fichier ./CSV3\bulletins\bulletins_propres\table_page_423.csv: En-tête '60F2Base' introuvable.
Erreur dans le fichier ./CSV3\bulletins\bulletins_propres\table_page_423.csv: En-tête '7001Base' introuvable.
Erreur dans le fichier ./CSV3\bulletins\bulletins_propres\table_page_423.csv: En-tête '7010Base' introuvable.
Erreur dans le fichier ./CSV3\bulletins\bulletins_propres\table_page_423.csv: En-tête '7015Base' introuvable.
Erreur dans le fichier ./CSV3\bulletins\bulletins_propres\table_page_423.csv: En-tête '7020Base' introuvable.
Erreur dans le fichier ./CSV3\bulletins\bulletins_propres\table_page_423.csv: En-tête '7030Base' introuvable.
Erreur dans le fichier ./CSV3\bulletins\bulletins_propres\table_page_423.csv: En-tête '7035Base' introuvable.
Erreur dans le fichier ./CSV3\bulletins\bulletins_propres\table_page_423.csv: En-tête 'Base' introuvable.
Erreur dans le fichier ./CSV3\bulletins\bulletins_propres\table_page_423.csv: En-tête '7040Base' introuvable.
Erreur dans le fichier ./CSV3\bulletins\bulletins_propres\table_page_423.csv: En-tête 'Base' introuvable.
Erreur dans le fichier ./CSV3\bulletins\bulletins_propres\table_page_423.csv: En-tête '7045Base' introuvable.
Erreur dans le fichier ./CSV3\bulletins\bulletins_propres\table_page_423.csv: En-tête 'Base' introuvable.
Erreur dans le fichier ./CSV3\bulletins\bulletins_propres\table_page_423.csv: En-tête '7050Base' introuvable.
Erreur dans le fichier ./CSV3\bulletins\bulletins_propres\table_page_423.csv: En-tête 'Base' introuvable.
Erreur dans le fichier ./CSV3\bulletins\bulletins_propres\table_page_423.csv: En-tête '7055Base' introuvable.
Erreur dans le fichier ./CSV3\bulletins\bulletins_propres\table_page_423.csv: En-tête '7C00Base' introuvable.
Erreur dans le fichier ./CSV3\bulletins\bulletins_propres\table_page_423.csv: En-tête '7C20Base' introuvable.
Erreur dans le fichier ./CSV3\bulletins\bulletins_propres\table_page_423.csv: En-tête '7M05Base' introuvable.
Erreur dans le fichier ./CSV3\bulletins\bulletins_propres\table_page_423.csv: En-tête '7P20Base' introuvable.
Erreur dans le fichier ./CSV3\bulletins\bulletins_propres\table_page_423.csv: En-tête '7R44Base' introuvable.
Erreur dans le fichier ./CSV3\bulletins\bulletins_propres\table_page_423.csv: En-tête '7R53Base' introuvable.
Erreur dans le fichier ./CSV3\bulletins\bulletins_propres\table_page_423.csv: En-tête '7R63Base' introuvable.
Erreur dans le fichier ./CSV3\bulletins\bulletins_propres\table_page_423.csv: En-tête '7T00Base' introuvable.
Erreur dans le fichier ./CSV3\bulletins\bulletins_propres\table_page_423.csv: En-tête '7T02Base' introuvable.
Erreur dans le fichier ./CSV3\bulletins\bulletins_propres\table_page_423.csv: En-tête '7T05Base' introuvable.
Erreur dans le fichier ./CSV3\bulletins\bulletins_propres\table_page_423.csv: En-tête 'Base' introuvable.
Erreur dans le fichier ./CSV3\bulletins\bulletins_propres\table_page_423.csv: En-tête '7T10Base' introuvable.
Erreur dans le fichier ./CSV3\bulletins\bulletins_propres\table_page_423.csv: En-tête 'Base' introuvable.
Erreur dans le fichier ./CSV3\bulletins\bulletins_propres\table_page_423.csv: En-tête '7T15Base' introuvable.
Erreur dans le fichier ./CSV3\bulletins\bulletins_propres\table_page_423.csv: En-tête '7T20Base' introuvable.
Erreur dans le fichier ./CSV3\bulletins\bulletins_propres\table_page_423.csv: En-tête '6082Base' introuvable.
Erreur dans le fichier ./CSV3\bulletins\bulletins_propres\table_page_423.csv: En-tête '6094Base' introuvable.
Erreur dans le fichier ./CSV3\bulletins\bulletins_propres\table_page_423.csv: En-tête 'Total Charges Ded.Base' introuvable.
Erreur dans le fichier ./CSV3\bulletins\bulletins_propres\table_page_423.csv: En-tête '6080Base' introuvable.
Erreur dans le fichier ./CSV3\bulletins\bulletins_propres\table_page_423.csv: En-tête '6084Base' introuvable.
Erreur dans le fichier ./CSV3\bulletins\bulletins_propres\table_page_423.csv: En-tête '6092Base' introuvable.
Erreur dans le fichier ./CSV3\bulletins\bulletins_propres\table_page_423.csv: En-tête '6096Base' introuvable.
Erreur dans le fichier ./CSV3\bulletins\bulletins_propres\table_page_423.csv: En-tête '60F1Base' introuvable.
Erreur dans le fichier ./CSV3\bulletins\bulletins_propres\table_page_423.csv: En-tête '60F3Base' introuvable.
Erreur dans le fichier ./CSV3\bulletins\bulletins_propres\table_page_423.csv: En-tête '60F4Base' introuvable.
Erreur dans le fichier ./CSV3\bulletins\bulletins_propres\table_page_423.csv: En-tête '60F8Base' introuvable.
Erreur dans le fichier ./CSV3\bulletins\bulletins_propres\table_page_423.csv: En-tête '60F9Base' introuvable.
Erreur dans le fichier ./CSV3\bulletins\bulletins_propres\table_page_423.csv: En-tête 'Total Charges Non Ded.Base' introuvable.
Erreur dans le fichier ./CSV3\bulletins\bulletins_propres\table_page_423.csv: En-tête '8009Base' introuvable.
Erreur dans le fichier ./CSV3\bulletins\bulletins_propres\table_page_423.csv: En-tête '8010Base' introuvable.
Erreur dans le fichier ./CSV3\bulletins\bulletins_propres\table_page_423.csv: En-tête '8007Base' introuvable.
Erreur dans le fichier ./CSV3\bulletins\bulletins_propres\table_page_425.csv: En-tête '1001Base' introuvable.
Erreur dans le fichier ./CSV3\bulletins\bulletins_propres\table_page_425.csv: En-tête '2012Base' introuvable.
Erreur dans le fichier ./CSV3\bulletins\bulletins_propres\table_page_425.csv: En-tête 'Base' introuvable.
Erreur dans le fichier ./CSV3\bulletins\bulletins_propres\table_page_425.csv: En-tête '2068Base' introuvable.
Erreur dans le fichier ./CSV3\bulletins\bulletins_propres\table_page_425.csv: En-tête 'Base' introuvable.
Erreur dans le fichier ./CSV3\bulletins\bulletins_propres\table_page_425.csv: En-tête '3404Base' introuvable.
Erreur dans le fichier ./CSV3\bulletins\bulletins_propres\table_page_425.csv: En-tête '3406Base' introuvable.
Erreur dans le fichier ./CSV3\bulletins\bulletins_propres\table_page_425.csv: En-tête 'Base' introuvable.
Erreur dans le fichier ./CSV3\bulletins\bulletins_propres\table_page_425.csv: En-tête 'TOTAL BRUTBase' introuvable.
Erreur dans le fichier ./CSV3\bulletins\bulletins_propres\table_page_425.csv: En-tête '7001Base' introuvable.
Erreur dans le fichier ./CSV3\bulletins\bulletins_propres\table_page_425.csv: En-tête '7010Base' introuvable.
Erreur dans le fichier ./CSV3\bulletins\bulletins_propres\table_page_425.csv: En-tête '7015Base' introuvable.
Erreur dans le fichier ./CSV3\bulletins\bulletins_propres\table_page_425.csv: En-tête '7020Base' introuvable.
Erreur dans le fichier ./CSV3\bulletins\bulletins_propres\table_page_425.csv: En-tête '7030Base' introuvable.
Erreur dans le fichier ./CSV3\bulletins\bulletins_propres\table_page_425.csv: En-tête '7035Base' introuvable.
Erreur dans le fichier ./CSV3\bulletins\bulletins_propres\table_page_425.csv: En-tête '7040Base' introuvable.
Erreur dans le fichier ./CSV3\bulletins\bulletins_propres\table_page_425.csv: En-tête '7045Base' introuvable.
Erreur dans le fichier ./CSV3\bulletins\bulletins_propres\table_page_425.csv: En-tête '7050Base' introuvable.
Erreur dans le fichier ./CSV3\bulletins\bulletins_propres\table_page_425.csv: En-tête 'Base' introuvable.
Erreur dans le fichier ./CSV3\bulletins\bulletins_propres\table_page_425.csv: En-tête '7055Base' introuvable.
Erreur dans le fichier ./CSV3\bulletins\bulletins_propres\table_page_425.csv: En-tête 'Base' introuvable.
Erreur dans le fichier ./CSV3\bulletins\bulletins_propres\table_page_425.csv: En-tête '7C00Base' introuvable.
Erreur dans le fichier ./CSV3\bulletins\bulletins_propres\table_page_425.csv: En-tête 'Base' introuvable.
Erreur dans le fichier ./CSV3\bulletins\bulletins_propres\table_page_425.csv: En-tête '7C20Base' introuvable.
Erreur dans le fichier ./CSV3\bulletins\bulletins_propres\table_page_425.csv: En-tête 'Base' introuvable.
Erreur dans le fichier ./CSV3\bulletins\bulletins_propres\table_page_425.csv: En-tête '7M05Base' introuvable.
Erreur dans le fichier ./CSV3\bulletins\bulletins_propres\table_page_425.csv: En-tête '7P20Base' introuvable.
Erreur dans le fichier ./CSV3\bulletins\bulletins_propres\table_page_425.csv: En-tête '7R44Base' introuvable.
Erreur dans le fichier ./CSV3\bulletins\bulletins_propres\table_page_425.csv: En-tête '7R53Base' introuvable.
Erreur dans le fichier ./CSV3\bulletins\bulletins_propres\table_page_425.csv: En-tête '7R63Base' introuvable.
Erreur dans le fichier ./CSV3\bulletins\bulletins_propres\table_page_425.csv: En-tête '7T00Base' introuvable.
Erreur dans le fichier ./CSV3\bulletins\bulletins_propres\table_page_425.csv: En-tête '7T02Base' introuvable.
Erreur dans le fichier ./CSV3\bulletins\bulletins_propres\table_page_425.csv: En-tête '7T05Base' introuvable.
Erreur dans le fichier ./CSV3\bulletins\bulletins_propres\table_page_425.csv: En-tête '7T10Base' introuvable.
Erreur dans le fichier ./CSV3\bulletins\bulletins_propres\table_page_425.csv: En-tête '7T15Base' introuvable.
Erreur dans le fichier ./CSV3\bulletins\bulletins_propres\table_page_425.csv: En-tête '7T20Base' introuvable.
Erreur dans le fichier ./CSV3\bulletins\bulletins_propres\table_page_425.csv: En-tête 'Base' introuvable.
Erreur dans le fichier ./CSV3\bulletins\bulletins_propres\table_page_425.csv: En-tête '6082Base' introuvable.
Erreur dans le fichier ./CSV3\bulletins\bulletins_propres\table_page_425.csv: En-tête 'Base' introuvable.
Erreur dans le fichier ./CSV3\bulletins\bulletins_propres\table_page_425.csv: En-tête '6094Base' introuvable.
Erreur dans le fichier ./CSV3\bulletins\bulletins_propres\table_page_425.csv: En-tête 'Base' introuvable.
Erreur dans le fichier ./CSV3\bulletins\bulletins_propres\table_page_425.csv: En-tête 'Total Charges Ded.Base' introuvable.
Erreur dans le fichier ./CSV3\bulletins\bulletins_propres\table_page_425.csv: En-tête '6080Base' introuvable.
Erreur dans le fichier ./CSV3\bulletins\bulletins_propres\table_page_425.csv: En-tête '6084Base' introuvable.
Erreur dans le fichier ./CSV3\bulletins\bulletins_propres\table_page_425.csv: En-tête '6092Base' introuvable.
Erreur dans le fichier ./CSV3\bulletins\bulletins_propres\table_page_425.csv: En-tête '6096Base' introuvable.
Erreur dans le fichier ./CSV3\bulletins\bulletins_propres\table_page_425.csv: En-tête 'Total Charges Non Ded.Base' introuvable.
Erreur dans le fichier ./CSV3\bulletins\bulletins_propres\table_page_425.csv: En-tête '8009Base' introuvable.
Erreur dans le fichier ./CSV3\bulletins\bulletins_propres\table_page_425.csv: En-tête '8010Base' introuvable.
Erreur dans le fichier ./CSV3\bulletins\bulletins_propres\table_page_425.csv: En-tête 'Base' introuvable.
Erreur dans le fichier ./CSV3\bulletins\bulletins_propres\table_page_425.csv: En-tête 'Base' introuvable.
Erreur dans le fichier ./CSV3\bulletins\bulletins_propres\table_page_425.csv: En-tête 'Impôt sur le revenuBase' introuvable.
Erreur dans le fichier ./CSV3\bulletins\bulletins_propres\table_page_425.csv: En-tête 'Impôt sur le revenu à la sourceBase' introuvable.
Erreur dans le fichier ./CSV3\bulletins\bulletins_propres\table_page_427.csv: En-tête '1002Base' introuvable.
Erreur dans le fichier ./CSV3\bulletins\bulletins_propres\table_page_427.csv: En-tête '2068Base' introuvable.
Erreur dans le fichier ./CSV3\bulletins\bulletins_propres\table_page_427.csv: En-tête 'Base' introuvable.
Erreur dans le fichier ./CSV3\bulletins\bulletins_propres\table_page_427.csv: En-tête '2144Base' introuvable.
Erreur dans le fichier ./CSV3\bulletins\bulletins_propres\table_page_427.csv: En-tête 'Base' introuvable.
Erreur dans le fichier ./CSV3\bulletins\bulletins_propres\table_page_427.csv: En-tête '3310Base' introuvable.
Erreur dans le fichier ./CSV3\bulletins\bulletins_propres\table_page_427.csv: En-tête '3315Base' introuvable.
Erreur dans le fichier ./CSV3\bulletins\bulletins_propres\table_page_427.csv: En-tête 'Base' introuvable.
Erreur dans le fichier ./CSV3\bulletins\bulletins_propres\table_page_427.csv: En-tête 'TOTAL BRUTBase' introuvable.
Erreur dans le fichier ./CSV3\bulletins\bulletins_propres\table_page_427.csv: En-tête '7001Base' introuvable.
Erreur dans le fichier ./CSV3\bulletins\bulletins_propres\table_page_427.csv: En-tête '7010Base' introuvable.
Erreur dans le fichier ./CSV3\bulletins\bulletins_propres\table_page_427.csv: En-tête '7015Base' introuvable.
Erreur dans le fichier ./CSV3\bulletins\bulletins_propres\table_page_427.csv: En-tête '7020Base' introuvable.
Erreur dans le fichier ./CSV3\bulletins\bulletins_propres\table_page_427.csv: En-tête '7030Base' introuvable.
Erreur dans le fichier ./CSV3\bulletins\bulletins_propres\table_page_427.csv: En-tête '7035Base' introuvable.
Erreur dans le fichier ./CSV3\bulletins\bulletins_propres\table_page_427.csv: En-tête '7040Base' introuvable.
Erreur dans le fichier ./CSV3\bulletins\bulletins_propres\table_page_427.csv: En-tête '7045Base' introuvable.
Erreur dans le fichier ./CSV3\bulletins\bulletins_propres\table_page_427.csv: En-tête '7050Base' introuvable.
Erreur dans le fichier ./CSV3\bulletins\bulletins_propres\table_page_427.csv: En-tête 'Base' introuvable.
Erreur dans le fichier ./CSV3\bulletins\bulletins_propres\table_page_427.csv: En-tête '7055Base' introuvable.
Erreur dans le fichier ./CSV3\bulletins\bulletins_propres\table_page_427.csv: En-tête 'Base' introuvable.
Erreur dans le fichier ./CSV3\bulletins\bulletins_propres\table_page_427.csv: En-tête '7C00Base' introuvable.
Erreur dans le fichier ./CSV3\bulletins\bulletins_propres\table_page_427.csv: En-tête 'Base' introuvable.
Erreur dans le fichier ./CSV3\bulletins\bulletins_propres\table_page_427.csv: En-tête '7C20Base' introuvable.
Erreur dans le fichier ./CSV3\bulletins\bulletins_propres\table_page_427.csv: En-tête 'Base' introuvable.
Erreur dans le fichier ./CSV3\bulletins\bulletins_propres\table_page_427.csv: En-tête '7M05Base' introuvable.
Erreur dans le fichier ./CSV3\bulletins\bulletins_propres\table_page_427.csv: En-tête '7P20Base' introuvable.
Erreur dans le fichier ./CSV3\bulletins\bulletins_propres\table_page_427.csv: En-tête '7R44Base' introuvable.
Erreur dans le fichier ./CSV3\bulletins\bulletins_propres\table_page_427.csv: En-tête '7R53Base' introuvable.
Erreur dans le fichier ./CSV3\bulletins\bulletins_propres\table_page_427.csv: En-tête '7R63Base' introuvable.
Erreur dans le fichier ./CSV3\bulletins\bulletins_propres\table_page_427.csv: En-tête '7T00Base' introuvable.
Erreur dans le fichier ./CSV3\bulletins\bulletins_propres\table_page_427.csv: En-tête '7T02Base' introuvable.
Erreur dans le fichier ./CSV3\bulletins\bulletins_propres\table_page_427.csv: En-tête '7T05Base' introuvable.
Erreur dans le fichier ./CSV3\bulletins\bulletins_propres\table_page_427.csv: En-tête '7T10Base' introuvable.
Erreur dans le fichier ./CSV3\bulletins\bulletins_propres\table_page_427.csv: En-tête '7T15Base' introuvable.
Erreur dans le fichier ./CSV3\bulletins\bulletins_propres\table_page_427.csv: En-tête '7T20Base' introuvable.
Erreur dans le fichier ./CSV3\bulletins\bulletins_propres\table_page_427.csv: En-tête 'Base' introuvable.
Erreur dans le fichier ./CSV3\bulletins\bulletins_propres\table_page_427.csv: En-tête '6082Base' introuvable.
Erreur dans le fichier ./CSV3\bulletins\bulletins_propres\table_page_427.csv: En-tête 'Base' introuvable.
Erreur dans le fichier ./CSV3\bulletins\bulletins_propres\table_page_427.csv: En-tête '6094Base' introuvable.
Erreur dans le fichier ./CSV3\bulletins\bulletins_propres\table_page_427.csv: En-tête 'Base' introuvable.
Erreur dans le fichier ./CSV3\bulletins\bulletins_propres\table_page_427.csv: En-tête 'Total Charges Ded.Base' introuvable.
Erreur dans le fichier ./CSV3\bulletins\bulletins_propres\table_page_427.csv: En-tête '6080Base' introuvable.
Erreur dans le fichier ./CSV3\bulletins\bulletins_propres\table_page_427.csv: En-tête '6084Base' introuvable.
Erreur dans le fichier ./CSV3\bulletins\bulletins_propres\table_page_427.csv: En-tête '6092Base' introuvable.
Erreur dans le fichier ./CSV3\bulletins\bulletins_propres\table_page_427.csv: En-tête '6096Base' introuvable.
Erreur dans le fichier ./CSV3\bulletins\bulletins_propres\table_page_427.csv: En-tête 'Total Charges Non Ded.Base' introuvable.
Erreur dans le fichier ./CSV3\bulletins\bulletins_propres\table_page_427.csv: En-tête '8009Base' introuvable.
Erreur dans le fichier ./CSV3\bulletins\bulletins_propres\table_page_427.csv: En-tête '8010Base' introuvable.
Erreur dans le fichier ./CSV3\bulletins\bulletins_propres\table_page_427.csv: En-tête '8007Base' introuvable.
Erreur dans le fichier ./CSV3\bulletins\bulletins_propres\table_page_429.csv: En-tête '1001Base' introuvable.
Erreur dans le fichier ./CSV3\bulletins\bulletins_propres\table_page_429.csv: En-tête '1046Base' introuvable.
Erreur dans le fichier ./CSV3\bulletins\bulletins_propres\table_page_429.csv: En-tête 'Base' introuvable.
Erreur dans le fichier ./CSV3\bulletins\bulletins_propres\table_page_429.csv: En-tête '2012Base' introuvable.
Erreur dans le fichier ./CSV3\bulletins\bulletins_propres\table_page_429.csv: En-tête 'Base' introuvable.
Erreur dans le fichier ./CSV3\bulletins\bulletins_propres\table_page_429.csv: En-tête '2018Base' introuvable.
Erreur dans le fichier ./CSV3\bulletins\bulletins_propres\table_page_429.csv: En-tête '2078Base' introuvable.
Erreur dans le fichier ./CSV3\bulletins\bulletins_propres\table_page_429.csv: En-tête '3050Base' introuvable.
Erreur dans le fichier ./CSV3\bulletins\bulletins_propres\table_page_429.csv: En-tête '3060Base' introuvable.
Erreur dans le fichier ./CSV3\bulletins\bulletins_propres\table_page_429.csv: En-tête '3200Base' introuvable.
Erreur dans le fichier ./CSV3\bulletins\bulletins_propres\table_page_429.csv: En-tête '3230Base' introuvable.
Erreur dans le fichier ./CSV3\bulletins\bulletins_propres\table_page_429.csv: En-tête '3350Base' introuvable.
Erreur dans le fichier ./CSV3\bulletins\bulletins_propres\table_page_429.csv: En-tête '3355Base' introuvable.
Erreur dans le fichier ./CSV3\bulletins\bulletins_propres\table_page_429.csv: En-tête '3505Base' introuvable.
Erreur dans le fichier ./CSV3\bulletins\bulletins_propres\table_page_429.csv: En-tête 'Base' introuvable.
Erreur dans le fichier ./CSV3\bulletins\bulletins_propres\table_page_429.csv: En-tête 'TOTAL BRUTBase' introuvable.
Erreur dans le fichier ./CSV3\bulletins\bulletins_propres\table_page_429.csv: En-tête '7001Base' introuvable.
Erreur dans le fichier ./CSV3\bulletins\bulletins_propres\table_page_429.csv: En-tête '7010Base' introuvable.
Erreur dans le fichier ./CSV3\bulletins\bulletins_propres\table_page_429.csv: En-tête 'Base' introuvable.
Erreur dans le fichier ./CSV3\bulletins\bulletins_propres\table_page_429.csv: En-tête '7015Base' introuvable.
Erreur dans le fichier ./CSV3\bulletins\bulletins_propres\table_page_429.csv: En-tête 'Base' introuvable.
Erreur dans le fichier ./CSV3\bulletins\bulletins_propres\table_page_429.csv: En-tête '7020Base' introuvable.
Erreur dans le fichier ./CSV3\bulletins\bulletins_propres\table_page_429.csv: En-tête 'Base' introuvable.
Erreur dans le fichier ./CSV3\bulletins\bulletins_propres\table_page_429.csv: En-tête '7030Base' introuvable.
Erreur dans le fichier ./CSV3\bulletins\bulletins_propres\table_page_429.csv: En-tête 'Base' introuvable.
Erreur dans le fichier ./CSV3\bulletins\bulletins_propres\table_page_429.csv: En-tête '7035Base' introuvable.
Erreur dans le fichier ./CSV3\bulletins\bulletins_propres\table_page_429.csv: En-tête '7040Base' introuvable.
Erreur dans le fichier ./CSV3\bulletins\bulletins_propres\table_page_429.csv: En-tête '7045Base' introuvable.
Erreur dans le fichier ./CSV3\bulletins\bulletins_propres\table_page_429.csv: En-tête '7050Base' introuvable.
Erreur dans le fichier ./CSV3\bulletins\bulletins_propres\table_page_429.csv: En-tête '7055Base' introuvable.
Erreur dans le fichier ./CSV3\bulletins\bulletins_propres\table_page_429.csv: En-tête '7C00Base' introuvable.
Erreur dans le fichier ./CSV3\bulletins\bulletins_propres\table_page_429.csv: En-tête '7C10Base' introuvable.
Erreur dans le fichier ./CSV3\bulletins\bulletins_propres\table_page_429.csv: En-tête '7C20Base' introuvable.
Erreur dans le fichier ./CSV3\bulletins\bulletins_propres\table_page_429.csv: En-tête '7M05Base' introuvable.
Erreur dans le fichier ./CSV3\bulletins\bulletins_propres\table_page_429.csv: En-tête '7P10Base' introuvable.
Erreur dans le fichier ./CSV3\bulletins\bulletins_propres\table_page_429.csv: En-tête '7P11Base' introuvable.
Erreur dans le fichier ./CSV3\bulletins\bulletins_propres\table_page_429.csv: En-tête 'Base' introuvable.
Erreur dans le fichier ./CSV3\bulletins\bulletins_propres\table_page_429.csv: En-tête '7R56Base' introuvable.
Erreur dans le fichier ./CSV3\bulletins\bulletins_propres\table_page_429.csv: En-tête 'Base' introuvable.
Erreur dans le fichier ./CSV3\bulletins\bulletins_propres\table_page_429.csv: En-tête '7R57Base' introuvable.
Erreur dans le fichier ./CSV3\bulletins\bulletins_propres\table_page_429.csv: En-tête 'Base' introuvable.
Erreur dans le fichier ./CSV3\bulletins\bulletins_propres\table_page_429.csv: En-tête '7R63Base' introuvable.
Erreur dans le fichier ./CSV3\bulletins\bulletins_propres\table_page_429.csv: En-tête 'Base' introuvable.
Erreur dans le fichier ./CSV3\bulletins\bulletins_propres\table_page_429.csv: En-tête '7R64Base' introuvable.
Erreur dans le fichier ./CSV3\bulletins\bulletins_propres\table_page_429.csv: En-tête '7R70Base' introuvable.
Erreur dans le fichier ./CSV3\bulletins\bulletins_propres\table_page_429.csv: En-tête '7R71Base' introuvable.
Erreur dans le fichier ./CSV3\bulletins\bulletins_propres\table_page_429.csv: En-tête '7T00Base' introuvable.
Erreur dans le fichier ./CSV3\bulletins\bulletins_propres\table_page_429.csv: En-tête '7T02Base' introuvable.
Erreur dans le fichier ./CSV3\bulletins\bulletins_propres\table_page_429.csv: En-tête '7T05Base' introuvable.
Erreur dans le fichier ./CSV3\bulletins\bulletins_propres\table_page_429.csv: En-tête '7T10Base' introuvable.
Erreur dans le fichier ./CSV3\bulletins\bulletins_propres\table_page_429.csv: En-tête '7T15Base' introuvable.
Erreur dans le fichier ./CSV3\bulletins\bulletins_propres\table_page_429.csv: En-tête '7T20Base' introuvable.
Erreur dans le fichier ./CSV3\bulletins\bulletins_propres\table_page_429.csv: En-tête '6082Base' introuvable.
Erreur dans le fichier ./CSV3\bulletins\bulletins_propres\table_page_429.csv: En-tête '6094Base' introuvable.
Erreur dans le fichier ./CSV3\bulletins\bulletins_propres\table_page_429.csv: En-tête 'Total Charges Ded.Base' introuvable.
Erreur dans le fichier ./CSV3\bulletins\bulletins_propres\table_page_429.csv: En-tête '6080Base' introuvable.
Erreur dans le fichier ./CSV3\bulletins\bulletins_propres\table_page_429.csv: En-tête '6084Base' introuvable.
Erreur dans le fichier ./CSV3\bulletins\bulletins_propres\table_page_429.csv: En-tête '6092Base' introuvable.
Erreur dans le fichier ./CSV3\bulletins\bulletins_propres\table_page_429.csv: En-tête '6096Base' introuvable.
Erreur dans le fichier ./CSV3\bulletins\bulletins_propres\table_page_429.csv: En-tête 'Total Charges Non Ded.Base' introuvable.
Erreur dans le fichier ./CSV3\bulletins\bulletins_propres\table_page_429.csv: En-tête '/5I2IJ nette - Maladie 0624Base' introuvable.
Erreur dans le fichier ./CSV3\bulletins\bulletins_propres\table_page_429.csv: En-tête '8009Base' introuvable.
Erreur dans le fichier ./CSV3\bulletins\bulletins_propres\table_page_429.csv: En-tête '8010Base' introuvable.
Erreur dans le fichier ./CSV3\bulletins\bulletins_propres\table_page_43.csv: En-tête '1001Base' introuvable.
Erreur dans le fichier ./CSV3\bulletins\bulletins_propres\table_page_43.csv: En-tête '2012Base' introuvable.
Erreur dans le fichier ./CSV3\bulletins\bulletins_propres\table_page_43.csv: En-tête 'Base' introuvable.
Erreur dans le fichier ./CSV3\bulletins\bulletins_propres\table_page_43.csv: En-tête '2068Base' introuvable.
Erreur dans le fichier ./CSV3\bulletins\bulletins_propres\table_page_43.csv: En-tête 'Base' introuvable.
Erreur dans le fichier ./CSV3\bulletins\bulletins_propres\table_page_43.csv: En-tête '3404Base' introuvable.
Erreur dans le fichier ./CSV3\bulletins\bulletins_propres\table_page_43.csv: En-tête '3406Base' introuvable.
Erreur dans le fichier ./CSV3\bulletins\bulletins_propres\table_page_43.csv: En-tête 'Base' introuvable.
Erreur dans le fichier ./CSV3\bulletins\bulletins_propres\table_page_43.csv: En-tête 'TOTAL BRUTBase' introuvable.
Erreur dans le fichier ./CSV3\bulletins\bulletins_propres\table_page_43.csv: En-tête '7001Base' introuvable.
Erreur dans le fichier ./CSV3\bulletins\bulletins_propres\table_page_43.csv: En-tête '7010Base' introuvable.
Erreur dans le fichier ./CSV3\bulletins\bulletins_propres\table_page_43.csv: En-tête '7015Base' introuvable.
Erreur dans le fichier ./CSV3\bulletins\bulletins_propres\table_page_43.csv: En-tête '7020Base' introuvable.
Erreur dans le fichier ./CSV3\bulletins\bulletins_propres\table_page_43.csv: En-tête '7030Base' introuvable.
Erreur dans le fichier ./CSV3\bulletins\bulletins_propres\table_page_43.csv: En-tête '7035Base' introuvable.
Erreur dans le fichier ./CSV3\bulletins\bulletins_propres\table_page_43.csv: En-tête '7040Base' introuvable.
Erreur dans le fichier ./CSV3\bulletins\bulletins_propres\table_page_43.csv: En-tête '7045Base' introuvable.
Erreur dans le fichier ./CSV3\bulletins\bulletins_propres\table_page_43.csv: En-tête '7050Base' introuvable.
Erreur dans le fichier ./CSV3\bulletins\bulletins_propres\table_page_43.csv: En-tête 'Base' introuvable.
Erreur dans le fichier ./CSV3\bulletins\bulletins_propres\table_page_43.csv: En-tête '7055Base' introuvable.
Erreur dans le fichier ./CSV3\bulletins\bulletins_propres\table_page_43.csv: En-tête 'Base' introuvable.
Erreur dans le fichier ./CSV3\bulletins\bulletins_propres\table_page_43.csv: En-tête '7C00Base' introuvable.
Erreur dans le fichier ./CSV3\bulletins\bulletins_propres\table_page_43.csv: En-tête 'Base' introuvable.
Erreur dans le fichier ./CSV3\bulletins\bulletins_propres\table_page_43.csv: En-tête '7C10Base' introuvable.
Erreur dans le fichier ./CSV3\bulletins\bulletins_propres\table_page_43.csv: En-tête 'Base' introuvable.
Erreur dans le fichier ./CSV3\bulletins\bulletins_propres\table_page_43.csv: En-tête '7C20Base' introuvable.
Erreur dans le fichier ./CSV3\bulletins\bulletins_propres\table_page_43.csv: En-tête '7M05Base' introuvable.
Erreur dans le fichier ./CSV3\bulletins\bulletins_propres\table_page_43.csv: En-tête '7P20Base' introuvable.
Erreur dans le fichier ./CSV3\bulletins\bulletins_propres\table_page_43.csv: En-tête '7P25Base' introuvable.
Erreur dans le fichier ./CSV3\bulletins\bulletins_propres\table_page_43.csv: En-tête '7R44Base' introuvable.
Erreur dans le fichier ./CSV3\bulletins\bulletins_propres\table_page_43.csv: En-tête '7R45Base' introuvable.
Erreur dans le fichier ./CSV3\bulletins\bulletins_propres\table_page_43.csv: En-tête '7R53Base' introuvable.
Erreur dans le fichier ./CSV3\bulletins\bulletins_propres\table_page_43.csv: En-tête '7R54Base' introuvable.
Erreur dans le fichier ./CSV3\bulletins\bulletins_propres\table_page_43.csv: En-tête '7R63Base' introuvable.
Erreur dans le fichier ./CSV3\bulletins\bulletins_propres\table_page_43.csv: En-tête '7R64Base' introuvable.
Erreur dans le fichier ./CSV3\bulletins\bulletins_propres\table_page_43.csv: En-tête '7R70Base' introuvable.
Erreur dans le fichier ./CSV3\bulletins\bulletins_propres\table_page_43.csv: En-tête 'Base' introuvable.
Erreur dans le fichier ./CSV3\bulletins\bulletins_propres\table_page_43.csv: En-tête '7R71Base' introuvable.
Erreur dans le fichier ./CSV3\bulletins\bulletins_propres\table_page_43.csv: En-tête 'Base' introuvable.
Erreur dans le fichier ./CSV3\bulletins\bulletins_propres\table_page_43.csv: En-tête '7T00Base' introuvable.
Erreur dans le fichier ./CSV3\bulletins\bulletins_propres\table_page_43.csv: En-tête 'Base' introuvable.
Erreur dans le fichier ./CSV3\bulletins\bulletins_propres\table_page_43.csv: En-tête '7T02Base' introuvable.
Erreur dans le fichier ./CSV3\bulletins\bulletins_propres\table_page_43.csv: En-tête '7T05Base' introuvable.
Erreur dans le fichier ./CSV3\bulletins\bulletins_propres\table_page_43.csv: En-tête '7T10Base' introuvable.
Erreur dans le fichier ./CSV3\bulletins\bulletins_propres\table_page_43.csv: En-tête '7T15Base' introuvable.
Erreur dans le fichier ./CSV3\bulletins\bulletins_propres\table_page_43.csv: En-tête '7T20Base' introuvable.
Erreur dans le fichier ./CSV3\bulletins\bulletins_propres\table_page_43.csv: En-tête '6082Base' introuvable.
Erreur dans le fichier ./CSV3\bulletins\bulletins_propres\table_page_43.csv: En-tête '6094Base' introuvable.
Erreur dans le fichier ./CSV3\bulletins\bulletins_propres\table_page_43.csv: En-tête 'Total Charges Ded.Base' introuvable.
Erreur dans le fichier ./CSV3\bulletins\bulletins_propres\table_page_43.csv: En-tête '6080Base' introuvable.
Erreur dans le fichier ./CSV3\bulletins\bulletins_propres\table_page_43.csv: En-tête '6084Base' introuvable.
Erreur dans le fichier ./CSV3\bulletins\bulletins_propres\table_page_43.csv: En-tête '6092Base' introuvable.
Erreur dans le fichier ./CSV3\bulletins\bulletins_propres\table_page_43.csv: En-tête '6096Base' introuvable.
Erreur dans le fichier ./CSV3\bulletins\bulletins_propres\table_page_43.csv: En-tête 'Total Charges Non Ded.Base' introuvable.
Erreur dans le fichier ./CSV3\bulletins\bulletins_propres\table_page_43.csv: En-tête '8009Base' introuvable.
Erreur dans le fichier ./CSV3\bulletins\bulletins_propres\table_page_43.csv: En-tête '8010Base' introuvable.
Erreur dans le fichier ./CSV3\bulletins\bulletins_propres\table_page_43.csv: En-tête '8007Base' introuvable.
Erreur dans le fichier ./CSV3\bulletins\bulletins_propres\table_page_431.csv: En-tête '1002Base' introuvable.
Erreur dans le fichier ./CSV3\bulletins\bulletins_propres\table_page_431.csv: En-tête '2068Base' introuvable.
Erreur dans le fichier ./CSV3\bulletins\bulletins_propres\table_page_431.csv: En-tête '2144Base' introuvable.
Erreur dans le fichier ./CSV3\bulletins\bulletins_propres\table_page_431.csv: En-tête 'TOTAL BRUTBase' introuvable.
Erreur dans le fichier ./CSV3\bulletins\bulletins_propres\table_page_431.csv: En-tête '7001Base' introuvable.
Erreur dans le fichier ./CSV3\bulletins\bulletins_propres\table_page_431.csv: En-tête 'Base' introuvable.
Erreur dans le fichier ./CSV3\bulletins\bulletins_propres\table_page_431.csv: En-tête '7002Base' introuvable.
Erreur dans le fichier ./CSV3\bulletins\bulletins_propres\table_page_431.csv: En-tête '7010Base' introuvable.
Erreur dans le fichier ./CSV3\bulletins\bulletins_propres\table_page_431.csv: En-tête '7015Base' introuvable.
Erreur dans le fichier ./CSV3\bulletins\bulletins_propres\table_page_431.csv: En-tête '7020Base' introuvable.
Erreur dans le fichier ./CSV3\bulletins\bulletins_propres\table_page_431.csv: En-tête '7030Base' introuvable.
Erreur dans le fichier ./CSV3\bulletins\bulletins_propres\table_page_431.csv: En-tête '7035Base' introuvable.
Erreur dans le fichier ./CSV3\bulletins\bulletins_propres\table_page_431.csv: En-tête '7040Base' introuvable.
Erreur dans le fichier ./CSV3\bulletins\bulletins_propres\table_page_431.csv: En-tête '7045Base' introuvable.
Erreur dans le fichier ./CSV3\bulletins\bulletins_propres\table_page_431.csv: En-tête '7050Base' introuvable.
Erreur dans le fichier ./CSV3\bulletins\bulletins_propres\table_page_431.csv: En-tête '7055Base' introuvable.
Erreur dans le fichier ./CSV3\bulletins\bulletins_propres\table_page_431.csv: En-tête '7C00Base' introuvable.
Erreur dans le fichier ./CSV3\bulletins\bulletins_propres\table_page_431.csv: En-tête '7C10Base' introuvable.
Erreur dans le fichier ./CSV3\bulletins\bulletins_propres\table_page_431.csv: En-tête '7C20Base' introuvable.
Erreur dans le fichier ./CSV3\bulletins\bulletins_propres\table_page_431.csv: En-tête '7M05Base' introuvable.
Erreur dans le fichier ./CSV3\bulletins\bulletins_propres\table_page_431.csv: En-tête '7P20Base' introuvable.
Erreur dans le fichier ./CSV3\bulletins\bulletins_propres\table_page_431.csv: En-tête 'Base' introuvable.
Erreur dans le fichier ./CSV3\bulletins\bulletins_propres\table_page_431.csv: En-tête '7P25Base' introuvable.
Erreur dans le fichier ./CSV3\bulletins\bulletins_propres\table_page_431.csv: En-tête '7R44Base' introuvable.
Erreur dans le fichier ./CSV3\bulletins\bulletins_propres\table_page_431.csv: En-tête '7R45Base' introuvable.
Erreur dans le fichier ./CSV3\bulletins\bulletins_propres\table_page_431.csv: En-tête '7R53Base' introuvable.
Erreur dans le fichier ./CSV3\bulletins\bulletins_propres\table_page_431.csv: En-tête '7R54Base' introuvable.
Erreur dans le fichier ./CSV3\bulletins\bulletins_propres\table_page_431.csv: En-tête '7R63Base' introuvable.
Erreur dans le fichier ./CSV3\bulletins\bulletins_propres\table_page_431.csv: En-tête '7R64Base' introuvable.
Erreur dans le fichier ./CSV3\bulletins\bulletins_propres\table_page_431.csv: En-tête '7R70Base' introuvable.
Erreur dans le fichier ./CSV3\bulletins\bulletins_propres\table_page_431.csv: En-tête '7R71Base' introuvable.
Erreur dans le fichier ./CSV3\bulletins\bulletins_propres\table_page_431.csv: En-tête '7T00Base' introuvable.
Erreur dans le fichier ./CSV3\bulletins\bulletins_propres\table_page_431.csv: En-tête '7T02Base' introuvable.
Erreur dans le fichier ./CSV3\bulletins\bulletins_propres\table_page_431.csv: En-tête '7T05Base' introuvable.
Erreur dans le fichier ./CSV3\bulletins\bulletins_propres\table_page_431.csv: En-tête '7T10Base' introuvable.
Erreur dans le fichier ./CSV3\bulletins\bulletins_propres\table_page_431.csv: En-tête '7T15Base' introuvable.
Erreur dans le fichier ./CSV3\bulletins\bulletins_propres\table_page_431.csv: En-tête '7T20Base' introuvable.
Erreur dans le fichier ./CSV3\bulletins\bulletins_propres\table_page_431.csv: En-tête '6082Base' introuvable.
Erreur dans le fichier ./CSV3\bulletins\bulletins_propres\table_page_431.csv: En-tête '6094Base' introuvable.
Erreur dans le fichier ./CSV3\bulletins\bulletins_propres\table_page_431.csv: En-tête 'Total Charges Ded.Base' introuvable.
Erreur dans le fichier ./CSV3\bulletins\bulletins_propres\table_page_431.csv: En-tête '6080Base' introuvable.
Erreur dans le fichier ./CSV3\bulletins\bulletins_propres\table_page_431.csv: En-tête '6084Base' introuvable.
Erreur dans le fichier ./CSV3\bulletins\bulletins_propres\table_page_431.csv: En-tête '6092Base' introuvable.
Erreur dans le fichier ./CSV3\bulletins\bulletins_propres\table_page_431.csv: En-tête '6096Base' introuvable.
Erreur dans le fichier ./CSV3\bulletins\bulletins_propres\table_page_431.csv: En-tête 'Total Charges Non Ded.Base' introuvable.
Erreur dans le fichier ./CSV3\bulletins\bulletins_propres\table_page_431.csv: En-tête '8009Base' introuvable.
Erreur dans le fichier ./CSV3\bulletins\bulletins_propres\table_page_431.csv: En-tête '8010Base' introuvable.
Erreur dans le fichier ./CSV3\bulletins\bulletins_propres\table_page_431.csv: En-tête '8007Base' introuvable.
Erreur dans le fichier ./CSV3\bulletins\bulletins_propres\table_page_433.csv: En-tête '1001Base' introuvable.
Erreur dans le fichier ./CSV3\bulletins\bulletins_propres\table_page_433.csv: En-tête '1046Base' introuvable.
Erreur dans le fichier ./CSV3\bulletins\bulletins_propres\table_page_433.csv: En-tête 'Base' introuvable.
Erreur dans le fichier ./CSV3\bulletins\bulletins_propres\table_page_433.csv: En-tête '2012Base' introuvable.
Erreur dans le fichier ./CSV3\bulletins\bulletins_propres\table_page_433.csv: En-tête 'Base' introuvable.
Erreur dans le fichier ./CSV3\bulletins\bulletins_propres\table_page_433.csv: En-tête '2018Base' introuvable.
Erreur dans le fichier ./CSV3\bulletins\bulletins_propres\table_page_433.csv: En-tête '2078Base' introuvable.
Erreur dans le fichier ./CSV3\bulletins\bulletins_propres\table_page_433.csv: En-tête '2088Base' introuvable.
Erreur dans le fichier ./CSV3\bulletins\bulletins_propres\table_page_433.csv: En-tête '3006Base' introuvable.
Erreur dans le fichier ./CSV3\bulletins\bulletins_propres\table_page_433.csv: En-tête '3050Base' introuvable.
Erreur dans le fichier ./CSV3\bulletins\bulletins_propres\table_page_433.csv: En-tête '3060Base' introuvable.
Erreur dans le fichier ./CSV3\bulletins\bulletins_propres\table_page_433.csv: En-tête '3200Base' introuvable.
Erreur dans le fichier ./CSV3\bulletins\bulletins_propres\table_page_433.csv: En-tête '3230Base' introuvable.
Erreur dans le fichier ./CSV3\bulletins\bulletins_propres\table_page_433.csv: En-tête '3340Base' introuvable.
Erreur dans le fichier ./CSV3\bulletins\bulletins_propres\table_page_433.csv: En-tête '3345Base' introuvable.
Erreur dans le fichier ./CSV3\bulletins\bulletins_propres\table_page_433.csv: En-tête 'Base' introuvable.
Erreur dans le fichier ./CSV3\bulletins\bulletins_propres\table_page_433.csv: En-tête 'TOTAL BRUTBase' introuvable.
Erreur dans le fichier ./CSV3\bulletins\bulletins_propres\table_page_433.csv: En-tête '6S89Base' introuvable.
Erreur dans le fichier ./CSV3\bulletins\bulletins_propres\table_page_433.csv: En-tête 'Base' introuvable.
Erreur dans le fichier ./CSV3\bulletins\bulletins_propres\table_page_433.csv: En-tête '7001Base' introuvable.
Erreur dans le fichier ./CSV3\bulletins\bulletins_propres\table_page_433.csv: En-tête 'Base' introuvable.
Erreur dans le fichier ./CSV3\bulletins\bulletins_propres\table_page_433.csv: En-tête '7010Base' introuvable.
Erreur dans le fichier ./CSV3\bulletins\bulletins_propres\table_page_433.csv: En-tête 'Base' introuvable.
Erreur dans le fichier ./CSV3\bulletins\bulletins_propres\table_page_433.csv: En-tête '7015Base' introuvable.
Erreur dans le fichier ./CSV3\bulletins\bulletins_propres\table_page_433.csv: En-tête 'Base' introuvable.
Erreur dans le fichier ./CSV3\bulletins\bulletins_propres\table_page_433.csv: En-tête '7020Base' introuvable.
Erreur dans le fichier ./CSV3\bulletins\bulletins_propres\table_page_433.csv: En-tête '7030Base' introuvable.
Erreur dans le fichier ./CSV3\bulletins\bulletins_propres\table_page_433.csv: En-tête '7035Base' introuvable.
Erreur dans le fichier ./CSV3\bulletins\bulletins_propres\table_page_433.csv: En-tête '7040Base' introuvable.
Erreur dans le fichier ./CSV3\bulletins\bulletins_propres\table_page_433.csv: En-tête '7045Base' introuvable.
Erreur dans le fichier ./CSV3\bulletins\bulletins_propres\table_page_433.csv: En-tête '7050Base' introuvable.
Erreur dans le fichier ./CSV3\bulletins\bulletins_propres\table_page_433.csv: En-tête '7055Base' introuvable.
Erreur dans le fichier ./CSV3\bulletins\bulletins_propres\table_page_433.csv: En-tête '7C00Base' introuvable.
Erreur dans le fichier ./CSV3\bulletins\bulletins_propres\table_page_433.csv: En-tête '7C20Base' introuvable.
Erreur dans le fichier ./CSV3\bulletins\bulletins_propres\table_page_433.csv: En-tête '7M05Base' introuvable.
Erreur dans le fichier ./CSV3\bulletins\bulletins_propres\table_page_433.csv: En-tête '7P10Base' introuvable.
Erreur dans le fichier ./CSV3\bulletins\bulletins_propres\table_page_433.csv: En-tête 'Base' introuvable.
Erreur dans le fichier ./CSV3\bulletins\bulletins_propres\table_page_433.csv: En-tête '7R56Base' introuvable.
Erreur dans le fichier ./CSV3\bulletins\bulletins_propres\table_page_433.csv: En-tête 'Base' introuvable.
Erreur dans le fichier ./CSV3\bulletins\bulletins_propres\table_page_433.csv: En-tête '7R63Base' introuvable.
Erreur dans le fichier ./CSV3\bulletins\bulletins_propres\table_page_433.csv: En-tête 'Base' introuvable.
Erreur dans le fichier ./CSV3\bulletins\bulletins_propres\table_page_433.csv: En-tête '7T00Base' introuvable.
Erreur dans le fichier ./CSV3\bulletins\bulletins_propres\table_page_433.csv: En-tête '7T02Base' introuvable.
Erreur dans le fichier ./CSV3\bulletins\bulletins_propres\table_page_433.csv: En-tête '7T05Base' introuvable.
Erreur dans le fichier ./CSV3\bulletins\bulletins_propres\table_page_433.csv: En-tête '7T10Base' introuvable.
Erreur dans le fichier ./CSV3\bulletins\bulletins_propres\table_page_433.csv: En-tête '7T15Base' introuvable.
Erreur dans le fichier ./CSV3\bulletins\bulletins_propres\table_page_433.csv: En-tête '7T20Base' introuvable.
Erreur dans le fichier ./CSV3\bulletins\bulletins_propres\table_page_433.csv: En-tête '6082Base' introuvable.
Erreur dans le fichier ./CSV3\bulletins\bulletins_propres\table_page_433.csv: En-tête '6094Base' introuvable.
Erreur dans le fichier ./CSV3\bulletins\bulletins_propres\table_page_433.csv: En-tête 'Total Charges Ded.Base' introuvable.
Erreur dans le fichier ./CSV3\bulletins\bulletins_propres\table_page_433.csv: En-tête '6070Base' introuvable.
Erreur dans le fichier ./CSV3\bulletins\bulletins_propres\table_page_433.csv: En-tête '6074Base' introuvable.
Erreur dans le fichier ./CSV3\bulletins\bulletins_propres\table_page_433.csv: En-tête '6080Base' introuvable.
Erreur dans le fichier ./CSV3\bulletins\bulletins_propres\table_page_433.csv: En-tête '6084Base' introuvable.
Erreur dans le fichier ./CSV3\bulletins\bulletins_propres\table_page_433.csv: En-tête '6092Base' introuvable.
Erreur dans le fichier ./CSV3\bulletins\bulletins_propres\table_page_433.csv: En-tête '6096Base' introuvable.
Erreur dans le fichier ./CSV3\bulletins\bulletins_propres\table_page_433.csv: En-tête 'Total Charges Non Ded.Base' introuvable.
Erreur dans le fichier ./CSV3\bulletins\bulletins_propres\table_page_433.csv: En-tête '/5I2IJ nette - Maladie 0624Base' introuvable.
Erreur dans le fichier ./CSV3\bulletins\bulletins_propres\table_page_433.csv: En-tête '8009Base' introuvable.
Erreur dans le fichier ./CSV3\bulletins\bulletins_propres\table_page_433.csv: En-tête '8010Base' introuvable.
Erreur dans le fichier ./CSV3\bulletins\bulletins_propres\table_page_433.csv: En-tête '8192Base' introuvable.
Erreur dans le fichier ./CSV3\bulletins\bulletins_propres\table_page_433.csv: En-tête '8190Base' introuvable.
Erreur dans le fichier ./CSV3\bulletins\bulletins_propres\table_page_435.csv: En-tête '2068Base' introuvable.
Erreur dans le fichier ./CSV3\bulletins\bulletins_propres\table_page_435.csv: En-tête '3250Base' introuvable.
Erreur dans le fichier ./CSV3\bulletins\bulletins_propres\table_page_435.csv: En-tête 'Base' introuvable.
Erreur dans le fichier ./CSV3\bulletins\bulletins_propres\table_page_435.csv: En-tête '3255Base' introuvable.
Erreur dans le fichier ./CSV3\bulletins\bulletins_propres\table_page_435.csv: En-tête 'Base' introuvable.
Erreur dans le fichier ./CSV3\bulletins\bulletins_propres\table_page_435.csv: En-tête '3270Base' introuvable.
Erreur dans le fichier ./CSV3\bulletins\bulletins_propres\table_page_435.csv: En-tête '3275Base' introuvable.
Erreur dans le fichier ./CSV3\bulletins\bulletins_propres\table_page_435.csv: En-tête '3280Base' introuvable.
Erreur dans le fichier ./CSV3\bulletins\bulletins_propres\table_page_435.csv: En-tête '3285Base' introuvable.
Erreur dans le fichier ./CSV3\bulletins\bulletins_propres\table_page_435.csv: En-tête 'Base' introuvable.
Erreur dans le fichier ./CSV3\bulletins\bulletins_propres\table_page_435.csv: En-tête 'TOTAL BRUTBase' introuvable.
Erreur dans le fichier ./CSV3\bulletins\bulletins_propres\table_page_435.csv: En-tête '7001Base' introuvable.
Erreur dans le fichier ./CSV3\bulletins\bulletins_propres\table_page_435.csv: En-tête '7001Base' introuvable.
Erreur dans le fichier ./CSV3\bulletins\bulletins_propres\table_page_435.csv: En-tête '7002Base' introuvable.
Erreur dans le fichier ./CSV3\bulletins\bulletins_propres\table_page_435.csv: En-tête '7002Base' introuvable.
Erreur dans le fichier ./CSV3\bulletins\bulletins_propres\table_page_435.csv: En-tête '7010Base' introuvable.
Erreur dans le fichier ./CSV3\bulletins\bulletins_propres\table_page_435.csv: En-tête '7010Base' introuvable.
Erreur dans le fichier ./CSV3\bulletins\bulletins_propres\table_page_435.csv: En-tête '7015Base' introuvable.
Erreur dans le fichier ./CSV3\bulletins\bulletins_propres\table_page_435.csv: En-tête 'Base' introuvable.
Erreur dans le fichier ./CSV3\bulletins\bulletins_propres\table_page_435.csv: En-tête '7015Base' introuvable.
Erreur dans le fichier ./CSV3\bulletins\bulletins_propres\table_page_435.csv: En-tête 'Base' introuvable.
Erreur dans le fichier ./CSV3\bulletins\bulletins_propres\table_page_435.csv: En-tête '7020Base' introuvable.
Erreur dans le fichier ./CSV3\bulletins\bulletins_propres\table_page_435.csv: En-tête 'Base' introuvable.
Erreur dans le fichier ./CSV3\bulletins\bulletins_propres\table_page_435.csv: En-tête '7020Base' introuvable.
Erreur dans le fichier ./CSV3\bulletins\bulletins_propres\table_page_435.csv: En-tête 'Base' introuvable.
Erreur dans le fichier ./CSV3\bulletins\bulletins_propres\table_page_435.csv: En-tête '7030Base' introuvable.
Erreur dans le fichier ./CSV3\bulletins\bulletins_propres\table_page_435.csv: En-tête '7030Base' introuvable.
Erreur dans le fichier ./CSV3\bulletins\bulletins_propres\table_page_435.csv: En-tête '7035Base' introuvable.
Erreur dans le fichier ./CSV3\bulletins\bulletins_propres\table_page_435.csv: En-tête '7035Base' introuvable.
Erreur dans le fichier ./CSV3\bulletins\bulletins_propres\table_page_435.csv: En-tête '7040Base' introuvable.
Erreur dans le fichier ./CSV3\bulletins\bulletins_propres\table_page_435.csv: En-tête '7040Base' introuvable.
Erreur dans le fichier ./CSV3\bulletins\bulletins_propres\table_page_435.csv: En-tête '7045Base' introuvable.
Erreur dans le fichier ./CSV3\bulletins\bulletins_propres\table_page_435.csv: En-tête '7045Base' introuvable.
Erreur dans le fichier ./CSV3\bulletins\bulletins_propres\table_page_435.csv: En-tête '7050Base' introuvable.
Erreur dans le fichier ./CSV3\bulletins\bulletins_propres\table_page_435.csv: En-tête '7050Base' introuvable.
Erreur dans le fichier ./CSV3\bulletins\bulletins_propres\table_page_435.csv: En-tête '7055Base' introuvable.
Erreur dans le fichier ./CSV3\bulletins\bulletins_propres\table_page_435.csv: En-tête 'Base' introuvable.
Erreur dans le fichier ./CSV3\bulletins\bulletins_propres\table_page_435.csv: En-tête '7055Base' introuvable.
Erreur dans le fichier ./CSV3\bulletins\bulletins_propres\table_page_435.csv: En-tête 'Base' introuvable.
Erreur dans le fichier ./CSV3\bulletins\bulletins_propres\table_page_435.csv: En-tête '7C00Base' introuvable.
Erreur dans le fichier ./CSV3\bulletins\bulletins_propres\table_page_435.csv: En-tête 'Base' introuvable.
Erreur dans le fichier ./CSV3\bulletins\bulletins_propres\table_page_435.csv: En-tête '7C00Base' introuvable.
Erreur dans le fichier ./CSV3\bulletins\bulletins_propres\table_page_435.csv: En-tête '7C20Base' introuvable.
Erreur dans le fichier ./CSV3\bulletins\bulletins_propres\table_page_435.csv: En-tête '7C20Base' introuvable.
Erreur dans le fichier ./CSV3\bulletins\bulletins_propres\table_page_435.csv: En-tête '7P20Base' introuvable.
Erreur dans le fichier ./CSV3\bulletins\bulletins_propres\table_page_435.csv: En-tête '7P20Base' introuvable.
Erreur dans le fichier ./CSV3\bulletins\bulletins_propres\table_page_435.csv: En-tête '7R44Base' introuvable.
Erreur dans le fichier ./CSV3\bulletins\bulletins_propres\table_page_435.csv: En-tête '7R44Base' introuvable.
Erreur dans le fichier ./CSV3\bulletins\bulletins_propres\table_page_435.csv: En-tête '7R53Base' introuvable.
Erreur dans le fichier ./CSV3\bulletins\bulletins_propres\table_page_435.csv: En-tête '7R53Base' introuvable.
Erreur dans le fichier ./CSV3\bulletins\bulletins_propres\table_page_435.csv: En-tête '7R63Base' introuvable.
Erreur dans le fichier ./CSV3\bulletins\bulletins_propres\table_page_435.csv: En-tête '7R63Base' introuvable.
Erreur dans le fichier ./CSV3\bulletins\bulletins_propres\table_page_435.csv: En-tête '7T00Base' introuvable.
Erreur dans le fichier ./CSV3\bulletins\bulletins_propres\table_page_435.csv: En-tête '7T00Base' introuvable.
Erreur dans le fichier ./CSV3\bulletins\bulletins_propres\table_page_435.csv: En-tête '7T02Base' introuvable.
Erreur dans le fichier ./CSV3\bulletins\bulletins_propres\table_page_435.csv: En-tête '7T02Base' introuvable.
Erreur dans le fichier ./CSV3\bulletins\bulletins_propres\table_page_435.csv: En-tête '7T05Base' introuvable.
Erreur dans le fichier ./CSV3\bulletins\bulletins_propres\table_page_435.csv: En-tête '7T05Base' introuvable.
Erreur dans le fichier ./CSV3\bulletins\bulletins_propres\table_page_435.csv: En-tête '7T10Base' introuvable.
Erreur dans le fichier ./CSV3\bulletins\bulletins_propres\table_page_435.csv: En-tête '7T10Base' introuvable.
Erreur dans le fichier ./CSV3\bulletins\bulletins_propres\table_page_435.csv: En-tête '7T15Base' introuvable.
Erreur dans le fichier ./CSV3\bulletins\bulletins_propres\table_page_435.csv: En-tête '7T15Base' introuvable.
Erreur dans le fichier ./CSV3\bulletins\bulletins_propres\table_page_435.csv: En-tête '7T20Base' introuvable.
Erreur dans le fichier ./CSV3\bulletins\bulletins_propres\table_page_435.csv: En-tête '7T20Base' introuvable.
Erreur dans le fichier ./CSV3\bulletins\bulletins_propres\table_page_435.csv: En-tête '6082Base' introuvable.
Erreur dans le fichier ./CSV3\bulletins\bulletins_propres\table_page_438.csv: En-tête '1002Base' introuvable.
Erreur dans le fichier ./CSV3\bulletins\bulletins_propres\table_page_438.csv: En-tête '2068Base' introuvable.
Erreur dans le fichier ./CSV3\bulletins\bulletins_propres\table_page_438.csv: En-tête 'Base' introuvable.
Erreur dans le fichier ./CSV3\bulletins\bulletins_propres\table_page_438.csv: En-tête '3B80Base' introuvable.
Erreur dans le fichier ./CSV3\bulletins\bulletins_propres\table_page_438.csv: En-tête 'Base' introuvable.
Erreur dans le fichier ./CSV3\bulletins\bulletins_propres\table_page_438.csv: En-tête '3B82Base' introuvable.
Erreur dans le fichier ./CSV3\bulletins\bulletins_propres\table_page_438.csv: En-tête 'TOTAL BRUTBase' introuvable.
Erreur dans le fichier ./CSV3\bulletins\bulletins_propres\table_page_438.csv: En-tête 'Base' introuvable.
Erreur dans le fichier ./CSV3\bulletins\bulletins_propres\table_page_438.csv: En-tête '60F2Base' introuvable.
Erreur dans le fichier ./CSV3\bulletins\bulletins_propres\table_page_438.csv: En-tête '7001Base' introuvable.
Erreur dans le fichier ./CSV3\bulletins\bulletins_propres\table_page_438.csv: En-tête '7010Base' introuvable.
Erreur dans le fichier ./CSV3\bulletins\bulletins_propres\table_page_438.csv: En-tête '7015Base' introuvable.
Erreur dans le fichier ./CSV3\bulletins\bulletins_propres\table_page_438.csv: En-tête '7020Base' introuvable.
Erreur dans le fichier ./CSV3\bulletins\bulletins_propres\table_page_438.csv: En-tête '7030Base' introuvable.
Erreur dans le fichier ./CSV3\bulletins\bulletins_propres\table_page_438.csv: En-tête '7035Base' introuvable.
Erreur dans le fichier ./CSV3\bulletins\bulletins_propres\table_page_438.csv: En-tête '7040Base' introuvable.
Erreur dans le fichier ./CSV3\bulletins\bulletins_propres\table_page_438.csv: En-tête '7045Base' introuvable.
Erreur dans le fichier ./CSV3\bulletins\bulletins_propres\table_page_438.csv: En-tête '7050Base' introuvable.
Erreur dans le fichier ./CSV3\bulletins\bulletins_propres\table_page_438.csv: En-tête 'Base' introuvable.
Erreur dans le fichier ./CSV3\bulletins\bulletins_propres\table_page_438.csv: En-tête '7055Base' introuvable.
Erreur dans le fichier ./CSV3\bulletins\bulletins_propres\table_page_438.csv: En-tête 'Base' introuvable.
Erreur dans le fichier ./CSV3\bulletins\bulletins_propres\table_page_438.csv: En-tête '7C00Base' introuvable.
Erreur dans le fichier ./CSV3\bulletins\bulletins_propres\table_page_438.csv: En-tête 'Base' introuvable.
Erreur dans le fichier ./CSV3\bulletins\bulletins_propres\table_page_438.csv: En-tête '7C20Base' introuvable.
Erreur dans le fichier ./CSV3\bulletins\bulletins_propres\table_page_438.csv: En-tête 'Base' introuvable.
Erreur dans le fichier ./CSV3\bulletins\bulletins_propres\table_page_438.csv: En-tête '7M05Base' introuvable.
Erreur dans le fichier ./CSV3\bulletins\bulletins_propres\table_page_438.csv: En-tête '7P20Base' introuvable.
Erreur dans le fichier ./CSV3\bulletins\bulletins_propres\table_page_438.csv: En-tête '7R44Base' introuvable.
Erreur dans le fichier ./CSV3\bulletins\bulletins_propres\table_page_438.csv: En-tête '7R53Base' introuvable.
Erreur dans le fichier ./CSV3\bulletins\bulletins_propres\table_page_438.csv: En-tête '7R63Base' introuvable.
Erreur dans le fichier ./CSV3\bulletins\bulletins_propres\table_page_438.csv: En-tête '7T00Base' introuvable.
Erreur dans le fichier ./CSV3\bulletins\bulletins_propres\table_page_438.csv: En-tête '7T02Base' introuvable.
Erreur dans le fichier ./CSV3\bulletins\bulletins_propres\table_page_438.csv: En-tête '7T05Base' introuvable.
Erreur dans le fichier ./CSV3\bulletins\bulletins_propres\table_page_438.csv: En-tête '7T10Base' introuvable.
Erreur dans le fichier ./CSV3\bulletins\bulletins_propres\table_page_438.csv: En-tête '7T15Base' introuvable.
Erreur dans le fichier ./CSV3\bulletins\bulletins_propres\table_page_438.csv: En-tête '7T20Base' introuvable.
Erreur dans le fichier ./CSV3\bulletins\bulletins_propres\table_page_438.csv: En-tête 'Base' introuvable.
Erreur dans le fichier ./CSV3\bulletins\bulletins_propres\table_page_438.csv: En-tête '6082Base' introuvable.
Erreur dans le fichier ./CSV3\bulletins\bulletins_propres\table_page_438.csv: En-tête 'Base' introuvable.
Erreur dans le fichier ./CSV3\bulletins\bulletins_propres\table_page_438.csv: En-tête '6094Base' introuvable.
Erreur dans le fichier ./CSV3\bulletins\bulletins_propres\table_page_438.csv: En-tête 'Total Charges Ded.Base' introuvable.
Erreur dans le fichier ./CSV3\bulletins\bulletins_propres\table_page_438.csv: En-tête '6080Base' introuvable.
Erreur dans le fichier ./CSV3\bulletins\bulletins_propres\table_page_438.csv: En-tête '6084Base' introuvable.
Erreur dans le fichier ./CSV3\bulletins\bulletins_propres\table_page_438.csv: En-tête '6092Base' introuvable.
Erreur dans le fichier ./CSV3\bulletins\bulletins_propres\table_page_438.csv: En-tête '6096Base' introuvable.
Erreur dans le fichier ./CSV3\bulletins\bulletins_propres\table_page_438.csv: En-tête '60F1Base' introuvable.
Erreur dans le fichier ./CSV3\bulletins\bulletins_propres\table_page_438.csv: En-tête '60F3Base' introuvable.
Erreur dans le fichier ./CSV3\bulletins\bulletins_propres\table_page_438.csv: En-tête '60F4Base' introuvable.
Erreur dans le fichier ./CSV3\bulletins\bulletins_propres\table_page_438.csv: En-tête '60F8Base' introuvable.
Erreur dans le fichier ./CSV3\bulletins\bulletins_propres\table_page_438.csv: En-tête '60F9Base' introuvable.
Erreur dans le fichier ./CSV3\bulletins\bulletins_propres\table_page_438.csv: En-tête 'Total Charges Non Ded.Base' introuvable.
Erreur dans le fichier ./CSV3\bulletins\bulletins_propres\table_page_438.csv: En-tête '8009Base' introuvable.
Erreur dans le fichier ./CSV3\bulletins\bulletins_propres\table_page_438.csv: En-tête '8010Base' introuvable.
Erreur dans le fichier ./CSV3\bulletins\bulletins_propres\table_page_438.csv: En-tête '8007Base' introuvable.
Erreur dans le fichier ./CSV3\bulletins\bulletins_propres\table_page_440.csv: En-tête '1004Base' introuvable.
Erreur dans le fichier ./CSV3\bulletins\bulletins_propres\table_page_440.csv: En-tête '2068Base' introuvable.
Erreur dans le fichier ./CSV3\bulletins\bulletins_propres\table_page_440.csv: En-tête 'Base' introuvable.
Erreur dans le fichier ./CSV3\bulletins\bulletins_propres\table_page_440.csv: En-tête '3460Base' introuvable.
Erreur dans le fichier ./CSV3\bulletins\bulletins_propres\table_page_440.csv: En-tête 'Base' introuvable.
Erreur dans le fichier ./CSV3\bulletins\bulletins_propres\table_page_440.csv: En-tête '3462Base' introuvable.
Erreur dans le fichier ./CSV3\bulletins\bulletins_propres\table_page_440.csv: En-tête '3B80Base' introuvable.
Erreur dans le fichier ./CSV3\bulletins\bulletins_propres\table_page_440.csv: En-tête '3B82Base' introuvable.
Erreur dans le fichier ./CSV3\bulletins\bulletins_propres\table_page_440.csv: En-tête 'Base' introuvable.
Erreur dans le fichier ./CSV3\bulletins\bulletins_propres\table_page_440.csv: En-tête 'TOTAL BRUTBase' introuvable.
Erreur dans le fichier ./CSV3\bulletins\bulletins_propres\table_page_440.csv: En-tête '60F2Base' introuvable.
Erreur dans le fichier ./CSV3\bulletins\bulletins_propres\table_page_440.csv: En-tête '7003Base' introuvable.
Erreur dans le fichier ./CSV3\bulletins\bulletins_propres\table_page_440.csv: En-tête '7004Base' introuvable.
Erreur dans le fichier ./CSV3\bulletins\bulletins_propres\table_page_440.csv: En-tête '7011Base' introuvable.
Erreur dans le fichier ./CSV3\bulletins\bulletins_propres\table_page_440.csv: En-tête '7014Base' introuvable.
Erreur dans le fichier ./CSV3\bulletins\bulletins_propres\table_page_440.csv: En-tête '7018Base' introuvable.
Erreur dans le fichier ./CSV3\bulletins\bulletins_propres\table_page_440.csv: En-tête '7019Base' introuvable.
Erreur dans le fichier ./CSV3\bulletins\bulletins_propres\table_page_440.csv: En-tête '7020Base' introuvable.
Erreur dans le fichier ./CSV3\bulletins\bulletins_propres\table_page_440.csv: En-tête 'Base' introuvable.
Erreur dans le fichier ./CSV3\bulletins\bulletins_propres\table_page_440.csv: En-tête '7031Base' introuvable.
Erreur dans le fichier ./CSV3\bulletins\bulletins_propres\table_page_440.csv: En-tête 'Base' introuvable.
Erreur dans le fichier ./CSV3\bulletins\bulletins_propres\table_page_440.csv: En-tête '7032Base' introuvable.
Erreur dans le fichier ./CSV3\bulletins\bulletins_propres\table_page_440.csv: En-tête 'Base' introuvable.
Erreur dans le fichier ./CSV3\bulletins\bulletins_propres\table_page_440.csv: En-tête '7040Base' introuvable.
Erreur dans le fichier ./CSV3\bulletins\bulletins_propres\table_page_440.csv: En-tête 'Base' introuvable.
Erreur dans le fichier ./CSV3\bulletins\bulletins_propres\table_page_440.csv: En-tête '7045Base' introuvable.
Erreur dans le fichier ./CSV3\bulletins\bulletins_propres\table_page_440.csv: En-tête '7055Base' introuvable.
Erreur dans le fichier ./CSV3\bulletins\bulletins_propres\table_page_440.csv: En-tête '7135Base' introuvable.
Erreur dans le fichier ./CSV3\bulletins\bulletins_propres\table_page_440.csv: En-tête '7136Base' introuvable.
Erreur dans le fichier ./CSV3\bulletins\bulletins_propres\table_page_440.csv: En-tête '7155Base' introuvable.
Erreur dans le fichier ./CSV3\bulletins\bulletins_propres\table_page_440.csv: En-tête '7156Base' introuvable.
Erreur dans le fichier ./CSV3\bulletins\bulletins_propres\table_page_440.csv: En-tête '7C20Base' introuvable.
Erreur dans le fichier ./CSV3\bulletins\bulletins_propres\table_page_440.csv: En-tête '7C40Base' introuvable.
Erreur dans le fichier ./CSV3\bulletins\bulletins_propres\table_page_440.csv: En-tête '7C41Base' introuvable.
Erreur dans le fichier ./CSV3\bulletins\bulletins_propres\table_page_440.csv: En-tête '7R50Base' introuvable.
Erreur dans le fichier ./CSV3\bulletins\bulletins_propres\table_page_440.csv: En-tête '7R60Base' introuvable.
Erreur dans le fichier ./CSV3\bulletins\bulletins_propres\table_page_440.csv: En-tête 'Base' introuvable.
Erreur dans le fichier ./CSV3\bulletins\bulletins_propres\table_page_440.csv: En-tête '7P00Base' introuvable.
Erreur dans le fichier ./CSV3\bulletins\bulletins_propres\table_page_440.csv: En-tête 'Base' introuvable.
Erreur dans le fichier ./CSV3\bulletins\bulletins_propres\table_page_440.csv: En-tête '7R56Base' introuvable.
Erreur dans le fichier ./CSV3\bulletins\bulletins_propres\table_page_440.csv: En-tête '7R63Base' introuvable.
Erreur dans le fichier ./CSV3\bulletins\bulletins_propres\table_page_440.csv: En-tête '7T00Base' introuvable.
Erreur dans le fichier ./CSV3\bulletins\bulletins_propres\table_page_440.csv: En-tête '7T02Base' introuvable.
Erreur dans le fichier ./CSV3\bulletins\bulletins_propres\table_page_440.csv: En-tête '7T05Base' introuvable.
Erreur dans le fichier ./CSV3\bulletins\bulletins_propres\table_page_440.csv: En-tête '7T10Base' introuvable.
Erreur dans le fichier ./CSV3\bulletins\bulletins_propres\table_page_440.csv: En-tête '7T15Base' introuvable.
Erreur dans le fichier ./CSV3\bulletins\bulletins_propres\table_page_440.csv: En-tête '7T20Base' introuvable.
Erreur dans le fichier ./CSV3\bulletins\bulletins_propres\table_page_440.csv: En-tête 'PALCAllégement chômageBase' introuvable.
Erreur dans le fichier ./CSV3\bulletins\bulletins_propres\table_page_440.csv: En-tête 'PALFAllégement FillonBase' introuvable.
Erreur dans le fichier ./CSV3\bulletins\bulletins_propres\table_page_440.csv: En-tête 'PALRAllégement retraiteBase' introuvable.
Erreur dans le fichier ./CSV3\bulletins\bulletins_propres\table_page_440.csv: En-tête 'Total Charges Ded.Base' introuvable.
Erreur dans le fichier ./CSV3\bulletins\bulletins_propres\table_page_440.csv: En-tête '60F1Base' introuvable.
Erreur dans le fichier ./CSV3\bulletins\bulletins_propres\table_page_440.csv: En-tête '60F3Base' introuvable.
Erreur dans le fichier ./CSV3\bulletins\bulletins_propres\table_page_440.csv: En-tête '60F4Base' introuvable.
Erreur dans le fichier ./CSV3\bulletins\bulletins_propres\table_page_440.csv: En-tête '60F8Base' introuvable.
Erreur dans le fichier ./CSV3\bulletins\bulletins_propres\table_page_440.csv: En-tête '60F9Base' introuvable.
Erreur dans le fichier ./CSV3\bulletins\bulletins_propres\table_page_440.csv: En-tête 'Total Charges Non Ded.Base' introuvable.
Erreur dans le fichier ./CSV3\bulletins\bulletins_propres\table_page_440.csv: En-tête '8009Base' introuvable.
Erreur dans le fichier ./CSV3\bulletins\bulletins_propres\table_page_440.csv: En-tête '8010Base' introuvable.
Erreur dans le fichier ./CSV3\bulletins\bulletins_propres\table_page_442.csv: En-tête '1004Base' introuvable.
Erreur dans le fichier ./CSV3\bulletins\bulletins_propres\table_page_442.csv: En-tête '2068Base' introuvable.
Erreur dans le fichier ./CSV3\bulletins\bulletins_propres\table_page_442.csv: En-tête 'Base' introuvable.
Erreur dans le fichier ./CSV3\bulletins\bulletins_propres\table_page_442.csv: En-tête '3460Base' introuvable.
Erreur dans le fichier ./CSV3\bulletins\bulletins_propres\table_page_442.csv: En-tête 'Base' introuvable.
Erreur dans le fichier ./CSV3\bulletins\bulletins_propres\table_page_442.csv: En-tête '3462Base' introuvable.
Erreur dans le fichier ./CSV3\bulletins\bulletins_propres\table_page_442.csv: En-tête 'TOTAL BRUTBase' introuvable.
Erreur dans le fichier ./CSV3\bulletins\bulletins_propres\table_page_442.csv: En-tête 'Base' introuvable.
Erreur dans le fichier ./CSV3\bulletins\bulletins_propres\table_page_442.csv: En-tête '7003Base' introuvable.
Erreur dans le fichier ./CSV3\bulletins\bulletins_propres\table_page_442.csv: En-tête '7004Base' introuvable.
Erreur dans le fichier ./CSV3\bulletins\bulletins_propres\table_page_442.csv: En-tête '7011Base' introuvable.
Erreur dans le fichier ./CSV3\bulletins\bulletins_propres\table_page_442.csv: En-tête '7014Base' introuvable.
Erreur dans le fichier ./CSV3\bulletins\bulletins_propres\table_page_442.csv: En-tête '7018Base' introuvable.
Erreur dans le fichier ./CSV3\bulletins\bulletins_propres\table_page_442.csv: En-tête '7019Base' introuvable.
Erreur dans le fichier ./CSV3\bulletins\bulletins_propres\table_page_442.csv: En-tête '7020Base' introuvable.
Erreur dans le fichier ./CSV3\bulletins\bulletins_propres\table_page_442.csv: En-tête '7031Base' introuvable.
Erreur dans le fichier ./CSV3\bulletins\bulletins_propres\table_page_442.csv: En-tête '7032Base' introuvable.
Erreur dans le fichier ./CSV3\bulletins\bulletins_propres\table_page_442.csv: En-tête '7040Base' introuvable.
Erreur dans le fichier ./CSV3\bulletins\bulletins_propres\table_page_442.csv: En-tête 'Base' introuvable.
Erreur dans le fichier ./CSV3\bulletins\bulletins_propres\table_page_442.csv: En-tête '7045Base' introuvable.
Erreur dans le fichier ./CSV3\bulletins\bulletins_propres\table_page_442.csv: En-tête 'Base' introuvable.
Erreur dans le fichier ./CSV3\bulletins\bulletins_propres\table_page_442.csv: En-tête '7055Base' introuvable.
Erreur dans le fichier ./CSV3\bulletins\bulletins_propres\table_page_442.csv: En-tête 'Base' introuvable.
Erreur dans le fichier ./CSV3\bulletins\bulletins_propres\table_page_442.csv: En-tête '7135Base' introuvable.
Erreur dans le fichier ./CSV3\bulletins\bulletins_propres\table_page_442.csv: En-tête 'Base' introuvable.
Erreur dans le fichier ./CSV3\bulletins\bulletins_propres\table_page_442.csv: En-tête '7136Base' introuvable.
Erreur dans le fichier ./CSV3\bulletins\bulletins_propres\table_page_442.csv: En-tête '7155Base' introuvable.
Erreur dans le fichier ./CSV3\bulletins\bulletins_propres\table_page_442.csv: En-tête '7156Base' introuvable.
Erreur dans le fichier ./CSV3\bulletins\bulletins_propres\table_page_442.csv: En-tête '7C20Base' introuvable.
Erreur dans le fichier ./CSV3\bulletins\bulletins_propres\table_page_442.csv: En-tête '7C40Base' introuvable.
Erreur dans le fichier ./CSV3\bulletins\bulletins_propres\table_page_442.csv: En-tête '7C41Base' introuvable.
Erreur dans le fichier ./CSV3\bulletins\bulletins_propres\table_page_442.csv: En-tête '7R50Base' introuvable.
Erreur dans le fichier ./CSV3\bulletins\bulletins_propres\table_page_442.csv: En-tête '7R60Base' introuvable.
Erreur dans le fichier ./CSV3\bulletins\bulletins_propres\table_page_442.csv: En-tête '7M04Base' introuvable.
Erreur dans le fichier ./CSV3\bulletins\bulletins_propres\table_page_442.csv: En-tête '7P00Base' introuvable.
Erreur dans le fichier ./CSV3\bulletins\bulletins_propres\table_page_442.csv: En-tête '7R56Base' introuvable.
Erreur dans le fichier ./CSV3\bulletins\bulletins_propres\table_page_442.csv: En-tête 'Base' introuvable.
Erreur dans le fichier ./CSV3\bulletins\bulletins_propres\table_page_442.csv: En-tête '7R63Base' introuvable.
Erreur dans le fichier ./CSV3\bulletins\bulletins_propres\table_page_442.csv: En-tête 'Base' introuvable.
Erreur dans le fichier ./CSV3\bulletins\bulletins_propres\table_page_442.csv: En-tête '7T00Base' introuvable.
Erreur dans le fichier ./CSV3\bulletins\bulletins_propres\table_page_442.csv: En-tête '7T02Base' introuvable.
Erreur dans le fichier ./CSV3\bulletins\bulletins_propres\table_page_442.csv: En-tête '7T05Base' introuvable.
Erreur dans le fichier ./CSV3\bulletins\bulletins_propres\table_page_442.csv: En-tête '7T10Base' introuvable.
Erreur dans le fichier ./CSV3\bulletins\bulletins_propres\table_page_442.csv: En-tête '7T15Base' introuvable.
Erreur dans le fichier ./CSV3\bulletins\bulletins_propres\table_page_442.csv: En-tête '7T20Base' introuvable.
Erreur dans le fichier ./CSV3\bulletins\bulletins_propres\table_page_442.csv: En-tête 'PALCAllégement chômageBase' introuvable.
Erreur dans le fichier ./CSV3\bulletins\bulletins_propres\table_page_442.csv: En-tête 'PALFAllégement FillonBase' introuvable.
Erreur dans le fichier ./CSV3\bulletins\bulletins_propres\table_page_442.csv: En-tête 'PALRAllégement retraiteBase' introuvable.
Erreur dans le fichier ./CSV3\bulletins\bulletins_propres\table_page_442.csv: En-tête 'Total Charges Ded.Base' introuvable.
Erreur dans le fichier ./CSV3\bulletins\bulletins_propres\table_page_442.csv: En-tête 'Total Charges Non Ded.Base' introuvable.
Erreur dans le fichier ./CSV3\bulletins\bulletins_propres\table_page_442.csv: En-tête '8009Base' introuvable.
Erreur dans le fichier ./CSV3\bulletins\bulletins_propres\table_page_442.csv: En-tête '8010Base' introuvable.
Erreur dans le fichier ./CSV3\bulletins\bulletins_propres\table_page_442.csv: En-tête '8007Base' introuvable.
Erreur dans le fichier ./CSV3\bulletins\bulletins_propres\table_page_442.csv: En-tête 'Base' introuvable.
Erreur dans le fichier ./CSV3\bulletins\bulletins_propres\table_page_442.csv: En-tête 'Base' introuvable.
Erreur dans le fichier ./CSV3\bulletins\bulletins_propres\table_page_442.csv: En-tête 'Impôt sur le revenuBase' introuvable.
Erreur dans le fichier ./CSV3\bulletins\bulletins_propres\table_page_442.csv: En-tête 'Impôt sur le revenu à la sourceBase' introuvable.
Erreur dans le fichier ./CSV3\bulletins\bulletins_propres\table_page_444.csv: En-tête '1004Base' introuvable.
Erreur dans le fichier ./CSV3\bulletins\bulletins_propres\table_page_444.csv: En-tête '2068Base' introuvable.
Erreur dans le fichier ./CSV3\bulletins\bulletins_propres\table_page_444.csv: En-tête 'Base' introuvable.
Erreur dans le fichier ./CSV3\bulletins\bulletins_propres\table_page_444.csv: En-tête '2078Base' introuvable.
Erreur dans le fichier ./CSV3\bulletins\bulletins_propres\table_page_444.csv: En-tête 'Base' introuvable.
Erreur dans le fichier ./CSV3\bulletins\bulletins_propres\table_page_444.csv: En-tête '2262Base' introuvable.
Erreur dans le fichier ./CSV3\bulletins\bulletins_propres\table_page_444.csv: En-tête '3460Base' introuvable.
Erreur dans le fichier ./CSV3\bulletins\bulletins_propres\table_page_444.csv: En-tête '3462Base' introuvable.
Erreur dans le fichier ./CSV3\bulletins\bulletins_propres\table_page_444.csv: En-tête '3502Base' introuvable.
Erreur dans le fichier ./CSV3\bulletins\bulletins_propres\table_page_444.csv: En-tête 'Base' introuvable.
Erreur dans le fichier ./CSV3\bulletins\bulletins_propres\table_page_444.csv: En-tête 'TOTAL BRUTBase' introuvable.
Erreur dans le fichier ./CSV3\bulletins\bulletins_propres\table_page_444.csv: En-tête '7003Base' introuvable.
Erreur dans le fichier ./CSV3\bulletins\bulletins_propres\table_page_444.csv: En-tête '7004Base' introuvable.
Erreur dans le fichier ./CSV3\bulletins\bulletins_propres\table_page_444.csv: En-tête '7011Base' introuvable.
Erreur dans le fichier ./CSV3\bulletins\bulletins_propres\table_page_444.csv: En-tête '7014Base' introuvable.
Erreur dans le fichier ./CSV3\bulletins\bulletins_propres\table_page_444.csv: En-tête '7018Base' introuvable.
Erreur dans le fichier ./CSV3\bulletins\bulletins_propres\table_page_444.csv: En-tête '7019Base' introuvable.
Erreur dans le fichier ./CSV3\bulletins\bulletins_propres\table_page_444.csv: En-tête '7020Base' introuvable.
Erreur dans le fichier ./CSV3\bulletins\bulletins_propres\table_page_444.csv: En-tête 'Base' introuvable.
Erreur dans le fichier ./CSV3\bulletins\bulletins_propres\table_page_444.csv: En-tête '7031Base' introuvable.
Erreur dans le fichier ./CSV3\bulletins\bulletins_propres\table_page_444.csv: En-tête 'Base' introuvable.
Erreur dans le fichier ./CSV3\bulletins\bulletins_propres\table_page_444.csv: En-tête '7032Base' introuvable.
Erreur dans le fichier ./CSV3\bulletins\bulletins_propres\table_page_444.csv: En-tête 'Base' introuvable.
Erreur dans le fichier ./CSV3\bulletins\bulletins_propres\table_page_444.csv: En-tête '7040Base' introuvable.
Erreur dans le fichier ./CSV3\bulletins\bulletins_propres\table_page_444.csv: En-tête 'Base' introuvable.
Erreur dans le fichier ./CSV3\bulletins\bulletins_propres\table_page_444.csv: En-tête '7045Base' introuvable.
Erreur dans le fichier ./CSV3\bulletins\bulletins_propres\table_page_444.csv: En-tête '7055Base' introuvable.
Erreur dans le fichier ./CSV3\bulletins\bulletins_propres\table_page_444.csv: En-tête '7135Base' introuvable.
Erreur dans le fichier ./CSV3\bulletins\bulletins_propres\table_page_444.csv: En-tête '7136Base' introuvable.
Erreur dans le fichier ./CSV3\bulletins\bulletins_propres\table_page_444.csv: En-tête '7155Base' introuvable.
Erreur dans le fichier ./CSV3\bulletins\bulletins_propres\table_page_444.csv: En-tête '7156Base' introuvable.
Erreur dans le fichier ./CSV3\bulletins\bulletins_propres\table_page_444.csv: En-tête '7C20Base' introuvable.
Erreur dans le fichier ./CSV3\bulletins\bulletins_propres\table_page_444.csv: En-tête '7C40Base' introuvable.
Erreur dans le fichier ./CSV3\bulletins\bulletins_propres\table_page_444.csv: En-tête '7C41Base' introuvable.
Erreur dans le fichier ./CSV3\bulletins\bulletins_propres\table_page_444.csv: En-tête '7R50Base' introuvable.
Erreur dans le fichier ./CSV3\bulletins\bulletins_propres\table_page_444.csv: En-tête '7R60Base' introuvable.
Erreur dans le fichier ./CSV3\bulletins\bulletins_propres\table_page_444.csv: En-tête 'Base' introuvable.
Erreur dans le fichier ./CSV3\bulletins\bulletins_propres\table_page_444.csv: En-tête '7M03Base' introuvable.
Erreur dans le fichier ./CSV3\bulletins\bulletins_propres\table_page_444.csv: En-tête 'Base' introuvable.
Erreur dans le fichier ./CSV3\bulletins\bulletins_propres\table_page_444.csv: En-tête '7P00Base' introuvable.
Erreur dans le fichier ./CSV3\bulletins\bulletins_propres\table_page_444.csv: En-tête 'Base' introuvable.
Erreur dans le fichier ./CSV3\bulletins\bulletins_propres\table_page_444.csv: En-tête '7R56Base' introuvable.
Erreur dans le fichier ./CSV3\bulletins\bulletins_propres\table_page_444.csv: En-tête '7R63Base' introuvable.
Erreur dans le fichier ./CSV3\bulletins\bulletins_propres\table_page_444.csv: En-tête '7T00Base' introuvable.
Erreur dans le fichier ./CSV3\bulletins\bulletins_propres\table_page_444.csv: En-tête '7T02Base' introuvable.
Erreur dans le fichier ./CSV3\bulletins\bulletins_propres\table_page_444.csv: En-tête '7T05Base' introuvable.
Erreur dans le fichier ./CSV3\bulletins\bulletins_propres\table_page_444.csv: En-tête '7T10Base' introuvable.
Erreur dans le fichier ./CSV3\bulletins\bulletins_propres\table_page_444.csv: En-tête '7T15Base' introuvable.
Erreur dans le fichier ./CSV3\bulletins\bulletins_propres\table_page_444.csv: En-tête '7T20Base' introuvable.
Erreur dans le fichier ./CSV3\bulletins\bulletins_propres\table_page_444.csv: En-tête 'PALCAllégement chômageBase' introuvable.
Erreur dans le fichier ./CSV3\bulletins\bulletins_propres\table_page_444.csv: En-tête 'PALFAllégement FillonBase' introuvable.
Erreur dans le fichier ./CSV3\bulletins\bulletins_propres\table_page_444.csv: En-tête 'PALRAllégement retraiteBase' introuvable.
Erreur dans le fichier ./CSV3\bulletins\bulletins_propres\table_page_444.csv: En-tête 'Total Charges Ded.Base' introuvable.
Erreur dans le fichier ./CSV3\bulletins\bulletins_propres\table_page_444.csv: En-tête 'Total Charges Non Ded.Base' introuvable.
Erreur dans le fichier ./CSV3\bulletins\bulletins_propres\table_page_444.csv: En-tête '8009Base' introuvable.
Erreur dans le fichier ./CSV3\bulletins\bulletins_propres\table_page_444.csv: En-tête '8010Base' introuvable.
Erreur dans le fichier ./CSV3\bulletins\bulletins_propres\table_page_444.csv: En-tête 'Base' introuvable.
Erreur dans le fichier ./CSV3\bulletins\bulletins_propres\table_page_444.csv: En-tête 'Base' introuvable.
Erreur dans le fichier ./CSV3\bulletins\bulletins_propres\table_page_444.csv: En-tête 'Impôt sur le revenuBase' introuvable.
Erreur dans le fichier ./CSV3\bulletins\bulletins_propres\table_page_444.csv: En-tête 'Impôt sur le revenu à la sourceBase' introuvable.
Erreur dans le fichier ./CSV3\bulletins\bulletins_propres\table_page_446.csv: En-tête 'Base' introuvable.
Erreur dans le fichier ./CSV3\bulletins\bulletins_propres\table_page_446.csv: En-tête 'Base' introuvable.
Erreur dans le fichier ./CSV3\bulletins\bulletins_propres\table_page_446.csv: En-tête 'Base' introuvable.
Erreur dans le fichier ./CSV3\bulletins\bulletins_propres\table_page_446.csv: En-tête 'Base' introuvable.
Erreur dans le fichier ./CSV3\bulletins\bulletins_propres\table_page_446.csv: En-tête 'Base' introuvable.
Erreur dans le fichier ./CSV3\bulletins\bulletins_propres\table_page_446.csv: En-tête 'Base' introuvable.
Erreur dans le fichier ./CSV3\bulletins\bulletins_propres\table_page_446.csv: En-tête 'Base' introuvable.
Erreur dans le fichier ./CSV3\bulletins\bulletins_propres\table_page_446.csv: En-tête 'Base' introuvable.
Erreur dans le fichier ./CSV3\bulletins\bulletins_propres\table_page_446.csv: En-tête 'Base' introuvable.
Erreur dans le fichier ./CSV3\bulletins\bulletins_propres\table_page_446.csv: En-tête '7R63Base' introuvable.
Erreur dans le fichier ./CSV3\bulletins\bulletins_propres\table_page_446.csv: En-tête '7R64Base' introuvable.
Erreur dans le fichier ./CSV3\bulletins\bulletins_propres\table_page_446.csv: En-tête '7R70Base' introuvable.
Erreur dans le fichier ./CSV3\bulletins\bulletins_propres\table_page_446.csv: En-tête '7R71Base' introuvable.
Erreur dans le fichier ./CSV3\bulletins\bulletins_propres\table_page_446.csv: En-tête 'Base' introuvable.
Erreur dans le fichier ./CSV3\bulletins\bulletins_propres\table_page_446.csv: En-tête 'Base' introuvable.
Erreur dans le fichier ./CSV3\bulletins\bulletins_propres\table_page_446.csv: En-tête 'Base' introuvable.
Erreur dans le fichier ./CSV3\bulletins\bulletins_propres\table_page_446.csv: En-tête 'Base' introuvable.
Erreur dans le fichier ./CSV3\bulletins\bulletins_propres\table_page_446.csv: En-tête 'Base' introuvable.
Erreur dans le fichier ./CSV3\bulletins\bulletins_propres\table_page_446.csv: En-tête '6084Base' introuvable.
Erreur dans le fichier ./CSV3\bulletins\bulletins_propres\table_page_446.csv: En-tête 'Base' introuvable.
Erreur dans le fichier ./CSV3\bulletins\bulletins_propres\table_page_446.csv: En-tête 'Base' introuvable.
Erreur dans le fichier ./CSV3\bulletins\bulletins_propres\table_page_446.csv: En-tête 'Base' introuvable.
Erreur dans le fichier ./CSV3\bulletins\bulletins_propres\table_page_448.csv: En-tête '1004Base' introuvable.
Erreur dans le fichier ./CSV3\bulletins\bulletins_propres\table_page_448.csv: En-tête '2068Base' introuvable.
Erreur dans le fichier ./CSV3\bulletins\bulletins_propres\table_page_448.csv: En-tête 'Base' introuvable.
Erreur dans le fichier ./CSV3\bulletins\bulletins_propres\table_page_448.csv: En-tête '2078Base' introuvable.
Erreur dans le fichier ./CSV3\bulletins\bulletins_propres\table_page_448.csv: En-tête 'Base' introuvable.
Erreur dans le fichier ./CSV3\bulletins\bulletins_propres\table_page_448.csv: En-tête '3280Base' introuvable.
Erreur dans le fichier ./CSV3\bulletins\bulletins_propres\table_page_448.csv: En-tête '3285Base' introuvable.
Erreur dans le fichier ./CSV3\bulletins\bulletins_propres\table_page_448.csv: En-tête 'Base' introuvable.
Erreur dans le fichier ./CSV3\bulletins\bulletins_propres\table_page_448.csv: En-tête 'TOTAL BRUTBase' introuvable.
Erreur dans le fichier ./CSV3\bulletins\bulletins_propres\table_page_448.csv: En-tête '7003Base' introuvable.
Erreur dans le fichier ./CSV3\bulletins\bulletins_propres\table_page_448.csv: En-tête '7004Base' introuvable.
Erreur dans le fichier ./CSV3\bulletins\bulletins_propres\table_page_448.csv: En-tête '7011Base' introuvable.
Erreur dans le fichier ./CSV3\bulletins\bulletins_propres\table_page_448.csv: En-tête '7014Base' introuvable.
Erreur dans le fichier ./CSV3\bulletins\bulletins_propres\table_page_448.csv: En-tête '7018Base' introuvable.
Erreur dans le fichier ./CSV3\bulletins\bulletins_propres\table_page_448.csv: En-tête '7019Base' introuvable.
Erreur dans le fichier ./CSV3\bulletins\bulletins_propres\table_page_448.csv: En-tête '7020Base' introuvable.
Erreur dans le fichier ./CSV3\bulletins\bulletins_propres\table_page_448.csv: En-tête '7031Base' introuvable.
Erreur dans le fichier ./CSV3\bulletins\bulletins_propres\table_page_448.csv: En-tête '7032Base' introuvable.
Erreur dans le fichier ./CSV3\bulletins\bulletins_propres\table_page_448.csv: En-tête 'Base' introuvable.
Erreur dans le fichier ./CSV3\bulletins\bulletins_propres\table_page_448.csv: En-tête '7040Base' introuvable.
Erreur dans le fichier ./CSV3\bulletins\bulletins_propres\table_page_448.csv: En-tête 'Base' introuvable.
Erreur dans le fichier ./CSV3\bulletins\bulletins_propres\table_page_448.csv: En-tête '7045Base' introuvable.
Erreur dans le fichier ./CSV3\bulletins\bulletins_propres\table_page_448.csv: En-tête 'Base' introuvable.
Erreur dans le fichier ./CSV3\bulletins\bulletins_propres\table_page_448.csv: En-tête '7055Base' introuvable.
Erreur dans le fichier ./CSV3\bulletins\bulletins_propres\table_page_448.csv: En-tête 'Base' introuvable.
Erreur dans le fichier ./CSV3\bulletins\bulletins_propres\table_page_448.csv: En-tête '7135Base' introuvable.
Erreur dans le fichier ./CSV3\bulletins\bulletins_propres\table_page_448.csv: En-tête '7136Base' introuvable.
Erreur dans le fichier ./CSV3\bulletins\bulletins_propres\table_page_448.csv: En-tête '7155Base' introuvable.
Erreur dans le fichier ./CSV3\bulletins\bulletins_propres\table_page_448.csv: En-tête '7156Base' introuvable.
Erreur dans le fichier ./CSV3\bulletins\bulletins_propres\table_page_448.csv: En-tête '7C20Base' introuvable.
Erreur dans le fichier ./CSV3\bulletins\bulletins_propres\table_page_448.csv: En-tête '7C40Base' introuvable.
Erreur dans le fichier ./CSV3\bulletins\bulletins_propres\table_page_448.csv: En-tête '7C41Base' introuvable.
Erreur dans le fichier ./CSV3\bulletins\bulletins_propres\table_page_448.csv: En-tête '7R50Base' introuvable.
Erreur dans le fichier ./CSV3\bulletins\bulletins_propres\table_page_448.csv: En-tête '7R60Base' introuvable.
Erreur dans le fichier ./CSV3\bulletins\bulletins_propres\table_page_448.csv: En-tête '7M03Base' introuvable.
Erreur dans le fichier ./CSV3\bulletins\bulletins_propres\table_page_448.csv: En-tête '7P00Base' introuvable.
Erreur dans le fichier ./CSV3\bulletins\bulletins_propres\table_page_448.csv: En-tête 'Base' introuvable.
Erreur dans le fichier ./CSV3\bulletins\bulletins_propres\table_page_448.csv: En-tête '7R56Base' introuvable.
Erreur dans le fichier ./CSV3\bulletins\bulletins_propres\table_page_448.csv: En-tête 'Base' introuvable.
Erreur dans le fichier ./CSV3\bulletins\bulletins_propres\table_page_448.csv: En-tête '7R63Base' introuvable.
Erreur dans le fichier ./CSV3\bulletins\bulletins_propres\table_page_448.csv: En-tête '7T00Base' introuvable.
Erreur dans le fichier ./CSV3\bulletins\bulletins_propres\table_page_448.csv: En-tête '7T02Base' introuvable.
Erreur dans le fichier ./CSV3\bulletins\bulletins_propres\table_page_448.csv: En-tête '7T05Base' introuvable.
Erreur dans le fichier ./CSV3\bulletins\bulletins_propres\table_page_448.csv: En-tête '7T10Base' introuvable.
Erreur dans le fichier ./CSV3\bulletins\bulletins_propres\table_page_448.csv: En-tête '7T15Base' introuvable.
Erreur dans le fichier ./CSV3\bulletins\bulletins_propres\table_page_448.csv: En-tête '7T20Base' introuvable.
Erreur dans le fichier ./CSV3\bulletins\bulletins_propres\table_page_448.csv: En-tête 'PALCAllégement chômageBase' introuvable.
Erreur dans le fichier ./CSV3\bulletins\bulletins_propres\table_page_448.csv: En-tête 'PALFAllégement FillonBase' introuvable.
Erreur dans le fichier ./CSV3\bulletins\bulletins_propres\table_page_448.csv: En-tête 'PALRAllégement retraiteBase' introuvable.
Erreur dans le fichier ./CSV3\bulletins\bulletins_propres\table_page_448.csv: En-tête 'Total Charges Ded.Base' introuvable.
Erreur dans le fichier ./CSV3\bulletins\bulletins_propres\table_page_448.csv: En-tête 'Total Charges Non Ded.Base' introuvable.
Erreur dans le fichier ./CSV3\bulletins\bulletins_propres\table_page_448.csv: En-tête '8009Base' introuvable.
Erreur dans le fichier ./CSV3\bulletins\bulletins_propres\table_page_448.csv: En-tête '8010Base' introuvable.
Erreur dans le fichier ./CSV3\bulletins\bulletins_propres\table_page_448.csv: En-tête '8007Base' introuvable.
Erreur dans le fichier ./CSV3\bulletins\bulletins_propres\table_page_448.csv: En-tête 'Base' introuvable.
Erreur dans le fichier ./CSV3\bulletins\bulletins_propres\table_page_448.csv: En-tête 'Base' introuvable.
Erreur dans le fichier ./CSV3\bulletins\bulletins_propres\table_page_448.csv: En-tête 'Impôt sur le revenuBase' introuvable.
Erreur dans le fichier ./CSV3\bulletins\bulletins_propres\table_page_448.csv: En-tête 'Impôt sur le revenu à la sourceBase' introuvable.
Erreur dans le fichier ./CSV3\bulletins\bulletins_propres\table_page_45.csv: En-tête '1002Base' introuvable.
Erreur dans le fichier ./CSV3\bulletins\bulletins_propres\table_page_45.csv: En-tête '2012Base' introuvable.
Erreur dans le fichier ./CSV3\bulletins\bulletins_propres\table_page_45.csv: En-tête 'Base' introuvable.
Erreur dans le fichier ./CSV3\bulletins\bulletins_propres\table_page_45.csv: En-tête '2068Base' introuvable.
Erreur dans le fichier ./CSV3\bulletins\bulletins_propres\table_page_45.csv: En-tête 'Base' introuvable.
Erreur dans le fichier ./CSV3\bulletins\bulletins_propres\table_page_45.csv: En-tête '3250Base' introuvable.
Erreur dans le fichier ./CSV3\bulletins\bulletins_propres\table_page_45.csv: En-tête '3255Base' introuvable.
Erreur dans le fichier ./CSV3\bulletins\bulletins_propres\table_page_45.csv: En-tête '3B80Base' introuvable.
Erreur dans le fichier ./CSV3\bulletins\bulletins_propres\table_page_45.csv: En-tête '3B82Base' introuvable.
Erreur dans le fichier ./CSV3\bulletins\bulletins_propres\table_page_45.csv: En-tête 'Base' introuvable.
Erreur dans le fichier ./CSV3\bulletins\bulletins_propres\table_page_45.csv: En-tête 'TOTAL BRUTBase' introuvable.
Erreur dans le fichier ./CSV3\bulletins\bulletins_propres\table_page_45.csv: En-tête '60F2Base' introuvable.
Erreur dans le fichier ./CSV3\bulletins\bulletins_propres\table_page_45.csv: En-tête '7001Base' introuvable.
Erreur dans le fichier ./CSV3\bulletins\bulletins_propres\table_page_45.csv: En-tête '7002Base' introuvable.
Erreur dans le fichier ./CSV3\bulletins\bulletins_propres\table_page_45.csv: En-tête '7010Base' introuvable.
Erreur dans le fichier ./CSV3\bulletins\bulletins_propres\table_page_45.csv: En-tête '7015Base' introuvable.
Erreur dans le fichier ./CSV3\bulletins\bulletins_propres\table_page_45.csv: En-tête '7020Base' introuvable.
Erreur dans le fichier ./CSV3\bulletins\bulletins_propres\table_page_45.csv: En-tête '7025Base' introuvable.
Erreur dans le fichier ./CSV3\bulletins\bulletins_propres\table_page_45.csv: En-tête 'Base' introuvable.
Erreur dans le fichier ./CSV3\bulletins\bulletins_propres\table_page_45.csv: En-tête '7030Base' introuvable.
Erreur dans le fichier ./CSV3\bulletins\bulletins_propres\table_page_45.csv: En-tête 'Base' introuvable.
Erreur dans le fichier ./CSV3\bulletins\bulletins_propres\table_page_45.csv: En-tête '7035Base' introuvable.
Erreur dans le fichier ./CSV3\bulletins\bulletins_propres\table_page_45.csv: En-tête 'Base' introuvable.
Erreur dans le fichier ./CSV3\bulletins\bulletins_propres\table_page_45.csv: En-tête '7040Base' introuvable.
Erreur dans le fichier ./CSV3\bulletins\bulletins_propres\table_page_45.csv: En-tête 'Base' introuvable.
Erreur dans le fichier ./CSV3\bulletins\bulletins_propres\table_page_45.csv: En-tête '7045Base' introuvable.
Erreur dans le fichier ./CSV3\bulletins\bulletins_propres\table_page_45.csv: En-tête '7050Base' introuvable.
Erreur dans le fichier ./CSV3\bulletins\bulletins_propres\table_page_45.csv: En-tête '7055Base' introuvable.
Erreur dans le fichier ./CSV3\bulletins\bulletins_propres\table_page_45.csv: En-tête '7C00Base' introuvable.
Erreur dans le fichier ./CSV3\bulletins\bulletins_propres\table_page_45.csv: En-tête '7C10Base' introuvable.
Erreur dans le fichier ./CSV3\bulletins\bulletins_propres\table_page_45.csv: En-tête '7C20Base' introuvable.
Erreur dans le fichier ./CSV3\bulletins\bulletins_propres\table_page_45.csv: En-tête '7M05Base' introuvable.
Erreur dans le fichier ./CSV3\bulletins\bulletins_propres\table_page_45.csv: En-tête '7P20Base' introuvable.
Erreur dans le fichier ./CSV3\bulletins\bulletins_propres\table_page_45.csv: En-tête '7P25Base' introuvable.
Erreur dans le fichier ./CSV3\bulletins\bulletins_propres\table_page_45.csv: En-tête '7R44Base' introuvable.
Erreur dans le fichier ./CSV3\bulletins\bulletins_propres\table_page_45.csv: En-tête '7R45Base' introuvable.
Erreur dans le fichier ./CSV3\bulletins\bulletins_propres\table_page_45.csv: En-tête 'Base' introuvable.
Erreur dans le fichier ./CSV3\bulletins\bulletins_propres\table_page_45.csv: En-tête '7R53Base' introuvable.
Erreur dans le fichier ./CSV3\bulletins\bulletins_propres\table_page_45.csv: En-tête 'Base' introuvable.
Erreur dans le fichier ./CSV3\bulletins\bulletins_propres\table_page_45.csv: En-tête '7R54Base' introuvable.
Erreur dans le fichier ./CSV3\bulletins\bulletins_propres\table_page_45.csv: En-tête '7R63Base' introuvable.
Erreur dans le fichier ./CSV3\bulletins\bulletins_propres\table_page_45.csv: En-tête '7R64Base' introuvable.
Erreur dans le fichier ./CSV3\bulletins\bulletins_propres\table_page_45.csv: En-tête '7R70Base' introuvable.
Erreur dans le fichier ./CSV3\bulletins\bulletins_propres\table_page_45.csv: En-tête '7R71Base' introuvable.
Erreur dans le fichier ./CSV3\bulletins\bulletins_propres\table_page_45.csv: En-tête '7T00Base' introuvable.
Erreur dans le fichier ./CSV3\bulletins\bulletins_propres\table_page_45.csv: En-tête '7T02Base' introuvable.
Erreur dans le fichier ./CSV3\bulletins\bulletins_propres\table_page_45.csv: En-tête '7T05Base' introuvable.
Erreur dans le fichier ./CSV3\bulletins\bulletins_propres\table_page_45.csv: En-tête '7T10Base' introuvable.
Erreur dans le fichier ./CSV3\bulletins\bulletins_propres\table_page_45.csv: En-tête '7T15Base' introuvable.
Erreur dans le fichier ./CSV3\bulletins\bulletins_propres\table_page_45.csv: En-tête '7T20Base' introuvable.
Erreur dans le fichier ./CSV3\bulletins\bulletins_propres\table_page_45.csv: En-tête '6082Base' introuvable.
Erreur dans le fichier ./CSV3\bulletins\bulletins_propres\table_page_45.csv: En-tête '6094Base' introuvable.
Erreur dans le fichier ./CSV3\bulletins\bulletins_propres\table_page_45.csv: En-tête 'Total Charges Ded.Base' introuvable.
Erreur dans le fichier ./CSV3\bulletins\bulletins_propres\table_page_45.csv: En-tête '6080Base' introuvable.
Erreur dans le fichier ./CSV3\bulletins\bulletins_propres\table_page_45.csv: En-tête '6084Base' introuvable.
Erreur dans le fichier ./CSV3\bulletins\bulletins_propres\table_page_45.csv: En-tête '6092Base' introuvable.
Erreur dans le fichier ./CSV3\bulletins\bulletins_propres\table_page_45.csv: En-tête '6096Base' introuvable.
Erreur dans le fichier ./CSV3\bulletins\bulletins_propres\table_page_45.csv: En-tête '60F1Base' introuvable.
Erreur dans le fichier ./CSV3\bulletins\bulletins_propres\table_page_45.csv: En-tête '60F3Base' introuvable.
Erreur dans le fichier ./CSV3\bulletins\bulletins_propres\table_page_45.csv: En-tête '60F4Base' introuvable.
Erreur dans le fichier ./CSV3\bulletins\bulletins_propres\table_page_45.csv: En-tête '60F8Base' introuvable.
Erreur dans le fichier ./CSV3\bulletins\bulletins_propres\table_page_45.csv: En-tête '60F9Base' introuvable.
Erreur dans le fichier ./CSV3\bulletins\bulletins_propres\table_page_45.csv: En-tête 'Total Charges Non Ded.Base' introuvable.
Erreur dans le fichier ./CSV3\bulletins\bulletins_propres\table_page_45.csv: En-tête '8009Base' introuvable.
Erreur dans le fichier ./CSV3\bulletins\bulletins_propres\table_page_45.csv: En-tête '8010Base' introuvable.
Erreur dans le fichier ./CSV3\bulletins\bulletins_propres\table_page_450.csv: En-tête '1001Base' introuvable.
Erreur dans le fichier ./CSV3\bulletins\bulletins_propres\table_page_450.csv: En-tête '1046Base' introuvable.
Erreur dans le fichier ./CSV3\bulletins\bulletins_propres\table_page_450.csv: En-tête 'Base' introuvable.
Erreur dans le fichier ./CSV3\bulletins\bulletins_propres\table_page_450.csv: En-tête '2012Base' introuvable.
Erreur dans le fichier ./CSV3\bulletins\bulletins_propres\table_page_450.csv: En-tête 'Base' introuvable.
Erreur dans le fichier ./CSV3\bulletins\bulletins_propres\table_page_450.csv: En-tête '2016Base' introuvable.
Erreur dans le fichier ./CSV3\bulletins\bulletins_propres\table_page_450.csv: En-tête '2050Base' introuvable.
Erreur dans le fichier ./CSV3\bulletins\bulletins_propres\table_page_450.csv: En-tête '2068Base' introuvable.
Erreur dans le fichier ./CSV3\bulletins\bulletins_propres\table_page_450.csv: En-tête '2078Base' introuvable.
Erreur dans le fichier ./CSV3\bulletins\bulletins_propres\table_page_450.csv: En-tête '2262Base' introuvable.
Erreur dans le fichier ./CSV3\bulletins\bulletins_propres\table_page_450.csv: En-tête 'Base' introuvable.
Erreur dans le fichier ./CSV3\bulletins\bulletins_propres\table_page_450.csv: En-tête 'TOTAL BRUTBase' introuvable.
Erreur dans le fichier ./CSV3\bulletins\bulletins_propres\table_page_450.csv: En-tête '7001Base' introuvable.
Erreur dans le fichier ./CSV3\bulletins\bulletins_propres\table_page_450.csv: En-tête '7010Base' introuvable.
Erreur dans le fichier ./CSV3\bulletins\bulletins_propres\table_page_450.csv: En-tête '7015Base' introuvable.
Erreur dans le fichier ./CSV3\bulletins\bulletins_propres\table_page_450.csv: En-tête '7020Base' introuvable.
Erreur dans le fichier ./CSV3\bulletins\bulletins_propres\table_page_450.csv: En-tête '7030Base' introuvable.
Erreur dans le fichier ./CSV3\bulletins\bulletins_propres\table_page_450.csv: En-tête '7035Base' introuvable.
Erreur dans le fichier ./CSV3\bulletins\bulletins_propres\table_page_450.csv: En-tête 'Base' introuvable.
Erreur dans le fichier ./CSV3\bulletins\bulletins_propres\table_page_450.csv: En-tête '7040Base' introuvable.
Erreur dans le fichier ./CSV3\bulletins\bulletins_propres\table_page_450.csv: En-tête 'Base' introuvable.
Erreur dans le fichier ./CSV3\bulletins\bulletins_propres\table_page_450.csv: En-tête '7045Base' introuvable.
Erreur dans le fichier ./CSV3\bulletins\bulletins_propres\table_page_450.csv: En-tête 'Base' introuvable.
Erreur dans le fichier ./CSV3\bulletins\bulletins_propres\table_page_450.csv: En-tête '7050Base' introuvable.
Erreur dans le fichier ./CSV3\bulletins\bulletins_propres\table_page_450.csv: En-tête 'Base' introuvable.
Erreur dans le fichier ./CSV3\bulletins\bulletins_propres\table_page_450.csv: En-tête '7055Base' introuvable.
Erreur dans le fichier ./CSV3\bulletins\bulletins_propres\table_page_450.csv: En-tête '7C00Base' introuvable.
Erreur dans le fichier ./CSV3\bulletins\bulletins_propres\table_page_450.csv: En-tête '7C20Base' introuvable.
Erreur dans le fichier ./CSV3\bulletins\bulletins_propres\table_page_450.csv: En-tête '7P10Base' introuvable.
Erreur dans le fichier ./CSV3\bulletins\bulletins_propres\table_page_450.csv: En-tête '7R56Base' introuvable.
Erreur dans le fichier ./CSV3\bulletins\bulletins_propres\table_page_450.csv: En-tête '7R63Base' introuvable.
Erreur dans le fichier ./CSV3\bulletins\bulletins_propres\table_page_450.csv: En-tête '7T00Base' introuvable.
Erreur dans le fichier ./CSV3\bulletins\bulletins_propres\table_page_450.csv: En-tête '7T02Base' introuvable.
Erreur dans le fichier ./CSV3\bulletins\bulletins_propres\table_page_450.csv: En-tête '7T05Base' introuvable.
Erreur dans le fichier ./CSV3\bulletins\bulletins_propres\table_page_450.csv: En-tête '7T10Base' introuvable.
Erreur dans le fichier ./CSV3\bulletins\bulletins_propres\table_page_450.csv: En-tête '7T15Base' introuvable.
Erreur dans le fichier ./CSV3\bulletins\bulletins_propres\table_page_450.csv: En-tête 'Base' introuvable.
Erreur dans le fichier ./CSV3\bulletins\bulletins_propres\table_page_450.csv: En-tête '7T20Base' introuvable.
Erreur dans le fichier ./CSV3\bulletins\bulletins_propres\table_page_450.csv: En-tête '6082Base' introuvable.
Erreur dans le fichier ./CSV3\bulletins\bulletins_propres\table_page_450.csv: En-tête '6094Base' introuvable.
Erreur dans le fichier ./CSV3\bulletins\bulletins_propres\table_page_450.csv: En-tête 'Total Charges Ded.Base' introuvable.
Erreur dans le fichier ./CSV3\bulletins\bulletins_propres\table_page_450.csv: En-tête '6080Base' introuvable.
Erreur dans le fichier ./CSV3\bulletins\bulletins_propres\table_page_450.csv: En-tête '6084Base' introuvable.
Erreur dans le fichier ./CSV3\bulletins\bulletins_propres\table_page_450.csv: En-tête '6092Base' introuvable.
Erreur dans le fichier ./CSV3\bulletins\bulletins_propres\table_page_450.csv: En-tête '6096Base' introuvable.
Erreur dans le fichier ./CSV3\bulletins\bulletins_propres\table_page_450.csv: En-tête 'Total Charges Non Ded.Base' introuvable.
Erreur dans le fichier ./CSV3\bulletins\bulletins_propres\table_page_450.csv: En-tête '8009Base' introuvable.
Erreur dans le fichier ./CSV3\bulletins\bulletins_propres\table_page_450.csv: En-tête '8010Base' introuvable.
Erreur dans le fichier ./CSV3\bulletins\bulletins_propres\table_page_452.csv: En-tête '1001Base' introuvable.
Erreur dans le fichier ./CSV3\bulletins\bulletins_propres\table_page_452.csv: En-tête '1046Base' introuvable.
Erreur dans le fichier ./CSV3\bulletins\bulletins_propres\table_page_452.csv: En-tête 'Base' introuvable.
Erreur dans le fichier ./CSV3\bulletins\bulletins_propres\table_page_452.csv: En-tête '2018Base' introuvable.
Erreur dans le fichier ./CSV3\bulletins\bulletins_propres\table_page_452.csv: En-tête 'Base' introuvable.
Erreur dans le fichier ./CSV3\bulletins\bulletins_propres\table_page_452.csv: En-tête '2068Base' introuvable.
Erreur dans le fichier ./CSV3\bulletins\bulletins_propres\table_page_452.csv: En-tête '2078Base' introuvable.
Erreur dans le fichier ./CSV3\bulletins\bulletins_propres\table_page_452.csv: En-tête 'Base' introuvable.
Erreur dans le fichier ./CSV3\bulletins\bulletins_propres\table_page_452.csv: En-tête 'TOTAL BRUTBase' introuvable.
Erreur dans le fichier ./CSV3\bulletins\bulletins_propres\table_page_452.csv: En-tête '7001Base' introuvable.
Erreur dans le fichier ./CSV3\bulletins\bulletins_propres\table_page_452.csv: En-tête '7010Base' introuvable.
Erreur dans le fichier ./CSV3\bulletins\bulletins_propres\table_page_452.csv: En-tête '7015Base' introuvable.
Erreur dans le fichier ./CSV3\bulletins\bulletins_propres\table_page_452.csv: En-tête '7020Base' introuvable.
Erreur dans le fichier ./CSV3\bulletins\bulletins_propres\table_page_452.csv: En-tête '7030Base' introuvable.
Erreur dans le fichier ./CSV3\bulletins\bulletins_propres\table_page_452.csv: En-tête '7035Base' introuvable.
Erreur dans le fichier ./CSV3\bulletins\bulletins_propres\table_page_452.csv: En-tête '7040Base' introuvable.
Erreur dans le fichier ./CSV3\bulletins\bulletins_propres\table_page_452.csv: En-tête '7045Base' introuvable.
Erreur dans le fichier ./CSV3\bulletins\bulletins_propres\table_page_452.csv: En-tête '7050Base' introuvable.
Erreur dans le fichier ./CSV3\bulletins\bulletins_propres\table_page_452.csv: En-tête 'Base' introuvable.
Erreur dans le fichier ./CSV3\bulletins\bulletins_propres\table_page_452.csv: En-tête '7055Base' introuvable.
Erreur dans le fichier ./CSV3\bulletins\bulletins_propres\table_page_452.csv: En-tête 'Base' introuvable.
Erreur dans le fichier ./CSV3\bulletins\bulletins_propres\table_page_452.csv: En-tête '7C00Base' introuvable.
Erreur dans le fichier ./CSV3\bulletins\bulletins_propres\table_page_452.csv: En-tête 'Base' introuvable.
Erreur dans le fichier ./CSV3\bulletins\bulletins_propres\table_page_452.csv: En-tête '7C20Base' introuvable.
Erreur dans le fichier ./CSV3\bulletins\bulletins_propres\table_page_452.csv: En-tête 'Base' introuvable.
Erreur dans le fichier ./CSV3\bulletins\bulletins_propres\table_page_452.csv: En-tête '7M03Base' introuvable.
Erreur dans le fichier ./CSV3\bulletins\bulletins_propres\table_page_452.csv: En-tête '7P10Base' introuvable.
Erreur dans le fichier ./CSV3\bulletins\bulletins_propres\table_page_452.csv: En-tête '7R56Base' introuvable.
Erreur dans le fichier ./CSV3\bulletins\bulletins_propres\table_page_452.csv: En-tête '7R63Base' introuvable.
Erreur dans le fichier ./CSV3\bulletins\bulletins_propres\table_page_452.csv: En-tête '7T00Base' introuvable.
Erreur dans le fichier ./CSV3\bulletins\bulletins_propres\table_page_452.csv: En-tête '7T02Base' introuvable.
Erreur dans le fichier ./CSV3\bulletins\bulletins_propres\table_page_452.csv: En-tête '7T05Base' introuvable.
Erreur dans le fichier ./CSV3\bulletins\bulletins_propres\table_page_452.csv: En-tête '7T10Base' introuvable.
Erreur dans le fichier ./CSV3\bulletins\bulletins_propres\table_page_452.csv: En-tête '7T15Base' introuvable.
Erreur dans le fichier ./CSV3\bulletins\bulletins_propres\table_page_452.csv: En-tête '7T20Base' introuvable.
Erreur dans le fichier ./CSV3\bulletins\bulletins_propres\table_page_452.csv: En-tête '6082Base' introuvable.
Erreur dans le fichier ./CSV3\bulletins\bulletins_propres\table_page_452.csv: En-tête 'Base' introuvable.
Erreur dans le fichier ./CSV3\bulletins\bulletins_propres\table_page_452.csv: En-tête '6094Base' introuvable.
Erreur dans le fichier ./CSV3\bulletins\bulletins_propres\table_page_452.csv: En-tête 'PALCAllégement chômageBase' introuvable.
Erreur dans le fichier ./CSV3\bulletins\bulletins_propres\table_page_452.csv: En-tête 'PALFAllégement FillonBase' introuvable.
Erreur dans le fichier ./CSV3\bulletins\bulletins_propres\table_page_452.csv: En-tête 'PALRAllégement retraiteBase' introuvable.
Erreur dans le fichier ./CSV3\bulletins\bulletins_propres\table_page_452.csv: En-tête 'Total Charges Ded.Base' introuvable.
Erreur dans le fichier ./CSV3\bulletins\bulletins_propres\table_page_452.csv: En-tête '6080Base' introuvable.
Erreur dans le fichier ./CSV3\bulletins\bulletins_propres\table_page_452.csv: En-tête '6084Base' introuvable.
Erreur dans le fichier ./CSV3\bulletins\bulletins_propres\table_page_452.csv: En-tête '6092Base' introuvable.
Erreur dans le fichier ./CSV3\bulletins\bulletins_propres\table_page_452.csv: En-tête '6096Base' introuvable.
Erreur dans le fichier ./CSV3\bulletins\bulletins_propres\table_page_452.csv: En-tête 'Total Charges Non Ded.Base' introuvable.
Erreur dans le fichier ./CSV3\bulletins\bulletins_propres\table_page_452.csv: En-tête '8009Base' introuvable.
Erreur dans le fichier ./CSV3\bulletins\bulletins_propres\table_page_452.csv: En-tête '8010Base' introuvable.
Erreur dans le fichier ./CSV3\bulletins\bulletins_propres\table_page_452.csv: En-tête '8007Base' introuvable.
Erreur dans le fichier ./CSV3\bulletins\bulletins_propres\table_page_454.csv: En-tête '1001Base' introuvable.
Erreur dans le fichier ./CSV3\bulletins\bulletins_propres\table_page_454.csv: En-tête '1046Base' introuvable.
Erreur dans le fichier ./CSV3\bulletins\bulletins_propres\table_page_454.csv: En-tête 'Base' introuvable.
Erreur dans le fichier ./CSV3\bulletins\bulletins_propres\table_page_454.csv: En-tête '2016Base' introuvable.
Erreur dans le fichier ./CSV3\bulletins\bulletins_propres\table_page_454.csv: En-tête 'Base' introuvable.
Erreur dans le fichier ./CSV3\bulletins\bulletins_propres\table_page_454.csv: En-tête '2050Base' introuvable.
Erreur dans le fichier ./CSV3\bulletins\bulletins_propres\table_page_454.csv: En-tête '2068Base' introuvable.
Erreur dans le fichier ./CSV3\bulletins\bulletins_propres\table_page_454.csv: En-tête '2078Base' introuvable.
Erreur dans le fichier ./CSV3\bulletins\bulletins_propres\table_page_454.csv: En-tête '3250Base' introuvable.
Erreur dans le fichier ./CSV3\bulletins\bulletins_propres\table_page_454.csv: En-tête '3255Base' introuvable.
Erreur dans le fichier ./CSV3\bulletins\bulletins_propres\table_page_454.csv: En-tête 'Base' introuvable.
Erreur dans le fichier ./CSV3\bulletins\bulletins_propres\table_page_454.csv: En-tête 'TOTAL BRUTBase' introuvable.
Erreur dans le fichier ./CSV3\bulletins\bulletins_propres\table_page_454.csv: En-tête '7001Base' introuvable.
Erreur dans le fichier ./CSV3\bulletins\bulletins_propres\table_page_454.csv: En-tête '7010Base' introuvable.
Erreur dans le fichier ./CSV3\bulletins\bulletins_propres\table_page_454.csv: En-tête '7015Base' introuvable.
Erreur dans le fichier ./CSV3\bulletins\bulletins_propres\table_page_454.csv: En-tête '7020Base' introuvable.
Erreur dans le fichier ./CSV3\bulletins\bulletins_propres\table_page_454.csv: En-tête '7030Base' introuvable.
Erreur dans le fichier ./CSV3\bulletins\bulletins_propres\table_page_454.csv: En-tête '7035Base' introuvable.
Erreur dans le fichier ./CSV3\bulletins\bulletins_propres\table_page_454.csv: En-tête 'Base' introuvable.
Erreur dans le fichier ./CSV3\bulletins\bulletins_propres\table_page_454.csv: En-tête '7040Base' introuvable.
Erreur dans le fichier ./CSV3\bulletins\bulletins_propres\table_page_454.csv: En-tête 'Base' introuvable.
Erreur dans le fichier ./CSV3\bulletins\bulletins_propres\table_page_454.csv: En-tête '7045Base' introuvable.
Erreur dans le fichier ./CSV3\bulletins\bulletins_propres\table_page_454.csv: En-tête 'Base' introuvable.
Erreur dans le fichier ./CSV3\bulletins\bulletins_propres\table_page_454.csv: En-tête '7050Base' introuvable.
Erreur dans le fichier ./CSV3\bulletins\bulletins_propres\table_page_454.csv: En-tête 'Base' introuvable.
Erreur dans le fichier ./CSV3\bulletins\bulletins_propres\table_page_454.csv: En-tête '7055Base' introuvable.
Erreur dans le fichier ./CSV3\bulletins\bulletins_propres\table_page_454.csv: En-tête '7C00Base' introuvable.
Erreur dans le fichier ./CSV3\bulletins\bulletins_propres\table_page_454.csv: En-tête '7C20Base' introuvable.
Erreur dans le fichier ./CSV3\bulletins\bulletins_propres\table_page_454.csv: En-tête '7M03Base' introuvable.
Erreur dans le fichier ./CSV3\bulletins\bulletins_propres\table_page_454.csv: En-tête '7P10Base' introuvable.
Erreur dans le fichier ./CSV3\bulletins\bulletins_propres\table_page_454.csv: En-tête '7R56Base' introuvable.
Erreur dans le fichier ./CSV3\bulletins\bulletins_propres\table_page_454.csv: En-tête '7R63Base' introuvable.
Erreur dans le fichier ./CSV3\bulletins\bulletins_propres\table_page_454.csv: En-tête '7T00Base' introuvable.
Erreur dans le fichier ./CSV3\bulletins\bulletins_propres\table_page_454.csv: En-tête '7T02Base' introuvable.
Erreur dans le fichier ./CSV3\bulletins\bulletins_propres\table_page_454.csv: En-tête '7T05Base' introuvable.
Erreur dans le fichier ./CSV3\bulletins\bulletins_propres\table_page_454.csv: En-tête '7T10Base' introuvable.
Erreur dans le fichier ./CSV3\bulletins\bulletins_propres\table_page_454.csv: En-tête 'Base' introuvable.
Erreur dans le fichier ./CSV3\bulletins\bulletins_propres\table_page_454.csv: En-tête '7T15Base' introuvable.
Erreur dans le fichier ./CSV3\bulletins\bulletins_propres\table_page_454.csv: En-tête 'Base' introuvable.
Erreur dans le fichier ./CSV3\bulletins\bulletins_propres\table_page_454.csv: En-tête '7T20Base' introuvable.
Erreur dans le fichier ./CSV3\bulletins\bulletins_propres\table_page_454.csv: En-tête '6082Base' introuvable.
Erreur dans le fichier ./CSV3\bulletins\bulletins_propres\table_page_454.csv: En-tête '6094Base' introuvable.
Erreur dans le fichier ./CSV3\bulletins\bulletins_propres\table_page_454.csv: En-tête 'Total Charges Ded.Base' introuvable.
Erreur dans le fichier ./CSV3\bulletins\bulletins_propres\table_page_454.csv: En-tête '6080Base' introuvable.
Erreur dans le fichier ./CSV3\bulletins\bulletins_propres\table_page_454.csv: En-tête '6084Base' introuvable.
Erreur dans le fichier ./CSV3\bulletins\bulletins_propres\table_page_454.csv: En-tête '6092Base' introuvable.
Erreur dans le fichier ./CSV3\bulletins\bulletins_propres\table_page_454.csv: En-tête '6096Base' introuvable.
Erreur dans le fichier ./CSV3\bulletins\bulletins_propres\table_page_454.csv: En-tête 'Total Charges Non Ded.Base' introuvable.
Erreur dans le fichier ./CSV3\bulletins\bulletins_propres\table_page_454.csv: En-tête '8009Base' introuvable.
Erreur dans le fichier ./CSV3\bulletins\bulletins_propres\table_page_454.csv: En-tête '8010Base' introuvable.
Erreur dans le fichier ./CSV3\bulletins\bulletins_propres\table_page_454.csv: En-tête '8007Base' introuvable.
Erreur dans le fichier ./CSV3\bulletins\bulletins_propres\table_page_454.csv: En-tête '8022Base' introuvable.
Erreur dans le fichier ./CSV3\bulletins\bulletins_propres\table_page_454.csv: En-tête '8192Base' introuvable.
Erreur dans le fichier ./CSV3\bulletins\bulletins_propres\table_page_456.csv: En-tête '1001Base' introuvable.
Erreur dans le fichier ./CSV3\bulletins\bulletins_propres\table_page_456.csv: En-tête '1046Base' introuvable.
Erreur dans le fichier ./CSV3\bulletins\bulletins_propres\table_page_456.csv: En-tête 'Base' introuvable.
Erreur dans le fichier ./CSV3\bulletins\bulletins_propres\table_page_456.csv: En-tête '2012Base' introuvable.
Erreur dans le fichier ./CSV3\bulletins\bulletins_propres\table_page_456.csv: En-tête 'Base' introuvable.
Erreur dans le fichier ./CSV3\bulletins\bulletins_propres\table_page_456.csv: En-tête '2018Base' introuvable.
Erreur dans le fichier ./CSV3\bulletins\bulletins_propres\table_page_456.csv: En-tête '2068Base' introuvable.
Erreur dans le fichier ./CSV3\bulletins\bulletins_propres\table_page_456.csv: En-tête '2078Base' introuvable.
Erreur dans le fichier ./CSV3\bulletins\bulletins_propres\table_page_456.csv: En-tête '3260Base' introuvable.
Erreur dans le fichier ./CSV3\bulletins\bulletins_propres\table_page_456.csv: En-tête '3265Base' introuvable.
Erreur dans le fichier ./CSV3\bulletins\bulletins_propres\table_page_456.csv: En-tête '3350Base' introuvable.
Erreur dans le fichier ./CSV3\bulletins\bulletins_propres\table_page_456.csv: En-tête '3350Base' introuvable.
Erreur dans le fichier ./CSV3\bulletins\bulletins_propres\table_page_456.csv: En-tête '3355Base' introuvable.
Erreur dans le fichier ./CSV3\bulletins\bulletins_propres\table_page_456.csv: En-tête '3355Base' introuvable.
Erreur dans le fichier ./CSV3\bulletins\bulletins_propres\table_page_456.csv: En-tête 'Base' introuvable.
Erreur dans le fichier ./CSV3\bulletins\bulletins_propres\table_page_456.csv: En-tête 'TOTAL BRUTBase' introuvable.
Erreur dans le fichier ./CSV3\bulletins\bulletins_propres\table_page_456.csv: En-tête '7001Base' introuvable.
Erreur dans le fichier ./CSV3\bulletins\bulletins_propres\table_page_456.csv: En-tête '7010Base' introuvable.
Erreur dans le fichier ./CSV3\bulletins\bulletins_propres\table_page_456.csv: En-tête 'Base' introuvable.
Erreur dans le fichier ./CSV3\bulletins\bulletins_propres\table_page_456.csv: En-tête '7015Base' introuvable.
Erreur dans le fichier ./CSV3\bulletins\bulletins_propres\table_page_456.csv: En-tête 'Base' introuvable.
Erreur dans le fichier ./CSV3\bulletins\bulletins_propres\table_page_456.csv: En-tête '7020Base' introuvable.
Erreur dans le fichier ./CSV3\bulletins\bulletins_propres\table_page_456.csv: En-tête 'Base' introuvable.
Erreur dans le fichier ./CSV3\bulletins\bulletins_propres\table_page_456.csv: En-tête '7030Base' introuvable.
Erreur dans le fichier ./CSV3\bulletins\bulletins_propres\table_page_456.csv: En-tête 'Base' introuvable.
Erreur dans le fichier ./CSV3\bulletins\bulletins_propres\table_page_456.csv: En-tête '7035Base' introuvable.
Erreur dans le fichier ./CSV3\bulletins\bulletins_propres\table_page_456.csv: En-tête '7040Base' introuvable.
Erreur dans le fichier ./CSV3\bulletins\bulletins_propres\table_page_456.csv: En-tête '7045Base' introuvable.
Erreur dans le fichier ./CSV3\bulletins\bulletins_propres\table_page_456.csv: En-tête '7050Base' introuvable.
Erreur dans le fichier ./CSV3\bulletins\bulletins_propres\table_page_456.csv: En-tête '7055Base' introuvable.
Erreur dans le fichier ./CSV3\bulletins\bulletins_propres\table_page_456.csv: En-tête '7C00Base' introuvable.
Erreur dans le fichier ./CSV3\bulletins\bulletins_propres\table_page_456.csv: En-tête '7C20Base' introuvable.
Erreur dans le fichier ./CSV3\bulletins\bulletins_propres\table_page_456.csv: En-tête '7M03Base' introuvable.
Erreur dans le fichier ./CSV3\bulletins\bulletins_propres\table_page_456.csv: En-tête '7P10Base' introuvable.
Erreur dans le fichier ./CSV3\bulletins\bulletins_propres\table_page_456.csv: En-tête '7R56Base' introuvable.
Erreur dans le fichier ./CSV3\bulletins\bulletins_propres\table_page_456.csv: En-tête '7R63Base' introuvable.
Erreur dans le fichier ./CSV3\bulletins\bulletins_propres\table_page_456.csv: En-tête 'Base' introuvable.
Erreur dans le fichier ./CSV3\bulletins\bulletins_propres\table_page_456.csv: En-tête '7T00Base' introuvable.
Erreur dans le fichier ./CSV3\bulletins\bulletins_propres\table_page_456.csv: En-tête 'Base' introuvable.
Erreur dans le fichier ./CSV3\bulletins\bulletins_propres\table_page_456.csv: En-tête '7T02Base' introuvable.
Erreur dans le fichier ./CSV3\bulletins\bulletins_propres\table_page_456.csv: En-tête '7T05Base' introuvable.
Erreur dans le fichier ./CSV3\bulletins\bulletins_propres\table_page_456.csv: En-tête '7T10Base' introuvable.
Erreur dans le fichier ./CSV3\bulletins\bulletins_propres\table_page_456.csv: En-tête '7T15Base' introuvable.
Erreur dans le fichier ./CSV3\bulletins\bulletins_propres\table_page_456.csv: En-tête '7T20Base' introuvable.
Erreur dans le fichier ./CSV3\bulletins\bulletins_propres\table_page_456.csv: En-tête '6082Base' introuvable.
Erreur dans le fichier ./CSV3\bulletins\bulletins_propres\table_page_456.csv: En-tête '6094Base' introuvable.
Erreur dans le fichier ./CSV3\bulletins\bulletins_propres\table_page_456.csv: En-tête 'PALCAllégement chômageBase' introuvable.
Erreur dans le fichier ./CSV3\bulletins\bulletins_propres\table_page_456.csv: En-tête 'PALFAllégement FillonBase' introuvable.
Erreur dans le fichier ./CSV3\bulletins\bulletins_propres\table_page_456.csv: En-tête 'PALRAllégement retraiteBase' introuvable.
Erreur dans le fichier ./CSV3\bulletins\bulletins_propres\table_page_456.csv: En-tête 'Total Charges Ded.Base' introuvable.
Erreur dans le fichier ./CSV3\bulletins\bulletins_propres\table_page_456.csv: En-tête '6080Base' introuvable.
Erreur dans le fichier ./CSV3\bulletins\bulletins_propres\table_page_456.csv: En-tête '6084Base' introuvable.
Erreur dans le fichier ./CSV3\bulletins\bulletins_propres\table_page_456.csv: En-tête '6092Base' introuvable.
Erreur dans le fichier ./CSV3\bulletins\bulletins_propres\table_page_456.csv: En-tête '6096Base' introuvable.
Erreur dans le fichier ./CSV3\bulletins\bulletins_propres\table_page_456.csv: En-tête 'Total Charges Non Ded.Base' introuvable.
Erreur dans le fichier ./CSV3\bulletins\bulletins_propres\table_page_456.csv: En-tête '8009Base' introuvable.
Erreur dans le fichier ./CSV3\bulletins\bulletins_propres\table_page_456.csv: En-tête '8010Base' introuvable.
Erreur dans le fichier ./CSV3\bulletins\bulletins_propres\table_page_456.csv: En-tête '8192Base' introuvable.
Erreur dans le fichier ./CSV3\bulletins\bulletins_propres\table_page_458.csv: En-tête '1001Base' introuvable.
Erreur dans le fichier ./CSV3\bulletins\bulletins_propres\table_page_458.csv: En-tête '1046Base' introuvable.
Erreur dans le fichier ./CSV3\bulletins\bulletins_propres\table_page_458.csv: En-tête 'Base' introuvable.
Erreur dans le fichier ./CSV3\bulletins\bulletins_propres\table_page_458.csv: En-tête '2016Base' introuvable.
Erreur dans le fichier ./CSV3\bulletins\bulletins_propres\table_page_458.csv: En-tête 'Base' introuvable.
Erreur dans le fichier ./CSV3\bulletins\bulletins_propres\table_page_458.csv: En-tête '2050Base' introuvable.
Erreur dans le fichier ./CSV3\bulletins\bulletins_propres\table_page_458.csv: En-tête '2068Base' introuvable.
Erreur dans le fichier ./CSV3\bulletins\bulletins_propres\table_page_458.csv: En-tête '2078Base' introuvable.
Erreur dans le fichier ./CSV3\bulletins\bulletins_propres\table_page_458.csv: En-tête '3502Base' introuvable.
Erreur dans le fichier ./CSV3\bulletins\bulletins_propres\table_page_458.csv: En-tête 'Base' introuvable.
Erreur dans le fichier ./CSV3\bulletins\bulletins_propres\table_page_458.csv: En-tête 'TOTAL BRUTBase' introuvable.
Erreur dans le fichier ./CSV3\bulletins\bulletins_propres\table_page_458.csv: En-tête '7001Base' introuvable.
Erreur dans le fichier ./CSV3\bulletins\bulletins_propres\table_page_458.csv: En-tête '7010Base' introuvable.
Erreur dans le fichier ./CSV3\bulletins\bulletins_propres\table_page_458.csv: En-tête '7015Base' introuvable.
Erreur dans le fichier ./CSV3\bulletins\bulletins_propres\table_page_458.csv: En-tête '7020Base' introuvable.
Erreur dans le fichier ./CSV3\bulletins\bulletins_propres\table_page_458.csv: En-tête '7030Base' introuvable.
Erreur dans le fichier ./CSV3\bulletins\bulletins_propres\table_page_458.csv: En-tête '7035Base' introuvable.
Erreur dans le fichier ./CSV3\bulletins\bulletins_propres\table_page_458.csv: En-tête '7040Base' introuvable.
Erreur dans le fichier ./CSV3\bulletins\bulletins_propres\table_page_458.csv: En-tête 'Base' introuvable.
Erreur dans le fichier ./CSV3\bulletins\bulletins_propres\table_page_458.csv: En-tête '7045Base' introuvable.
Erreur dans le fichier ./CSV3\bulletins\bulletins_propres\table_page_458.csv: En-tête 'Base' introuvable.
Erreur dans le fichier ./CSV3\bulletins\bulletins_propres\table_page_458.csv: En-tête '7050Base' introuvable.
Erreur dans le fichier ./CSV3\bulletins\bulletins_propres\table_page_458.csv: En-tête 'Base' introuvable.
Erreur dans le fichier ./CSV3\bulletins\bulletins_propres\table_page_458.csv: En-tête '7055Base' introuvable.
Erreur dans le fichier ./CSV3\bulletins\bulletins_propres\table_page_458.csv: En-tête 'Base' introuvable.
Erreur dans le fichier ./CSV3\bulletins\bulletins_propres\table_page_458.csv: En-tête '7C00Base' introuvable.
Erreur dans le fichier ./CSV3\bulletins\bulletins_propres\table_page_458.csv: En-tête '7C20Base' introuvable.
Erreur dans le fichier ./CSV3\bulletins\bulletins_propres\table_page_458.csv: En-tête '7M03Base' introuvable.
Erreur dans le fichier ./CSV3\bulletins\bulletins_propres\table_page_458.csv: En-tête '7P10Base' introuvable.
Erreur dans le fichier ./CSV3\bulletins\bulletins_propres\table_page_458.csv: En-tête '7R56Base' introuvable.
Erreur dans le fichier ./CSV3\bulletins\bulletins_propres\table_page_458.csv: En-tête '7R63Base' introuvable.
Erreur dans le fichier ./CSV3\bulletins\bulletins_propres\table_page_458.csv: En-tête '7T00Base' introuvable.
Erreur dans le fichier ./CSV3\bulletins\bulletins_propres\table_page_458.csv: En-tête '7T02Base' introuvable.
Erreur dans le fichier ./CSV3\bulletins\bulletins_propres\table_page_458.csv: En-tête '7T05Base' introuvable.
Erreur dans le fichier ./CSV3\bulletins\bulletins_propres\table_page_458.csv: En-tête '7T10Base' introuvable.
Erreur dans le fichier ./CSV3\bulletins\bulletins_propres\table_page_458.csv: En-tête '7T15Base' introuvable.
Erreur dans le fichier ./CSV3\bulletins\bulletins_propres\table_page_458.csv: En-tête 'Base' introuvable.
Erreur dans le fichier ./CSV3\bulletins\bulletins_propres\table_page_458.csv: En-tête '7T20Base' introuvable.
Erreur dans le fichier ./CSV3\bulletins\bulletins_propres\table_page_458.csv: En-tête 'Base' introuvable.
Erreur dans le fichier ./CSV3\bulletins\bulletins_propres\table_page_458.csv: En-tête '6082Base' introuvable.
Erreur dans le fichier ./CSV3\bulletins\bulletins_propres\table_page_458.csv: En-tête '6094Base' introuvable.
Erreur dans le fichier ./CSV3\bulletins\bulletins_propres\table_page_458.csv: En-tête 'Total Charges Ded.Base' introuvable.
Erreur dans le fichier ./CSV3\bulletins\bulletins_propres\table_page_458.csv: En-tête '6080Base' introuvable.
Erreur dans le fichier ./CSV3\bulletins\bulletins_propres\table_page_458.csv: En-tête '6084Base' introuvable.
Erreur dans le fichier ./CSV3\bulletins\bulletins_propres\table_page_458.csv: En-tête '6092Base' introuvable.
Erreur dans le fichier ./CSV3\bulletins\bulletins_propres\table_page_458.csv: En-tête '6096Base' introuvable.
Erreur dans le fichier ./CSV3\bulletins\bulletins_propres\table_page_458.csv: En-tête 'Total Charges Non Ded.Base' introuvable.
Erreur dans le fichier ./CSV3\bulletins\bulletins_propres\table_page_458.csv: En-tête '8009Base' introuvable.
Erreur dans le fichier ./CSV3\bulletins\bulletins_propres\table_page_458.csv: En-tête '8010Base' introuvable.
Erreur dans le fichier ./CSV3\bulletins\bulletins_propres\table_page_458.csv: En-tête '8007Base' introuvable.
Erreur dans le fichier ./CSV3\bulletins\bulletins_propres\table_page_458.csv: En-tête '8022Base' introuvable.
Erreur dans le fichier ./CSV3\bulletins\bulletins_propres\table_page_458.csv: En-tête '8192Base' introuvable.
Erreur dans le fichier ./CSV3\bulletins\bulletins_propres\table_page_460.csv: En-tête '1002Base' introuvable.
Erreur dans le fichier ./CSV3\bulletins\bulletins_propres\table_page_460.csv: En-tête '2068Base' introuvable.
Erreur dans le fichier ./CSV3\bulletins\bulletins_propres\table_page_460.csv: En-tête 'Base' introuvable.
Erreur dans le fichier ./CSV3\bulletins\bulletins_propres\table_page_460.csv: En-tête '3310Base' introuvable.
Erreur dans le fichier ./CSV3\bulletins\bulletins_propres\table_page_460.csv: En-tête 'Base' introuvable.
Erreur dans le fichier ./CSV3\bulletins\bulletins_propres\table_page_460.csv: En-tête '3315Base' introuvable.
Erreur dans le fichier ./CSV3\bulletins\bulletins_propres\table_page_460.csv: En-tête 'TOTAL BRUTBase' introuvable.
Erreur dans le fichier ./CSV3\bulletins\bulletins_propres\table_page_460.csv: En-tête 'Base' introuvable.
Erreur dans le fichier ./CSV3\bulletins\bulletins_propres\table_page_460.csv: En-tête '7001Base' introuvable.
Erreur dans le fichier ./CSV3\bulletins\bulletins_propres\table_page_460.csv: En-tête '7002Base' introuvable.
Erreur dans le fichier ./CSV3\bulletins\bulletins_propres\table_page_460.csv: En-tête '7010Base' introuvable.
Erreur dans le fichier ./CSV3\bulletins\bulletins_propres\table_page_460.csv: En-tête '7015Base' introuvable.
Erreur dans le fichier ./CSV3\bulletins\bulletins_propres\table_page_460.csv: En-tête '7020Base' introuvable.
Erreur dans le fichier ./CSV3\bulletins\bulletins_propres\table_page_460.csv: En-tête '7030Base' introuvable.
Erreur dans le fichier ./CSV3\bulletins\bulletins_propres\table_page_460.csv: En-tête '7035Base' introuvable.
Erreur dans le fichier ./CSV3\bulletins\bulletins_propres\table_page_460.csv: En-tête '7040Base' introuvable.
Erreur dans le fichier ./CSV3\bulletins\bulletins_propres\table_page_460.csv: En-tête '7045Base' introuvable.
Erreur dans le fichier ./CSV3\bulletins\bulletins_propres\table_page_460.csv: En-tête '7050Base' introuvable.
Erreur dans le fichier ./CSV3\bulletins\bulletins_propres\table_page_460.csv: En-tête 'Base' introuvable.
Erreur dans le fichier ./CSV3\bulletins\bulletins_propres\table_page_460.csv: En-tête '7055Base' introuvable.
Erreur dans le fichier ./CSV3\bulletins\bulletins_propres\table_page_460.csv: En-tête 'Base' introuvable.
Erreur dans le fichier ./CSV3\bulletins\bulletins_propres\table_page_460.csv: En-tête '7C00Base' introuvable.
Erreur dans le fichier ./CSV3\bulletins\bulletins_propres\table_page_460.csv: En-tête 'Base' introuvable.
Erreur dans le fichier ./CSV3\bulletins\bulletins_propres\table_page_460.csv: En-tête '7C10Base' introuvable.
Erreur dans le fichier ./CSV3\bulletins\bulletins_propres\table_page_460.csv: En-tête 'Base' introuvable.
Erreur dans le fichier ./CSV3\bulletins\bulletins_propres\table_page_460.csv: En-tête '7C20Base' introuvable.
Erreur dans le fichier ./CSV3\bulletins\bulletins_propres\table_page_460.csv: En-tête '7M05Base' introuvable.
Erreur dans le fichier ./CSV3\bulletins\bulletins_propres\table_page_460.csv: En-tête '7P20Base' introuvable.
Erreur dans le fichier ./CSV3\bulletins\bulletins_propres\table_page_460.csv: En-tête '7P25Base' introuvable.
Erreur dans le fichier ./CSV3\bulletins\bulletins_propres\table_page_460.csv: En-tête '7R44Base' introuvable.
Erreur dans le fichier ./CSV3\bulletins\bulletins_propres\table_page_460.csv: En-tête '7R45Base' introuvable.
Erreur dans le fichier ./CSV3\bulletins\bulletins_propres\table_page_460.csv: En-tête '7R53Base' introuvable.
Erreur dans le fichier ./CSV3\bulletins\bulletins_propres\table_page_460.csv: En-tête '7R54Base' introuvable.
Erreur dans le fichier ./CSV3\bulletins\bulletins_propres\table_page_460.csv: En-tête '7R63Base' introuvable.
Erreur dans le fichier ./CSV3\bulletins\bulletins_propres\table_page_460.csv: En-tête '7R64Base' introuvable.
Erreur dans le fichier ./CSV3\bulletins\bulletins_propres\table_page_460.csv: En-tête '7R70Base' introuvable.
Erreur dans le fichier ./CSV3\bulletins\bulletins_propres\table_page_460.csv: En-tête 'Base' introuvable.
Erreur dans le fichier ./CSV3\bulletins\bulletins_propres\table_page_460.csv: En-tête '7R71Base' introuvable.
Erreur dans le fichier ./CSV3\bulletins\bulletins_propres\table_page_460.csv: En-tête 'Base' introuvable.
Erreur dans le fichier ./CSV3\bulletins\bulletins_propres\table_page_460.csv: En-tête '7T00Base' introuvable.
Erreur dans le fichier ./CSV3\bulletins\bulletins_propres\table_page_460.csv: En-tête '7T02Base' introuvable.
Erreur dans le fichier ./CSV3\bulletins\bulletins_propres\table_page_460.csv: En-tête '7T05Base' introuvable.
Erreur dans le fichier ./CSV3\bulletins\bulletins_propres\table_page_460.csv: En-tête '7T10Base' introuvable.
Erreur dans le fichier ./CSV3\bulletins\bulletins_propres\table_page_460.csv: En-tête '7T15Base' introuvable.
Erreur dans le fichier ./CSV3\bulletins\bulletins_propres\table_page_460.csv: En-tête '7T20Base' introuvable.
Erreur dans le fichier ./CSV3\bulletins\bulletins_propres\table_page_460.csv: En-tête '6082Base' introuvable.
Erreur dans le fichier ./CSV3\bulletins\bulletins_propres\table_page_460.csv: En-tête '6094Base' introuvable.
Erreur dans le fichier ./CSV3\bulletins\bulletins_propres\table_page_460.csv: En-tête 'Total Charges Ded.Base' introuvable.
Erreur dans le fichier ./CSV3\bulletins\bulletins_propres\table_page_460.csv: En-tête '6080Base' introuvable.
Erreur dans le fichier ./CSV3\bulletins\bulletins_propres\table_page_460.csv: En-tête '6084Base' introuvable.
Erreur dans le fichier ./CSV3\bulletins\bulletins_propres\table_page_460.csv: En-tête '6092Base' introuvable.
Erreur dans le fichier ./CSV3\bulletins\bulletins_propres\table_page_460.csv: En-tête '6096Base' introuvable.
Erreur dans le fichier ./CSV3\bulletins\bulletins_propres\table_page_460.csv: En-tête 'Total Charges Non Ded.Base' introuvable.
Erreur dans le fichier ./CSV3\bulletins\bulletins_propres\table_page_460.csv: En-tête '8009Base' introuvable.
Erreur dans le fichier ./CSV3\bulletins\bulletins_propres\table_page_460.csv: En-tête '8010Base' introuvable.
Erreur dans le fichier ./CSV3\bulletins\bulletins_propres\table_page_460.csv: En-tête '8007Base' introuvable.
Erreur dans le fichier ./CSV3\bulletins\bulletins_propres\table_page_462.csv: En-tête '1002Base' introuvable.
Erreur dans le fichier ./CSV3\bulletins\bulletins_propres\table_page_462.csv: En-tête '2068Base' introuvable.
Erreur dans le fichier ./CSV3\bulletins\bulletins_propres\table_page_462.csv: En-tête 'Base' introuvable.
Erreur dans le fichier ./CSV3\bulletins\bulletins_propres\table_page_462.csv: En-tête '3310Base' introuvable.
Erreur dans le fichier ./CSV3\bulletins\bulletins_propres\table_page_462.csv: En-tête 'Base' introuvable.
Erreur dans le fichier ./CSV3\bulletins\bulletins_propres\table_page_462.csv: En-tête '3315Base' introuvable.
Erreur dans le fichier ./CSV3\bulletins\bulletins_propres\table_page_462.csv: En-tête 'TOTAL BRUTBase' introuvable.
Erreur dans le fichier ./CSV3\bulletins\bulletins_propres\table_page_462.csv: En-tête 'Base' introuvable.
Erreur dans le fichier ./CSV3\bulletins\bulletins_propres\table_page_462.csv: En-tête '7001Base' introuvable.
Erreur dans le fichier ./CSV3\bulletins\bulletins_propres\table_page_462.csv: En-tête '7002Base' introuvable.
Erreur dans le fichier ./CSV3\bulletins\bulletins_propres\table_page_462.csv: En-tête '7010Base' introuvable.
Erreur dans le fichier ./CSV3\bulletins\bulletins_propres\table_page_462.csv: En-tête '7015Base' introuvable.
Erreur dans le fichier ./CSV3\bulletins\bulletins_propres\table_page_462.csv: En-tête '7020Base' introuvable.
Erreur dans le fichier ./CSV3\bulletins\bulletins_propres\table_page_462.csv: En-tête '7030Base' introuvable.
Erreur dans le fichier ./CSV3\bulletins\bulletins_propres\table_page_462.csv: En-tête '7035Base' introuvable.
Erreur dans le fichier ./CSV3\bulletins\bulletins_propres\table_page_462.csv: En-tête '7040Base' introuvable.
Erreur dans le fichier ./CSV3\bulletins\bulletins_propres\table_page_462.csv: En-tête '7045Base' introuvable.
Erreur dans le fichier ./CSV3\bulletins\bulletins_propres\table_page_462.csv: En-tête '7050Base' introuvable.
Erreur dans le fichier ./CSV3\bulletins\bulletins_propres\table_page_462.csv: En-tête 'Base' introuvable.
Erreur dans le fichier ./CSV3\bulletins\bulletins_propres\table_page_462.csv: En-tête '7055Base' introuvable.
Erreur dans le fichier ./CSV3\bulletins\bulletins_propres\table_page_462.csv: En-tête 'Base' introuvable.
Erreur dans le fichier ./CSV3\bulletins\bulletins_propres\table_page_462.csv: En-tête '7C00Base' introuvable.
Erreur dans le fichier ./CSV3\bulletins\bulletins_propres\table_page_462.csv: En-tête 'Base' introuvable.
Erreur dans le fichier ./CSV3\bulletins\bulletins_propres\table_page_462.csv: En-tête '7C10Base' introuvable.
Erreur dans le fichier ./CSV3\bulletins\bulletins_propres\table_page_462.csv: En-tête 'Base' introuvable.
Erreur dans le fichier ./CSV3\bulletins\bulletins_propres\table_page_462.csv: En-tête '7C20Base' introuvable.
Erreur dans le fichier ./CSV3\bulletins\bulletins_propres\table_page_462.csv: En-tête '7M05Base' introuvable.
Erreur dans le fichier ./CSV3\bulletins\bulletins_propres\table_page_462.csv: En-tête '7P20Base' introuvable.
Erreur dans le fichier ./CSV3\bulletins\bulletins_propres\table_page_462.csv: En-tête '7P25Base' introuvable.
Erreur dans le fichier ./CSV3\bulletins\bulletins_propres\table_page_462.csv: En-tête '7R44Base' introuvable.
Erreur dans le fichier ./CSV3\bulletins\bulletins_propres\table_page_462.csv: En-tête '7R45Base' introuvable.
Erreur dans le fichier ./CSV3\bulletins\bulletins_propres\table_page_462.csv: En-tête '7R53Base' introuvable.
Erreur dans le fichier ./CSV3\bulletins\bulletins_propres\table_page_462.csv: En-tête '7R54Base' introuvable.
Erreur dans le fichier ./CSV3\bulletins\bulletins_propres\table_page_462.csv: En-tête '7R63Base' introuvable.
Erreur dans le fichier ./CSV3\bulletins\bulletins_propres\table_page_462.csv: En-tête '7R64Base' introuvable.
Erreur dans le fichier ./CSV3\bulletins\bulletins_propres\table_page_462.csv: En-tête '7R70Base' introuvable.
Erreur dans le fichier ./CSV3\bulletins\bulletins_propres\table_page_462.csv: En-tête 'Base' introuvable.
Erreur dans le fichier ./CSV3\bulletins\bulletins_propres\table_page_462.csv: En-tête '7R71Base' introuvable.
Erreur dans le fichier ./CSV3\bulletins\bulletins_propres\table_page_462.csv: En-tête 'Base' introuvable.
Erreur dans le fichier ./CSV3\bulletins\bulletins_propres\table_page_462.csv: En-tête '7T00Base' introuvable.
Erreur dans le fichier ./CSV3\bulletins\bulletins_propres\table_page_462.csv: En-tête 'Base' introuvable.
Erreur dans le fichier ./CSV3\bulletins\bulletins_propres\table_page_462.csv: En-tête '7T02Base' introuvable.
Erreur dans le fichier ./CSV3\bulletins\bulletins_propres\table_page_462.csv: En-tête '7T05Base' introuvable.
Erreur dans le fichier ./CSV3\bulletins\bulletins_propres\table_page_462.csv: En-tête '7T10Base' introuvable.
Erreur dans le fichier ./CSV3\bulletins\bulletins_propres\table_page_462.csv: En-tête '7T15Base' introuvable.
Erreur dans le fichier ./CSV3\bulletins\bulletins_propres\table_page_462.csv: En-tête '7T20Base' introuvable.
Erreur dans le fichier ./CSV3\bulletins\bulletins_propres\table_page_462.csv: En-tête '6082Base' introuvable.
Erreur dans le fichier ./CSV3\bulletins\bulletins_propres\table_page_462.csv: En-tête '6094Base' introuvable.
Erreur dans le fichier ./CSV3\bulletins\bulletins_propres\table_page_462.csv: En-tête 'Total Charges Ded.Base' introuvable.
Erreur dans le fichier ./CSV3\bulletins\bulletins_propres\table_page_462.csv: En-tête '6080Base' introuvable.
Erreur dans le fichier ./CSV3\bulletins\bulletins_propres\table_page_462.csv: En-tête '6084Base' introuvable.
Erreur dans le fichier ./CSV3\bulletins\bulletins_propres\table_page_462.csv: En-tête '6092Base' introuvable.
Erreur dans le fichier ./CSV3\bulletins\bulletins_propres\table_page_462.csv: En-tête '6096Base' introuvable.
Erreur dans le fichier ./CSV3\bulletins\bulletins_propres\table_page_462.csv: En-tête 'Total Charges Non Ded.Base' introuvable.
Erreur dans le fichier ./CSV3\bulletins\bulletins_propres\table_page_462.csv: En-tête '8009Base' introuvable.
Erreur dans le fichier ./CSV3\bulletins\bulletins_propres\table_page_462.csv: En-tête '8010Base' introuvable.
Erreur dans le fichier ./CSV3\bulletins\bulletins_propres\table_page_462.csv: En-tête '8007Base' introuvable.
Erreur dans le fichier ./CSV3\bulletins\bulletins_propres\table_page_462.csv: En-tête 'Base' introuvable.
Erreur dans le fichier ./CSV3\bulletins\bulletins_propres\table_page_462.csv: En-tête 'Base' introuvable.
Erreur dans le fichier ./CSV3\bulletins\bulletins_propres\table_page_462.csv: En-tête 'Impôt sur le revenuBase' introuvable.
Erreur dans le fichier ./CSV3\bulletins\bulletins_propres\table_page_462.csv: En-tête 'Impôt sur le revenu à la sourceBase' introuvable.
Erreur dans le fichier ./CSV3\bulletins\bulletins_propres\table_page_464.csv: En-tête '1002Base' introuvable.
Erreur dans le fichier ./CSV3\bulletins\bulletins_propres\table_page_464.csv: En-tête '2068Base' introuvable.
Erreur dans le fichier ./CSV3\bulletins\bulletins_propres\table_page_464.csv: En-tête 'Base' introuvable.
Erreur dans le fichier ./CSV3\bulletins\bulletins_propres\table_page_464.csv: En-tête '3360Base' introuvable.
Erreur dans le fichier ./CSV3\bulletins\bulletins_propres\table_page_464.csv: En-tête 'Base' introuvable.
Erreur dans le fichier ./CSV3\bulletins\bulletins_propres\table_page_464.csv: En-tête '3362Base' introuvable.
Erreur dans le fichier ./CSV3\bulletins\bulletins_propres\table_page_464.csv: En-tête 'TOTAL BRUTBase' introuvable.
Erreur dans le fichier ./CSV3\bulletins\bulletins_propres\table_page_464.csv: En-tête 'Base' introuvable.
Erreur dans le fichier ./CSV3\bulletins\bulletins_propres\table_page_464.csv: En-tête '7001Base' introuvable.
Erreur dans le fichier ./CSV3\bulletins\bulletins_propres\table_page_464.csv: En-tête '7002Base' introuvable.
Erreur dans le fichier ./CSV3\bulletins\bulletins_propres\table_page_464.csv: En-tête '7010Base' introuvable.
Erreur dans le fichier ./CSV3\bulletins\bulletins_propres\table_page_464.csv: En-tête '7015Base' introuvable.
Erreur dans le fichier ./CSV3\bulletins\bulletins_propres\table_page_464.csv: En-tête '7020Base' introuvable.
Erreur dans le fichier ./CSV3\bulletins\bulletins_propres\table_page_464.csv: En-tête '7025Base' introuvable.
Erreur dans le fichier ./CSV3\bulletins\bulletins_propres\table_page_464.csv: En-tête '7030Base' introuvable.
Erreur dans le fichier ./CSV3\bulletins\bulletins_propres\table_page_464.csv: En-tête '7035Base' introuvable.
Erreur dans le fichier ./CSV3\bulletins\bulletins_propres\table_page_464.csv: En-tête '7040Base' introuvable.
Erreur dans le fichier ./CSV3\bulletins\bulletins_propres\table_page_464.csv: En-tête '7045Base' introuvable.
Erreur dans le fichier ./CSV3\bulletins\bulletins_propres\table_page_464.csv: En-tête 'Base' introuvable.
Erreur dans le fichier ./CSV3\bulletins\bulletins_propres\table_page_464.csv: En-tête '7050Base' introuvable.
Erreur dans le fichier ./CSV3\bulletins\bulletins_propres\table_page_464.csv: En-tête 'Base' introuvable.
Erreur dans le fichier ./CSV3\bulletins\bulletins_propres\table_page_464.csv: En-tête '7055Base' introuvable.
Erreur dans le fichier ./CSV3\bulletins\bulletins_propres\table_page_464.csv: En-tête 'Base' introuvable.
Erreur dans le fichier ./CSV3\bulletins\bulletins_propres\table_page_464.csv: En-tête '7C00Base' introuvable.
Erreur dans le fichier ./CSV3\bulletins\bulletins_propres\table_page_464.csv: En-tête 'Base' introuvable.
Erreur dans le fichier ./CSV3\bulletins\bulletins_propres\table_page_464.csv: En-tête '7C10Base' introuvable.
Erreur dans le fichier ./CSV3\bulletins\bulletins_propres\table_page_464.csv: En-tête '7C20Base' introuvable.
Erreur dans le fichier ./CSV3\bulletins\bulletins_propres\table_page_464.csv: En-tête '7M05Base' introuvable.
Erreur dans le fichier ./CSV3\bulletins\bulletins_propres\table_page_464.csv: En-tête '7P20Base' introuvable.
Erreur dans le fichier ./CSV3\bulletins\bulletins_propres\table_page_464.csv: En-tête '7P25Base' introuvable.
Erreur dans le fichier ./CSV3\bulletins\bulletins_propres\table_page_464.csv: En-tête '7R44Base' introuvable.
Erreur dans le fichier ./CSV3\bulletins\bulletins_propres\table_page_464.csv: En-tête '7R45Base' introuvable.
Erreur dans le fichier ./CSV3\bulletins\bulletins_propres\table_page_464.csv: En-tête '7R53Base' introuvable.
Erreur dans le fichier ./CSV3\bulletins\bulletins_propres\table_page_464.csv: En-tête '7R54Base' introuvable.
Erreur dans le fichier ./CSV3\bulletins\bulletins_propres\table_page_464.csv: En-tête '7R63Base' introuvable.
Erreur dans le fichier ./CSV3\bulletins\bulletins_propres\table_page_464.csv: En-tête '7R64Base' introuvable.
Erreur dans le fichier ./CSV3\bulletins\bulletins_propres\table_page_464.csv: En-tête 'Base' introuvable.
Erreur dans le fichier ./CSV3\bulletins\bulletins_propres\table_page_464.csv: En-tête '7R70Base' introuvable.
Erreur dans le fichier ./CSV3\bulletins\bulletins_propres\table_page_464.csv: En-tête 'Base' introuvable.
Erreur dans le fichier ./CSV3\bulletins\bulletins_propres\table_page_464.csv: En-tête '7R71Base' introuvable.
Erreur dans le fichier ./CSV3\bulletins\bulletins_propres\table_page_464.csv: En-tête 'Base' introuvable.
Erreur dans le fichier ./CSV3\bulletins\bulletins_propres\table_page_464.csv: En-tête '7T00Base' introuvable.
Erreur dans le fichier ./CSV3\bulletins\bulletins_propres\table_page_464.csv: En-tête '7T02Base' introuvable.
Erreur dans le fichier ./CSV3\bulletins\bulletins_propres\table_page_464.csv: En-tête '7T05Base' introuvable.
Erreur dans le fichier ./CSV3\bulletins\bulletins_propres\table_page_464.csv: En-tête '7T10Base' introuvable.
Erreur dans le fichier ./CSV3\bulletins\bulletins_propres\table_page_464.csv: En-tête '7T15Base' introuvable.
Erreur dans le fichier ./CSV3\bulletins\bulletins_propres\table_page_464.csv: En-tête '7T20Base' introuvable.
Erreur dans le fichier ./CSV3\bulletins\bulletins_propres\table_page_464.csv: En-tête '6082Base' introuvable.
Erreur dans le fichier ./CSV3\bulletins\bulletins_propres\table_page_464.csv: En-tête '6094Base' introuvable.
Erreur dans le fichier ./CSV3\bulletins\bulletins_propres\table_page_464.csv: En-tête 'Total Charges Ded.Base' introuvable.
Erreur dans le fichier ./CSV3\bulletins\bulletins_propres\table_page_464.csv: En-tête '6080Base' introuvable.
Erreur dans le fichier ./CSV3\bulletins\bulletins_propres\table_page_464.csv: En-tête '6084Base' introuvable.
Erreur dans le fichier ./CSV3\bulletins\bulletins_propres\table_page_464.csv: En-tête '6092Base' introuvable.
Erreur dans le fichier ./CSV3\bulletins\bulletins_propres\table_page_464.csv: En-tête '6096Base' introuvable.
Erreur dans le fichier ./CSV3\bulletins\bulletins_propres\table_page_464.csv: En-tête 'Total Charges Non Ded.Base' introuvable.
Erreur dans le fichier ./CSV3\bulletins\bulletins_propres\table_page_464.csv: En-tête '8009Base' introuvable.
Erreur dans le fichier ./CSV3\bulletins\bulletins_propres\table_page_464.csv: En-tête '8010Base' introuvable.
Erreur dans le fichier ./CSV3\bulletins\bulletins_propres\table_page_464.csv: En-tête '8007Base' introuvable.
Erreur dans le fichier ./CSV3\bulletins\bulletins_propres\table_page_466.csv: En-tête '1001Base' introuvable.
Erreur dans le fichier ./CSV3\bulletins\bulletins_propres\table_page_466.csv: En-tête '1046Base' introuvable.
Erreur dans le fichier ./CSV3\bulletins\bulletins_propres\table_page_466.csv: En-tête 'Base' introuvable.
Erreur dans le fichier ./CSV3\bulletins\bulletins_propres\table_page_466.csv: En-tête '2018Base' introuvable.
Erreur dans le fichier ./CSV3\bulletins\bulletins_propres\table_page_466.csv: En-tête 'Base' introuvable.
Erreur dans le fichier ./CSV3\bulletins\bulletins_propres\table_page_466.csv: En-tête '2068Base' introuvable.
Erreur dans le fichier ./CSV3\bulletins\bulletins_propres\table_page_466.csv: En-tête '2078Base' introuvable.
Erreur dans le fichier ./CSV3\bulletins\bulletins_propres\table_page_466.csv: En-tête '3350Base' introuvable.
Erreur dans le fichier ./CSV3\bulletins\bulletins_propres\table_page_466.csv: En-tête '3355Base' introuvable.
Erreur dans le fichier ./CSV3\bulletins\bulletins_propres\table_page_466.csv: En-tête 'Base' introuvable.
Erreur dans le fichier ./CSV3\bulletins\bulletins_propres\table_page_466.csv: En-tête 'TOTAL BRUTBase' introuvable.
Erreur dans le fichier ./CSV3\bulletins\bulletins_propres\table_page_466.csv: En-tête '7001Base' introuvable.
Erreur dans le fichier ./CSV3\bulletins\bulletins_propres\table_page_466.csv: En-tête '7010Base' introuvable.
Erreur dans le fichier ./CSV3\bulletins\bulletins_propres\table_page_466.csv: En-tête '7015Base' introuvable.
Erreur dans le fichier ./CSV3\bulletins\bulletins_propres\table_page_466.csv: En-tête '7020Base' introuvable.
Erreur dans le fichier ./CSV3\bulletins\bulletins_propres\table_page_466.csv: En-tête '7030Base' introuvable.
Erreur dans le fichier ./CSV3\bulletins\bulletins_propres\table_page_466.csv: En-tête '7035Base' introuvable.
Erreur dans le fichier ./CSV3\bulletins\bulletins_propres\table_page_466.csv: En-tête '7040Base' introuvable.
Erreur dans le fichier ./CSV3\bulletins\bulletins_propres\table_page_466.csv: En-tête 'Base' introuvable.
Erreur dans le fichier ./CSV3\bulletins\bulletins_propres\table_page_466.csv: En-tête '7045Base' introuvable.
Erreur dans le fichier ./CSV3\bulletins\bulletins_propres\table_page_466.csv: En-tête 'Base' introuvable.
Erreur dans le fichier ./CSV3\bulletins\bulletins_propres\table_page_466.csv: En-tête '7050Base' introuvable.
Erreur dans le fichier ./CSV3\bulletins\bulletins_propres\table_page_466.csv: En-tête 'Base' introuvable.
Erreur dans le fichier ./CSV3\bulletins\bulletins_propres\table_page_466.csv: En-tête '7055Base' introuvable.
Erreur dans le fichier ./CSV3\bulletins\bulletins_propres\table_page_466.csv: En-tête 'Base' introuvable.
Erreur dans le fichier ./CSV3\bulletins\bulletins_propres\table_page_466.csv: En-tête '7C00Base' introuvable.
Erreur dans le fichier ./CSV3\bulletins\bulletins_propres\table_page_466.csv: En-tête '7C20Base' introuvable.
Erreur dans le fichier ./CSV3\bulletins\bulletins_propres\table_page_466.csv: En-tête '7M03Base' introuvable.
Erreur dans le fichier ./CSV3\bulletins\bulletins_propres\table_page_466.csv: En-tête '7P10Base' introuvable.
Erreur dans le fichier ./CSV3\bulletins\bulletins_propres\table_page_466.csv: En-tête '7R56Base' introuvable.
Erreur dans le fichier ./CSV3\bulletins\bulletins_propres\table_page_466.csv: En-tête '7R63Base' introuvable.
Erreur dans le fichier ./CSV3\bulletins\bulletins_propres\table_page_466.csv: En-tête '7T00Base' introuvable.
Erreur dans le fichier ./CSV3\bulletins\bulletins_propres\table_page_466.csv: En-tête '7T02Base' introuvable.
Erreur dans le fichier ./CSV3\bulletins\bulletins_propres\table_page_466.csv: En-tête '7T05Base' introuvable.
Erreur dans le fichier ./CSV3\bulletins\bulletins_propres\table_page_466.csv: En-tête '7T10Base' introuvable.
Erreur dans le fichier ./CSV3\bulletins\bulletins_propres\table_page_466.csv: En-tête '7T15Base' introuvable.
Erreur dans le fichier ./CSV3\bulletins\bulletins_propres\table_page_466.csv: En-tête 'Base' introuvable.
Erreur dans le fichier ./CSV3\bulletins\bulletins_propres\table_page_466.csv: En-tête '7T20Base' introuvable.
Erreur dans le fichier ./CSV3\bulletins\bulletins_propres\table_page_466.csv: En-tête 'Base' introuvable.
Erreur dans le fichier ./CSV3\bulletins\bulletins_propres\table_page_466.csv: En-tête '6082Base' introuvable.
Erreur dans le fichier ./CSV3\bulletins\bulletins_propres\table_page_466.csv: En-tête '6094Base' introuvable.
Erreur dans le fichier ./CSV3\bulletins\bulletins_propres\table_page_466.csv: En-tête 'PALCAllégement chômageBase' introuvable.
Erreur dans le fichier ./CSV3\bulletins\bulletins_propres\table_page_466.csv: En-tête 'PALFAllégement FillonBase' introuvable.
Erreur dans le fichier ./CSV3\bulletins\bulletins_propres\table_page_466.csv: En-tête 'PALRAllégement retraiteBase' introuvable.
Erreur dans le fichier ./CSV3\bulletins\bulletins_propres\table_page_466.csv: En-tête 'Total Charges Ded.Base' introuvable.
Erreur dans le fichier ./CSV3\bulletins\bulletins_propres\table_page_466.csv: En-tête '6080Base' introuvable.
Erreur dans le fichier ./CSV3\bulletins\bulletins_propres\table_page_466.csv: En-tête '6084Base' introuvable.
Erreur dans le fichier ./CSV3\bulletins\bulletins_propres\table_page_466.csv: En-tête '6092Base' introuvable.
Erreur dans le fichier ./CSV3\bulletins\bulletins_propres\table_page_466.csv: En-tête '6096Base' introuvable.
Erreur dans le fichier ./CSV3\bulletins\bulletins_propres\table_page_466.csv: En-tête 'Total Charges Non Ded.Base' introuvable.
Erreur dans le fichier ./CSV3\bulletins\bulletins_propres\table_page_466.csv: En-tête '8009Base' introuvable.
Erreur dans le fichier ./CSV3\bulletins\bulletins_propres\table_page_466.csv: En-tête '8010Base' introuvable.
Erreur dans le fichier ./CSV3\bulletins\bulletins_propres\table_page_466.csv: En-tête '8192Base' introuvable.
Erreur dans le fichier ./CSV3\bulletins\bulletins_propres\table_page_468.csv: En-tête '1001Base' introuvable.
Erreur dans le fichier ./CSV3\bulletins\bulletins_propres\table_page_468.csv: En-tête '1046Base' introuvable.
Erreur dans le fichier ./CSV3\bulletins\bulletins_propres\table_page_468.csv: En-tête 'Base' introuvable.
Erreur dans le fichier ./CSV3\bulletins\bulletins_propres\table_page_468.csv: En-tête '2018Base' introuvable.
Erreur dans le fichier ./CSV3\bulletins\bulletins_propres\table_page_468.csv: En-tête 'Base' introuvable.
Erreur dans le fichier ./CSV3\bulletins\bulletins_propres\table_page_468.csv: En-tête '2068Base' introuvable.
Erreur dans le fichier ./CSV3\bulletins\bulletins_propres\table_page_468.csv: En-tête '2078Base' introuvable.
Erreur dans le fichier ./CSV3\bulletins\bulletins_propres\table_page_468.csv: En-tête 'Base' introuvable.
Erreur dans le fichier ./CSV3\bulletins\bulletins_propres\table_page_468.csv: En-tête 'TOTAL BRUTBase' introuvable.
Erreur dans le fichier ./CSV3\bulletins\bulletins_propres\table_page_468.csv: En-tête '7001Base' introuvable.
Erreur dans le fichier ./CSV3\bulletins\bulletins_propres\table_page_468.csv: En-tête '7010Base' introuvable.
Erreur dans le fichier ./CSV3\bulletins\bulletins_propres\table_page_468.csv: En-tête '7015Base' introuvable.
Erreur dans le fichier ./CSV3\bulletins\bulletins_propres\table_page_468.csv: En-tête '7020Base' introuvable.
Erreur dans le fichier ./CSV3\bulletins\bulletins_propres\table_page_468.csv: En-tête '7030Base' introuvable.
Erreur dans le fichier ./CSV3\bulletins\bulletins_propres\table_page_468.csv: En-tête '7035Base' introuvable.
Erreur dans le fichier ./CSV3\bulletins\bulletins_propres\table_page_468.csv: En-tête '7040Base' introuvable.
Erreur dans le fichier ./CSV3\bulletins\bulletins_propres\table_page_468.csv: En-tête '7045Base' introuvable.
Erreur dans le fichier ./CSV3\bulletins\bulletins_propres\table_page_468.csv: En-tête '7050Base' introuvable.
Erreur dans le fichier ./CSV3\bulletins\bulletins_propres\table_page_468.csv: En-tête 'Base' introuvable.
Erreur dans le fichier ./CSV3\bulletins\bulletins_propres\table_page_468.csv: En-tête '7055Base' introuvable.
Erreur dans le fichier ./CSV3\bulletins\bulletins_propres\table_page_468.csv: En-tête 'Base' introuvable.
Erreur dans le fichier ./CSV3\bulletins\bulletins_propres\table_page_468.csv: En-tête '7C00Base' introuvable.
Erreur dans le fichier ./CSV3\bulletins\bulletins_propres\table_page_468.csv: En-tête 'Base' introuvable.
Erreur dans le fichier ./CSV3\bulletins\bulletins_propres\table_page_468.csv: En-tête '7C20Base' introuvable.
Erreur dans le fichier ./CSV3\bulletins\bulletins_propres\table_page_468.csv: En-tête 'Base' introuvable.
Erreur dans le fichier ./CSV3\bulletins\bulletins_propres\table_page_468.csv: En-tête '7M03Base' introuvable.
Erreur dans le fichier ./CSV3\bulletins\bulletins_propres\table_page_468.csv: En-tête '7P10Base' introuvable.
Erreur dans le fichier ./CSV3\bulletins\bulletins_propres\table_page_468.csv: En-tête '7R56Base' introuvable.
Erreur dans le fichier ./CSV3\bulletins\bulletins_propres\table_page_468.csv: En-tête '7R63Base' introuvable.
Erreur dans le fichier ./CSV3\bulletins\bulletins_propres\table_page_468.csv: En-tête '7T00Base' introuvable.
Erreur dans le fichier ./CSV3\bulletins\bulletins_propres\table_page_468.csv: En-tête '7T02Base' introuvable.
Erreur dans le fichier ./CSV3\bulletins\bulletins_propres\table_page_468.csv: En-tête '7T05Base' introuvable.
Erreur dans le fichier ./CSV3\bulletins\bulletins_propres\table_page_468.csv: En-tête '7T10Base' introuvable.
Erreur dans le fichier ./CSV3\bulletins\bulletins_propres\table_page_468.csv: En-tête '7T15Base' introuvable.
Erreur dans le fichier ./CSV3\bulletins\bulletins_propres\table_page_468.csv: En-tête '7T20Base' introuvable.
Erreur dans le fichier ./CSV3\bulletins\bulletins_propres\table_page_468.csv: En-tête '6082Base' introuvable.
Erreur dans le fichier ./CSV3\bulletins\bulletins_propres\table_page_468.csv: En-tête 'Base' introuvable.
Erreur dans le fichier ./CSV3\bulletins\bulletins_propres\table_page_468.csv: En-tête '6094Base' introuvable.
Erreur dans le fichier ./CSV3\bulletins\bulletins_propres\table_page_468.csv: En-tête 'PALCAllégement chômageBase' introuvable.
Erreur dans le fichier ./CSV3\bulletins\bulletins_propres\table_page_468.csv: En-tête 'PALFAllégement FillonBase' introuvable.
Erreur dans le fichier ./CSV3\bulletins\bulletins_propres\table_page_468.csv: En-tête 'PALRAllégement retraiteBase' introuvable.
Erreur dans le fichier ./CSV3\bulletins\bulletins_propres\table_page_468.csv: En-tête 'Total Charges Ded.Base' introuvable.
Erreur dans le fichier ./CSV3\bulletins\bulletins_propres\table_page_468.csv: En-tête '6080Base' introuvable.
Erreur dans le fichier ./CSV3\bulletins\bulletins_propres\table_page_468.csv: En-tête '6084Base' introuvable.
Erreur dans le fichier ./CSV3\bulletins\bulletins_propres\table_page_468.csv: En-tête '6092Base' introuvable.
Erreur dans le fichier ./CSV3\bulletins\bulletins_propres\table_page_468.csv: En-tête '6096Base' introuvable.
Erreur dans le fichier ./CSV3\bulletins\bulletins_propres\table_page_468.csv: En-tête 'Total Charges Non Ded.Base' introuvable.
Erreur dans le fichier ./CSV3\bulletins\bulletins_propres\table_page_468.csv: En-tête '8009Base' introuvable.
Erreur dans le fichier ./CSV3\bulletins\bulletins_propres\table_page_468.csv: En-tête '8010Base' introuvable.
Erreur dans le fichier ./CSV3\bulletins\bulletins_propres\table_page_468.csv: En-tête '8007Base' introuvable.
Erreur dans le fichier ./CSV3\bulletins\bulletins_propres\table_page_468.csv: En-tête '8192Base' introuvable.
Erreur dans le fichier ./CSV3\bulletins\bulletins_propres\table_page_468.csv: En-tête 'Base' introuvable.
Erreur dans le fichier ./CSV3\bulletins\bulletins_propres\table_page_468.csv: En-tête 'Base' introuvable.
Erreur dans le fichier ./CSV3\bulletins\bulletins_propres\table_page_468.csv: En-tête 'Impôt sur le revenuBase' introuvable.
Erreur dans le fichier ./CSV3\bulletins\bulletins_propres\table_page_468.csv: En-tête 'Impôt sur le revenu à la sourceBase' introuvable.
Erreur dans le fichier ./CSV3\bulletins\bulletins_propres\table_page_47.csv: En-tête '1001Base' introuvable.
Erreur dans le fichier ./CSV3\bulletins\bulletins_propres\table_page_47.csv: En-tête '1046Base' introuvable.
Erreur dans le fichier ./CSV3\bulletins\bulletins_propres\table_page_47.csv: En-tête 'Base' introuvable.
Erreur dans le fichier ./CSV3\bulletins\bulletins_propres\table_page_47.csv: En-tête '2012Base' introuvable.
Erreur dans le fichier ./CSV3\bulletins\bulletins_propres\table_page_47.csv: En-tête 'Base' introuvable.
Erreur dans le fichier ./CSV3\bulletins\bulletins_propres\table_page_47.csv: En-tête '2068Base' introuvable.
Erreur dans le fichier ./CSV3\bulletins\bulletins_propres\table_page_47.csv: En-tête '2078Base' introuvable.
Erreur dans le fichier ./CSV3\bulletins\bulletins_propres\table_page_47.csv: En-tête '2084Base' introuvable.
Erreur dans le fichier ./CSV3\bulletins\bulletins_propres\table_page_47.csv: En-tête '3280Base' introuvable.
Erreur dans le fichier ./CSV3\bulletins\bulletins_propres\table_page_47.csv: En-tête '3285Base' introuvable.
Erreur dans le fichier ./CSV3\bulletins\bulletins_propres\table_page_47.csv: En-tête 'Base' introuvable.
Erreur dans le fichier ./CSV3\bulletins\bulletins_propres\table_page_47.csv: En-tête 'TOTAL BRUTBase' introuvable.
Erreur dans le fichier ./CSV3\bulletins\bulletins_propres\table_page_47.csv: En-tête '7001Base' introuvable.
Erreur dans le fichier ./CSV3\bulletins\bulletins_propres\table_page_47.csv: En-tête '7010Base' introuvable.
Erreur dans le fichier ./CSV3\bulletins\bulletins_propres\table_page_47.csv: En-tête '7015Base' introuvable.
Erreur dans le fichier ./CSV3\bulletins\bulletins_propres\table_page_47.csv: En-tête '7020Base' introuvable.
Erreur dans le fichier ./CSV3\bulletins\bulletins_propres\table_page_47.csv: En-tête '7030Base' introuvable.
Erreur dans le fichier ./CSV3\bulletins\bulletins_propres\table_page_47.csv: En-tête '7035Base' introuvable.
Erreur dans le fichier ./CSV3\bulletins\bulletins_propres\table_page_47.csv: En-tête 'Base' introuvable.
Erreur dans le fichier ./CSV3\bulletins\bulletins_propres\table_page_47.csv: En-tête '7040Base' introuvable.
Erreur dans le fichier ./CSV3\bulletins\bulletins_propres\table_page_47.csv: En-tête 'Base' introuvable.
Erreur dans le fichier ./CSV3\bulletins\bulletins_propres\table_page_47.csv: En-tête '7045Base' introuvable.
Erreur dans le fichier ./CSV3\bulletins\bulletins_propres\table_page_47.csv: En-tête 'Base' introuvable.
Erreur dans le fichier ./CSV3\bulletins\bulletins_propres\table_page_47.csv: En-tête '7050Base' introuvable.
Erreur dans le fichier ./CSV3\bulletins\bulletins_propres\table_page_47.csv: En-tête 'Base' introuvable.
Erreur dans le fichier ./CSV3\bulletins\bulletins_propres\table_page_47.csv: En-tête '7055Base' introuvable.
Erreur dans le fichier ./CSV3\bulletins\bulletins_propres\table_page_47.csv: En-tête '7C00Base' introuvable.
Erreur dans le fichier ./CSV3\bulletins\bulletins_propres\table_page_47.csv: En-tête '7C20Base' introuvable.
Erreur dans le fichier ./CSV3\bulletins\bulletins_propres\table_page_47.csv: En-tête '7M04Base' introuvable.
Erreur dans le fichier ./CSV3\bulletins\bulletins_propres\table_page_47.csv: En-tête '7P10Base' introuvable.
Erreur dans le fichier ./CSV3\bulletins\bulletins_propres\table_page_47.csv: En-tête '7R56Base' introuvable.
Erreur dans le fichier ./CSV3\bulletins\bulletins_propres\table_page_47.csv: En-tête '7R63Base' introuvable.
Erreur dans le fichier ./CSV3\bulletins\bulletins_propres\table_page_47.csv: En-tête '7T00Base' introuvable.
Erreur dans le fichier ./CSV3\bulletins\bulletins_propres\table_page_47.csv: En-tête '7T02Base' introuvable.
Erreur dans le fichier ./CSV3\bulletins\bulletins_propres\table_page_47.csv: En-tête '7T05Base' introuvable.
Erreur dans le fichier ./CSV3\bulletins\bulletins_propres\table_page_47.csv: En-tête '7T10Base' introuvable.
Erreur dans le fichier ./CSV3\bulletins\bulletins_propres\table_page_47.csv: En-tête 'Base' introuvable.
Erreur dans le fichier ./CSV3\bulletins\bulletins_propres\table_page_47.csv: En-tête '7T15Base' introuvable.
Erreur dans le fichier ./CSV3\bulletins\bulletins_propres\table_page_47.csv: En-tête 'Base' introuvable.
Erreur dans le fichier ./CSV3\bulletins\bulletins_propres\table_page_47.csv: En-tête '7T20Base' introuvable.
Erreur dans le fichier ./CSV3\bulletins\bulletins_propres\table_page_47.csv: En-tête '6082Base' introuvable.
Erreur dans le fichier ./CSV3\bulletins\bulletins_propres\table_page_47.csv: En-tête '6094Base' introuvable.
Erreur dans le fichier ./CSV3\bulletins\bulletins_propres\table_page_47.csv: En-tête 'Total Charges Ded.Base' introuvable.
Erreur dans le fichier ./CSV3\bulletins\bulletins_propres\table_page_47.csv: En-tête '6080Base' introuvable.
Erreur dans le fichier ./CSV3\bulletins\bulletins_propres\table_page_47.csv: En-tête '6084Base' introuvable.
Erreur dans le fichier ./CSV3\bulletins\bulletins_propres\table_page_47.csv: En-tête '6092Base' introuvable.
Erreur dans le fichier ./CSV3\bulletins\bulletins_propres\table_page_47.csv: En-tête '6096Base' introuvable.
Erreur dans le fichier ./CSV3\bulletins\bulletins_propres\table_page_47.csv: En-tête 'Total Charges Non Ded.Base' introuvable.
Erreur dans le fichier ./CSV3\bulletins\bulletins_propres\table_page_47.csv: En-tête '8009Base' introuvable.
Erreur dans le fichier ./CSV3\bulletins\bulletins_propres\table_page_47.csv: En-tête '8010Base' introuvable.
Erreur dans le fichier ./CSV3\bulletins\bulletins_propres\table_page_47.csv: En-tête '8007Base' introuvable.
Erreur dans le fichier ./CSV3\bulletins\bulletins_propres\table_page_470.csv: En-tête '1001Base' introuvable.
Erreur dans le fichier ./CSV3\bulletins\bulletins_propres\table_page_470.csv: En-tête '2068Base' introuvable.
Erreur dans le fichier ./CSV3\bulletins\bulletins_propres\table_page_470.csv: En-tête 'Base' introuvable.
Erreur dans le fichier ./CSV3\bulletins\bulletins_propres\table_page_470.csv: En-tête '3404Base' introuvable.
Erreur dans le fichier ./CSV3\bulletins\bulletins_propres\table_page_470.csv: En-tête 'Base' introuvable.
Erreur dans le fichier ./CSV3\bulletins\bulletins_propres\table_page_470.csv: En-tête '3406Base' introuvable.
Erreur dans le fichier ./CSV3\bulletins\bulletins_propres\table_page_470.csv: En-tête 'TOTAL BRUTBase' introuvable.
Erreur dans le fichier ./CSV3\bulletins\bulletins_propres\table_page_470.csv: En-tête 'Base' introuvable.
Erreur dans le fichier ./CSV3\bulletins\bulletins_propres\table_page_470.csv: En-tête '7001Base' introuvable.
Erreur dans le fichier ./CSV3\bulletins\bulletins_propres\table_page_470.csv: En-tête '7010Base' introuvable.
Erreur dans le fichier ./CSV3\bulletins\bulletins_propres\table_page_470.csv: En-tête '7015Base' introuvable.
Erreur dans le fichier ./CSV3\bulletins\bulletins_propres\table_page_470.csv: En-tête '7020Base' introuvable.
Erreur dans le fichier ./CSV3\bulletins\bulletins_propres\table_page_470.csv: En-tête '7030Base' introuvable.
Erreur dans le fichier ./CSV3\bulletins\bulletins_propres\table_page_470.csv: En-tête '7035Base' introuvable.
Erreur dans le fichier ./CSV3\bulletins\bulletins_propres\table_page_470.csv: En-tête '7040Base' introuvable.
Erreur dans le fichier ./CSV3\bulletins\bulletins_propres\table_page_470.csv: En-tête '7045Base' introuvable.
Erreur dans le fichier ./CSV3\bulletins\bulletins_propres\table_page_470.csv: En-tête '7050Base' introuvable.
Erreur dans le fichier ./CSV3\bulletins\bulletins_propres\table_page_470.csv: En-tête '7055Base' introuvable.
Erreur dans le fichier ./CSV3\bulletins\bulletins_propres\table_page_470.csv: En-tête 'Base' introuvable.
Erreur dans le fichier ./CSV3\bulletins\bulletins_propres\table_page_470.csv: En-tête '7C00Base' introuvable.
Erreur dans le fichier ./CSV3\bulletins\bulletins_propres\table_page_470.csv: En-tête 'Base' introuvable.
Erreur dans le fichier ./CSV3\bulletins\bulletins_propres\table_page_470.csv: En-tête '7C10Base' introuvable.
Erreur dans le fichier ./CSV3\bulletins\bulletins_propres\table_page_470.csv: En-tête 'Base' introuvable.
Erreur dans le fichier ./CSV3\bulletins\bulletins_propres\table_page_470.csv: En-tête '7C20Base' introuvable.
Erreur dans le fichier ./CSV3\bulletins\bulletins_propres\table_page_470.csv: En-tête 'Base' introuvable.
Erreur dans le fichier ./CSV3\bulletins\bulletins_propres\table_page_470.csv: En-tête '7M05Base' introuvable.
Erreur dans le fichier ./CSV3\bulletins\bulletins_propres\table_page_470.csv: En-tête '7P20Base' introuvable.
Erreur dans le fichier ./CSV3\bulletins\bulletins_propres\table_page_470.csv: En-tête '7P25Base' introuvable.
Erreur dans le fichier ./CSV3\bulletins\bulletins_propres\table_page_470.csv: En-tête '7R44Base' introuvable.
Erreur dans le fichier ./CSV3\bulletins\bulletins_propres\table_page_470.csv: En-tête '7R45Base' introuvable.
Erreur dans le fichier ./CSV3\bulletins\bulletins_propres\table_page_470.csv: En-tête '7R53Base' introuvable.
Erreur dans le fichier ./CSV3\bulletins\bulletins_propres\table_page_470.csv: En-tête '7R54Base' introuvable.
Erreur dans le fichier ./CSV3\bulletins\bulletins_propres\table_page_470.csv: En-tête '7R63Base' introuvable.
Erreur dans le fichier ./CSV3\bulletins\bulletins_propres\table_page_470.csv: En-tête '7R64Base' introuvable.
Erreur dans le fichier ./CSV3\bulletins\bulletins_propres\table_page_470.csv: En-tête '7R70Base' introuvable.
Erreur dans le fichier ./CSV3\bulletins\bulletins_propres\table_page_470.csv: En-tête '7R71Base' introuvable.
Erreur dans le fichier ./CSV3\bulletins\bulletins_propres\table_page_470.csv: En-tête 'Base' introuvable.
Erreur dans le fichier ./CSV3\bulletins\bulletins_propres\table_page_470.csv: En-tête '7T00Base' introuvable.
Erreur dans le fichier ./CSV3\bulletins\bulletins_propres\table_page_470.csv: En-tête 'Base' introuvable.
Erreur dans le fichier ./CSV3\bulletins\bulletins_propres\table_page_470.csv: En-tête '7T02Base' introuvable.
Erreur dans le fichier ./CSV3\bulletins\bulletins_propres\table_page_470.csv: En-tête '7T05Base' introuvable.
Erreur dans le fichier ./CSV3\bulletins\bulletins_propres\table_page_470.csv: En-tête '7T10Base' introuvable.
Erreur dans le fichier ./CSV3\bulletins\bulletins_propres\table_page_470.csv: En-tête '7T15Base' introuvable.
Erreur dans le fichier ./CSV3\bulletins\bulletins_propres\table_page_470.csv: En-tête '7T20Base' introuvable.
Erreur dans le fichier ./CSV3\bulletins\bulletins_propres\table_page_470.csv: En-tête '6082Base' introuvable.
Erreur dans le fichier ./CSV3\bulletins\bulletins_propres\table_page_470.csv: En-tête '6094Base' introuvable.
Erreur dans le fichier ./CSV3\bulletins\bulletins_propres\table_page_470.csv: En-tête 'Total Charges Ded.Base' introuvable.
Erreur dans le fichier ./CSV3\bulletins\bulletins_propres\table_page_470.csv: En-tête '6080Base' introuvable.
Erreur dans le fichier ./CSV3\bulletins\bulletins_propres\table_page_470.csv: En-tête '6084Base' introuvable.
Erreur dans le fichier ./CSV3\bulletins\bulletins_propres\table_page_470.csv: En-tête '6092Base' introuvable.
Erreur dans le fichier ./CSV3\bulletins\bulletins_propres\table_page_470.csv: En-tête '6096Base' introuvable.
Erreur dans le fichier ./CSV3\bulletins\bulletins_propres\table_page_470.csv: En-tête 'Total Charges Non Ded.Base' introuvable.
Erreur dans le fichier ./CSV3\bulletins\bulletins_propres\table_page_470.csv: En-tête '8009Base' introuvable.
Erreur dans le fichier ./CSV3\bulletins\bulletins_propres\table_page_470.csv: En-tête '8010Base' introuvable.
Erreur dans le fichier ./CSV3\bulletins\bulletins_propres\table_page_470.csv: En-tête '8007Base' introuvable.
Erreur dans le fichier ./CSV3\bulletins\bulletins_propres\table_page_470.csv: En-tête 'Base' introuvable.
Erreur dans le fichier ./CSV3\bulletins\bulletins_propres\table_page_470.csv: En-tête 'Base' introuvable.
Erreur dans le fichier ./CSV3\bulletins\bulletins_propres\table_page_470.csv: En-tête 'Impôt sur le revenuBase' introuvable.
Erreur dans le fichier ./CSV3\bulletins\bulletins_propres\table_page_470.csv: En-tête 'Impôt sur le revenu à la sourceBase' introuvable.
Erreur dans le fichier ./CSV3\bulletins\bulletins_propres\table_page_472.csv: En-tête '1001Base' introuvable.
Erreur dans le fichier ./CSV3\bulletins\bulletins_propres\table_page_472.csv: En-tête '1046Base' introuvable.
Erreur dans le fichier ./CSV3\bulletins\bulletins_propres\table_page_472.csv: En-tête 'Base' introuvable.
Erreur dans le fichier ./CSV3\bulletins\bulletins_propres\table_page_472.csv: En-tête '2018Base' introuvable.
Erreur dans le fichier ./CSV3\bulletins\bulletins_propres\table_page_472.csv: En-tête 'Base' introuvable.
Erreur dans le fichier ./CSV3\bulletins\bulletins_propres\table_page_472.csv: En-tête '2068Base' introuvable.
Erreur dans le fichier ./CSV3\bulletins\bulletins_propres\table_page_472.csv: En-tête '2078Base' introuvable.
Erreur dans le fichier ./CSV3\bulletins\bulletins_propres\table_page_472.csv: En-tête 'Base' introuvable.
Erreur dans le fichier ./CSV3\bulletins\bulletins_propres\table_page_472.csv: En-tête 'TOTAL BRUTBase' introuvable.
Erreur dans le fichier ./CSV3\bulletins\bulletins_propres\table_page_472.csv: En-tête '7001Base' introuvable.
Erreur dans le fichier ./CSV3\bulletins\bulletins_propres\table_page_472.csv: En-tête '7010Base' introuvable.
Erreur dans le fichier ./CSV3\bulletins\bulletins_propres\table_page_472.csv: En-tête '7015Base' introuvable.
Erreur dans le fichier ./CSV3\bulletins\bulletins_propres\table_page_472.csv: En-tête '7020Base' introuvable.
Erreur dans le fichier ./CSV3\bulletins\bulletins_propres\table_page_472.csv: En-tête '7030Base' introuvable.
Erreur dans le fichier ./CSV3\bulletins\bulletins_propres\table_page_472.csv: En-tête '7035Base' introuvable.
Erreur dans le fichier ./CSV3\bulletins\bulletins_propres\table_page_472.csv: En-tête '7040Base' introuvable.
Erreur dans le fichier ./CSV3\bulletins\bulletins_propres\table_page_472.csv: En-tête '7045Base' introuvable.
Erreur dans le fichier ./CSV3\bulletins\bulletins_propres\table_page_472.csv: En-tête '7050Base' introuvable.
Erreur dans le fichier ./CSV3\bulletins\bulletins_propres\table_page_472.csv: En-tête 'Base' introuvable.
Erreur dans le fichier ./CSV3\bulletins\bulletins_propres\table_page_472.csv: En-tête '7055Base' introuvable.
Erreur dans le fichier ./CSV3\bulletins\bulletins_propres\table_page_472.csv: En-tête 'Base' introuvable.
Erreur dans le fichier ./CSV3\bulletins\bulletins_propres\table_page_472.csv: En-tête '7C00Base' introuvable.
Erreur dans le fichier ./CSV3\bulletins\bulletins_propres\table_page_472.csv: En-tête 'Base' introuvable.
Erreur dans le fichier ./CSV3\bulletins\bulletins_propres\table_page_472.csv: En-tête '7C20Base' introuvable.
Erreur dans le fichier ./CSV3\bulletins\bulletins_propres\table_page_472.csv: En-tête 'Base' introuvable.
Erreur dans le fichier ./CSV3\bulletins\bulletins_propres\table_page_472.csv: En-tête '7M04Base' introuvable.
Erreur dans le fichier ./CSV3\bulletins\bulletins_propres\table_page_472.csv: En-tête '7P10Base' introuvable.
Erreur dans le fichier ./CSV3\bulletins\bulletins_propres\table_page_472.csv: En-tête '7R56Base' introuvable.
Erreur dans le fichier ./CSV3\bulletins\bulletins_propres\table_page_472.csv: En-tête '7R63Base' introuvable.
Erreur dans le fichier ./CSV3\bulletins\bulletins_propres\table_page_472.csv: En-tête '7T00Base' introuvable.
Erreur dans le fichier ./CSV3\bulletins\bulletins_propres\table_page_472.csv: En-tête '7T02Base' introuvable.
Erreur dans le fichier ./CSV3\bulletins\bulletins_propres\table_page_472.csv: En-tête '7T05Base' introuvable.
Erreur dans le fichier ./CSV3\bulletins\bulletins_propres\table_page_472.csv: En-tête '7T10Base' introuvable.
Erreur dans le fichier ./CSV3\bulletins\bulletins_propres\table_page_472.csv: En-tête '7T15Base' introuvable.
Erreur dans le fichier ./CSV3\bulletins\bulletins_propres\table_page_472.csv: En-tête '7T20Base' introuvable.
Erreur dans le fichier ./CSV3\bulletins\bulletins_propres\table_page_472.csv: En-tête '6082Base' introuvable.
Erreur dans le fichier ./CSV3\bulletins\bulletins_propres\table_page_472.csv: En-tête 'Base' introuvable.
Erreur dans le fichier ./CSV3\bulletins\bulletins_propres\table_page_472.csv: En-tête '6094Base' introuvable.
Erreur dans le fichier ./CSV3\bulletins\bulletins_propres\table_page_472.csv: En-tête 'PALCAllégement chômageBase' introuvable.
Erreur dans le fichier ./CSV3\bulletins\bulletins_propres\table_page_472.csv: En-tête 'PALFAllégement FillonBase' introuvable.
Erreur dans le fichier ./CSV3\bulletins\bulletins_propres\table_page_472.csv: En-tête 'PALRAllégement retraiteBase' introuvable.
Erreur dans le fichier ./CSV3\bulletins\bulletins_propres\table_page_472.csv: En-tête 'Total Charges Ded.Base' introuvable.
Erreur dans le fichier ./CSV3\bulletins\bulletins_propres\table_page_472.csv: En-tête '6080Base' introuvable.
Erreur dans le fichier ./CSV3\bulletins\bulletins_propres\table_page_472.csv: En-tête '6084Base' introuvable.
Erreur dans le fichier ./CSV3\bulletins\bulletins_propres\table_page_472.csv: En-tête '6092Base' introuvable.
Erreur dans le fichier ./CSV3\bulletins\bulletins_propres\table_page_472.csv: En-tête '6096Base' introuvable.
Erreur dans le fichier ./CSV3\bulletins\bulletins_propres\table_page_472.csv: En-tête 'Total Charges Non Ded.Base' introuvable.
Erreur dans le fichier ./CSV3\bulletins\bulletins_propres\table_page_472.csv: En-tête '8009Base' introuvable.
Erreur dans le fichier ./CSV3\bulletins\bulletins_propres\table_page_472.csv: En-tête '8010Base' introuvable.
Erreur dans le fichier ./CSV3\bulletins\bulletins_propres\table_page_472.csv: En-tête '8007Base' introuvable.
Erreur dans le fichier ./CSV3\bulletins\bulletins_propres\table_page_472.csv: En-tête '8192Base' introuvable.
Erreur dans le fichier ./CSV3\bulletins\bulletins_propres\table_page_474.csv: En-tête '1001Base' introuvable.
Erreur dans le fichier ./CSV3\bulletins\bulletins_propres\table_page_474.csv: En-tête '1046Base' introuvable.
Erreur dans le fichier ./CSV3\bulletins\bulletins_propres\table_page_474.csv: En-tête 'Base' introuvable.
Erreur dans le fichier ./CSV3\bulletins\bulletins_propres\table_page_474.csv: En-tête '2012Base' introuvable.
Erreur dans le fichier ./CSV3\bulletins\bulletins_propres\table_page_474.csv: En-tête 'Base' introuvable.
Erreur dans le fichier ./CSV3\bulletins\bulletins_propres\table_page_474.csv: En-tête '2018Base' introuvable.
Erreur dans le fichier ./CSV3\bulletins\bulletins_propres\table_page_474.csv: En-tête '2050Base' introuvable.
Erreur dans le fichier ./CSV3\bulletins\bulletins_propres\table_page_474.csv: En-tête '2068Base' introuvable.
Erreur dans le fichier ./CSV3\bulletins\bulletins_propres\table_page_474.csv: En-tête '2078Base' introuvable.
Erreur dans le fichier ./CSV3\bulletins\bulletins_propres\table_page_474.csv: En-tête 'Base' introuvable.
Erreur dans le fichier ./CSV3\bulletins\bulletins_propres\table_page_474.csv: En-tête 'TOTAL BRUTBase' introuvable.
Erreur dans le fichier ./CSV3\bulletins\bulletins_propres\table_page_474.csv: En-tête '7001Base' introuvable.
Erreur dans le fichier ./CSV3\bulletins\bulletins_propres\table_page_474.csv: En-tête '7010Base' introuvable.
Erreur dans le fichier ./CSV3\bulletins\bulletins_propres\table_page_474.csv: En-tête '7015Base' introuvable.
Erreur dans le fichier ./CSV3\bulletins\bulletins_propres\table_page_474.csv: En-tête '7020Base' introuvable.
Erreur dans le fichier ./CSV3\bulletins\bulletins_propres\table_page_474.csv: En-tête '7030Base' introuvable.
Erreur dans le fichier ./CSV3\bulletins\bulletins_propres\table_page_474.csv: En-tête '7035Base' introuvable.
Erreur dans le fichier ./CSV3\bulletins\bulletins_propres\table_page_474.csv: En-tête '7040Base' introuvable.
Erreur dans le fichier ./CSV3\bulletins\bulletins_propres\table_page_474.csv: En-tête 'Base' introuvable.
Erreur dans le fichier ./CSV3\bulletins\bulletins_propres\table_page_474.csv: En-tête '7045Base' introuvable.
Erreur dans le fichier ./CSV3\bulletins\bulletins_propres\table_page_474.csv: En-tête 'Base' introuvable.
Erreur dans le fichier ./CSV3\bulletins\bulletins_propres\table_page_474.csv: En-tête '7050Base' introuvable.
Erreur dans le fichier ./CSV3\bulletins\bulletins_propres\table_page_474.csv: En-tête 'Base' introuvable.
Erreur dans le fichier ./CSV3\bulletins\bulletins_propres\table_page_474.csv: En-tête '7055Base' introuvable.
Erreur dans le fichier ./CSV3\bulletins\bulletins_propres\table_page_474.csv: En-tête 'Base' introuvable.
Erreur dans le fichier ./CSV3\bulletins\bulletins_propres\table_page_474.csv: En-tête '7C00Base' introuvable.
Erreur dans le fichier ./CSV3\bulletins\bulletins_propres\table_page_474.csv: En-tête '7C20Base' introuvable.
Erreur dans le fichier ./CSV3\bulletins\bulletins_propres\table_page_474.csv: En-tête '7M04Base' introuvable.
Erreur dans le fichier ./CSV3\bulletins\bulletins_propres\table_page_474.csv: En-tête '7P10Base' introuvable.
Erreur dans le fichier ./CSV3\bulletins\bulletins_propres\table_page_474.csv: En-tête '7R56Base' introuvable.
Erreur dans le fichier ./CSV3\bulletins\bulletins_propres\table_page_474.csv: En-tête '7R63Base' introuvable.
Erreur dans le fichier ./CSV3\bulletins\bulletins_propres\table_page_474.csv: En-tête '7T00Base' introuvable.
Erreur dans le fichier ./CSV3\bulletins\bulletins_propres\table_page_474.csv: En-tête '7T02Base' introuvable.
Erreur dans le fichier ./CSV3\bulletins\bulletins_propres\table_page_474.csv: En-tête '7T05Base' introuvable.
Erreur dans le fichier ./CSV3\bulletins\bulletins_propres\table_page_474.csv: En-tête '7T10Base' introuvable.
Erreur dans le fichier ./CSV3\bulletins\bulletins_propres\table_page_474.csv: En-tête '7T15Base' introuvable.
Erreur dans le fichier ./CSV3\bulletins\bulletins_propres\table_page_474.csv: En-tête 'Base' introuvable.
Erreur dans le fichier ./CSV3\bulletins\bulletins_propres\table_page_474.csv: En-tête '7T20Base' introuvable.
Erreur dans le fichier ./CSV3\bulletins\bulletins_propres\table_page_474.csv: En-tête '6082Base' introuvable.
Erreur dans le fichier ./CSV3\bulletins\bulletins_propres\table_page_474.csv: En-tête '6094Base' introuvable.
Erreur dans le fichier ./CSV3\bulletins\bulletins_propres\table_page_474.csv: En-tête 'Total Charges Ded.Base' introuvable.
Erreur dans le fichier ./CSV3\bulletins\bulletins_propres\table_page_474.csv: En-tête '6080Base' introuvable.
Erreur dans le fichier ./CSV3\bulletins\bulletins_propres\table_page_474.csv: En-tête '6084Base' introuvable.
Erreur dans le fichier ./CSV3\bulletins\bulletins_propres\table_page_474.csv: En-tête '6092Base' introuvable.
Erreur dans le fichier ./CSV3\bulletins\bulletins_propres\table_page_474.csv: En-tête '6096Base' introuvable.
Erreur dans le fichier ./CSV3\bulletins\bulletins_propres\table_page_474.csv: En-tête 'Total Charges Non Ded.Base' introuvable.
Erreur dans le fichier ./CSV3\bulletins\bulletins_propres\table_page_474.csv: En-tête '8009Base' introuvable.
Erreur dans le fichier ./CSV3\bulletins\bulletins_propres\table_page_474.csv: En-tête '8010Base' introuvable.
Erreur dans le fichier ./CSV3\bulletins\bulletins_propres\table_page_474.csv: En-tête '8007Base' introuvable.
Erreur dans le fichier ./CSV3\bulletins\bulletins_propres\table_page_474.csv: En-tête '8192Base' introuvable.
Erreur dans le fichier ./CSV3\bulletins\bulletins_propres\table_page_474.csv: En-tête 'Base' introuvable.
Erreur dans le fichier ./CSV3\bulletins\bulletins_propres\table_page_474.csv: En-tête 'Base' introuvable.
Erreur dans le fichier ./CSV3\bulletins\bulletins_propres\table_page_474.csv: En-tête 'Impôt sur le revenuBase' introuvable.
Erreur dans le fichier ./CSV3\bulletins\bulletins_propres\table_page_474.csv: En-tête 'Impôt sur le revenu à la sourceBase' introuvable.
Erreur dans le fichier ./CSV3\bulletins\bulletins_propres\table_page_476.csv: En-tête '1001Base' introuvable.
Erreur dans le fichier ./CSV3\bulletins\bulletins_propres\table_page_476.csv: En-tête '1046Base' introuvable.
Erreur dans le fichier ./CSV3\bulletins\bulletins_propres\table_page_476.csv: En-tête 'Base' introuvable.
Erreur dans le fichier ./CSV3\bulletins\bulletins_propres\table_page_476.csv: En-tête '1062Base' introuvable.
Erreur dans le fichier ./CSV3\bulletins\bulletins_propres\table_page_476.csv: En-tête 'Base' introuvable.
Erreur dans le fichier ./CSV3\bulletins\bulletins_propres\table_page_476.csv: En-tête '2012Base' introuvable.
Erreur dans le fichier ./CSV3\bulletins\bulletins_propres\table_page_476.csv: En-tête '2018Base' introuvable.
Erreur dans le fichier ./CSV3\bulletins\bulletins_propres\table_page_476.csv: En-tête '2068Base' introuvable.
Erreur dans le fichier ./CSV3\bulletins\bulletins_propres\table_page_476.csv: En-tête '2078Base' introuvable.
Erreur dans le fichier ./CSV3\bulletins\bulletins_propres\table_page_476.csv: En-tête '2080Base' introuvable.
Erreur dans le fichier ./CSV3\bulletins\bulletins_propres\table_page_476.csv: En-tête '2082Base' introuvable.
Erreur dans le fichier ./CSV3\bulletins\bulletins_propres\table_page_476.csv: En-tête '2112Base' introuvable.
Erreur dans le fichier ./CSV3\bulletins\bulletins_propres\table_page_476.csv: En-tête '3004Base' introuvable.
Erreur dans le fichier ./CSV3\bulletins\bulletins_propres\table_page_476.csv: En-tête 'Base' introuvable.
Erreur dans le fichier ./CSV3\bulletins\bulletins_propres\table_page_476.csv: En-tête 'TOTAL BRUTBase' introuvable.
Erreur dans le fichier ./CSV3\bulletins\bulletins_propres\table_page_476.csv: En-tête '6S89Base' introuvable.
Erreur dans le fichier ./CSV3\bulletins\bulletins_propres\table_page_476.csv: En-tête '7001Base' introuvable.
Erreur dans le fichier ./CSV3\bulletins\bulletins_propres\table_page_476.csv: En-tête '7010Base' introuvable.
Erreur dans le fichier ./CSV3\bulletins\bulletins_propres\table_page_476.csv: En-tête 'Base' introuvable.
Erreur dans le fichier ./CSV3\bulletins\bulletins_propres\table_page_476.csv: En-tête '7015Base' introuvable.
Erreur dans le fichier ./CSV3\bulletins\bulletins_propres\table_page_476.csv: En-tête 'Base' introuvable.
Erreur dans le fichier ./CSV3\bulletins\bulletins_propres\table_page_476.csv: En-tête '7020Base' introuvable.
Erreur dans le fichier ./CSV3\bulletins\bulletins_propres\table_page_476.csv: En-tête 'Base' introuvable.
Erreur dans le fichier ./CSV3\bulletins\bulletins_propres\table_page_476.csv: En-tête '7030Base' introuvable.
Erreur dans le fichier ./CSV3\bulletins\bulletins_propres\table_page_476.csv: En-tête 'Base' introuvable.
Erreur dans le fichier ./CSV3\bulletins\bulletins_propres\table_page_476.csv: En-tête '7035Base' introuvable.
Erreur dans le fichier ./CSV3\bulletins\bulletins_propres\table_page_476.csv: En-tête '7040Base' introuvable.
Erreur dans le fichier ./CSV3\bulletins\bulletins_propres\table_page_476.csv: En-tête '7045Base' introuvable.
Erreur dans le fichier ./CSV3\bulletins\bulletins_propres\table_page_476.csv: En-tête '7050Base' introuvable.
Erreur dans le fichier ./CSV3\bulletins\bulletins_propres\table_page_476.csv: En-tête '7055Base' introuvable.
Erreur dans le fichier ./CSV3\bulletins\bulletins_propres\table_page_476.csv: En-tête '7C00Base' introuvable.
Erreur dans le fichier ./CSV3\bulletins\bulletins_propres\table_page_476.csv: En-tête '7C10Base' introuvable.
Erreur dans le fichier ./CSV3\bulletins\bulletins_propres\table_page_476.csv: En-tête '7C20Base' introuvable.
Erreur dans le fichier ./CSV3\bulletins\bulletins_propres\table_page_476.csv: En-tête '7M04Base' introuvable.
Erreur dans le fichier ./CSV3\bulletins\bulletins_propres\table_page_476.csv: En-tête '7P10Base' introuvable.
Erreur dans le fichier ./CSV3\bulletins\bulletins_propres\table_page_476.csv: En-tête '7P11Base' introuvable.
Erreur dans le fichier ./CSV3\bulletins\bulletins_propres\table_page_476.csv: En-tête 'Base' introuvable.
Erreur dans le fichier ./CSV3\bulletins\bulletins_propres\table_page_476.csv: En-tête '7R56Base' introuvable.
Erreur dans le fichier ./CSV3\bulletins\bulletins_propres\table_page_476.csv: En-tête '7R57Base' introuvable.
Erreur dans le fichier ./CSV3\bulletins\bulletins_propres\table_page_476.csv: En-tête '7R63Base' introuvable.
Erreur dans le fichier ./CSV3\bulletins\bulletins_propres\table_page_476.csv: En-tête '7R64Base' introuvable.
Erreur dans le fichier ./CSV3\bulletins\bulletins_propres\table_page_476.csv: En-tête '7R70Base' introuvable.
Erreur dans le fichier ./CSV3\bulletins\bulletins_propres\table_page_476.csv: En-tête '7R71Base' introuvable.
Erreur dans le fichier ./CSV3\bulletins\bulletins_propres\table_page_476.csv: En-tête '7T00Base' introuvable.
Erreur dans le fichier ./CSV3\bulletins\bulletins_propres\table_page_476.csv: En-tête '7T02Base' introuvable.
Erreur dans le fichier ./CSV3\bulletins\bulletins_propres\table_page_476.csv: En-tête '7T05Base' introuvable.
Erreur dans le fichier ./CSV3\bulletins\bulletins_propres\table_page_476.csv: En-tête '7T10Base' introuvable.
Erreur dans le fichier ./CSV3\bulletins\bulletins_propres\table_page_476.csv: En-tête '7T15Base' introuvable.
Erreur dans le fichier ./CSV3\bulletins\bulletins_propres\table_page_476.csv: En-tête '7T20Base' introuvable.
Erreur dans le fichier ./CSV3\bulletins\bulletins_propres\table_page_476.csv: En-tête '6082Base' introuvable.
Erreur dans le fichier ./CSV3\bulletins\bulletins_propres\table_page_476.csv: En-tête '6094Base' introuvable.
Erreur dans le fichier ./CSV3\bulletins\bulletins_propres\table_page_476.csv: En-tête 'Total Charges Ded.Base' introuvable.
Erreur dans le fichier ./CSV3\bulletins\bulletins_propres\table_page_476.csv: En-tête '6070Base' introuvable.
Erreur dans le fichier ./CSV3\bulletins\bulletins_propres\table_page_476.csv: En-tête '6074Base' introuvable.
Erreur dans le fichier ./CSV3\bulletins\bulletins_propres\table_page_476.csv: En-tête '6080Base' introuvable.
Erreur dans le fichier ./CSV3\bulletins\bulletins_propres\table_page_476.csv: En-tête '6084Base' introuvable.
Erreur dans le fichier ./CSV3\bulletins\bulletins_propres\table_page_476.csv: En-tête '6092Base' introuvable.
Erreur dans le fichier ./CSV3\bulletins\bulletins_propres\table_page_476.csv: En-tête '6096Base' introuvable.
Erreur dans le fichier ./CSV3\bulletins\bulletins_propres\table_page_476.csv: En-tête 'Total Charges Non Ded.Base' introuvable.
Erreur dans le fichier ./CSV3\bulletins\bulletins_propres\table_page_476.csv: En-tête '8009Base' introuvable.
Erreur dans le fichier ./CSV3\bulletins\bulletins_propres\table_page_478.csv: En-tête '1001Base' introuvable.
Erreur dans le fichier ./CSV3\bulletins\bulletins_propres\table_page_478.csv: En-tête '1046Base' introuvable.
Erreur dans le fichier ./CSV3\bulletins\bulletins_propres\table_page_478.csv: En-tête 'Base' introuvable.
Erreur dans le fichier ./CSV3\bulletins\bulletins_propres\table_page_478.csv: En-tête '2068Base' introuvable.
Erreur dans le fichier ./CSV3\bulletins\bulletins_propres\table_page_478.csv: En-tête 'Base' introuvable.
Erreur dans le fichier ./CSV3\bulletins\bulletins_propres\table_page_478.csv: En-tête '2078Base' introuvable.
Erreur dans le fichier ./CSV3\bulletins\bulletins_propres\table_page_478.csv: En-tête '3250Base' introuvable.
Erreur dans le fichier ./CSV3\bulletins\bulletins_propres\table_page_478.csv: En-tête '3255Base' introuvable.
Erreur dans le fichier ./CSV3\bulletins\bulletins_propres\table_page_478.csv: En-tête 'Base' introuvable.
Erreur dans le fichier ./CSV3\bulletins\bulletins_propres\table_page_478.csv: En-tête 'TOTAL BRUTBase' introuvable.
Erreur dans le fichier ./CSV3\bulletins\bulletins_propres\table_page_478.csv: En-tête '7001Base' introuvable.
Erreur dans le fichier ./CSV3\bulletins\bulletins_propres\table_page_478.csv: En-tête '7010Base' introuvable.
Erreur dans le fichier ./CSV3\bulletins\bulletins_propres\table_page_478.csv: En-tête '7015Base' introuvable.
Erreur dans le fichier ./CSV3\bulletins\bulletins_propres\table_page_478.csv: En-tête '7020Base' introuvable.
Erreur dans le fichier ./CSV3\bulletins\bulletins_propres\table_page_478.csv: En-tête '7030Base' introuvable.
Erreur dans le fichier ./CSV3\bulletins\bulletins_propres\table_page_478.csv: En-tête '7035Base' introuvable.
Erreur dans le fichier ./CSV3\bulletins\bulletins_propres\table_page_478.csv: En-tête '7040Base' introuvable.
Erreur dans le fichier ./CSV3\bulletins\bulletins_propres\table_page_478.csv: En-tête '7045Base' introuvable.
Erreur dans le fichier ./CSV3\bulletins\bulletins_propres\table_page_478.csv: En-tête 'Base' introuvable.
Erreur dans le fichier ./CSV3\bulletins\bulletins_propres\table_page_478.csv: En-tête '7050Base' introuvable.
Erreur dans le fichier ./CSV3\bulletins\bulletins_propres\table_page_478.csv: En-tête 'Base' introuvable.
Erreur dans le fichier ./CSV3\bulletins\bulletins_propres\table_page_478.csv: En-tête '7055Base' introuvable.
Erreur dans le fichier ./CSV3\bulletins\bulletins_propres\table_page_478.csv: En-tête 'Base' introuvable.
Erreur dans le fichier ./CSV3\bulletins\bulletins_propres\table_page_478.csv: En-tête '7C00Base' introuvable.
Erreur dans le fichier ./CSV3\bulletins\bulletins_propres\table_page_478.csv: En-tête 'Base' introuvable.
Erreur dans le fichier ./CSV3\bulletins\bulletins_propres\table_page_478.csv: En-tête '7C20Base' introuvable.
Erreur dans le fichier ./CSV3\bulletins\bulletins_propres\table_page_478.csv: En-tête '7M03Base' introuvable.
Erreur dans le fichier ./CSV3\bulletins\bulletins_propres\table_page_478.csv: En-tête '7P10Base' introuvable.
Erreur dans le fichier ./CSV3\bulletins\bulletins_propres\table_page_478.csv: En-tête '7R56Base' introuvable.
Erreur dans le fichier ./CSV3\bulletins\bulletins_propres\table_page_478.csv: En-tête '7R63Base' introuvable.
Erreur dans le fichier ./CSV3\bulletins\bulletins_propres\table_page_478.csv: En-tête '7T00Base' introuvable.
Erreur dans le fichier ./CSV3\bulletins\bulletins_propres\table_page_478.csv: En-tête '7T02Base' introuvable.
Erreur dans le fichier ./CSV3\bulletins\bulletins_propres\table_page_478.csv: En-tête '7T05Base' introuvable.
Erreur dans le fichier ./CSV3\bulletins\bulletins_propres\table_page_478.csv: En-tête '7T10Base' introuvable.
Erreur dans le fichier ./CSV3\bulletins\bulletins_propres\table_page_478.csv: En-tête '7T15Base' introuvable.
Erreur dans le fichier ./CSV3\bulletins\bulletins_propres\table_page_478.csv: En-tête '7T20Base' introuvable.
Erreur dans le fichier ./CSV3\bulletins\bulletins_propres\table_page_478.csv: En-tête 'Base' introuvable.
Erreur dans le fichier ./CSV3\bulletins\bulletins_propres\table_page_478.csv: En-tête '6082Base' introuvable.
Erreur dans le fichier ./CSV3\bulletins\bulletins_propres\table_page_478.csv: En-tête 'Base' introuvable.
Erreur dans le fichier ./CSV3\bulletins\bulletins_propres\table_page_478.csv: En-tête '6094Base' introuvable.
Erreur dans le fichier ./CSV3\bulletins\bulletins_propres\table_page_478.csv: En-tête 'PALCAllégement chômageBase' introuvable.
Erreur dans le fichier ./CSV3\bulletins\bulletins_propres\table_page_478.csv: En-tête 'PALFAllégement FillonBase' introuvable.
Erreur dans le fichier ./CSV3\bulletins\bulletins_propres\table_page_478.csv: En-tête 'PALRAllégement retraiteBase' introuvable.
Erreur dans le fichier ./CSV3\bulletins\bulletins_propres\table_page_478.csv: En-tête 'Total Charges Ded.Base' introuvable.
Erreur dans le fichier ./CSV3\bulletins\bulletins_propres\table_page_478.csv: En-tête '6080Base' introuvable.
Erreur dans le fichier ./CSV3\bulletins\bulletins_propres\table_page_478.csv: En-tête '6084Base' introuvable.
Erreur dans le fichier ./CSV3\bulletins\bulletins_propres\table_page_478.csv: En-tête '6092Base' introuvable.
Erreur dans le fichier ./CSV3\bulletins\bulletins_propres\table_page_478.csv: En-tête '6096Base' introuvable.
Erreur dans le fichier ./CSV3\bulletins\bulletins_propres\table_page_478.csv: En-tête 'Total Charges Non Ded.Base' introuvable.
Erreur dans le fichier ./CSV3\bulletins\bulletins_propres\table_page_478.csv: En-tête '8009Base' introuvable.
Erreur dans le fichier ./CSV3\bulletins\bulletins_propres\table_page_478.csv: En-tête '8010Base' introuvable.
Erreur dans le fichier ./CSV3\bulletins\bulletins_propres\table_page_478.csv: En-tête '8007Base' introuvable.
Erreur dans le fichier ./CSV3\bulletins\bulletins_propres\table_page_478.csv: En-tête 'Base' introuvable.
Erreur dans le fichier ./CSV3\bulletins\bulletins_propres\table_page_478.csv: En-tête 'Base' introuvable.
Erreur dans le fichier ./CSV3\bulletins\bulletins_propres\table_page_478.csv: En-tête 'Impôt sur le revenuBase' introuvable.
Erreur dans le fichier ./CSV3\bulletins\bulletins_propres\table_page_478.csv: En-tête 'Impôt sur le revenu à la sourceBase' introuvable.
Erreur dans le fichier ./CSV3\bulletins\bulletins_propres\table_page_480.csv: En-tête '1001Base' introuvable.
Erreur dans le fichier ./CSV3\bulletins\bulletins_propres\table_page_480.csv: En-tête '1046Base' introuvable.
Erreur dans le fichier ./CSV3\bulletins\bulletins_propres\table_page_480.csv: En-tête 'Base' introuvable.
Erreur dans le fichier ./CSV3\bulletins\bulletins_propres\table_page_480.csv: En-tête '2016Base' introuvable.
Erreur dans le fichier ./CSV3\bulletins\bulletins_propres\table_page_480.csv: En-tête 'Base' introuvable.
Erreur dans le fichier ./CSV3\bulletins\bulletins_propres\table_page_480.csv: En-tête '2050Base' introuvable.
Erreur dans le fichier ./CSV3\bulletins\bulletins_propres\table_page_480.csv: En-tête '3050Base' introuvable.
Erreur dans le fichier ./CSV3\bulletins\bulletins_propres\table_page_480.csv: En-tête '3200Base' introuvable.
Erreur dans le fichier ./CSV3\bulletins\bulletins_propres\table_page_480.csv: En-tête '3230Base' introuvable.
Erreur dans le fichier ./CSV3\bulletins\bulletins_propres\table_page_480.csv: En-tête '3B80Base' introuvable.
Erreur dans le fichier ./CSV3\bulletins\bulletins_propres\table_page_480.csv: En-tête '3B82Base' introuvable.
Erreur dans le fichier ./CSV3\bulletins\bulletins_propres\table_page_480.csv: En-tête 'Base' introuvable.
Erreur dans le fichier ./CSV3\bulletins\bulletins_propres\table_page_480.csv: En-tête 'TOTAL BRUTBase' introuvable.
Erreur dans le fichier ./CSV3\bulletins\bulletins_propres\table_page_480.csv: En-tête '60F2Base' introuvable.
Erreur dans le fichier ./CSV3\bulletins\bulletins_propres\table_page_480.csv: En-tête '7001Base' introuvable.
Erreur dans le fichier ./CSV3\bulletins\bulletins_propres\table_page_480.csv: En-tête '7010Base' introuvable.
Erreur dans le fichier ./CSV3\bulletins\bulletins_propres\table_page_480.csv: En-tête '7015Base' introuvable.
Erreur dans le fichier ./CSV3\bulletins\bulletins_propres\table_page_480.csv: En-tête '7020Base' introuvable.
Erreur dans le fichier ./CSV3\bulletins\bulletins_propres\table_page_480.csv: En-tête 'Base' introuvable.
Erreur dans le fichier ./CSV3\bulletins\bulletins_propres\table_page_480.csv: En-tête '7030Base' introuvable.
Erreur dans le fichier ./CSV3\bulletins\bulletins_propres\table_page_480.csv: En-tête 'Base' introuvable.
Erreur dans le fichier ./CSV3\bulletins\bulletins_propres\table_page_480.csv: En-tête '7035Base' introuvable.
Erreur dans le fichier ./CSV3\bulletins\bulletins_propres\table_page_480.csv: En-tête 'Base' introuvable.
Erreur dans le fichier ./CSV3\bulletins\bulletins_propres\table_page_480.csv: En-tête '7040Base' introuvable.
Erreur dans le fichier ./CSV3\bulletins\bulletins_propres\table_page_480.csv: En-tête 'Base' introuvable.
Erreur dans le fichier ./CSV3\bulletins\bulletins_propres\table_page_480.csv: En-tête '7045Base' introuvable.
Erreur dans le fichier ./CSV3\bulletins\bulletins_propres\table_page_480.csv: En-tête '7050Base' introuvable.
Erreur dans le fichier ./CSV3\bulletins\bulletins_propres\table_page_480.csv: En-tête '7055Base' introuvable.
Erreur dans le fichier ./CSV3\bulletins\bulletins_propres\table_page_480.csv: En-tête '7C00Base' introuvable.
Erreur dans le fichier ./CSV3\bulletins\bulletins_propres\table_page_480.csv: En-tête '7C20Base' introuvable.
Erreur dans le fichier ./CSV3\bulletins\bulletins_propres\table_page_480.csv: En-tête '7M04Base' introuvable.
Erreur dans le fichier ./CSV3\bulletins\bulletins_propres\table_page_480.csv: En-tête '7P10Base' introuvable.
Erreur dans le fichier ./CSV3\bulletins\bulletins_propres\table_page_480.csv: En-tête '7R56Base' introuvable.
Erreur dans le fichier ./CSV3\bulletins\bulletins_propres\table_page_480.csv: En-tête '7R63Base' introuvable.
Erreur dans le fichier ./CSV3\bulletins\bulletins_propres\table_page_480.csv: En-tête '7T00Base' introuvable.
Erreur dans le fichier ./CSV3\bulletins\bulletins_propres\table_page_480.csv: En-tête '7T02Base' introuvable.
Erreur dans le fichier ./CSV3\bulletins\bulletins_propres\table_page_480.csv: En-tête 'Base' introuvable.
Erreur dans le fichier ./CSV3\bulletins\bulletins_propres\table_page_480.csv: En-tête '7T05Base' introuvable.
Erreur dans le fichier ./CSV3\bulletins\bulletins_propres\table_page_480.csv: En-tête 'Base' introuvable.
Erreur dans le fichier ./CSV3\bulletins\bulletins_propres\table_page_480.csv: En-tête '7T10Base' introuvable.
Erreur dans le fichier ./CSV3\bulletins\bulletins_propres\table_page_480.csv: En-tête '7T15Base' introuvable.
Erreur dans le fichier ./CSV3\bulletins\bulletins_propres\table_page_480.csv: En-tête '7T20Base' introuvable.
Erreur dans le fichier ./CSV3\bulletins\bulletins_propres\table_page_480.csv: En-tête '6082Base' introuvable.
Erreur dans le fichier ./CSV3\bulletins\bulletins_propres\table_page_480.csv: En-tête '6094Base' introuvable.
Erreur dans le fichier ./CSV3\bulletins\bulletins_propres\table_page_480.csv: En-tête 'Total Charges Ded.Base' introuvable.
Erreur dans le fichier ./CSV3\bulletins\bulletins_propres\table_page_480.csv: En-tête '6080Base' introuvable.
Erreur dans le fichier ./CSV3\bulletins\bulletins_propres\table_page_480.csv: En-tête '6084Base' introuvable.
Erreur dans le fichier ./CSV3\bulletins\bulletins_propres\table_page_480.csv: En-tête '6092Base' introuvable.
Erreur dans le fichier ./CSV3\bulletins\bulletins_propres\table_page_480.csv: En-tête '6096Base' introuvable.
Erreur dans le fichier ./CSV3\bulletins\bulletins_propres\table_page_480.csv: En-tête '60F1Base' introuvable.
Erreur dans le fichier ./CSV3\bulletins\bulletins_propres\table_page_480.csv: En-tête '60F3Base' introuvable.
Erreur dans le fichier ./CSV3\bulletins\bulletins_propres\table_page_480.csv: En-tête '60F4Base' introuvable.
Erreur dans le fichier ./CSV3\bulletins\bulletins_propres\table_page_480.csv: En-tête '60F8Base' introuvable.
Erreur dans le fichier ./CSV3\bulletins\bulletins_propres\table_page_480.csv: En-tête '60F9Base' introuvable.
Erreur dans le fichier ./CSV3\bulletins\bulletins_propres\table_page_480.csv: En-tête 'Total Charges Non Ded.Base' introuvable.
Erreur dans le fichier ./CSV3\bulletins\bulletins_propres\table_page_480.csv: En-tête '/561Avance sur paie négativeBase' introuvable.
Erreur dans le fichier ./CSV3\bulletins\bulletins_propres\table_page_480.csv: En-tête '/5I2IJ nette - Maladie 0624Base' introuvable.
Erreur dans le fichier ./CSV3\bulletins\bulletins_propres\table_page_482.csv: En-tête '1001Base' introuvable.
Erreur dans le fichier ./CSV3\bulletins\bulletins_propres\table_page_482.csv: En-tête '1046Base' introuvable.
Erreur dans le fichier ./CSV3\bulletins\bulletins_propres\table_page_482.csv: En-tête 'Base' introuvable.
Erreur dans le fichier ./CSV3\bulletins\bulletins_propres\table_page_482.csv: En-tête '2018Base' introuvable.
Erreur dans le fichier ./CSV3\bulletins\bulletins_propres\table_page_482.csv: En-tête 'Base' introuvable.
Erreur dans le fichier ./CSV3\bulletins\bulletins_propres\table_page_482.csv: En-tête '2068Base' introuvable.
Erreur dans le fichier ./CSV3\bulletins\bulletins_propres\table_page_482.csv: En-tête '2078Base' introuvable.
Erreur dans le fichier ./CSV3\bulletins\bulletins_propres\table_page_482.csv: En-tête '3460Base' introuvable.
Erreur dans le fichier ./CSV3\bulletins\bulletins_propres\table_page_482.csv: En-tête '3462Base' introuvable.
Erreur dans le fichier ./CSV3\bulletins\bulletins_propres\table_page_482.csv: En-tête 'Base' introuvable.
Erreur dans le fichier ./CSV3\bulletins\bulletins_propres\table_page_482.csv: En-tête 'TOTAL BRUTBase' introuvable.
Erreur dans le fichier ./CSV3\bulletins\bulletins_propres\table_page_482.csv: En-tête '7001Base' introuvable.
Erreur dans le fichier ./CSV3\bulletins\bulletins_propres\table_page_482.csv: En-tête '7010Base' introuvable.
Erreur dans le fichier ./CSV3\bulletins\bulletins_propres\table_page_482.csv: En-tête '7015Base' introuvable.
Erreur dans le fichier ./CSV3\bulletins\bulletins_propres\table_page_482.csv: En-tête '7020Base' introuvable.
Erreur dans le fichier ./CSV3\bulletins\bulletins_propres\table_page_482.csv: En-tête '7030Base' introuvable.
Erreur dans le fichier ./CSV3\bulletins\bulletins_propres\table_page_482.csv: En-tête '7035Base' introuvable.
Erreur dans le fichier ./CSV3\bulletins\bulletins_propres\table_page_482.csv: En-tête '7040Base' introuvable.
Erreur dans le fichier ./CSV3\bulletins\bulletins_propres\table_page_482.csv: En-tête 'Base' introuvable.
Erreur dans le fichier ./CSV3\bulletins\bulletins_propres\table_page_482.csv: En-tête '7045Base' introuvable.
Erreur dans le fichier ./CSV3\bulletins\bulletins_propres\table_page_482.csv: En-tête 'Base' introuvable.
Erreur dans le fichier ./CSV3\bulletins\bulletins_propres\table_page_482.csv: En-tête '7050Base' introuvable.
Erreur dans le fichier ./CSV3\bulletins\bulletins_propres\table_page_482.csv: En-tête 'Base' introuvable.
Erreur dans le fichier ./CSV3\bulletins\bulletins_propres\table_page_482.csv: En-tête '7055Base' introuvable.
Erreur dans le fichier ./CSV3\bulletins\bulletins_propres\table_page_482.csv: En-tête 'Base' introuvable.
Erreur dans le fichier ./CSV3\bulletins\bulletins_propres\table_page_482.csv: En-tête '7C00Base' introuvable.
Erreur dans le fichier ./CSV3\bulletins\bulletins_propres\table_page_482.csv: En-tête '7C20Base' introuvable.
Erreur dans le fichier ./CSV3\bulletins\bulletins_propres\table_page_482.csv: En-tête '7M03Base' introuvable.
Erreur dans le fichier ./CSV3\bulletins\bulletins_propres\table_page_482.csv: En-tête '7P10Base' introuvable.
Erreur dans le fichier ./CSV3\bulletins\bulletins_propres\table_page_482.csv: En-tête '7R56Base' introuvable.
Erreur dans le fichier ./CSV3\bulletins\bulletins_propres\table_page_482.csv: En-tête '7R63Base' introuvable.
Erreur dans le fichier ./CSV3\bulletins\bulletins_propres\table_page_482.csv: En-tête '7T00Base' introuvable.
Erreur dans le fichier ./CSV3\bulletins\bulletins_propres\table_page_482.csv: En-tête '7T02Base' introuvable.
Erreur dans le fichier ./CSV3\bulletins\bulletins_propres\table_page_482.csv: En-tête '7T05Base' introuvable.
Erreur dans le fichier ./CSV3\bulletins\bulletins_propres\table_page_482.csv: En-tête '7T10Base' introuvable.
Erreur dans le fichier ./CSV3\bulletins\bulletins_propres\table_page_482.csv: En-tête '7T15Base' introuvable.
Erreur dans le fichier ./CSV3\bulletins\bulletins_propres\table_page_482.csv: En-tête 'Base' introuvable.
Erreur dans le fichier ./CSV3\bulletins\bulletins_propres\table_page_482.csv: En-tête '7T20Base' introuvable.
Erreur dans le fichier ./CSV3\bulletins\bulletins_propres\table_page_482.csv: En-tête 'Base' introuvable.
Erreur dans le fichier ./CSV3\bulletins\bulletins_propres\table_page_482.csv: En-tête '6082Base' introuvable.
Erreur dans le fichier ./CSV3\bulletins\bulletins_propres\table_page_482.csv: En-tête '6094Base' introuvable.
Erreur dans le fichier ./CSV3\bulletins\bulletins_propres\table_page_482.csv: En-tête 'PALCAllégement chômageBase' introuvable.
Erreur dans le fichier ./CSV3\bulletins\bulletins_propres\table_page_482.csv: En-tête 'PALFAllégement FillonBase' introuvable.
Erreur dans le fichier ./CSV3\bulletins\bulletins_propres\table_page_482.csv: En-tête 'PALRAllégement retraiteBase' introuvable.
Erreur dans le fichier ./CSV3\bulletins\bulletins_propres\table_page_482.csv: En-tête 'Total Charges Ded.Base' introuvable.
Erreur dans le fichier ./CSV3\bulletins\bulletins_propres\table_page_482.csv: En-tête '6080Base' introuvable.
Erreur dans le fichier ./CSV3\bulletins\bulletins_propres\table_page_482.csv: En-tête '6084Base' introuvable.
Erreur dans le fichier ./CSV3\bulletins\bulletins_propres\table_page_482.csv: En-tête '6092Base' introuvable.
Erreur dans le fichier ./CSV3\bulletins\bulletins_propres\table_page_482.csv: En-tête '6096Base' introuvable.
Erreur dans le fichier ./CSV3\bulletins\bulletins_propres\table_page_482.csv: En-tête 'Total Charges Non Ded.Base' introuvable.
Erreur dans le fichier ./CSV3\bulletins\bulletins_propres\table_page_482.csv: En-tête '8009Base' introuvable.
Erreur dans le fichier ./CSV3\bulletins\bulletins_propres\table_page_482.csv: En-tête '8010Base' introuvable.
Erreur dans le fichier ./CSV3\bulletins\bulletins_propres\table_page_482.csv: En-tête '8007Base' introuvable.
Erreur dans le fichier ./CSV3\bulletins\bulletins_propres\table_page_482.csv: En-tête '8022Base' introuvable.
Erreur dans le fichier ./CSV3\bulletins\bulletins_propres\table_page_482.csv: En-tête '8192Base' introuvable.
Erreur dans le fichier ./CSV3\bulletins\bulletins_propres\table_page_484.csv: En-tête '1001Base' introuvable.
Erreur dans le fichier ./CSV3\bulletins\bulletins_propres\table_page_484.csv: En-tête '1046Base' introuvable.
Erreur dans le fichier ./CSV3\bulletins\bulletins_propres\table_page_484.csv: En-tête 'Base' introuvable.
Erreur dans le fichier ./CSV3\bulletins\bulletins_propres\table_page_484.csv: En-tête '2012Base' introuvable.
Erreur dans le fichier ./CSV3\bulletins\bulletins_propres\table_page_484.csv: En-tête 'Base' introuvable.
Erreur dans le fichier ./CSV3\bulletins\bulletins_propres\table_page_484.csv: En-tête '2018Base' introuvable.
Erreur dans le fichier ./CSV3\bulletins\bulletins_propres\table_page_484.csv: En-tête '2068Base' introuvable.
Erreur dans le fichier ./CSV3\bulletins\bulletins_propres\table_page_484.csv: En-tête '2078Base' introuvable.
Erreur dans le fichier ./CSV3\bulletins\bulletins_propres\table_page_484.csv: En-tête 'Base' introuvable.
Erreur dans le fichier ./CSV3\bulletins\bulletins_propres\table_page_484.csv: En-tête 'TOTAL BRUTBase' introuvable.
Erreur dans le fichier ./CSV3\bulletins\bulletins_propres\table_page_484.csv: En-tête '7001Base' introuvable.
Erreur dans le fichier ./CSV3\bulletins\bulletins_propres\table_page_484.csv: En-tête '7010Base' introuvable.
Erreur dans le fichier ./CSV3\bulletins\bulletins_propres\table_page_484.csv: En-tête '7015Base' introuvable.
Erreur dans le fichier ./CSV3\bulletins\bulletins_propres\table_page_484.csv: En-tête '7020Base' introuvable.
Erreur dans le fichier ./CSV3\bulletins\bulletins_propres\table_page_484.csv: En-tête '7030Base' introuvable.
Erreur dans le fichier ./CSV3\bulletins\bulletins_propres\table_page_484.csv: En-tête '7035Base' introuvable.
Erreur dans le fichier ./CSV3\bulletins\bulletins_propres\table_page_484.csv: En-tête '7040Base' introuvable.
Erreur dans le fichier ./CSV3\bulletins\bulletins_propres\table_page_484.csv: En-tête '7045Base' introuvable.
Erreur dans le fichier ./CSV3\bulletins\bulletins_propres\table_page_484.csv: En-tête 'Base' introuvable.
Erreur dans le fichier ./CSV3\bulletins\bulletins_propres\table_page_484.csv: En-tête '7050Base' introuvable.
Erreur dans le fichier ./CSV3\bulletins\bulletins_propres\table_page_484.csv: En-tête 'Base' introuvable.
Erreur dans le fichier ./CSV3\bulletins\bulletins_propres\table_page_484.csv: En-tête '7055Base' introuvable.
Erreur dans le fichier ./CSV3\bulletins\bulletins_propres\table_page_484.csv: En-tête 'Base' introuvable.
Erreur dans le fichier ./CSV3\bulletins\bulletins_propres\table_page_484.csv: En-tête '7C00Base' introuvable.
Erreur dans le fichier ./CSV3\bulletins\bulletins_propres\table_page_484.csv: En-tête 'Base' introuvable.
Erreur dans le fichier ./CSV3\bulletins\bulletins_propres\table_page_484.csv: En-tête '7C20Base' introuvable.
Erreur dans le fichier ./CSV3\bulletins\bulletins_propres\table_page_484.csv: En-tête '7M03Base' introuvable.
Erreur dans le fichier ./CSV3\bulletins\bulletins_propres\table_page_484.csv: En-tête '7P10Base' introuvable.
Erreur dans le fichier ./CSV3\bulletins\bulletins_propres\table_page_484.csv: En-tête '7R56Base' introuvable.
Erreur dans le fichier ./CSV3\bulletins\bulletins_propres\table_page_484.csv: En-tête '7R63Base' introuvable.
Erreur dans le fichier ./CSV3\bulletins\bulletins_propres\table_page_484.csv: En-tête '7T00Base' introuvable.
Erreur dans le fichier ./CSV3\bulletins\bulletins_propres\table_page_484.csv: En-tête '7T02Base' introuvable.
Erreur dans le fichier ./CSV3\bulletins\bulletins_propres\table_page_484.csv: En-tête '7T05Base' introuvable.
Erreur dans le fichier ./CSV3\bulletins\bulletins_propres\table_page_484.csv: En-tête '7T10Base' introuvable.
Erreur dans le fichier ./CSV3\bulletins\bulletins_propres\table_page_484.csv: En-tête '7T15Base' introuvable.
Erreur dans le fichier ./CSV3\bulletins\bulletins_propres\table_page_484.csv: En-tête '7T20Base' introuvable.
Erreur dans le fichier ./CSV3\bulletins\bulletins_propres\table_page_484.csv: En-tête 'Base' introuvable.
Erreur dans le fichier ./CSV3\bulletins\bulletins_propres\table_page_484.csv: En-tête '6082Base' introuvable.
Erreur dans le fichier ./CSV3\bulletins\bulletins_propres\table_page_484.csv: En-tête '6094Base' introuvable.
Erreur dans le fichier ./CSV3\bulletins\bulletins_propres\table_page_484.csv: En-tête 'PALCAllégement chômageBase' introuvable.
Erreur dans le fichier ./CSV3\bulletins\bulletins_propres\table_page_484.csv: En-tête 'PALFAllégement FillonBase' introuvable.
Erreur dans le fichier ./CSV3\bulletins\bulletins_propres\table_page_484.csv: En-tête 'PALRAllégement retraiteBase' introuvable.
Erreur dans le fichier ./CSV3\bulletins\bulletins_propres\table_page_484.csv: En-tête 'Total Charges Ded.Base' introuvable.
Erreur dans le fichier ./CSV3\bulletins\bulletins_propres\table_page_484.csv: En-tête '6080Base' introuvable.
Erreur dans le fichier ./CSV3\bulletins\bulletins_propres\table_page_484.csv: En-tête '6084Base' introuvable.
Erreur dans le fichier ./CSV3\bulletins\bulletins_propres\table_page_484.csv: En-tête '6092Base' introuvable.
Erreur dans le fichier ./CSV3\bulletins\bulletins_propres\table_page_484.csv: En-tête '6096Base' introuvable.
Erreur dans le fichier ./CSV3\bulletins\bulletins_propres\table_page_484.csv: En-tête 'Total Charges Non Ded.Base' introuvable.
Erreur dans le fichier ./CSV3\bulletins\bulletins_propres\table_page_484.csv: En-tête '8009Base' introuvable.
Erreur dans le fichier ./CSV3\bulletins\bulletins_propres\table_page_484.csv: En-tête '8010Base' introuvable.
Erreur dans le fichier ./CSV3\bulletins\bulletins_propres\table_page_484.csv: En-tête '8022Base' introuvable.
Erreur dans le fichier ./CSV3\bulletins\bulletins_propres\table_page_484.csv: En-tête '8192Base' introuvable.
Erreur dans le fichier ./CSV3\bulletins\bulletins_propres\table_page_486.csv: En-tête '1001Base' introuvable.
Erreur dans le fichier ./CSV3\bulletins\bulletins_propres\table_page_486.csv: En-tête '1046Base' introuvable.
Erreur dans le fichier ./CSV3\bulletins\bulletins_propres\table_page_486.csv: En-tête 'Base' introuvable.
Erreur dans le fichier ./CSV3\bulletins\bulletins_propres\table_page_486.csv: En-tête '2012Base' introuvable.
Erreur dans le fichier ./CSV3\bulletins\bulletins_propres\table_page_486.csv: En-tête 'Base' introuvable.
Erreur dans le fichier ./CSV3\bulletins\bulletins_propres\table_page_486.csv: En-tête '2018Base' introuvable.
Erreur dans le fichier ./CSV3\bulletins\bulletins_propres\table_page_486.csv: En-tête '2068Base' introuvable.
Erreur dans le fichier ./CSV3\bulletins\bulletins_propres\table_page_486.csv: En-tête '2078Base' introuvable.
Erreur dans le fichier ./CSV3\bulletins\bulletins_propres\table_page_486.csv: En-tête '3006Base' introuvable.
Erreur dans le fichier ./CSV3\bulletins\bulletins_propres\table_page_486.csv: En-tête '3010Base' introuvable.
Erreur dans le fichier ./CSV3\bulletins\bulletins_propres\table_page_486.csv: En-tête 'Base' introuvable.
Erreur dans le fichier ./CSV3\bulletins\bulletins_propres\table_page_486.csv: En-tête 'TOTAL BRUTBase' introuvable.
Erreur dans le fichier ./CSV3\bulletins\bulletins_propres\table_page_486.csv: En-tête '6S89Base' introuvable.
Erreur dans le fichier ./CSV3\bulletins\bulletins_propres\table_page_486.csv: En-tête '7001Base' introuvable.
Erreur dans le fichier ./CSV3\bulletins\bulletins_propres\table_page_486.csv: En-tête '7010Base' introuvable.
Erreur dans le fichier ./CSV3\bulletins\bulletins_propres\table_page_486.csv: En-tête '7015Base' introuvable.
Erreur dans le fichier ./CSV3\bulletins\bulletins_propres\table_page_486.csv: En-tête '7020Base' introuvable.
Erreur dans le fichier ./CSV3\bulletins\bulletins_propres\table_page_486.csv: En-tête '7030Base' introuvable.
Erreur dans le fichier ./CSV3\bulletins\bulletins_propres\table_page_486.csv: En-tête 'Base' introuvable.
Erreur dans le fichier ./CSV3\bulletins\bulletins_propres\table_page_486.csv: En-tête '7035Base' introuvable.
Erreur dans le fichier ./CSV3\bulletins\bulletins_propres\table_page_486.csv: En-tête 'Base' introuvable.
Erreur dans le fichier ./CSV3\bulletins\bulletins_propres\table_page_486.csv: En-tête '7040Base' introuvable.
Erreur dans le fichier ./CSV3\bulletins\bulletins_propres\table_page_486.csv: En-tête 'Base' introuvable.
Erreur dans le fichier ./CSV3\bulletins\bulletins_propres\table_page_486.csv: En-tête '7045Base' introuvable.
Erreur dans le fichier ./CSV3\bulletins\bulletins_propres\table_page_486.csv: En-tête 'Base' introuvable.
Erreur dans le fichier ./CSV3\bulletins\bulletins_propres\table_page_486.csv: En-tête '7050Base' introuvable.
Erreur dans le fichier ./CSV3\bulletins\bulletins_propres\table_page_486.csv: En-tête '7055Base' introuvable.
Erreur dans le fichier ./CSV3\bulletins\bulletins_propres\table_page_486.csv: En-tête '7C00Base' introuvable.
Erreur dans le fichier ./CSV3\bulletins\bulletins_propres\table_page_486.csv: En-tête '7C20Base' introuvable.
Erreur dans le fichier ./CSV3\bulletins\bulletins_propres\table_page_486.csv: En-tête '7M04Base' introuvable.
Erreur dans le fichier ./CSV3\bulletins\bulletins_propres\table_page_486.csv: En-tête '7P10Base' introuvable.
Erreur dans le fichier ./CSV3\bulletins\bulletins_propres\table_page_486.csv: En-tête '7R56Base' introuvable.
Erreur dans le fichier ./CSV3\bulletins\bulletins_propres\table_page_486.csv: En-tête '7R63Base' introuvable.
Erreur dans le fichier ./CSV3\bulletins\bulletins_propres\table_page_486.csv: En-tête '7T00Base' introuvable.
Erreur dans le fichier ./CSV3\bulletins\bulletins_propres\table_page_486.csv: En-tête '7T02Base' introuvable.
Erreur dans le fichier ./CSV3\bulletins\bulletins_propres\table_page_486.csv: En-tête '7T05Base' introuvable.
Erreur dans le fichier ./CSV3\bulletins\bulletins_propres\table_page_486.csv: En-tête 'Base' introuvable.
Erreur dans le fichier ./CSV3\bulletins\bulletins_propres\table_page_486.csv: En-tête '7T10Base' introuvable.
Erreur dans le fichier ./CSV3\bulletins\bulletins_propres\table_page_486.csv: En-tête '7T15Base' introuvable.
Erreur dans le fichier ./CSV3\bulletins\bulletins_propres\table_page_486.csv: En-tête '7T20Base' introuvable.
Erreur dans le fichier ./CSV3\bulletins\bulletins_propres\table_page_486.csv: En-tête '6082Base' introuvable.
Erreur dans le fichier ./CSV3\bulletins\bulletins_propres\table_page_486.csv: En-tête '6094Base' introuvable.
Erreur dans le fichier ./CSV3\bulletins\bulletins_propres\table_page_486.csv: En-tête 'PALCAllégement chômageBase' introuvable.
Erreur dans le fichier ./CSV3\bulletins\bulletins_propres\table_page_486.csv: En-tête 'PALFAllégement FillonBase' introuvable.
Erreur dans le fichier ./CSV3\bulletins\bulletins_propres\table_page_486.csv: En-tête 'PALRAllégement retraiteBase' introuvable.
Erreur dans le fichier ./CSV3\bulletins\bulletins_propres\table_page_486.csv: En-tête 'Total Charges Ded.Base' introuvable.
Erreur dans le fichier ./CSV3\bulletins\bulletins_propres\table_page_486.csv: En-tête '6070Base' introuvable.
Erreur dans le fichier ./CSV3\bulletins\bulletins_propres\table_page_486.csv: En-tête '6074Base' introuvable.
Erreur dans le fichier ./CSV3\bulletins\bulletins_propres\table_page_486.csv: En-tête '6080Base' introuvable.
Erreur dans le fichier ./CSV3\bulletins\bulletins_propres\table_page_486.csv: En-tête '6084Base' introuvable.
Erreur dans le fichier ./CSV3\bulletins\bulletins_propres\table_page_486.csv: En-tête '6092Base' introuvable.
Erreur dans le fichier ./CSV3\bulletins\bulletins_propres\table_page_486.csv: En-tête '6096Base' introuvable.
Erreur dans le fichier ./CSV3\bulletins\bulletins_propres\table_page_486.csv: En-tête 'Total Charges Non Ded.Base' introuvable.
Erreur dans le fichier ./CSV3\bulletins\bulletins_propres\table_page_486.csv: En-tête '8009Base' introuvable.
Erreur dans le fichier ./CSV3\bulletins\bulletins_propres\table_page_486.csv: En-tête '8010Base' introuvable.
Erreur dans le fichier ./CSV3\bulletins\bulletins_propres\table_page_486.csv: En-tête '8007Base' introuvable.
Erreur dans le fichier ./CSV3\bulletins\bulletins_propres\table_page_486.csv: En-tête '8192Base' introuvable.
Erreur dans le fichier ./CSV3\bulletins\bulletins_propres\table_page_486.csv: En-tête '8190Base' introuvable.
Erreur dans le fichier ./CSV3\bulletins\bulletins_propres\table_page_488.csv: En-tête '1004Base' introuvable.
Erreur dans le fichier ./CSV3\bulletins\bulletins_propres\table_page_488.csv: En-tête '2068Base' introuvable.
Erreur dans le fichier ./CSV3\bulletins\bulletins_propres\table_page_488.csv: En-tête 'Base' introuvable.
Erreur dans le fichier ./CSV3\bulletins\bulletins_propres\table_page_488.csv: En-tête '2078Base' introuvable.
Erreur dans le fichier ./CSV3\bulletins\bulletins_propres\table_page_488.csv: En-tête 'Base' introuvable.
Erreur dans le fichier ./CSV3\bulletins\bulletins_propres\table_page_488.csv: En-tête '3460Base' introuvable.
Erreur dans le fichier ./CSV3\bulletins\bulletins_propres\table_page_488.csv: En-tête '3462Base' introuvable.
Erreur dans le fichier ./CSV3\bulletins\bulletins_propres\table_page_488.csv: En-tête 'Base' introuvable.
Erreur dans le fichier ./CSV3\bulletins\bulletins_propres\table_page_488.csv: En-tête 'TOTAL BRUTBase' introuvable.
Erreur dans le fichier ./CSV3\bulletins\bulletins_propres\table_page_488.csv: En-tête '7003Base' introuvable.
Erreur dans le fichier ./CSV3\bulletins\bulletins_propres\table_page_488.csv: En-tête '7011Base' introuvable.
Erreur dans le fichier ./CSV3\bulletins\bulletins_propres\table_page_488.csv: En-tête '7018Base' introuvable.
Erreur dans le fichier ./CSV3\bulletins\bulletins_propres\table_page_488.csv: En-tête '7020Base' introuvable.
Erreur dans le fichier ./CSV3\bulletins\bulletins_propres\table_page_488.csv: En-tête '7031Base' introuvable.
Erreur dans le fichier ./CSV3\bulletins\bulletins_propres\table_page_488.csv: En-tête '7040Base' introuvable.
Erreur dans le fichier ./CSV3\bulletins\bulletins_propres\table_page_488.csv: En-tête '7045Base' introuvable.
Erreur dans le fichier ./CSV3\bulletins\bulletins_propres\table_page_488.csv: En-tête '7055Base' introuvable.
Erreur dans le fichier ./CSV3\bulletins\bulletins_propres\table_page_488.csv: En-tête '7135Base' introuvable.
Erreur dans le fichier ./CSV3\bulletins\bulletins_propres\table_page_488.csv: En-tête 'Base' introuvable.
Erreur dans le fichier ./CSV3\bulletins\bulletins_propres\table_page_488.csv: En-tête '7155Base' introuvable.
Erreur dans le fichier ./CSV3\bulletins\bulletins_propres\table_page_488.csv: En-tête 'Base' introuvable.
Erreur dans le fichier ./CSV3\bulletins\bulletins_propres\table_page_488.csv: En-tête '7C20Base' introuvable.
Erreur dans le fichier ./CSV3\bulletins\bulletins_propres\table_page_488.csv: En-tête 'Base' introuvable.
Erreur dans le fichier ./CSV3\bulletins\bulletins_propres\table_page_488.csv: En-tête '7C40Base' introuvable.
Erreur dans le fichier ./CSV3\bulletins\bulletins_propres\table_page_488.csv: En-tête 'Base' introuvable.
Erreur dans le fichier ./CSV3\bulletins\bulletins_propres\table_page_488.csv: En-tête '7R50Base' introuvable.
Erreur dans le fichier ./CSV3\bulletins\bulletins_propres\table_page_488.csv: En-tête '7R60Base' introuvable.
Erreur dans le fichier ./CSV3\bulletins\bulletins_propres\table_page_488.csv: En-tête '7M03Base' introuvable.
Erreur dans le fichier ./CSV3\bulletins\bulletins_propres\table_page_488.csv: En-tête '7P00Base' introuvable.
Erreur dans le fichier ./CSV3\bulletins\bulletins_propres\table_page_488.csv: En-tête '7T00Base' introuvable.
Erreur dans le fichier ./CSV3\bulletins\bulletins_propres\table_page_488.csv: En-tête '7T02Base' introuvable.
Erreur dans le fichier ./CSV3\bulletins\bulletins_propres\table_page_488.csv: En-tête '7T05Base' introuvable.
Erreur dans le fichier ./CSV3\bulletins\bulletins_propres\table_page_488.csv: En-tête '7T10Base' introuvable.
Erreur dans le fichier ./CSV3\bulletins\bulletins_propres\table_page_488.csv: En-tête '7T15Base' introuvable.
Erreur dans le fichier ./CSV3\bulletins\bulletins_propres\table_page_488.csv: En-tête '7T20Base' introuvable.
Erreur dans le fichier ./CSV3\bulletins\bulletins_propres\table_page_488.csv: En-tête 'PALCAllégement chômageBase' introuvable.
Erreur dans le fichier ./CSV3\bulletins\bulletins_propres\table_page_488.csv: En-tête 'Base' introuvable.
Erreur dans le fichier ./CSV3\bulletins\bulletins_propres\table_page_488.csv: En-tête 'PALFAllégement FillonBase' introuvable.
Erreur dans le fichier ./CSV3\bulletins\bulletins_propres\table_page_488.csv: En-tête 'Base' introuvable.
Erreur dans le fichier ./CSV3\bulletins\bulletins_propres\table_page_488.csv: En-tête 'PALRAllégement retraiteBase' introuvable.
Erreur dans le fichier ./CSV3\bulletins\bulletins_propres\table_page_488.csv: En-tête 'Total Charges Ded.Base' introuvable.
Erreur dans le fichier ./CSV3\bulletins\bulletins_propres\table_page_488.csv: En-tête 'Total Charges Non Ded.Base' introuvable.
Erreur dans le fichier ./CSV3\bulletins\bulletins_propres\table_page_488.csv: En-tête '8009Base' introuvable.
Erreur dans le fichier ./CSV3\bulletins\bulletins_propres\table_page_488.csv: En-tête '8010Base' introuvable.
Erreur dans le fichier ./CSV3\bulletins\bulletins_propres\table_page_488.csv: En-tête 'Base' introuvable.
Erreur dans le fichier ./CSV3\bulletins\bulletins_propres\table_page_488.csv: En-tête 'Base' introuvable.
Erreur dans le fichier ./CSV3\bulletins\bulletins_propres\table_page_488.csv: En-tête 'Impôt sur le revenuBase' introuvable.
Erreur dans le fichier ./CSV3\bulletins\bulletins_propres\table_page_488.csv: En-tête 'Impôt sur le revenu à la sourceBase' introuvable.
Erreur dans le fichier ./CSV3\bulletins\bulletins_propres\table_page_49.csv: En-tête '1001Base' introuvable.
Erreur dans le fichier ./CSV3\bulletins\bulletins_propres\table_page_49.csv: En-tête '1046Base' introuvable.
Erreur dans le fichier ./CSV3\bulletins\bulletins_propres\table_page_49.csv: En-tête 'Base' introuvable.
Erreur dans le fichier ./CSV3\bulletins\bulletins_propres\table_page_49.csv: En-tête '2012Base' introuvable.
Erreur dans le fichier ./CSV3\bulletins\bulletins_propres\table_page_49.csv: En-tête 'Base' introuvable.
Erreur dans le fichier ./CSV3\bulletins\bulletins_propres\table_page_49.csv: En-tête '2018Base' introuvable.
Erreur dans le fichier ./CSV3\bulletins\bulletins_propres\table_page_49.csv: En-tête '2068Base' introuvable.
Erreur dans le fichier ./CSV3\bulletins\bulletins_propres\table_page_49.csv: En-tête '2078Base' introuvable.
Erreur dans le fichier ./CSV3\bulletins\bulletins_propres\table_page_49.csv: En-tête 'Base' introuvable.
Erreur dans le fichier ./CSV3\bulletins\bulletins_propres\table_page_49.csv: En-tête 'TOTAL BRUTBase' introuvable.
Erreur dans le fichier ./CSV3\bulletins\bulletins_propres\table_page_49.csv: En-tête '7001Base' introuvable.
Erreur dans le fichier ./CSV3\bulletins\bulletins_propres\table_page_49.csv: En-tête '7010Base' introuvable.
Erreur dans le fichier ./CSV3\bulletins\bulletins_propres\table_page_49.csv: En-tête '7015Base' introuvable.
Erreur dans le fichier ./CSV3\bulletins\bulletins_propres\table_page_49.csv: En-tête '7020Base' introuvable.
Erreur dans le fichier ./CSV3\bulletins\bulletins_propres\table_page_49.csv: En-tête '7030Base' introuvable.
Erreur dans le fichier ./CSV3\bulletins\bulletins_propres\table_page_49.csv: En-tête '7035Base' introuvable.
Erreur dans le fichier ./CSV3\bulletins\bulletins_propres\table_page_49.csv: En-tête '7040Base' introuvable.
Erreur dans le fichier ./CSV3\bulletins\bulletins_propres\table_page_49.csv: En-tête '7045Base' introuvable.
Erreur dans le fichier ./CSV3\bulletins\bulletins_propres\table_page_49.csv: En-tête 'Base' introuvable.
Erreur dans le fichier ./CSV3\bulletins\bulletins_propres\table_page_49.csv: En-tête '7050Base' introuvable.
Erreur dans le fichier ./CSV3\bulletins\bulletins_propres\table_page_49.csv: En-tête 'Base' introuvable.
Erreur dans le fichier ./CSV3\bulletins\bulletins_propres\table_page_49.csv: En-tête '7055Base' introuvable.
Erreur dans le fichier ./CSV3\bulletins\bulletins_propres\table_page_49.csv: En-tête 'Base' introuvable.
Erreur dans le fichier ./CSV3\bulletins\bulletins_propres\table_page_49.csv: En-tête '7C00Base' introuvable.
Erreur dans le fichier ./CSV3\bulletins\bulletins_propres\table_page_49.csv: En-tête 'Base' introuvable.
Erreur dans le fichier ./CSV3\bulletins\bulletins_propres\table_page_49.csv: En-tête '7C20Base' introuvable.
Erreur dans le fichier ./CSV3\bulletins\bulletins_propres\table_page_49.csv: En-tête '7M03Base' introuvable.
Erreur dans le fichier ./CSV3\bulletins\bulletins_propres\table_page_49.csv: En-tête '7P10Base' introuvable.
Erreur dans le fichier ./CSV3\bulletins\bulletins_propres\table_page_49.csv: En-tête '7R56Base' introuvable.
Erreur dans le fichier ./CSV3\bulletins\bulletins_propres\table_page_49.csv: En-tête '7R63Base' introuvable.
Erreur dans le fichier ./CSV3\bulletins\bulletins_propres\table_page_49.csv: En-tête '7T00Base' introuvable.
Erreur dans le fichier ./CSV3\bulletins\bulletins_propres\table_page_49.csv: En-tête '7T02Base' introuvable.
Erreur dans le fichier ./CSV3\bulletins\bulletins_propres\table_page_49.csv: En-tête '7T05Base' introuvable.
Erreur dans le fichier ./CSV3\bulletins\bulletins_propres\table_page_49.csv: En-tête '7T10Base' introuvable.
Erreur dans le fichier ./CSV3\bulletins\bulletins_propres\table_page_49.csv: En-tête '7T15Base' introuvable.
Erreur dans le fichier ./CSV3\bulletins\bulletins_propres\table_page_49.csv: En-tête '7T20Base' introuvable.
Erreur dans le fichier ./CSV3\bulletins\bulletins_propres\table_page_49.csv: En-tête 'Base' introuvable.
Erreur dans le fichier ./CSV3\bulletins\bulletins_propres\table_page_49.csv: En-tête '6082Base' introuvable.
Erreur dans le fichier ./CSV3\bulletins\bulletins_propres\table_page_49.csv: En-tête '6094Base' introuvable.
Erreur dans le fichier ./CSV3\bulletins\bulletins_propres\table_page_49.csv: En-tête 'Total Charges Ded.Base' introuvable.
Erreur dans le fichier ./CSV3\bulletins\bulletins_propres\table_page_49.csv: En-tête '6080Base' introuvable.
Erreur dans le fichier ./CSV3\bulletins\bulletins_propres\table_page_49.csv: En-tête '6084Base' introuvable.
Erreur dans le fichier ./CSV3\bulletins\bulletins_propres\table_page_49.csv: En-tête '6092Base' introuvable.
Erreur dans le fichier ./CSV3\bulletins\bulletins_propres\table_page_49.csv: En-tête '6096Base' introuvable.
Erreur dans le fichier ./CSV3\bulletins\bulletins_propres\table_page_49.csv: En-tête 'Total Charges Non Ded.Base' introuvable.
Erreur dans le fichier ./CSV3\bulletins\bulletins_propres\table_page_49.csv: En-tête '8009Base' introuvable.
Erreur dans le fichier ./CSV3\bulletins\bulletins_propres\table_page_49.csv: En-tête '8010Base' introuvable.
Erreur dans le fichier ./CSV3\bulletins\bulletins_propres\table_page_49.csv: En-tête '8007Base' introuvable.
Erreur dans le fichier ./CSV3\bulletins\bulletins_propres\table_page_49.csv: En-tête '8192Base' introuvable.
Erreur dans le fichier ./CSV3\bulletins\bulletins_propres\table_page_490.csv: En-tête 'Base' introuvable.
Erreur dans le fichier ./CSV3\bulletins\bulletins_propres\table_page_490.csv: En-tête 'Base' introuvable.
Erreur dans le fichier ./CSV3\bulletins\bulletins_propres\table_page_490.csv: En-tête 'Base' introuvable.
Erreur dans le fichier ./CSV3\bulletins\bulletins_propres\table_page_490.csv: En-tête 'Base' introuvable.
Erreur dans le fichier ./CSV3\bulletins\bulletins_propres\table_page_490.csv: En-tête 'Base' introuvable.
Erreur dans le fichier ./CSV3\bulletins\bulletins_propres\table_page_490.csv: En-tête 'Base' introuvable.
Erreur dans le fichier ./CSV3\bulletins\bulletins_propres\table_page_490.csv: En-tête 'Base' introuvable.
Erreur dans le fichier ./CSV3\bulletins\bulletins_propres\table_page_490.csv: En-tête 'Base' introuvable.
Erreur dans le fichier ./CSV3\bulletins\bulletins_propres\table_page_490.csv: En-tête 'Base' introuvable.
Erreur dans le fichier ./CSV3\bulletins\bulletins_propres\table_page_490.csv: En-tête 'Base' introuvable.
Erreur dans le fichier ./CSV3\bulletins\bulletins_propres\table_page_490.csv: En-tête 'Base' introuvable.
Erreur dans le fichier ./CSV3\bulletins\bulletins_propres\table_page_490.csv: En-tête 'Base' introuvable.
Erreur dans le fichier ./CSV3\bulletins\bulletins_propres\table_page_490.csv: En-tête 'Base' introuvable.
Erreur dans le fichier ./CSV3\bulletins\bulletins_propres\table_page_490.csv: En-tête '7R60Base' introuvable.
Erreur dans le fichier ./CSV3\bulletins\bulletins_propres\table_page_490.csv: En-tête '7M03Base' introuvable.
Erreur dans le fichier ./CSV3\bulletins\bulletins_propres\table_page_490.csv: En-tête 'Base' introuvable.
Erreur dans le fichier ./CSV3\bulletins\bulletins_propres\table_page_490.csv: En-tête '7R63Base' introuvable.
Erreur dans le fichier ./CSV3\bulletins\bulletins_propres\table_page_490.csv: En-tête 'Base' introuvable.
Erreur dans le fichier ./CSV3\bulletins\bulletins_propres\table_page_490.csv: En-tête 'Base' introuvable.
Erreur dans le fichier ./CSV3\bulletins\bulletins_propres\table_page_490.csv: En-tête 'PALCBase' introuvable.
Erreur dans le fichier ./CSV3\bulletins\bulletins_propres\table_page_490.csv: En-tête 'PALFBase' introuvable.
Erreur dans le fichier ./CSV3\bulletins\bulletins_propres\table_page_490.csv: En-tête 'PALRBase' introuvable.
Erreur dans le fichier ./CSV3\bulletins\bulletins_propres\table_page_490.csv: En-tête 'Base' introuvable.
Erreur dans le fichier ./CSV3\bulletins\bulletins_propres\table_page_490.csv: En-tête 'Base' introuvable.
Erreur dans le fichier ./CSV3\bulletins\bulletins_propres\table_page_490.csv: En-tête 'Base' introuvable.
Erreur dans le fichier ./CSV3\bulletins\bulletins_propres\table_page_490.csv: En-tête 'NET A PAYER AVANT IMPÔT SUR LE REVENUBase' introuvable.
Erreur dans le fichier ./CSV3\bulletins\bulletins_propres\table_page_490.csv: En-tête 'Impôt sur le revenuBase' introuvable.
Erreur dans le fichier ./CSV3\bulletins\bulletins_propres\table_page_490.csv: En-tête 'Impôt sur le revenu à la sourceBase' introuvable.
Erreur dans le fichier ./CSV3\bulletins\bulletins_propres\table_page_492.csv: En-tête '1004Base' introuvable.
Erreur dans le fichier ./CSV3\bulletins\bulletins_propres\table_page_492.csv: En-tête '2068Base' introuvable.
Erreur dans le fichier ./CSV3\bulletins\bulletins_propres\table_page_492.csv: En-tête 'Base' introuvable.
Erreur dans le fichier ./CSV3\bulletins\bulletins_propres\table_page_492.csv: En-tête '3460Base' introuvable.
Erreur dans le fichier ./CSV3\bulletins\bulletins_propres\table_page_492.csv: En-tête 'Base' introuvable.
Erreur dans le fichier ./CSV3\bulletins\bulletins_propres\table_page_492.csv: En-tête '3462Base' introuvable.
Erreur dans le fichier ./CSV3\bulletins\bulletins_propres\table_page_492.csv: En-tête 'TOTAL BRUTBase' introuvable.
Erreur dans le fichier ./CSV3\bulletins\bulletins_propres\table_page_492.csv: En-tête 'Base' introuvable.
Erreur dans le fichier ./CSV3\bulletins\bulletins_propres\table_page_492.csv: En-tête '7003Base' introuvable.
Erreur dans le fichier ./CSV3\bulletins\bulletins_propres\table_page_492.csv: En-tête '7004Base' introuvable.
Erreur dans le fichier ./CSV3\bulletins\bulletins_propres\table_page_492.csv: En-tête '7011Base' introuvable.
Erreur dans le fichier ./CSV3\bulletins\bulletins_propres\table_page_492.csv: En-tête '7014Base' introuvable.
Erreur dans le fichier ./CSV3\bulletins\bulletins_propres\table_page_492.csv: En-tête '7018Base' introuvable.
Erreur dans le fichier ./CSV3\bulletins\bulletins_propres\table_page_492.csv: En-tête '7019Base' introuvable.
Erreur dans le fichier ./CSV3\bulletins\bulletins_propres\table_page_492.csv: En-tête '7020Base' introuvable.
Erreur dans le fichier ./CSV3\bulletins\bulletins_propres\table_page_492.csv: En-tête '7031Base' introuvable.
Erreur dans le fichier ./CSV3\bulletins\bulletins_propres\table_page_492.csv: En-tête '7032Base' introuvable.
Erreur dans le fichier ./CSV3\bulletins\bulletins_propres\table_page_492.csv: En-tête '7040Base' introuvable.
Erreur dans le fichier ./CSV3\bulletins\bulletins_propres\table_page_492.csv: En-tête 'Base' introuvable.
Erreur dans le fichier ./CSV3\bulletins\bulletins_propres\table_page_492.csv: En-tête '7045Base' introuvable.
Erreur dans le fichier ./CSV3\bulletins\bulletins_propres\table_page_492.csv: En-tête 'Base' introuvable.
Erreur dans le fichier ./CSV3\bulletins\bulletins_propres\table_page_492.csv: En-tête '7055Base' introuvable.
Erreur dans le fichier ./CSV3\bulletins\bulletins_propres\table_page_492.csv: En-tête 'Base' introuvable.
Erreur dans le fichier ./CSV3\bulletins\bulletins_propres\table_page_492.csv: En-tête '7135Base' introuvable.
Erreur dans le fichier ./CSV3\bulletins\bulletins_propres\table_page_492.csv: En-tête 'Base' introuvable.
Erreur dans le fichier ./CSV3\bulletins\bulletins_propres\table_page_492.csv: En-tête '7136Base' introuvable.
Erreur dans le fichier ./CSV3\bulletins\bulletins_propres\table_page_492.csv: En-tête '7155Base' introuvable.
Erreur dans le fichier ./CSV3\bulletins\bulletins_propres\table_page_492.csv: En-tête '7156Base' introuvable.
Erreur dans le fichier ./CSV3\bulletins\bulletins_propres\table_page_492.csv: En-tête '7C20Base' introuvable.
Erreur dans le fichier ./CSV3\bulletins\bulletins_propres\table_page_492.csv: En-tête '7C40Base' introuvable.
Erreur dans le fichier ./CSV3\bulletins\bulletins_propres\table_page_492.csv: En-tête '7C41Base' introuvable.
Erreur dans le fichier ./CSV3\bulletins\bulletins_propres\table_page_492.csv: En-tête '7R50Base' introuvable.
Erreur dans le fichier ./CSV3\bulletins\bulletins_propres\table_page_492.csv: En-tête '7R60Base' introuvable.
Erreur dans le fichier ./CSV3\bulletins\bulletins_propres\table_page_492.csv: En-tête '7M03Base' introuvable.
Erreur dans le fichier ./CSV3\bulletins\bulletins_propres\table_page_492.csv: En-tête '7P00Base' introuvable.
Erreur dans le fichier ./CSV3\bulletins\bulletins_propres\table_page_492.csv: En-tête '7R56Base' introuvable.
Erreur dans le fichier ./CSV3\bulletins\bulletins_propres\table_page_492.csv: En-tête 'Base' introuvable.
Erreur dans le fichier ./CSV3\bulletins\bulletins_propres\table_page_492.csv: En-tête '7R63Base' introuvable.
Erreur dans le fichier ./CSV3\bulletins\bulletins_propres\table_page_492.csv: En-tête 'Base' introuvable.
Erreur dans le fichier ./CSV3\bulletins\bulletins_propres\table_page_492.csv: En-tête '7T00Base' introuvable.
Erreur dans le fichier ./CSV3\bulletins\bulletins_propres\table_page_492.csv: En-tête '7T02Base' introuvable.
Erreur dans le fichier ./CSV3\bulletins\bulletins_propres\table_page_492.csv: En-tête '7T05Base' introuvable.
Erreur dans le fichier ./CSV3\bulletins\bulletins_propres\table_page_492.csv: En-tête '7T10Base' introuvable.
Erreur dans le fichier ./CSV3\bulletins\bulletins_propres\table_page_492.csv: En-tête '7T15Base' introuvable.
Erreur dans le fichier ./CSV3\bulletins\bulletins_propres\table_page_492.csv: En-tête '7T20Base' introuvable.
Erreur dans le fichier ./CSV3\bulletins\bulletins_propres\table_page_492.csv: En-tête 'PALCAllégement chômageBase' introuvable.
Erreur dans le fichier ./CSV3\bulletins\bulletins_propres\table_page_492.csv: En-tête 'PALFAllégement FillonBase' introuvable.
Erreur dans le fichier ./CSV3\bulletins\bulletins_propres\table_page_492.csv: En-tête 'PALRAllégement retraiteBase' introuvable.
Erreur dans le fichier ./CSV3\bulletins\bulletins_propres\table_page_492.csv: En-tête 'Total Charges Ded.Base' introuvable.
Erreur dans le fichier ./CSV3\bulletins\bulletins_propres\table_page_492.csv: En-tête 'Total Charges Non Ded.Base' introuvable.
Erreur dans le fichier ./CSV3\bulletins\bulletins_propres\table_page_492.csv: En-tête '8009Base' introuvable.
Erreur dans le fichier ./CSV3\bulletins\bulletins_propres\table_page_492.csv: En-tête '8010Base' introuvable.
Erreur dans le fichier ./CSV3\bulletins\bulletins_propres\table_page_492.csv: En-tête '/S13Saisie non-alim. priorit.Base' introuvable.
Erreur dans le fichier ./CSV3\bulletins\bulletins_propres\table_page_492.csv: En-tête 'Base' introuvable.
Erreur dans le fichier ./CSV3\bulletins\bulletins_propres\table_page_492.csv: En-tête 'Base' introuvable.
Erreur dans le fichier ./CSV3\bulletins\bulletins_propres\table_page_492.csv: En-tête 'Impôt sur le revenuBase' introuvable.
Erreur dans le fichier ./CSV3\bulletins\bulletins_propres\table_page_492.csv: En-tête 'Impôt sur le revenu à la sourceBase' introuvable.
Erreur dans le fichier ./CSV3\bulletins\bulletins_propres\table_page_494.csv: En-tête '1004Base' introuvable.
Erreur dans le fichier ./CSV3\bulletins\bulletins_propres\table_page_494.csv: En-tête '2068Base' introuvable.
Erreur dans le fichier ./CSV3\bulletins\bulletins_propres\table_page_494.csv: En-tête 'Base' introuvable.
Erreur dans le fichier ./CSV3\bulletins\bulletins_propres\table_page_494.csv: En-tête '3460Base' introuvable.
Erreur dans le fichier ./CSV3\bulletins\bulletins_propres\table_page_494.csv: En-tête 'Base' introuvable.
Erreur dans le fichier ./CSV3\bulletins\bulletins_propres\table_page_494.csv: En-tête '3462Base' introuvable.
Erreur dans le fichier ./CSV3\bulletins\bulletins_propres\table_page_494.csv: En-tête 'TOTAL BRUTBase' introuvable.
Erreur dans le fichier ./CSV3\bulletins\bulletins_propres\table_page_494.csv: En-tête 'Base' introuvable.
Erreur dans le fichier ./CSV3\bulletins\bulletins_propres\table_page_494.csv: En-tête '7003Base' introuvable.
Erreur dans le fichier ./CSV3\bulletins\bulletins_propres\table_page_494.csv: En-tête '7011Base' introuvable.
Erreur dans le fichier ./CSV3\bulletins\bulletins_propres\table_page_494.csv: En-tête '7018Base' introuvable.
Erreur dans le fichier ./CSV3\bulletins\bulletins_propres\table_page_494.csv: En-tête '7020Base' introuvable.
Erreur dans le fichier ./CSV3\bulletins\bulletins_propres\table_page_494.csv: En-tête '7031Base' introuvable.
Erreur dans le fichier ./CSV3\bulletins\bulletins_propres\table_page_494.csv: En-tête '7040Base' introuvable.
Erreur dans le fichier ./CSV3\bulletins\bulletins_propres\table_page_494.csv: En-tête '7045Base' introuvable.
Erreur dans le fichier ./CSV3\bulletins\bulletins_propres\table_page_494.csv: En-tête '7055Base' introuvable.
Erreur dans le fichier ./CSV3\bulletins\bulletins_propres\table_page_494.csv: En-tête '7135Base' introuvable.
Erreur dans le fichier ./CSV3\bulletins\bulletins_propres\table_page_494.csv: En-tête '7155Base' introuvable.
Erreur dans le fichier ./CSV3\bulletins\bulletins_propres\table_page_494.csv: En-tête 'Base' introuvable.
Erreur dans le fichier ./CSV3\bulletins\bulletins_propres\table_page_494.csv: En-tête '7C20Base' introuvable.
Erreur dans le fichier ./CSV3\bulletins\bulletins_propres\table_page_494.csv: En-tête 'Base' introuvable.
Erreur dans le fichier ./CSV3\bulletins\bulletins_propres\table_page_494.csv: En-tête '7C40Base' introuvable.
Erreur dans le fichier ./CSV3\bulletins\bulletins_propres\table_page_494.csv: En-tête 'Base' introuvable.
Erreur dans le fichier ./CSV3\bulletins\bulletins_propres\table_page_494.csv: En-tête '7R50Base' introuvable.
Erreur dans le fichier ./CSV3\bulletins\bulletins_propres\table_page_494.csv: En-tête 'Base' introuvable.
Erreur dans le fichier ./CSV3\bulletins\bulletins_propres\table_page_494.csv: En-tête '7R60Base' introuvable.
Erreur dans le fichier ./CSV3\bulletins\bulletins_propres\table_page_494.csv: En-tête '7M03Base' introuvable.
Erreur dans le fichier ./CSV3\bulletins\bulletins_propres\table_page_494.csv: En-tête '7P00Base' introuvable.
Erreur dans le fichier ./CSV3\bulletins\bulletins_propres\table_page_494.csv: En-tête '7T00Base' introuvable.
Erreur dans le fichier ./CSV3\bulletins\bulletins_propres\table_page_494.csv: En-tête '7T02Base' introuvable.
Erreur dans le fichier ./CSV3\bulletins\bulletins_propres\table_page_494.csv: En-tête '7T05Base' introuvable.
Erreur dans le fichier ./CSV3\bulletins\bulletins_propres\table_page_494.csv: En-tête '7T10Base' introuvable.
Erreur dans le fichier ./CSV3\bulletins\bulletins_propres\table_page_494.csv: En-tête '7T15Base' introuvable.
Erreur dans le fichier ./CSV3\bulletins\bulletins_propres\table_page_494.csv: En-tête '7T20Base' introuvable.
Erreur dans le fichier ./CSV3\bulletins\bulletins_propres\table_page_494.csv: En-tête 'PALCAllégement chômageBase' introuvable.
Erreur dans le fichier ./CSV3\bulletins\bulletins_propres\table_page_494.csv: En-tête 'PALFAllégement FillonBase' introuvable.
Erreur dans le fichier ./CSV3\bulletins\bulletins_propres\table_page_494.csv: En-tête 'Base' introuvable.
Erreur dans le fichier ./CSV3\bulletins\bulletins_propres\table_page_494.csv: En-tête 'PALRAllégement retraiteBase' introuvable.
Erreur dans le fichier ./CSV3\bulletins\bulletins_propres\table_page_494.csv: En-tête 'Base' introuvable.
Erreur dans le fichier ./CSV3\bulletins\bulletins_propres\table_page_494.csv: En-tête 'Total Charges Ded.Base' introuvable.
Erreur dans le fichier ./CSV3\bulletins\bulletins_propres\table_page_494.csv: En-tête 'Total Charges Non Ded.Base' introuvable.
Erreur dans le fichier ./CSV3\bulletins\bulletins_propres\table_page_494.csv: En-tête '8009Base' introuvable.
Erreur dans le fichier ./CSV3\bulletins\bulletins_propres\table_page_494.csv: En-tête '8010Base' introuvable.
Erreur dans le fichier ./CSV3\bulletins\bulletins_propres\table_page_494.csv: En-tête 'Base' introuvable.
Erreur dans le fichier ./CSV3\bulletins\bulletins_propres\table_page_494.csv: En-tête 'Base' introuvable.
Erreur dans le fichier ./CSV3\bulletins\bulletins_propres\table_page_494.csv: En-tête 'Impôt sur le revenuBase' introuvable.
Erreur dans le fichier ./CSV3\bulletins\bulletins_propres\table_page_494.csv: En-tête 'Impôt sur le revenu à la sourceBase' introuvable.
Erreur dans le fichier ./CSV3\bulletins\bulletins_propres\table_page_496.csv: En-tête '1004Base' introuvable.
Erreur dans le fichier ./CSV3\bulletins\bulletins_propres\table_page_496.csv: En-tête '3050Base' introuvable.
Erreur dans le fichier ./CSV3\bulletins\bulletins_propres\table_page_496.csv: En-tête 'Base' introuvable.
Erreur dans le fichier ./CSV3\bulletins\bulletins_propres\table_page_496.csv: En-tête '3060Base' introuvable.
Erreur dans le fichier ./CSV3\bulletins\bulletins_propres\table_page_496.csv: En-tête 'Base' introuvable.
Erreur dans le fichier ./CSV3\bulletins\bulletins_propres\table_page_496.csv: En-tête '3460Base' introuvable.
Erreur dans le fichier ./CSV3\bulletins\bulletins_propres\table_page_496.csv: En-tête '3462Base' introuvable.
Erreur dans le fichier ./CSV3\bulletins\bulletins_propres\table_page_496.csv: En-tête 'Base' introuvable.
Erreur dans le fichier ./CSV3\bulletins\bulletins_propres\table_page_496.csv: En-tête 'TOTAL BRUTBase' introuvable.
Erreur dans le fichier ./CSV3\bulletins\bulletins_propres\table_page_496.csv: En-tête '7003Base' introuvable.
Erreur dans le fichier ./CSV3\bulletins\bulletins_propres\table_page_496.csv: En-tête '7011Base' introuvable.
Erreur dans le fichier ./CSV3\bulletins\bulletins_propres\table_page_496.csv: En-tête '7018Base' introuvable.
Erreur dans le fichier ./CSV3\bulletins\bulletins_propres\table_page_496.csv: En-tête '7020Base' introuvable.
Erreur dans le fichier ./CSV3\bulletins\bulletins_propres\table_page_496.csv: En-tête '7031Base' introuvable.
Erreur dans le fichier ./CSV3\bulletins\bulletins_propres\table_page_496.csv: En-tête '7040Base' introuvable.
Erreur dans le fichier ./CSV3\bulletins\bulletins_propres\table_page_496.csv: En-tête '7045Base' introuvable.
Erreur dans le fichier ./CSV3\bulletins\bulletins_propres\table_page_496.csv: En-tête '7055Base' introuvable.
Erreur dans le fichier ./CSV3\bulletins\bulletins_propres\table_page_496.csv: En-tête '7135Base' introuvable.
Erreur dans le fichier ./CSV3\bulletins\bulletins_propres\table_page_496.csv: En-tête 'Base' introuvable.
Erreur dans le fichier ./CSV3\bulletins\bulletins_propres\table_page_496.csv: En-tête '7155Base' introuvable.
Erreur dans le fichier ./CSV3\bulletins\bulletins_propres\table_page_496.csv: En-tête 'Base' introuvable.
Erreur dans le fichier ./CSV3\bulletins\bulletins_propres\table_page_496.csv: En-tête '7C20Base' introuvable.
Erreur dans le fichier ./CSV3\bulletins\bulletins_propres\table_page_496.csv: En-tête 'Base' introuvable.
Erreur dans le fichier ./CSV3\bulletins\bulletins_propres\table_page_496.csv: En-tête '7C40Base' introuvable.
Erreur dans le fichier ./CSV3\bulletins\bulletins_propres\table_page_496.csv: En-tête 'Base' introuvable.
Erreur dans le fichier ./CSV3\bulletins\bulletins_propres\table_page_496.csv: En-tête '7R50Base' introuvable.
Erreur dans le fichier ./CSV3\bulletins\bulletins_propres\table_page_496.csv: En-tête '7R60Base' introuvable.
Erreur dans le fichier ./CSV3\bulletins\bulletins_propres\table_page_496.csv: En-tête '7M03Base' introuvable.
Erreur dans le fichier ./CSV3\bulletins\bulletins_propres\table_page_496.csv: En-tête '7P00Base' introuvable.
Erreur dans le fichier ./CSV3\bulletins\bulletins_propres\table_page_496.csv: En-tête '7T00Base' introuvable.
Erreur dans le fichier ./CSV3\bulletins\bulletins_propres\table_page_496.csv: En-tête '7T02Base' introuvable.
Erreur dans le fichier ./CSV3\bulletins\bulletins_propres\table_page_496.csv: En-tête '7T05Base' introuvable.
Erreur dans le fichier ./CSV3\bulletins\bulletins_propres\table_page_496.csv: En-tête '7T10Base' introuvable.
Erreur dans le fichier ./CSV3\bulletins\bulletins_propres\table_page_496.csv: En-tête '7T15Base' introuvable.
Erreur dans le fichier ./CSV3\bulletins\bulletins_propres\table_page_496.csv: En-tête '7T20Base' introuvable.
Erreur dans le fichier ./CSV3\bulletins\bulletins_propres\table_page_496.csv: En-tête 'PALCAllégement chômageBase' introuvable.
Erreur dans le fichier ./CSV3\bulletins\bulletins_propres\table_page_496.csv: En-tête 'Base' introuvable.
Erreur dans le fichier ./CSV3\bulletins\bulletins_propres\table_page_496.csv: En-tête 'PALFAllégement FillonBase' introuvable.
Erreur dans le fichier ./CSV3\bulletins\bulletins_propres\table_page_496.csv: En-tête 'Base' introuvable.
Erreur dans le fichier ./CSV3\bulletins\bulletins_propres\table_page_496.csv: En-tête 'PALRAllégement retraiteBase' introuvable.
Erreur dans le fichier ./CSV3\bulletins\bulletins_propres\table_page_496.csv: En-tête 'Base' introuvable.
Erreur dans le fichier ./CSV3\bulletins\bulletins_propres\table_page_496.csv: En-tête 'Total Charges Ded.Base' introuvable.
Erreur dans le fichier ./CSV3\bulletins\bulletins_propres\table_page_496.csv: En-tête 'Total Charges Non Ded.Base' introuvable.
Erreur dans le fichier ./CSV3\bulletins\bulletins_propres\table_page_496.csv: En-tête '8009Base' introuvable.
Erreur dans le fichier ./CSV3\bulletins\bulletins_propres\table_page_496.csv: En-tête '8010Base' introuvable.
Erreur dans le fichier ./CSV3\bulletins\bulletins_propres\table_page_496.csv: En-tête '8017Base' introuvable.
Erreur dans le fichier ./CSV3\bulletins\bulletins_propres\table_page_496.csv: En-tête 'Base' introuvable.
Erreur dans le fichier ./CSV3\bulletins\bulletins_propres\table_page_496.csv: En-tête 'Base' introuvable.
Erreur dans le fichier ./CSV3\bulletins\bulletins_propres\table_page_496.csv: En-tête 'Impôt sur le revenuBase' introuvable.
Erreur dans le fichier ./CSV3\bulletins\bulletins_propres\table_page_496.csv: En-tête 'Impôt sur le revenu à la sourceBase' introuvable.
Erreur dans le fichier ./CSV3\bulletins\bulletins_propres\table_page_498.csv: En-tête '1004Base' introuvable.
Erreur dans le fichier ./CSV3\bulletins\bulletins_propres\table_page_498.csv: En-tête '2068Base' introuvable.
Erreur dans le fichier ./CSV3\bulletins\bulletins_propres\table_page_498.csv: En-tête 'Base' introuvable.
Erreur dans le fichier ./CSV3\bulletins\bulletins_propres\table_page_498.csv: En-tête '3460Base' introuvable.
Erreur dans le fichier ./CSV3\bulletins\bulletins_propres\table_page_498.csv: En-tête 'Base' introuvable.
Erreur dans le fichier ./CSV3\bulletins\bulletins_propres\table_page_498.csv: En-tête '3462Base' introuvable.
Erreur dans le fichier ./CSV3\bulletins\bulletins_propres\table_page_498.csv: En-tête 'TOTAL BRUTBase' introuvable.
Erreur dans le fichier ./CSV3\bulletins\bulletins_propres\table_page_498.csv: En-tête 'Base' introuvable.
Erreur dans le fichier ./CSV3\bulletins\bulletins_propres\table_page_498.csv: En-tête '7003Base' introuvable.
Erreur dans le fichier ./CSV3\bulletins\bulletins_propres\table_page_498.csv: En-tête '7004Base' introuvable.
Erreur dans le fichier ./CSV3\bulletins\bulletins_propres\table_page_498.csv: En-tête '7011Base' introuvable.
Erreur dans le fichier ./CSV3\bulletins\bulletins_propres\table_page_498.csv: En-tête '7014Base' introuvable.
Erreur dans le fichier ./CSV3\bulletins\bulletins_propres\table_page_498.csv: En-tête '7018Base' introuvable.
Erreur dans le fichier ./CSV3\bulletins\bulletins_propres\table_page_498.csv: En-tête '7019Base' introuvable.
Erreur dans le fichier ./CSV3\bulletins\bulletins_propres\table_page_498.csv: En-tête '7020Base' introuvable.
Erreur dans le fichier ./CSV3\bulletins\bulletins_propres\table_page_498.csv: En-tête '7031Base' introuvable.
Erreur dans le fichier ./CSV3\bulletins\bulletins_propres\table_page_498.csv: En-tête '7032Base' introuvable.
Erreur dans le fichier ./CSV3\bulletins\bulletins_propres\table_page_498.csv: En-tête '7040Base' introuvable.
Erreur dans le fichier ./CSV3\bulletins\bulletins_propres\table_page_498.csv: En-tête 'Base' introuvable.
Erreur dans le fichier ./CSV3\bulletins\bulletins_propres\table_page_498.csv: En-tête '7045Base' introuvable.
Erreur dans le fichier ./CSV3\bulletins\bulletins_propres\table_page_498.csv: En-tête 'Base' introuvable.
Erreur dans le fichier ./CSV3\bulletins\bulletins_propres\table_page_498.csv: En-tête '7055Base' introuvable.
Erreur dans le fichier ./CSV3\bulletins\bulletins_propres\table_page_498.csv: En-tête 'Base' introuvable.
Erreur dans le fichier ./CSV3\bulletins\bulletins_propres\table_page_498.csv: En-tête '7135Base' introuvable.
Erreur dans le fichier ./CSV3\bulletins\bulletins_propres\table_page_498.csv: En-tête 'Base' introuvable.
Erreur dans le fichier ./CSV3\bulletins\bulletins_propres\table_page_498.csv: En-tête '7136Base' introuvable.
Erreur dans le fichier ./CSV3\bulletins\bulletins_propres\table_page_498.csv: En-tête '7155Base' introuvable.
Erreur dans le fichier ./CSV3\bulletins\bulletins_propres\table_page_498.csv: En-tête '7156Base' introuvable.
Erreur dans le fichier ./CSV3\bulletins\bulletins_propres\table_page_498.csv: En-tête '7C20Base' introuvable.
Erreur dans le fichier ./CSV3\bulletins\bulletins_propres\table_page_498.csv: En-tête '7C40Base' introuvable.
Erreur dans le fichier ./CSV3\bulletins\bulletins_propres\table_page_498.csv: En-tête '7C41Base' introuvable.
Erreur dans le fichier ./CSV3\bulletins\bulletins_propres\table_page_498.csv: En-tête '7R50Base' introuvable.
Erreur dans le fichier ./CSV3\bulletins\bulletins_propres\table_page_498.csv: En-tête '7R60Base' introuvable.
Erreur dans le fichier ./CSV3\bulletins\bulletins_propres\table_page_498.csv: En-tête '7M04Base' introuvable.
Erreur dans le fichier ./CSV3\bulletins\bulletins_propres\table_page_498.csv: En-tête '7P00Base' introuvable.
Erreur dans le fichier ./CSV3\bulletins\bulletins_propres\table_page_498.csv: En-tête '7R56Base' introuvable.
Erreur dans le fichier ./CSV3\bulletins\bulletins_propres\table_page_498.csv: En-tête 'Base' introuvable.
Erreur dans le fichier ./CSV3\bulletins\bulletins_propres\table_page_498.csv: En-tête '7R63Base' introuvable.
Erreur dans le fichier ./CSV3\bulletins\bulletins_propres\table_page_498.csv: En-tête 'Base' introuvable.
Erreur dans le fichier ./CSV3\bulletins\bulletins_propres\table_page_498.csv: En-tête '7T00Base' introuvable.
Erreur dans le fichier ./CSV3\bulletins\bulletins_propres\table_page_498.csv: En-tête '7T02Base' introuvable.
Erreur dans le fichier ./CSV3\bulletins\bulletins_propres\table_page_498.csv: En-tête '7T05Base' introuvable.
Erreur dans le fichier ./CSV3\bulletins\bulletins_propres\table_page_498.csv: En-tête '7T10Base' introuvable.
Erreur dans le fichier ./CSV3\bulletins\bulletins_propres\table_page_498.csv: En-tête '7T15Base' introuvable.
Erreur dans le fichier ./CSV3\bulletins\bulletins_propres\table_page_498.csv: En-tête '7T20Base' introuvable.
Erreur dans le fichier ./CSV3\bulletins\bulletins_propres\table_page_498.csv: En-tête 'PALCAllégement chômageBase' introuvable.
Erreur dans le fichier ./CSV3\bulletins\bulletins_propres\table_page_498.csv: En-tête 'PALFAllégement FillonBase' introuvable.
Erreur dans le fichier ./CSV3\bulletins\bulletins_propres\table_page_498.csv: En-tête 'PALRAllégement retraiteBase' introuvable.
Erreur dans le fichier ./CSV3\bulletins\bulletins_propres\table_page_498.csv: En-tête 'Total Charges Ded.Base' introuvable.
Erreur dans le fichier ./CSV3\bulletins\bulletins_propres\table_page_498.csv: En-tête 'Total Charges Non Ded.Base' introuvable.
Erreur dans le fichier ./CSV3\bulletins\bulletins_propres\table_page_498.csv: En-tête '8009Base' introuvable.
Erreur dans le fichier ./CSV3\bulletins\bulletins_propres\table_page_498.csv: En-tête '8010Base' introuvable.
Erreur dans le fichier ./CSV3\bulletins\bulletins_propres\table_page_498.csv: En-tête '8007Base' introuvable.
Erreur dans le fichier ./CSV3\bulletins\bulletins_propres\table_page_498.csv: En-tête 'Base' introuvable.
Erreur dans le fichier ./CSV3\bulletins\bulletins_propres\table_page_498.csv: En-tête 'Base' introuvable.
Erreur dans le fichier ./CSV3\bulletins\bulletins_propres\table_page_498.csv: En-tête 'Impôt sur le revenuBase' introuvable.
Erreur dans le fichier ./CSV3\bulletins\bulletins_propres\table_page_498.csv: En-tête 'Impôt sur le revenu à la sourceBase' introuvable.
Erreur dans le fichier ./CSV3\bulletins\bulletins_propres\table_page_5.csv: En-tête '1001Base' introuvable.
Erreur dans le fichier ./CSV3\bulletins\bulletins_propres\table_page_5.csv: En-tête '2012Base' introuvable.
Erreur dans le fichier ./CSV3\bulletins\bulletins_propres\table_page_5.csv: En-tête 'Base' introuvable.
Erreur dans le fichier ./CSV3\bulletins\bulletins_propres\table_page_5.csv: En-tête '2068Base' introuvable.
Erreur dans le fichier ./CSV3\bulletins\bulletins_propres\table_page_5.csv: En-tête 'Base' introuvable.
Erreur dans le fichier ./CSV3\bulletins\bulletins_propres\table_page_5.csv: En-tête '2078Base' introuvable.
Erreur dans le fichier ./CSV3\bulletins\bulletins_propres\table_page_5.csv: En-tête '3B80Base' introuvable.
Erreur dans le fichier ./CSV3\bulletins\bulletins_propres\table_page_5.csv: En-tête '3B82Base' introuvable.
Erreur dans le fichier ./CSV3\bulletins\bulletins_propres\table_page_5.csv: En-tête 'Base' introuvable.
Erreur dans le fichier ./CSV3\bulletins\bulletins_propres\table_page_5.csv: En-tête 'TOTAL BRUTBase' introuvable.
Erreur dans le fichier ./CSV3\bulletins\bulletins_propres\table_page_5.csv: En-tête '60F2Base' introuvable.
Erreur dans le fichier ./CSV3\bulletins\bulletins_propres\table_page_5.csv: En-tête '7001Base' introuvable.
Erreur dans le fichier ./CSV3\bulletins\bulletins_propres\table_page_5.csv: En-tête '7010Base' introuvable.
Erreur dans le fichier ./CSV3\bulletins\bulletins_propres\table_page_5.csv: En-tête '7015Base' introuvable.
Erreur dans le fichier ./CSV3\bulletins\bulletins_propres\table_page_5.csv: En-tête '7020Base' introuvable.
Erreur dans le fichier ./CSV3\bulletins\bulletins_propres\table_page_5.csv: En-tête '7030Base' introuvable.
Erreur dans le fichier ./CSV3\bulletins\bulletins_propres\table_page_5.csv: En-tête '7035Base' introuvable.
Erreur dans le fichier ./CSV3\bulletins\bulletins_propres\table_page_5.csv: En-tête '7040Base' introuvable.
Erreur dans le fichier ./CSV3\bulletins\bulletins_propres\table_page_5.csv: En-tête 'Base' introuvable.
Erreur dans le fichier ./CSV3\bulletins\bulletins_propres\table_page_5.csv: En-tête '7045Base' introuvable.
Erreur dans le fichier ./CSV3\bulletins\bulletins_propres\table_page_5.csv: En-tête 'Base' introuvable.
Erreur dans le fichier ./CSV3\bulletins\bulletins_propres\table_page_5.csv: En-tête '7050Base' introuvable.
Erreur dans le fichier ./CSV3\bulletins\bulletins_propres\table_page_5.csv: En-tête 'Base' introuvable.
Erreur dans le fichier ./CSV3\bulletins\bulletins_propres\table_page_5.csv: En-tête '7055Base' introuvable.
Erreur dans le fichier ./CSV3\bulletins\bulletins_propres\table_page_5.csv: En-tête 'Base' introuvable.
Erreur dans le fichier ./CSV3\bulletins\bulletins_propres\table_page_5.csv: En-tête '7C00Base' introuvable.
Erreur dans le fichier ./CSV3\bulletins\bulletins_propres\table_page_5.csv: En-tête '7C20Base' introuvable.
Erreur dans le fichier ./CSV3\bulletins\bulletins_propres\table_page_5.csv: En-tête '7M05Base' introuvable.
Erreur dans le fichier ./CSV3\bulletins\bulletins_propres\table_page_5.csv: En-tête '7P20Base' introuvable.
Erreur dans le fichier ./CSV3\bulletins\bulletins_propres\table_page_5.csv: En-tête '7R44Base' introuvable.
Erreur dans le fichier ./CSV3\bulletins\bulletins_propres\table_page_5.csv: En-tête '7R53Base' introuvable.
Erreur dans le fichier ./CSV3\bulletins\bulletins_propres\table_page_5.csv: En-tête '7R63Base' introuvable.
Erreur dans le fichier ./CSV3\bulletins\bulletins_propres\table_page_5.csv: En-tête '7T00Base' introuvable.
Erreur dans le fichier ./CSV3\bulletins\bulletins_propres\table_page_5.csv: En-tête '7T02Base' introuvable.
Erreur dans le fichier ./CSV3\bulletins\bulletins_propres\table_page_5.csv: En-tête '7T05Base' introuvable.
Erreur dans le fichier ./CSV3\bulletins\bulletins_propres\table_page_5.csv: En-tête '7T10Base' introuvable.
Erreur dans le fichier ./CSV3\bulletins\bulletins_propres\table_page_5.csv: En-tête 'Base' introuvable.
Erreur dans le fichier ./CSV3\bulletins\bulletins_propres\table_page_5.csv: En-tête '7T15Base' introuvable.
Erreur dans le fichier ./CSV3\bulletins\bulletins_propres\table_page_5.csv: En-tête 'Base' introuvable.
Erreur dans le fichier ./CSV3\bulletins\bulletins_propres\table_page_5.csv: En-tête '7T20Base' introuvable.
Erreur dans le fichier ./CSV3\bulletins\bulletins_propres\table_page_5.csv: En-tête '6082Base' introuvable.
Erreur dans le fichier ./CSV3\bulletins\bulletins_propres\table_page_5.csv: En-tête '6094Base' introuvable.
Erreur dans le fichier ./CSV3\bulletins\bulletins_propres\table_page_5.csv: En-tête 'Total Charges Ded.Base' introuvable.
Erreur dans le fichier ./CSV3\bulletins\bulletins_propres\table_page_5.csv: En-tête '6080Base' introuvable.
Erreur dans le fichier ./CSV3\bulletins\bulletins_propres\table_page_5.csv: En-tête '6084Base' introuvable.
Erreur dans le fichier ./CSV3\bulletins\bulletins_propres\table_page_5.csv: En-tête '6092Base' introuvable.
Erreur dans le fichier ./CSV3\bulletins\bulletins_propres\table_page_5.csv: En-tête '6096Base' introuvable.
Erreur dans le fichier ./CSV3\bulletins\bulletins_propres\table_page_5.csv: En-tête '60F1Base' introuvable.
Erreur dans le fichier ./CSV3\bulletins\bulletins_propres\table_page_5.csv: En-tête '60F3Base' introuvable.
Erreur dans le fichier ./CSV3\bulletins\bulletins_propres\table_page_5.csv: En-tête '60F4Base' introuvable.
Erreur dans le fichier ./CSV3\bulletins\bulletins_propres\table_page_5.csv: En-tête '60F8Base' introuvable.
Erreur dans le fichier ./CSV3\bulletins\bulletins_propres\table_page_5.csv: En-tête '60F9Base' introuvable.
Erreur dans le fichier ./CSV3\bulletins\bulletins_propres\table_page_5.csv: En-tête 'Total Charges Non Ded.Base' introuvable.
Erreur dans le fichier ./CSV3\bulletins\bulletins_propres\table_page_5.csv: En-tête '8009Base' introuvable.
Erreur dans le fichier ./CSV3\bulletins\bulletins_propres\table_page_5.csv: En-tête '8010Base' introuvable.
Erreur dans le fichier ./CSV3\bulletins\bulletins_propres\table_page_5.csv: En-tête '8007Base' introuvable.
Erreur dans le fichier ./CSV3\bulletins\bulletins_propres\table_page_500.csv: En-tête '1002Base' introuvable.
Erreur dans le fichier ./CSV3\bulletins\bulletins_propres\table_page_500.csv: En-tête '3160Base' introuvable.
Erreur dans le fichier ./CSV3\bulletins\bulletins_propres\table_page_500.csv: En-tête 'Base' introuvable.
Erreur dans le fichier ./CSV3\bulletins\bulletins_propres\table_page_500.csv: En-tête '3170Base' introuvable.
Erreur dans le fichier ./CSV3\bulletins\bulletins_propres\table_page_500.csv: En-tête 'Base' introuvable.
Erreur dans le fichier ./CSV3\bulletins\bulletins_propres\table_page_500.csv: En-tête '3200Base' introuvable.
Erreur dans le fichier ./CSV3\bulletins\bulletins_propres\table_page_500.csv: En-tête '3230Base' introuvable.
Erreur dans le fichier ./CSV3\bulletins\bulletins_propres\table_page_500.csv: En-tête '3B80Base' introuvable.
Erreur dans le fichier ./CSV3\bulletins\bulletins_propres\table_page_500.csv: En-tête '3B82Base' introuvable.
Erreur dans le fichier ./CSV3\bulletins\bulletins_propres\table_page_500.csv: En-tête 'Base' introuvable.
Erreur dans le fichier ./CSV3\bulletins\bulletins_propres\table_page_500.csv: En-tête 'TOTAL BRUTBase' introuvable.
Erreur dans le fichier ./CSV3\bulletins\bulletins_propres\table_page_500.csv: En-tête '60F2Base' introuvable.
Erreur dans le fichier ./CSV3\bulletins\bulletins_propres\table_page_500.csv: En-tête '7001Base' introuvable.
Erreur dans le fichier ./CSV3\bulletins\bulletins_propres\table_page_500.csv: En-tête '7002Base' introuvable.
Erreur dans le fichier ./CSV3\bulletins\bulletins_propres\table_page_500.csv: En-tête '7010Base' introuvable.
Erreur dans le fichier ./CSV3\bulletins\bulletins_propres\table_page_500.csv: En-tête '7015Base' introuvable.
Erreur dans le fichier ./CSV3\bulletins\bulletins_propres\table_page_500.csv: En-tête '7020Base' introuvable.
Erreur dans le fichier ./CSV3\bulletins\bulletins_propres\table_page_500.csv: En-tête '7030Base' introuvable.
Erreur dans le fichier ./CSV3\bulletins\bulletins_propres\table_page_500.csv: En-tête 'Base' introuvable.
Erreur dans le fichier ./CSV3\bulletins\bulletins_propres\table_page_500.csv: En-tête '7035Base' introuvable.
Erreur dans le fichier ./CSV3\bulletins\bulletins_propres\table_page_500.csv: En-tête 'Base' introuvable.
Erreur dans le fichier ./CSV3\bulletins\bulletins_propres\table_page_500.csv: En-tête '7040Base' introuvable.
Erreur dans le fichier ./CSV3\bulletins\bulletins_propres\table_page_500.csv: En-tête 'Base' introuvable.
Erreur dans le fichier ./CSV3\bulletins\bulletins_propres\table_page_500.csv: En-tête '7045Base' introuvable.
Erreur dans le fichier ./CSV3\bulletins\bulletins_propres\table_page_500.csv: En-tête 'Base' introuvable.
Erreur dans le fichier ./CSV3\bulletins\bulletins_propres\table_page_500.csv: En-tête '7050Base' introuvable.
Erreur dans le fichier ./CSV3\bulletins\bulletins_propres\table_page_500.csv: En-tête '7055Base' introuvable.
Erreur dans le fichier ./CSV3\bulletins\bulletins_propres\table_page_500.csv: En-tête '7C00Base' introuvable.
Erreur dans le fichier ./CSV3\bulletins\bulletins_propres\table_page_500.csv: En-tête '7C20Base' introuvable.
Erreur dans le fichier ./CSV3\bulletins\bulletins_propres\table_page_500.csv: En-tête '7P20Base' introuvable.
Erreur dans le fichier ./CSV3\bulletins\bulletins_propres\table_page_500.csv: En-tête '7R44Base' introuvable.
Erreur dans le fichier ./CSV3\bulletins\bulletins_propres\table_page_500.csv: En-tête '7R53Base' introuvable.
Erreur dans le fichier ./CSV3\bulletins\bulletins_propres\table_page_500.csv: En-tête '7R63Base' introuvable.
Erreur dans le fichier ./CSV3\bulletins\bulletins_propres\table_page_500.csv: En-tête '7T00Base' introuvable.
Erreur dans le fichier ./CSV3\bulletins\bulletins_propres\table_page_500.csv: En-tête '7T02Base' introuvable.
Erreur dans le fichier ./CSV3\bulletins\bulletins_propres\table_page_500.csv: En-tête '7T05Base' introuvable.
Erreur dans le fichier ./CSV3\bulletins\bulletins_propres\table_page_500.csv: En-tête 'Base' introuvable.
Erreur dans le fichier ./CSV3\bulletins\bulletins_propres\table_page_500.csv: En-tête '7T10Base' introuvable.
Erreur dans le fichier ./CSV3\bulletins\bulletins_propres\table_page_500.csv: En-tête 'Base' introuvable.
Erreur dans le fichier ./CSV3\bulletins\bulletins_propres\table_page_500.csv: En-tête '7T15Base' introuvable.
Erreur dans le fichier ./CSV3\bulletins\bulletins_propres\table_page_500.csv: En-tête '7T20Base' introuvable.
Erreur dans le fichier ./CSV3\bulletins\bulletins_propres\table_page_500.csv: En-tête '6082Base' introuvable.
Erreur dans le fichier ./CSV3\bulletins\bulletins_propres\table_page_500.csv: En-tête '6094Base' introuvable.
Erreur dans le fichier ./CSV3\bulletins\bulletins_propres\table_page_500.csv: En-tête 'Total Charges Ded.Base' introuvable.
Erreur dans le fichier ./CSV3\bulletins\bulletins_propres\table_page_500.csv: En-tête '6080Base' introuvable.
Erreur dans le fichier ./CSV3\bulletins\bulletins_propres\table_page_500.csv: En-tête '6084Base' introuvable.
Erreur dans le fichier ./CSV3\bulletins\bulletins_propres\table_page_500.csv: En-tête '6092Base' introuvable.
Erreur dans le fichier ./CSV3\bulletins\bulletins_propres\table_page_500.csv: En-tête '6096Base' introuvable.
Erreur dans le fichier ./CSV3\bulletins\bulletins_propres\table_page_500.csv: En-tête '60F1Base' introuvable.
Erreur dans le fichier ./CSV3\bulletins\bulletins_propres\table_page_500.csv: En-tête '60F3Base' introuvable.
Erreur dans le fichier ./CSV3\bulletins\bulletins_propres\table_page_500.csv: En-tête '60F4Base' introuvable.
Erreur dans le fichier ./CSV3\bulletins\bulletins_propres\table_page_500.csv: En-tête '60F8Base' introuvable.
Erreur dans le fichier ./CSV3\bulletins\bulletins_propres\table_page_500.csv: En-tête '60F9Base' introuvable.
Erreur dans le fichier ./CSV3\bulletins\bulletins_propres\table_page_500.csv: En-tête 'Total Charges Non Ded.Base' introuvable.
Erreur dans le fichier ./CSV3\bulletins\bulletins_propres\table_page_500.csv: En-tête '/5I1IJ nette - Maternité 0624Base' introuvable.
Erreur dans le fichier ./CSV3\bulletins\bulletins_propres\table_page_502.csv: En-tête '1001Base' introuvable.
Erreur dans le fichier ./CSV3\bulletins\bulletins_propres\table_page_502.csv: En-tête '1046Base' introuvable.
Erreur dans le fichier ./CSV3\bulletins\bulletins_propres\table_page_502.csv: En-tête 'Base' introuvable.
Erreur dans le fichier ./CSV3\bulletins\bulletins_propres\table_page_502.csv: En-tête '2018Base' introuvable.
Erreur dans le fichier ./CSV3\bulletins\bulletins_propres\table_page_502.csv: En-tête 'Base' introuvable.
Erreur dans le fichier ./CSV3\bulletins\bulletins_propres\table_page_502.csv: En-tête '2068Base' introuvable.
Erreur dans le fichier ./CSV3\bulletins\bulletins_propres\table_page_502.csv: En-tête '2078Base' introuvable.
Erreur dans le fichier ./CSV3\bulletins\bulletins_propres\table_page_502.csv: En-tête '3250Base' introuvable.
Erreur dans le fichier ./CSV3\bulletins\bulletins_propres\table_page_502.csv: En-tête '3255Base' introuvable.
Erreur dans le fichier ./CSV3\bulletins\bulletins_propres\table_page_502.csv: En-tête 'Base' introuvable.
Erreur dans le fichier ./CSV3\bulletins\bulletins_propres\table_page_502.csv: En-tête 'TOTAL BRUTBase' introuvable.
Erreur dans le fichier ./CSV3\bulletins\bulletins_propres\table_page_502.csv: En-tête '7001Base' introuvable.
Erreur dans le fichier ./CSV3\bulletins\bulletins_propres\table_page_502.csv: En-tête '7010Base' introuvable.
Erreur dans le fichier ./CSV3\bulletins\bulletins_propres\table_page_502.csv: En-tête '7015Base' introuvable.
Erreur dans le fichier ./CSV3\bulletins\bulletins_propres\table_page_502.csv: En-tête '7020Base' introuvable.
Erreur dans le fichier ./CSV3\bulletins\bulletins_propres\table_page_502.csv: En-tête '7030Base' introuvable.
Erreur dans le fichier ./CSV3\bulletins\bulletins_propres\table_page_502.csv: En-tête '7035Base' introuvable.
Erreur dans le fichier ./CSV3\bulletins\bulletins_propres\table_page_502.csv: En-tête '7040Base' introuvable.
Erreur dans le fichier ./CSV3\bulletins\bulletins_propres\table_page_502.csv: En-tête 'Base' introuvable.
Erreur dans le fichier ./CSV3\bulletins\bulletins_propres\table_page_502.csv: En-tête '7045Base' introuvable.
Erreur dans le fichier ./CSV3\bulletins\bulletins_propres\table_page_502.csv: En-tête 'Base' introuvable.
Erreur dans le fichier ./CSV3\bulletins\bulletins_propres\table_page_502.csv: En-tête '7050Base' introuvable.
Erreur dans le fichier ./CSV3\bulletins\bulletins_propres\table_page_502.csv: En-tête 'Base' introuvable.
Erreur dans le fichier ./CSV3\bulletins\bulletins_propres\table_page_502.csv: En-tête '7055Base' introuvable.
Erreur dans le fichier ./CSV3\bulletins\bulletins_propres\table_page_502.csv: En-tête 'Base' introuvable.
Erreur dans le fichier ./CSV3\bulletins\bulletins_propres\table_page_502.csv: En-tête '7C00Base' introuvable.
Erreur dans le fichier ./CSV3\bulletins\bulletins_propres\table_page_502.csv: En-tête '7C20Base' introuvable.
Erreur dans le fichier ./CSV3\bulletins\bulletins_propres\table_page_502.csv: En-tête '7M03Base' introuvable.
Erreur dans le fichier ./CSV3\bulletins\bulletins_propres\table_page_502.csv: En-tête '7P10Base' introuvable.
Erreur dans le fichier ./CSV3\bulletins\bulletins_propres\table_page_502.csv: En-tête '7R56Base' introuvable.
Erreur dans le fichier ./CSV3\bulletins\bulletins_propres\table_page_502.csv: En-tête '7R63Base' introuvable.
Erreur dans le fichier ./CSV3\bulletins\bulletins_propres\table_page_502.csv: En-tête '7T00Base' introuvable.
Erreur dans le fichier ./CSV3\bulletins\bulletins_propres\table_page_502.csv: En-tête '7T02Base' introuvable.
Erreur dans le fichier ./CSV3\bulletins\bulletins_propres\table_page_502.csv: En-tête '7T05Base' introuvable.
Erreur dans le fichier ./CSV3\bulletins\bulletins_propres\table_page_502.csv: En-tête '7T10Base' introuvable.
Erreur dans le fichier ./CSV3\bulletins\bulletins_propres\table_page_502.csv: En-tête '7T15Base' introuvable.
Erreur dans le fichier ./CSV3\bulletins\bulletins_propres\table_page_502.csv: En-tête 'Base' introuvable.
Erreur dans le fichier ./CSV3\bulletins\bulletins_propres\table_page_502.csv: En-tête '7T20Base' introuvable.
Erreur dans le fichier ./CSV3\bulletins\bulletins_propres\table_page_502.csv: En-tête 'Base' introuvable.
Erreur dans le fichier ./CSV3\bulletins\bulletins_propres\table_page_502.csv: En-tête '6082Base' introuvable.
Erreur dans le fichier ./CSV3\bulletins\bulletins_propres\table_page_502.csv: En-tête '6094Base' introuvable.
Erreur dans le fichier ./CSV3\bulletins\bulletins_propres\table_page_502.csv: En-tête 'Total Charges Ded.Base' introuvable.
Erreur dans le fichier ./CSV3\bulletins\bulletins_propres\table_page_502.csv: En-tête '6080Base' introuvable.
Erreur dans le fichier ./CSV3\bulletins\bulletins_propres\table_page_502.csv: En-tête '6084Base' introuvable.
Erreur dans le fichier ./CSV3\bulletins\bulletins_propres\table_page_502.csv: En-tête '6092Base' introuvable.
Erreur dans le fichier ./CSV3\bulletins\bulletins_propres\table_page_502.csv: En-tête '6096Base' introuvable.
Erreur dans le fichier ./CSV3\bulletins\bulletins_propres\table_page_502.csv: En-tête 'Total Charges Non Ded.Base' introuvable.
Erreur dans le fichier ./CSV3\bulletins\bulletins_propres\table_page_502.csv: En-tête '8009Base' introuvable.
Erreur dans le fichier ./CSV3\bulletins\bulletins_propres\table_page_502.csv: En-tête '8010Base' introuvable.
Erreur dans le fichier ./CSV3\bulletins\bulletins_propres\table_page_502.csv: En-tête '8007Base' introuvable.
Erreur dans le fichier ./CSV3\bulletins\bulletins_propres\table_page_502.csv: En-tête '8192Base' introuvable.
Erreur dans le fichier ./CSV3\bulletins\bulletins_propres\table_page_502.csv: En-tête 'Base' introuvable.
Erreur dans le fichier ./CSV3\bulletins\bulletins_propres\table_page_502.csv: En-tête 'Base' introuvable.
Erreur dans le fichier ./CSV3\bulletins\bulletins_propres\table_page_502.csv: En-tête 'Impôt sur le revenuBase' introuvable.
Erreur dans le fichier ./CSV3\bulletins\bulletins_propres\table_page_502.csv: En-tête 'Impôt sur le revenu à la sourceBase' introuvable.
Erreur dans le fichier ./CSV3\bulletins\bulletins_propres\table_page_504.csv: En-tête '1001Base' introuvable.
Erreur dans le fichier ./CSV3\bulletins\bulletins_propres\table_page_504.csv: En-tête '1046Base' introuvable.
Erreur dans le fichier ./CSV3\bulletins\bulletins_propres\table_page_504.csv: En-tête 'Base' introuvable.
Erreur dans le fichier ./CSV3\bulletins\bulletins_propres\table_page_504.csv: En-tête '2018Base' introuvable.
Erreur dans le fichier ./CSV3\bulletins\bulletins_propres\table_page_504.csv: En-tête 'Base' introuvable.
Erreur dans le fichier ./CSV3\bulletins\bulletins_propres\table_page_504.csv: En-tête '2068Base' introuvable.
Erreur dans le fichier ./CSV3\bulletins\bulletins_propres\table_page_504.csv: En-tête '2078Base' introuvable.
Erreur dans le fichier ./CSV3\bulletins\bulletins_propres\table_page_504.csv: En-tête '3502Base' introuvable.
Erreur dans le fichier ./CSV3\bulletins\bulletins_propres\table_page_504.csv: En-tête 'Base' introuvable.
Erreur dans le fichier ./CSV3\bulletins\bulletins_propres\table_page_504.csv: En-tête 'TOTAL BRUTBase' introuvable.
Erreur dans le fichier ./CSV3\bulletins\bulletins_propres\table_page_504.csv: En-tête '7001Base' introuvable.
Erreur dans le fichier ./CSV3\bulletins\bulletins_propres\table_page_504.csv: En-tête '7010Base' introuvable.
Erreur dans le fichier ./CSV3\bulletins\bulletins_propres\table_page_504.csv: En-tête '7015Base' introuvable.
Erreur dans le fichier ./CSV3\bulletins\bulletins_propres\table_page_504.csv: En-tête '7020Base' introuvable.
Erreur dans le fichier ./CSV3\bulletins\bulletins_propres\table_page_504.csv: En-tête '7030Base' introuvable.
Erreur dans le fichier ./CSV3\bulletins\bulletins_propres\table_page_504.csv: En-tête '7035Base' introuvable.
Erreur dans le fichier ./CSV3\bulletins\bulletins_propres\table_page_504.csv: En-tête '7040Base' introuvable.
Erreur dans le fichier ./CSV3\bulletins\bulletins_propres\table_page_504.csv: En-tête '7045Base' introuvable.
Erreur dans le fichier ./CSV3\bulletins\bulletins_propres\table_page_504.csv: En-tête 'Base' introuvable.
Erreur dans le fichier ./CSV3\bulletins\bulletins_propres\table_page_504.csv: En-tête '7050Base' introuvable.
Erreur dans le fichier ./CSV3\bulletins\bulletins_propres\table_page_504.csv: En-tête 'Base' introuvable.
Erreur dans le fichier ./CSV3\bulletins\bulletins_propres\table_page_504.csv: En-tête '7055Base' introuvable.
Erreur dans le fichier ./CSV3\bulletins\bulletins_propres\table_page_504.csv: En-tête 'Base' introuvable.
Erreur dans le fichier ./CSV3\bulletins\bulletins_propres\table_page_504.csv: En-tête '7C00Base' introuvable.
Erreur dans le fichier ./CSV3\bulletins\bulletins_propres\table_page_504.csv: En-tête 'Base' introuvable.
Erreur dans le fichier ./CSV3\bulletins\bulletins_propres\table_page_504.csv: En-tête '7C20Base' introuvable.
Erreur dans le fichier ./CSV3\bulletins\bulletins_propres\table_page_504.csv: En-tête '7M04Base' introuvable.
Erreur dans le fichier ./CSV3\bulletins\bulletins_propres\table_page_504.csv: En-tête '7P10Base' introuvable.
Erreur dans le fichier ./CSV3\bulletins\bulletins_propres\table_page_504.csv: En-tête '7R56Base' introuvable.
Erreur dans le fichier ./CSV3\bulletins\bulletins_propres\table_page_504.csv: En-tête '7R63Base' introuvable.
Erreur dans le fichier ./CSV3\bulletins\bulletins_propres\table_page_504.csv: En-tête '7T00Base' introuvable.
Erreur dans le fichier ./CSV3\bulletins\bulletins_propres\table_page_504.csv: En-tête '7T02Base' introuvable.
Erreur dans le fichier ./CSV3\bulletins\bulletins_propres\table_page_504.csv: En-tête '7T05Base' introuvable.
Erreur dans le fichier ./CSV3\bulletins\bulletins_propres\table_page_504.csv: En-tête '7T10Base' introuvable.
Erreur dans le fichier ./CSV3\bulletins\bulletins_propres\table_page_504.csv: En-tête '7T15Base' introuvable.
Erreur dans le fichier ./CSV3\bulletins\bulletins_propres\table_page_504.csv: En-tête '7T20Base' introuvable.
Erreur dans le fichier ./CSV3\bulletins\bulletins_propres\table_page_504.csv: En-tête 'Base' introuvable.
Erreur dans le fichier ./CSV3\bulletins\bulletins_propres\table_page_504.csv: En-tête '6082Base' introuvable.
Erreur dans le fichier ./CSV3\bulletins\bulletins_propres\table_page_504.csv: En-tête 'Base' introuvable.
Erreur dans le fichier ./CSV3\bulletins\bulletins_propres\table_page_504.csv: En-tête '6094Base' introuvable.
Erreur dans le fichier ./CSV3\bulletins\bulletins_propres\table_page_504.csv: En-tête 'PALCAllégement chômageBase' introuvable.
Erreur dans le fichier ./CSV3\bulletins\bulletins_propres\table_page_504.csv: En-tête 'PALFAllégement FillonBase' introuvable.
Erreur dans le fichier ./CSV3\bulletins\bulletins_propres\table_page_504.csv: En-tête 'PALRAllégement retraiteBase' introuvable.
Erreur dans le fichier ./CSV3\bulletins\bulletins_propres\table_page_504.csv: En-tête 'Total Charges Ded.Base' introuvable.
Erreur dans le fichier ./CSV3\bulletins\bulletins_propres\table_page_504.csv: En-tête '6080Base' introuvable.
Erreur dans le fichier ./CSV3\bulletins\bulletins_propres\table_page_504.csv: En-tête '6084Base' introuvable.
Erreur dans le fichier ./CSV3\bulletins\bulletins_propres\table_page_504.csv: En-tête '6092Base' introuvable.
Erreur dans le fichier ./CSV3\bulletins\bulletins_propres\table_page_504.csv: En-tête '6096Base' introuvable.
Erreur dans le fichier ./CSV3\bulletins\bulletins_propres\table_page_504.csv: En-tête 'Total Charges Non Ded.Base' introuvable.
Erreur dans le fichier ./CSV3\bulletins\bulletins_propres\table_page_504.csv: En-tête '8009Base' introuvable.
Erreur dans le fichier ./CSV3\bulletins\bulletins_propres\table_page_504.csv: En-tête '8010Base' introuvable.
Erreur dans le fichier ./CSV3\bulletins\bulletins_propres\table_page_504.csv: En-tête '/S13Saisie non-alim. priorit.Base' introuvable.
Erreur dans le fichier ./CSV3\bulletins\bulletins_propres\table_page_504.csv: En-tête '8007Base' introuvable.
Erreur dans le fichier ./CSV3\bulletins\bulletins_propres\table_page_504.csv: En-tête '8020Base' introuvable.
Erreur dans le fichier ./CSV3\bulletins\bulletins_propres\table_page_504.csv: En-tête '8192Base' introuvable.
Erreur dans le fichier ./CSV3\bulletins\bulletins_propres\table_page_506.csv: En-tête '1002Base' introuvable.
Erreur dans le fichier ./CSV3\bulletins\bulletins_propres\table_page_506.csv: En-tête '2068Base' introuvable.
Erreur dans le fichier ./CSV3\bulletins\bulletins_propres\table_page_506.csv: En-tête 'Base' introuvable.
Erreur dans le fichier ./CSV3\bulletins\bulletins_propres\table_page_506.csv: En-tête 'Base' introuvable.
Erreur dans le fichier ./CSV3\bulletins\bulletins_propres\table_page_506.csv: En-tête 'TOTAL BRUTBase' introuvable.
Erreur dans le fichier ./CSV3\bulletins\bulletins_propres\table_page_506.csv: En-tête 'Base' introuvable.
Erreur dans le fichier ./CSV3\bulletins\bulletins_propres\table_page_506.csv: En-tête '7001Base' introuvable.
Erreur dans le fichier ./CSV3\bulletins\bulletins_propres\table_page_506.csv: En-tête 'Base' introuvable.
Erreur dans le fichier ./CSV3\bulletins\bulletins_propres\table_page_506.csv: En-tête '7010Base' introuvable.
Erreur dans le fichier ./CSV3\bulletins\bulletins_propres\table_page_506.csv: En-tête '7015Base' introuvable.
Erreur dans le fichier ./CSV3\bulletins\bulletins_propres\table_page_506.csv: En-tête '7020Base' introuvable.
Erreur dans le fichier ./CSV3\bulletins\bulletins_propres\table_page_506.csv: En-tête '7030Base' introuvable.
Erreur dans le fichier ./CSV3\bulletins\bulletins_propres\table_page_506.csv: En-tête '7035Base' introuvable.
Erreur dans le fichier ./CSV3\bulletins\bulletins_propres\table_page_506.csv: En-tête '7040Base' introuvable.
Erreur dans le fichier ./CSV3\bulletins\bulletins_propres\table_page_506.csv: En-tête '7045Base' introuvable.
Erreur dans le fichier ./CSV3\bulletins\bulletins_propres\table_page_506.csv: En-tête '7050Base' introuvable.
Erreur dans le fichier ./CSV3\bulletins\bulletins_propres\table_page_506.csv: En-tête '7055Base' introuvable.
Erreur dans le fichier ./CSV3\bulletins\bulletins_propres\table_page_506.csv: En-tête '7C00Base' introuvable.
Erreur dans le fichier ./CSV3\bulletins\bulletins_propres\table_page_506.csv: En-tête '7C20Base' introuvable.
Erreur dans le fichier ./CSV3\bulletins\bulletins_propres\table_page_506.csv: En-tête 'Base' introuvable.
Erreur dans le fichier ./CSV3\bulletins\bulletins_propres\table_page_506.csv: En-tête '7M05Base' introuvable.
Erreur dans le fichier ./CSV3\bulletins\bulletins_propres\table_page_506.csv: En-tête 'Base' introuvable.
Erreur dans le fichier ./CSV3\bulletins\bulletins_propres\table_page_506.csv: En-tête '7P20Base' introuvable.
Erreur dans le fichier ./CSV3\bulletins\bulletins_propres\table_page_506.csv: En-tête 'Base' introuvable.
Erreur dans le fichier ./CSV3\bulletins\bulletins_propres\table_page_506.csv: En-tête '7R44Base' introuvable.
Erreur dans le fichier ./CSV3\bulletins\bulletins_propres\table_page_506.csv: En-tête 'Base' introuvable.
Erreur dans le fichier ./CSV3\bulletins\bulletins_propres\table_page_506.csv: En-tête '7R53Base' introuvable.
Erreur dans le fichier ./CSV3\bulletins\bulletins_propres\table_page_506.csv: En-tête '7R63Base' introuvable.
Erreur dans le fichier ./CSV3\bulletins\bulletins_propres\table_page_506.csv: En-tête '7T00Base' introuvable.
Erreur dans le fichier ./CSV3\bulletins\bulletins_propres\table_page_506.csv: En-tête '7T02Base' introuvable.
Erreur dans le fichier ./CSV3\bulletins\bulletins_propres\table_page_506.csv: En-tête '7T05Base' introuvable.
Erreur dans le fichier ./CSV3\bulletins\bulletins_propres\table_page_506.csv: En-tête '7T10Base' introuvable.
Erreur dans le fichier ./CSV3\bulletins\bulletins_propres\table_page_506.csv: En-tête '7T15Base' introuvable.
Erreur dans le fichier ./CSV3\bulletins\bulletins_propres\table_page_506.csv: En-tête '7T20Base' introuvable.
Erreur dans le fichier ./CSV3\bulletins\bulletins_propres\table_page_506.csv: En-tête '6082Base' introuvable.
Erreur dans le fichier ./CSV3\bulletins\bulletins_propres\table_page_506.csv: En-tête '6094Base' introuvable.
Erreur dans le fichier ./CSV3\bulletins\bulletins_propres\table_page_506.csv: En-tête 'Base' introuvable.
Erreur dans le fichier ./CSV3\bulletins\bulletins_propres\table_page_506.csv: En-tête 'Total Charges Ded.Base' introuvable.
Erreur dans le fichier ./CSV3\bulletins\bulletins_propres\table_page_506.csv: En-tête 'Base' introuvable.
Erreur dans le fichier ./CSV3\bulletins\bulletins_propres\table_page_506.csv: En-tête '6080Base' introuvable.
Erreur dans le fichier ./CSV3\bulletins\bulletins_propres\table_page_506.csv: En-tête '6084Base' introuvable.
Erreur dans le fichier ./CSV3\bulletins\bulletins_propres\table_page_506.csv: En-tête '6092Base' introuvable.
Erreur dans le fichier ./CSV3\bulletins\bulletins_propres\table_page_506.csv: En-tête '6096Base' introuvable.
Erreur dans le fichier ./CSV3\bulletins\bulletins_propres\table_page_506.csv: En-tête 'Total Charges Non Ded.Base' introuvable.
Erreur dans le fichier ./CSV3\bulletins\bulletins_propres\table_page_506.csv: En-tête '8009Base' introuvable.
Erreur dans le fichier ./CSV3\bulletins\bulletins_propres\table_page_506.csv: En-tête '8010Base' introuvable.
Erreur dans le fichier ./CSV3\bulletins\bulletins_propres\table_page_506.csv: En-tête '8007Base' introuvable.
Erreur dans le fichier ./CSV3\bulletins\bulletins_propres\table_page_508.csv: En-tête 'Base' introuvable.
Erreur dans le fichier ./CSV3\bulletins\bulletins_propres\table_page_508.csv: En-tête 'Base' introuvable.
Erreur dans le fichier ./CSV3\bulletins\bulletins_propres\table_page_508.csv: En-tête 'Base' introuvable.
Erreur dans le fichier ./CSV3\bulletins\bulletins_propres\table_page_508.csv: En-tête 'Base' introuvable.
Erreur dans le fichier ./CSV3\bulletins\bulletins_propres\table_page_508.csv: En-tête 'Base' introuvable.
Erreur dans le fichier ./CSV3\bulletins\bulletins_propres\table_page_508.csv: En-tête 'Base' introuvable.
Erreur dans le fichier ./CSV3\bulletins\bulletins_propres\table_page_508.csv: En-tête 'Base' introuvable.
Erreur dans le fichier ./CSV3\bulletins\bulletins_propres\table_page_508.csv: En-tête 'Base' introuvable.
Erreur dans le fichier ./CSV3\bulletins\bulletins_propres\table_page_508.csv: En-tête 'Base' introuvable.
Erreur dans le fichier ./CSV3\bulletins\bulletins_propres\table_page_508.csv: En-tête 'Base' introuvable.
Erreur dans le fichier ./CSV3\bulletins\bulletins_propres\table_page_508.csv: En-tête 'Base' introuvable.
Erreur dans le fichier ./CSV3\bulletins\bulletins_propres\table_page_508.csv: En-tête 'Base' introuvable.
Erreur dans le fichier ./CSV3\bulletins\bulletins_propres\table_page_508.csv: En-tête 'Base' introuvable.
Erreur dans le fichier ./CSV3\bulletins\bulletins_propres\table_page_508.csv: En-tête '7R60Base' introuvable.
Erreur dans le fichier ./CSV3\bulletins\bulletins_propres\table_page_508.csv: En-tête '7M03Base' introuvable.
Erreur dans le fichier ./CSV3\bulletins\bulletins_propres\table_page_508.csv: En-tête 'Base' introuvable.
Erreur dans le fichier ./CSV3\bulletins\bulletins_propres\table_page_508.csv: En-tête '7R63Base' introuvable.
Erreur dans le fichier ./CSV3\bulletins\bulletins_propres\table_page_508.csv: En-tête 'Base' introuvable.
Erreur dans le fichier ./CSV3\bulletins\bulletins_propres\table_page_508.csv: En-tête 'Base' introuvable.
Erreur dans le fichier ./CSV3\bulletins\bulletins_propres\table_page_508.csv: En-tête 'PALCBase' introuvable.
Erreur dans le fichier ./CSV3\bulletins\bulletins_propres\table_page_508.csv: En-tête 'PALFBase' introuvable.
Erreur dans le fichier ./CSV3\bulletins\bulletins_propres\table_page_508.csv: En-tête 'PALRBase' introuvable.
Erreur dans le fichier ./CSV3\bulletins\bulletins_propres\table_page_508.csv: En-tête 'Base' introuvable.
Erreur dans le fichier ./CSV3\bulletins\bulletins_propres\table_page_508.csv: En-tête 'Base' introuvable.
Erreur dans le fichier ./CSV3\bulletins\bulletins_propres\table_page_508.csv: En-tête 'Base' introuvable.
Erreur dans le fichier ./CSV3\bulletins\bulletins_propres\table_page_508.csv: En-tête 'NET A PAYER AVANT IMPÔT SUR LE REVENUBase' introuvable.
Erreur dans le fichier ./CSV3\bulletins\bulletins_propres\table_page_508.csv: En-tête 'Impôt sur le revenuBase' introuvable.
Erreur dans le fichier ./CSV3\bulletins\bulletins_propres\table_page_508.csv: En-tête 'Impôt sur le revenu à la sourceBase' introuvable.
Erreur dans le fichier ./CSV3\bulletins\bulletins_propres\table_page_51.csv: En-tête '1001Base' introuvable.
Erreur dans le fichier ./CSV3\bulletins\bulletins_propres\table_page_51.csv: En-tête '1046Base' introuvable.
Erreur dans le fichier ./CSV3\bulletins\bulletins_propres\table_page_51.csv: En-tête 'Base' introuvable.
Erreur dans le fichier ./CSV3\bulletins\bulletins_propres\table_page_51.csv: En-tête '2012Base' introuvable.
Erreur dans le fichier ./CSV3\bulletins\bulletins_propres\table_page_51.csv: En-tête 'Base' introuvable.
Erreur dans le fichier ./CSV3\bulletins\bulletins_propres\table_page_51.csv: En-tête '2018Base' introuvable.
Erreur dans le fichier ./CSV3\bulletins\bulletins_propres\table_page_51.csv: En-tête '2068Base' introuvable.
Erreur dans le fichier ./CSV3\bulletins\bulletins_propres\table_page_51.csv: En-tête '2078Base' introuvable.
Erreur dans le fichier ./CSV3\bulletins\bulletins_propres\table_page_51.csv: En-tête '3505Base' introuvable.
Erreur dans le fichier ./CSV3\bulletins\bulletins_propres\table_page_51.csv: En-tête 'Base' introuvable.
Erreur dans le fichier ./CSV3\bulletins\bulletins_propres\table_page_51.csv: En-tête 'TOTAL BRUTBase' introuvable.
Erreur dans le fichier ./CSV3\bulletins\bulletins_propres\table_page_51.csv: En-tête '7001Base' introuvable.
Erreur dans le fichier ./CSV3\bulletins\bulletins_propres\table_page_51.csv: En-tête '7010Base' introuvable.
Erreur dans le fichier ./CSV3\bulletins\bulletins_propres\table_page_51.csv: En-tête '7015Base' introuvable.
Erreur dans le fichier ./CSV3\bulletins\bulletins_propres\table_page_51.csv: En-tête '7020Base' introuvable.
Erreur dans le fichier ./CSV3\bulletins\bulletins_propres\table_page_51.csv: En-tête '7030Base' introuvable.
Erreur dans le fichier ./CSV3\bulletins\bulletins_propres\table_page_51.csv: En-tête '7035Base' introuvable.
Erreur dans le fichier ./CSV3\bulletins\bulletins_propres\table_page_51.csv: En-tête '7040Base' introuvable.
Erreur dans le fichier ./CSV3\bulletins\bulletins_propres\table_page_51.csv: En-tête 'Base' introuvable.
Erreur dans le fichier ./CSV3\bulletins\bulletins_propres\table_page_51.csv: En-tête '7045Base' introuvable.
Erreur dans le fichier ./CSV3\bulletins\bulletins_propres\table_page_51.csv: En-tête 'Base' introuvable.
Erreur dans le fichier ./CSV3\bulletins\bulletins_propres\table_page_51.csv: En-tête '7050Base' introuvable.
Erreur dans le fichier ./CSV3\bulletins\bulletins_propres\table_page_51.csv: En-tête 'Base' introuvable.
Erreur dans le fichier ./CSV3\bulletins\bulletins_propres\table_page_51.csv: En-tête '7055Base' introuvable.
Erreur dans le fichier ./CSV3\bulletins\bulletins_propres\table_page_51.csv: En-tête 'Base' introuvable.
Erreur dans le fichier ./CSV3\bulletins\bulletins_propres\table_page_51.csv: En-tête '7C00Base' introuvable.
Erreur dans le fichier ./CSV3\bulletins\bulletins_propres\table_page_51.csv: En-tête '7C20Base' introuvable.
Erreur dans le fichier ./CSV3\bulletins\bulletins_propres\table_page_51.csv: En-tête '7M03Base' introuvable.
Erreur dans le fichier ./CSV3\bulletins\bulletins_propres\table_page_51.csv: En-tête '7P10Base' introuvable.
Erreur dans le fichier ./CSV3\bulletins\bulletins_propres\table_page_51.csv: En-tête '7R56Base' introuvable.
Erreur dans le fichier ./CSV3\bulletins\bulletins_propres\table_page_51.csv: En-tête '7R63Base' introuvable.
Erreur dans le fichier ./CSV3\bulletins\bulletins_propres\table_page_51.csv: En-tête '7T00Base' introuvable.
Erreur dans le fichier ./CSV3\bulletins\bulletins_propres\table_page_51.csv: En-tête '7T02Base' introuvable.
Erreur dans le fichier ./CSV3\bulletins\bulletins_propres\table_page_51.csv: En-tête '7T05Base' introuvable.
Erreur dans le fichier ./CSV3\bulletins\bulletins_propres\table_page_51.csv: En-tête '7T10Base' introuvable.
Erreur dans le fichier ./CSV3\bulletins\bulletins_propres\table_page_51.csv: En-tête '7T15Base' introuvable.
Erreur dans le fichier ./CSV3\bulletins\bulletins_propres\table_page_51.csv: En-tête 'Base' introuvable.
Erreur dans le fichier ./CSV3\bulletins\bulletins_propres\table_page_51.csv: En-tête '7T20Base' introuvable.
Erreur dans le fichier ./CSV3\bulletins\bulletins_propres\table_page_51.csv: En-tête 'Base' introuvable.
Erreur dans le fichier ./CSV3\bulletins\bulletins_propres\table_page_51.csv: En-tête '6082Base' introuvable.
Erreur dans le fichier ./CSV3\bulletins\bulletins_propres\table_page_51.csv: En-tête '6094Base' introuvable.
Erreur dans le fichier ./CSV3\bulletins\bulletins_propres\table_page_51.csv: En-tête 'Total Charges Ded.Base' introuvable.
Erreur dans le fichier ./CSV3\bulletins\bulletins_propres\table_page_51.csv: En-tête '6080Base' introuvable.
Erreur dans le fichier ./CSV3\bulletins\bulletins_propres\table_page_51.csv: En-tête '6084Base' introuvable.
Erreur dans le fichier ./CSV3\bulletins\bulletins_propres\table_page_51.csv: En-tête '6092Base' introuvable.
Erreur dans le fichier ./CSV3\bulletins\bulletins_propres\table_page_51.csv: En-tête '6096Base' introuvable.
Erreur dans le fichier ./CSV3\bulletins\bulletins_propres\table_page_51.csv: En-tête 'Total Charges Non Ded.Base' introuvable.
Erreur dans le fichier ./CSV3\bulletins\bulletins_propres\table_page_51.csv: En-tête '8009Base' introuvable.
Erreur dans le fichier ./CSV3\bulletins\bulletins_propres\table_page_51.csv: En-tête '8010Base' introuvable.
Erreur dans le fichier ./CSV3\bulletins\bulletins_propres\table_page_51.csv: En-tête '8095Base' introuvable.
Erreur dans le fichier ./CSV3\bulletins\bulletins_propres\table_page_510.csv: En-tête '1001Base' introuvable.
Erreur dans le fichier ./CSV3\bulletins\bulletins_propres\table_page_510.csv: En-tête '1046Base' introuvable.
Erreur dans le fichier ./CSV3\bulletins\bulletins_propres\table_page_510.csv: En-tête 'Base' introuvable.
Erreur dans le fichier ./CSV3\bulletins\bulletins_propres\table_page_510.csv: En-tête '2018Base' introuvable.
Erreur dans le fichier ./CSV3\bulletins\bulletins_propres\table_page_510.csv: En-tête 'Base' introuvable.
Erreur dans le fichier ./CSV3\bulletins\bulletins_propres\table_page_510.csv: En-tête '2074Base' introuvable.
Erreur dans le fichier ./CSV3\bulletins\bulletins_propres\table_page_510.csv: En-tête '2078Base' introuvable.
Erreur dans le fichier ./CSV3\bulletins\bulletins_propres\table_page_510.csv: En-tête '3050Base' introuvable.
Erreur dans le fichier ./CSV3\bulletins\bulletins_propres\table_page_510.csv: En-tête '3060Base' introuvable.
Erreur dans le fichier ./CSV3\bulletins\bulletins_propres\table_page_510.csv: En-tête '3200Base' introuvable.
Erreur dans le fichier ./CSV3\bulletins\bulletins_propres\table_page_510.csv: En-tête '3230Base' introuvable.
Erreur dans le fichier ./CSV3\bulletins\bulletins_propres\table_page_510.csv: En-tête '3250Base' introuvable.
Erreur dans le fichier ./CSV3\bulletins\bulletins_propres\table_page_510.csv: En-tête '3255Base' introuvable.
Erreur dans le fichier ./CSV3\bulletins\bulletins_propres\table_page_510.csv: En-tête 'Base' introuvable.
Erreur dans le fichier ./CSV3\bulletins\bulletins_propres\table_page_510.csv: En-tête 'TOTAL BRUTBase' introuvable.
Erreur dans le fichier ./CSV3\bulletins\bulletins_propres\table_page_510.csv: En-tête '7001Base' introuvable.
Erreur dans le fichier ./CSV3\bulletins\bulletins_propres\table_page_510.csv: En-tête '7010Base' introuvable.
Erreur dans le fichier ./CSV3\bulletins\bulletins_propres\table_page_510.csv: En-tête '7015Base' introuvable.
Erreur dans le fichier ./CSV3\bulletins\bulletins_propres\table_page_510.csv: En-tête 'Base' introuvable.
Erreur dans le fichier ./CSV3\bulletins\bulletins_propres\table_page_510.csv: En-tête '7020Base' introuvable.
Erreur dans le fichier ./CSV3\bulletins\bulletins_propres\table_page_510.csv: En-tête 'Base' introuvable.
Erreur dans le fichier ./CSV3\bulletins\bulletins_propres\table_page_510.csv: En-tête '7030Base' introuvable.
Erreur dans le fichier ./CSV3\bulletins\bulletins_propres\table_page_510.csv: En-tête 'Base' introuvable.
Erreur dans le fichier ./CSV3\bulletins\bulletins_propres\table_page_510.csv: En-tête '7035Base' introuvable.
Erreur dans le fichier ./CSV3\bulletins\bulletins_propres\table_page_510.csv: En-tête 'Base' introuvable.
Erreur dans le fichier ./CSV3\bulletins\bulletins_propres\table_page_510.csv: En-tête '7040Base' introuvable.
Erreur dans le fichier ./CSV3\bulletins\bulletins_propres\table_page_510.csv: En-tête '7045Base' introuvable.
Erreur dans le fichier ./CSV3\bulletins\bulletins_propres\table_page_510.csv: En-tête '7050Base' introuvable.
Erreur dans le fichier ./CSV3\bulletins\bulletins_propres\table_page_510.csv: En-tête '7055Base' introuvable.
Erreur dans le fichier ./CSV3\bulletins\bulletins_propres\table_page_510.csv: En-tête '7C00Base' introuvable.
Erreur dans le fichier ./CSV3\bulletins\bulletins_propres\table_page_510.csv: En-tête '7C20Base' introuvable.
Erreur dans le fichier ./CSV3\bulletins\bulletins_propres\table_page_510.csv: En-tête '7M05Base' introuvable.
Erreur dans le fichier ./CSV3\bulletins\bulletins_propres\table_page_510.csv: En-tête '7P20Base' introuvable.
Erreur dans le fichier ./CSV3\bulletins\bulletins_propres\table_page_510.csv: En-tête '7R56Base' introuvable.
Erreur dans le fichier ./CSV3\bulletins\bulletins_propres\table_page_510.csv: En-tête '7R63Base' introuvable.
Erreur dans le fichier ./CSV3\bulletins\bulletins_propres\table_page_510.csv: En-tête '7T00Base' introuvable.
Erreur dans le fichier ./CSV3\bulletins\bulletins_propres\table_page_510.csv: En-tête 'Base' introuvable.
Erreur dans le fichier ./CSV3\bulletins\bulletins_propres\table_page_510.csv: En-tête '7T02Base' introuvable.
Erreur dans le fichier ./CSV3\bulletins\bulletins_propres\table_page_510.csv: En-tête 'Base' introuvable.
Erreur dans le fichier ./CSV3\bulletins\bulletins_propres\table_page_510.csv: En-tête '7T05Base' introuvable.
Erreur dans le fichier ./CSV3\bulletins\bulletins_propres\table_page_510.csv: En-tête 'Base' introuvable.
Erreur dans le fichier ./CSV3\bulletins\bulletins_propres\table_page_510.csv: En-tête '7T10Base' introuvable.
Erreur dans le fichier ./CSV3\bulletins\bulletins_propres\table_page_510.csv: En-tête '7T15Base' introuvable.
Erreur dans le fichier ./CSV3\bulletins\bulletins_propres\table_page_510.csv: En-tête '7T20Base' introuvable.
Erreur dans le fichier ./CSV3\bulletins\bulletins_propres\table_page_510.csv: En-tête '6082Base' introuvable.
Erreur dans le fichier ./CSV3\bulletins\bulletins_propres\table_page_510.csv: En-tête '6094Base' introuvable.
Erreur dans le fichier ./CSV3\bulletins\bulletins_propres\table_page_510.csv: En-tête 'Total Charges Ded.Base' introuvable.
Erreur dans le fichier ./CSV3\bulletins\bulletins_propres\table_page_510.csv: En-tête '6080Base' introuvable.
Erreur dans le fichier ./CSV3\bulletins\bulletins_propres\table_page_510.csv: En-tête '6084Base' introuvable.
Erreur dans le fichier ./CSV3\bulletins\bulletins_propres\table_page_510.csv: En-tête '6092Base' introuvable.
Erreur dans le fichier ./CSV3\bulletins\bulletins_propres\table_page_510.csv: En-tête '6096Base' introuvable.
Erreur dans le fichier ./CSV3\bulletins\bulletins_propres\table_page_510.csv: En-tête 'Total Charges Non Ded.Base' introuvable.
Erreur dans le fichier ./CSV3\bulletins\bulletins_propres\table_page_510.csv: En-tête '/5I2IJ nette - Maladie 0624Base' introuvable.
Erreur dans le fichier ./CSV3\bulletins\bulletins_propres\table_page_510.csv: En-tête '8009Base' introuvable.
Erreur dans le fichier ./CSV3\bulletins\bulletins_propres\table_page_510.csv: En-tête '8010Base' introuvable.
Erreur dans le fichier ./CSV3\bulletins\bulletins_propres\table_page_510.csv: En-tête '8007Base' introuvable.
Erreur dans le fichier ./CSV3\bulletins\bulletins_propres\table_page_510.csv: En-tête '8013Base' introuvable.
Erreur dans le fichier ./CSV3\bulletins\bulletins_propres\table_page_510.csv: En-tête '8020Base' introuvable.
Erreur dans le fichier ./CSV3\bulletins\bulletins_propres\table_page_510.csv: En-tête '8192Base' introuvable.
Erreur dans le fichier ./CSV3\bulletins\bulletins_propres\table_page_512.csv: En-tête '1001Base' introuvable.
Erreur dans le fichier ./CSV3\bulletins\bulletins_propres\table_page_512.csv: En-tête '1046Base' introuvable.
Erreur dans le fichier ./CSV3\bulletins\bulletins_propres\table_page_512.csv: En-tête 'Base' introuvable.
Erreur dans le fichier ./CSV3\bulletins\bulletins_propres\table_page_512.csv: En-tête '2018Base' introuvable.
Erreur dans le fichier ./CSV3\bulletins\bulletins_propres\table_page_512.csv: En-tête 'Base' introuvable.
Erreur dans le fichier ./CSV3\bulletins\bulletins_propres\table_page_512.csv: En-tête '2068Base' introuvable.
Erreur dans le fichier ./CSV3\bulletins\bulletins_propres\table_page_512.csv: En-tête '2078Base' introuvable.
Erreur dans le fichier ./CSV3\bulletins\bulletins_propres\table_page_512.csv: En-tête '3250Base' introuvable.
Erreur dans le fichier ./CSV3\bulletins\bulletins_propres\table_page_512.csv: En-tête '3255Base' introuvable.
Erreur dans le fichier ./CSV3\bulletins\bulletins_propres\table_page_512.csv: En-tête 'Base' introuvable.
Erreur dans le fichier ./CSV3\bulletins\bulletins_propres\table_page_512.csv: En-tête 'TOTAL BRUTBase' introuvable.
Erreur dans le fichier ./CSV3\bulletins\bulletins_propres\table_page_512.csv: En-tête '7001Base' introuvable.
Erreur dans le fichier ./CSV3\bulletins\bulletins_propres\table_page_512.csv: En-tête '7010Base' introuvable.
Erreur dans le fichier ./CSV3\bulletins\bulletins_propres\table_page_512.csv: En-tête '7015Base' introuvable.
Erreur dans le fichier ./CSV3\bulletins\bulletins_propres\table_page_512.csv: En-tête '7020Base' introuvable.
Erreur dans le fichier ./CSV3\bulletins\bulletins_propres\table_page_512.csv: En-tête '7030Base' introuvable.
Erreur dans le fichier ./CSV3\bulletins\bulletins_propres\table_page_512.csv: En-tête '7035Base' introuvable.
Erreur dans le fichier ./CSV3\bulletins\bulletins_propres\table_page_512.csv: En-tête '7040Base' introuvable.
Erreur dans le fichier ./CSV3\bulletins\bulletins_propres\table_page_512.csv: En-tête 'Base' introuvable.
Erreur dans le fichier ./CSV3\bulletins\bulletins_propres\table_page_512.csv: En-tête '7045Base' introuvable.
Erreur dans le fichier ./CSV3\bulletins\bulletins_propres\table_page_512.csv: En-tête 'Base' introuvable.
Erreur dans le fichier ./CSV3\bulletins\bulletins_propres\table_page_512.csv: En-tête '7050Base' introuvable.
Erreur dans le fichier ./CSV3\bulletins\bulletins_propres\table_page_512.csv: En-tête 'Base' introuvable.
Erreur dans le fichier ./CSV3\bulletins\bulletins_propres\table_page_512.csv: En-tête '7055Base' introuvable.
Erreur dans le fichier ./CSV3\bulletins\bulletins_propres\table_page_512.csv: En-tête 'Base' introuvable.
Erreur dans le fichier ./CSV3\bulletins\bulletins_propres\table_page_512.csv: En-tête '7C00Base' introuvable.
Erreur dans le fichier ./CSV3\bulletins\bulletins_propres\table_page_512.csv: En-tête '7C20Base' introuvable.
Erreur dans le fichier ./CSV3\bulletins\bulletins_propres\table_page_512.csv: En-tête '7M04Base' introuvable.
Erreur dans le fichier ./CSV3\bulletins\bulletins_propres\table_page_512.csv: En-tête '7P10Base' introuvable.
Erreur dans le fichier ./CSV3\bulletins\bulletins_propres\table_page_512.csv: En-tête '7R56Base' introuvable.
Erreur dans le fichier ./CSV3\bulletins\bulletins_propres\table_page_512.csv: En-tête '7R63Base' introuvable.
Erreur dans le fichier ./CSV3\bulletins\bulletins_propres\table_page_512.csv: En-tête '7T00Base' introuvable.
Erreur dans le fichier ./CSV3\bulletins\bulletins_propres\table_page_512.csv: En-tête '7T02Base' introuvable.
Erreur dans le fichier ./CSV3\bulletins\bulletins_propres\table_page_512.csv: En-tête '7T05Base' introuvable.
Erreur dans le fichier ./CSV3\bulletins\bulletins_propres\table_page_512.csv: En-tête '7T10Base' introuvable.
Erreur dans le fichier ./CSV3\bulletins\bulletins_propres\table_page_512.csv: En-tête '7T15Base' introuvable.
Erreur dans le fichier ./CSV3\bulletins\bulletins_propres\table_page_512.csv: En-tête 'Base' introuvable.
Erreur dans le fichier ./CSV3\bulletins\bulletins_propres\table_page_512.csv: En-tête '7T20Base' introuvable.
Erreur dans le fichier ./CSV3\bulletins\bulletins_propres\table_page_512.csv: En-tête 'Base' introuvable.
Erreur dans le fichier ./CSV3\bulletins\bulletins_propres\table_page_512.csv: En-tête '6082Base' introuvable.
Erreur dans le fichier ./CSV3\bulletins\bulletins_propres\table_page_512.csv: En-tête '6094Base' introuvable.
Erreur dans le fichier ./CSV3\bulletins\bulletins_propres\table_page_512.csv: En-tête 'PALCAllégement chômageBase' introuvable.
Erreur dans le fichier ./CSV3\bulletins\bulletins_propres\table_page_512.csv: En-tête 'PALFAllégement FillonBase' introuvable.
Erreur dans le fichier ./CSV3\bulletins\bulletins_propres\table_page_512.csv: En-tête 'PALRAllégement retraiteBase' introuvable.
Erreur dans le fichier ./CSV3\bulletins\bulletins_propres\table_page_512.csv: En-tête 'Total Charges Ded.Base' introuvable.
Erreur dans le fichier ./CSV3\bulletins\bulletins_propres\table_page_512.csv: En-tête '6080Base' introuvable.
Erreur dans le fichier ./CSV3\bulletins\bulletins_propres\table_page_512.csv: En-tête '6084Base' introuvable.
Erreur dans le fichier ./CSV3\bulletins\bulletins_propres\table_page_512.csv: En-tête '6092Base' introuvable.
Erreur dans le fichier ./CSV3\bulletins\bulletins_propres\table_page_512.csv: En-tête '6096Base' introuvable.
Erreur dans le fichier ./CSV3\bulletins\bulletins_propres\table_page_512.csv: En-tête 'Total Charges Non Ded.Base' introuvable.
Erreur dans le fichier ./CSV3\bulletins\bulletins_propres\table_page_512.csv: En-tête '8009Base' introuvable.
Erreur dans le fichier ./CSV3\bulletins\bulletins_propres\table_page_512.csv: En-tête '8010Base' introuvable.
Erreur dans le fichier ./CSV3\bulletins\bulletins_propres\table_page_512.csv: En-tête '8007Base' introuvable.
Erreur dans le fichier ./CSV3\bulletins\bulletins_propres\table_page_512.csv: En-tête '8192Base' introuvable.
Erreur dans le fichier ./CSV3\bulletins\bulletins_propres\table_page_512.csv: En-tête 'Base' introuvable.
Erreur dans le fichier ./CSV3\bulletins\bulletins_propres\table_page_512.csv: En-tête 'Base' introuvable.
Erreur dans le fichier ./CSV3\bulletins\bulletins_propres\table_page_512.csv: En-tête 'Impôt sur le revenuBase' introuvable.
Erreur dans le fichier ./CSV3\bulletins\bulletins_propres\table_page_512.csv: En-tête 'Impôt sur le revenu à la sourceBase' introuvable.
Erreur dans le fichier ./CSV3\bulletins\bulletins_propres\table_page_514.csv: En-tête '1001Base' introuvable.
Erreur dans le fichier ./CSV3\bulletins\bulletins_propres\table_page_514.csv: En-tête '1046Base' introuvable.
Erreur dans le fichier ./CSV3\bulletins\bulletins_propres\table_page_514.csv: En-tête 'Base' introuvable.
Erreur dans le fichier ./CSV3\bulletins\bulletins_propres\table_page_514.csv: En-tête '2018Base' introuvable.
Erreur dans le fichier ./CSV3\bulletins\bulletins_propres\table_page_514.csv: En-tête 'Base' introuvable.
Erreur dans le fichier ./CSV3\bulletins\bulletins_propres\table_page_514.csv: En-tête '2068Base' introuvable.
Erreur dans le fichier ./CSV3\bulletins\bulletins_propres\table_page_514.csv: En-tête '2078Base' introuvable.
Erreur dans le fichier ./CSV3\bulletins\bulletins_propres\table_page_514.csv: En-tête '3460Base' introuvable.
Erreur dans le fichier ./CSV3\bulletins\bulletins_propres\table_page_514.csv: En-tête '3462Base' introuvable.
Erreur dans le fichier ./CSV3\bulletins\bulletins_propres\table_page_514.csv: En-tête 'Base' introuvable.
Erreur dans le fichier ./CSV3\bulletins\bulletins_propres\table_page_514.csv: En-tête 'TOTAL BRUTBase' introuvable.
Erreur dans le fichier ./CSV3\bulletins\bulletins_propres\table_page_514.csv: En-tête '7001Base' introuvable.
Erreur dans le fichier ./CSV3\bulletins\bulletins_propres\table_page_514.csv: En-tête '7010Base' introuvable.
Erreur dans le fichier ./CSV3\bulletins\bulletins_propres\table_page_514.csv: En-tête '7015Base' introuvable.
Erreur dans le fichier ./CSV3\bulletins\bulletins_propres\table_page_514.csv: En-tête '7020Base' introuvable.
Erreur dans le fichier ./CSV3\bulletins\bulletins_propres\table_page_514.csv: En-tête '7030Base' introuvable.
Erreur dans le fichier ./CSV3\bulletins\bulletins_propres\table_page_514.csv: En-tête '7035Base' introuvable.
Erreur dans le fichier ./CSV3\bulletins\bulletins_propres\table_page_514.csv: En-tête '7040Base' introuvable.
Erreur dans le fichier ./CSV3\bulletins\bulletins_propres\table_page_514.csv: En-tête 'Base' introuvable.
Erreur dans le fichier ./CSV3\bulletins\bulletins_propres\table_page_514.csv: En-tête '7045Base' introuvable.
Erreur dans le fichier ./CSV3\bulletins\bulletins_propres\table_page_514.csv: En-tête 'Base' introuvable.
Erreur dans le fichier ./CSV3\bulletins\bulletins_propres\table_page_514.csv: En-tête '7050Base' introuvable.
Erreur dans le fichier ./CSV3\bulletins\bulletins_propres\table_page_514.csv: En-tête 'Base' introuvable.
Erreur dans le fichier ./CSV3\bulletins\bulletins_propres\table_page_514.csv: En-tête '7055Base' introuvable.
Erreur dans le fichier ./CSV3\bulletins\bulletins_propres\table_page_514.csv: En-tête 'Base' introuvable.
Erreur dans le fichier ./CSV3\bulletins\bulletins_propres\table_page_514.csv: En-tête '7C00Base' introuvable.
Erreur dans le fichier ./CSV3\bulletins\bulletins_propres\table_page_514.csv: En-tête '7C20Base' introuvable.
Erreur dans le fichier ./CSV3\bulletins\bulletins_propres\table_page_514.csv: En-tête '7M03Base' introuvable.
Erreur dans le fichier ./CSV3\bulletins\bulletins_propres\table_page_514.csv: En-tête '7P10Base' introuvable.
Erreur dans le fichier ./CSV3\bulletins\bulletins_propres\table_page_514.csv: En-tête '7R56Base' introuvable.
Erreur dans le fichier ./CSV3\bulletins\bulletins_propres\table_page_514.csv: En-tête '7R63Base' introuvable.
Erreur dans le fichier ./CSV3\bulletins\bulletins_propres\table_page_514.csv: En-tête '7T00Base' introuvable.
Erreur dans le fichier ./CSV3\bulletins\bulletins_propres\table_page_514.csv: En-tête '7T02Base' introuvable.
Erreur dans le fichier ./CSV3\bulletins\bulletins_propres\table_page_514.csv: En-tête '7T05Base' introuvable.
Erreur dans le fichier ./CSV3\bulletins\bulletins_propres\table_page_514.csv: En-tête '7T10Base' introuvable.
Erreur dans le fichier ./CSV3\bulletins\bulletins_propres\table_page_514.csv: En-tête '7T15Base' introuvable.
Erreur dans le fichier ./CSV3\bulletins\bulletins_propres\table_page_514.csv: En-tête 'Base' introuvable.
Erreur dans le fichier ./CSV3\bulletins\bulletins_propres\table_page_514.csv: En-tête '7T20Base' introuvable.
Erreur dans le fichier ./CSV3\bulletins\bulletins_propres\table_page_514.csv: En-tête 'Base' introuvable.
Erreur dans le fichier ./CSV3\bulletins\bulletins_propres\table_page_514.csv: En-tête '6082Base' introuvable.
Erreur dans le fichier ./CSV3\bulletins\bulletins_propres\table_page_514.csv: En-tête '6094Base' introuvable.
Erreur dans le fichier ./CSV3\bulletins\bulletins_propres\table_page_514.csv: En-tête 'PALCAllégement chômageBase' introuvable.
Erreur dans le fichier ./CSV3\bulletins\bulletins_propres\table_page_514.csv: En-tête 'PALFAllégement FillonBase' introuvable.
Erreur dans le fichier ./CSV3\bulletins\bulletins_propres\table_page_514.csv: En-tête 'PALRAllégement retraiteBase' introuvable.
Erreur dans le fichier ./CSV3\bulletins\bulletins_propres\table_page_514.csv: En-tête 'Total Charges Ded.Base' introuvable.
Erreur dans le fichier ./CSV3\bulletins\bulletins_propres\table_page_514.csv: En-tête '6080Base' introuvable.
Erreur dans le fichier ./CSV3\bulletins\bulletins_propres\table_page_514.csv: En-tête '6084Base' introuvable.
Erreur dans le fichier ./CSV3\bulletins\bulletins_propres\table_page_514.csv: En-tête '6092Base' introuvable.
Erreur dans le fichier ./CSV3\bulletins\bulletins_propres\table_page_514.csv: En-tête '6096Base' introuvable.
Erreur dans le fichier ./CSV3\bulletins\bulletins_propres\table_page_514.csv: En-tête 'Total Charges Non Ded.Base' introuvable.
Erreur dans le fichier ./CSV3\bulletins\bulletins_propres\table_page_514.csv: En-tête '8009Base' introuvable.
Erreur dans le fichier ./CSV3\bulletins\bulletins_propres\table_page_514.csv: En-tête '8010Base' introuvable.
Erreur dans le fichier ./CSV3\bulletins\bulletins_propres\table_page_514.csv: En-tête '8007Base' introuvable.
Erreur dans le fichier ./CSV3\bulletins\bulletins_propres\table_page_514.csv: En-tête '8192Base' introuvable.
Erreur dans le fichier ./CSV3\bulletins\bulletins_propres\table_page_514.csv: En-tête 'Base' introuvable.
Erreur dans le fichier ./CSV3\bulletins\bulletins_propres\table_page_514.csv: En-tête 'Base' introuvable.
Erreur dans le fichier ./CSV3\bulletins\bulletins_propres\table_page_514.csv: En-tête 'Impôt sur le revenuBase' introuvable.
Erreur dans le fichier ./CSV3\bulletins\bulletins_propres\table_page_514.csv: En-tête 'Impôt sur le revenu à la sourceBase' introuvable.
Erreur dans le fichier ./CSV3\bulletins\bulletins_propres\table_page_516.csv: En-tête '1001Base' introuvable.
Erreur dans le fichier ./CSV3\bulletins\bulletins_propres\table_page_516.csv: En-tête '1046Base' introuvable.
Erreur dans le fichier ./CSV3\bulletins\bulletins_propres\table_page_516.csv: En-tête 'Base' introuvable.
Erreur dans le fichier ./CSV3\bulletins\bulletins_propres\table_page_516.csv: En-tête '2016Base' introuvable.
Erreur dans le fichier ./CSV3\bulletins\bulletins_propres\table_page_516.csv: En-tête 'Base' introuvable.
Erreur dans le fichier ./CSV3\bulletins\bulletins_propres\table_page_516.csv: En-tête '2018Base' introuvable.
Erreur dans le fichier ./CSV3\bulletins\bulletins_propres\table_page_516.csv: En-tête '2050Base' introuvable.
Erreur dans le fichier ./CSV3\bulletins\bulletins_propres\table_page_516.csv: En-tête '2068Base' introuvable.
Erreur dans le fichier ./CSV3\bulletins\bulletins_propres\table_page_516.csv: En-tête '2078Base' introuvable.
Erreur dans le fichier ./CSV3\bulletins\bulletins_propres\table_page_516.csv: En-tête '3350Base' introuvable.
Erreur dans le fichier ./CSV3\bulletins\bulletins_propres\table_page_516.csv: En-tête '3355Base' introuvable.
Erreur dans le fichier ./CSV3\bulletins\bulletins_propres\table_page_516.csv: En-tête '3502Base' introuvable.
Erreur dans le fichier ./CSV3\bulletins\bulletins_propres\table_page_516.csv: En-tête 'Base' introuvable.
Erreur dans le fichier ./CSV3\bulletins\bulletins_propres\table_page_516.csv: En-tête 'TOTAL BRUTBase' introuvable.
Erreur dans le fichier ./CSV3\bulletins\bulletins_propres\table_page_516.csv: En-tête '7001Base' introuvable.
Erreur dans le fichier ./CSV3\bulletins\bulletins_propres\table_page_516.csv: En-tête '7010Base' introuvable.
Erreur dans le fichier ./CSV3\bulletins\bulletins_propres\table_page_516.csv: En-tête '7015Base' introuvable.
Erreur dans le fichier ./CSV3\bulletins\bulletins_propres\table_page_516.csv: En-tête '7020Base' introuvable.
Erreur dans le fichier ./CSV3\bulletins\bulletins_propres\table_page_516.csv: En-tête 'Base' introuvable.
Erreur dans le fichier ./CSV3\bulletins\bulletins_propres\table_page_516.csv: En-tête '7030Base' introuvable.
Erreur dans le fichier ./CSV3\bulletins\bulletins_propres\table_page_516.csv: En-tête 'Base' introuvable.
Erreur dans le fichier ./CSV3\bulletins\bulletins_propres\table_page_516.csv: En-tête '7035Base' introuvable.
Erreur dans le fichier ./CSV3\bulletins\bulletins_propres\table_page_516.csv: En-tête 'Base' introuvable.
Erreur dans le fichier ./CSV3\bulletins\bulletins_propres\table_page_516.csv: En-tête '7040Base' introuvable.
Erreur dans le fichier ./CSV3\bulletins\bulletins_propres\table_page_516.csv: En-tête 'Base' introuvable.
Erreur dans le fichier ./CSV3\bulletins\bulletins_propres\table_page_516.csv: En-tête '7045Base' introuvable.
Erreur dans le fichier ./CSV3\bulletins\bulletins_propres\table_page_516.csv: En-tête '7050Base' introuvable.
Erreur dans le fichier ./CSV3\bulletins\bulletins_propres\table_page_516.csv: En-tête '7055Base' introuvable.
Erreur dans le fichier ./CSV3\bulletins\bulletins_propres\table_page_516.csv: En-tête '7C00Base' introuvable.
Erreur dans le fichier ./CSV3\bulletins\bulletins_propres\table_page_516.csv: En-tête '7C20Base' introuvable.
Erreur dans le fichier ./CSV3\bulletins\bulletins_propres\table_page_516.csv: En-tête '7M03Base' introuvable.
Erreur dans le fichier ./CSV3\bulletins\bulletins_propres\table_page_516.csv: En-tête '7P10Base' introuvable.
Erreur dans le fichier ./CSV3\bulletins\bulletins_propres\table_page_516.csv: En-tête '7R56Base' introuvable.
Erreur dans le fichier ./CSV3\bulletins\bulletins_propres\table_page_516.csv: En-tête '7R63Base' introuvable.
Erreur dans le fichier ./CSV3\bulletins\bulletins_propres\table_page_516.csv: En-tête '7T00Base' introuvable.
Erreur dans le fichier ./CSV3\bulletins\bulletins_propres\table_page_516.csv: En-tête '7T02Base' introuvable.
Erreur dans le fichier ./CSV3\bulletins\bulletins_propres\table_page_516.csv: En-tête 'Base' introuvable.
Erreur dans le fichier ./CSV3\bulletins\bulletins_propres\table_page_516.csv: En-tête '7T05Base' introuvable.
Erreur dans le fichier ./CSV3\bulletins\bulletins_propres\table_page_516.csv: En-tête 'Base' introuvable.
Erreur dans le fichier ./CSV3\bulletins\bulletins_propres\table_page_516.csv: En-tête '7T10Base' introuvable.
Erreur dans le fichier ./CSV3\bulletins\bulletins_propres\table_page_516.csv: En-tête 'Base' introuvable.
Erreur dans le fichier ./CSV3\bulletins\bulletins_propres\table_page_516.csv: En-tête '7T15Base' introuvable.
Erreur dans le fichier ./CSV3\bulletins\bulletins_propres\table_page_516.csv: En-tête '7T20Base' introuvable.
Erreur dans le fichier ./CSV3\bulletins\bulletins_propres\table_page_516.csv: En-tête '6082Base' introuvable.
Erreur dans le fichier ./CSV3\bulletins\bulletins_propres\table_page_516.csv: En-tête '6094Base' introuvable.
Erreur dans le fichier ./CSV3\bulletins\bulletins_propres\table_page_516.csv: En-tête 'PALCAllégement chômageBase' introuvable.
Erreur dans le fichier ./CSV3\bulletins\bulletins_propres\table_page_516.csv: En-tête 'PALCAllégement chômageBase' introuvable.
Erreur dans le fichier ./CSV3\bulletins\bulletins_propres\table_page_516.csv: En-tête 'PALFAllégement FillonBase' introuvable.
Erreur dans le fichier ./CSV3\bulletins\bulletins_propres\table_page_516.csv: En-tête 'PALFAllégement FillonBase' introuvable.
Erreur dans le fichier ./CSV3\bulletins\bulletins_propres\table_page_516.csv: En-tête 'PALRAllégement retraiteBase' introuvable.
Erreur dans le fichier ./CSV3\bulletins\bulletins_propres\table_page_516.csv: En-tête 'PALRAllégement retraiteBase' introuvable.
Erreur dans le fichier ./CSV3\bulletins\bulletins_propres\table_page_516.csv: En-tête 'Total Charges Ded.Base' introuvable.
Erreur dans le fichier ./CSV3\bulletins\bulletins_propres\table_page_516.csv: En-tête '6080Base' introuvable.
Erreur dans le fichier ./CSV3\bulletins\bulletins_propres\table_page_516.csv: En-tête '6084Base' introuvable.
Erreur dans le fichier ./CSV3\bulletins\bulletins_propres\table_page_516.csv: En-tête '6092Base' introuvable.
Erreur dans le fichier ./CSV3\bulletins\bulletins_propres\table_page_516.csv: En-tête '6096Base' introuvable.
Erreur dans le fichier ./CSV3\bulletins\bulletins_propres\table_page_516.csv: En-tête 'Total Charges Non Ded.Base' introuvable.
Erreur dans le fichier ./CSV3\bulletins\bulletins_propres\table_page_516.csv: En-tête '8009Base' introuvable.
Erreur dans le fichier ./CSV3\bulletins\bulletins_propres\table_page_516.csv: En-tête '8010Base' introuvable.
Erreur dans le fichier ./CSV3\bulletins\bulletins_propres\table_page_516.csv: En-tête '8007Base' introuvable.
Erreur dans le fichier ./CSV3\bulletins\bulletins_propres\table_page_516.csv: En-tête '8192Base' introuvable.
Erreur dans le fichier ./CSV3\bulletins\bulletins_propres\table_page_518.csv: En-tête '1001Base' introuvable.
Erreur dans le fichier ./CSV3\bulletins\bulletins_propres\table_page_518.csv: En-tête '1046Base' introuvable.
Erreur dans le fichier ./CSV3\bulletins\bulletins_propres\table_page_518.csv: En-tête 'Base' introuvable.
Erreur dans le fichier ./CSV3\bulletins\bulletins_propres\table_page_518.csv: En-tête '2018Base' introuvable.
Erreur dans le fichier ./CSV3\bulletins\bulletins_propres\table_page_518.csv: En-tête 'Base' introuvable.
Erreur dans le fichier ./CSV3\bulletins\bulletins_propres\table_page_518.csv: En-tête '2068Base' introuvable.
Erreur dans le fichier ./CSV3\bulletins\bulletins_propres\table_page_518.csv: En-tête '2078Base' introuvable.
Erreur dans le fichier ./CSV3\bulletins\bulletins_propres\table_page_518.csv: En-tête '2082Base' introuvable.
Erreur dans le fichier ./CSV3\bulletins\bulletins_propres\table_page_518.csv: En-tête 'Base' introuvable.
Erreur dans le fichier ./CSV3\bulletins\bulletins_propres\table_page_518.csv: En-tête 'TOTAL BRUTBase' introuvable.
Erreur dans le fichier ./CSV3\bulletins\bulletins_propres\table_page_518.csv: En-tête '7001Base' introuvable.
Erreur dans le fichier ./CSV3\bulletins\bulletins_propres\table_page_518.csv: En-tête '7010Base' introuvable.
Erreur dans le fichier ./CSV3\bulletins\bulletins_propres\table_page_518.csv: En-tête '7015Base' introuvable.
Erreur dans le fichier ./CSV3\bulletins\bulletins_propres\table_page_518.csv: En-tête '7020Base' introuvable.
Erreur dans le fichier ./CSV3\bulletins\bulletins_propres\table_page_518.csv: En-tête '7030Base' introuvable.
Erreur dans le fichier ./CSV3\bulletins\bulletins_propres\table_page_518.csv: En-tête '7035Base' introuvable.
Erreur dans le fichier ./CSV3\bulletins\bulletins_propres\table_page_518.csv: En-tête '7040Base' introuvable.
Erreur dans le fichier ./CSV3\bulletins\bulletins_propres\table_page_518.csv: En-tête '7045Base' introuvable.
Erreur dans le fichier ./CSV3\bulletins\bulletins_propres\table_page_518.csv: En-tête 'Base' introuvable.
Erreur dans le fichier ./CSV3\bulletins\bulletins_propres\table_page_518.csv: En-tête '7050Base' introuvable.
Erreur dans le fichier ./CSV3\bulletins\bulletins_propres\table_page_518.csv: En-tête 'Base' introuvable.
Erreur dans le fichier ./CSV3\bulletins\bulletins_propres\table_page_518.csv: En-tête '7055Base' introuvable.
Erreur dans le fichier ./CSV3\bulletins\bulletins_propres\table_page_518.csv: En-tête 'Base' introuvable.
Erreur dans le fichier ./CSV3\bulletins\bulletins_propres\table_page_518.csv: En-tête '7C00Base' introuvable.
Erreur dans le fichier ./CSV3\bulletins\bulletins_propres\table_page_518.csv: En-tête 'Base' introuvable.
Erreur dans le fichier ./CSV3\bulletins\bulletins_propres\table_page_518.csv: En-tête '7C20Base' introuvable.
Erreur dans le fichier ./CSV3\bulletins\bulletins_propres\table_page_518.csv: En-tête '7P10Base' introuvable.
Erreur dans le fichier ./CSV3\bulletins\bulletins_propres\table_page_518.csv: En-tête '7R56Base' introuvable.
Erreur dans le fichier ./CSV3\bulletins\bulletins_propres\table_page_518.csv: En-tête '7R63Base' introuvable.
Erreur dans le fichier ./CSV3\bulletins\bulletins_propres\table_page_518.csv: En-tête '7T00Base' introuvable.
Erreur dans le fichier ./CSV3\bulletins\bulletins_propres\table_page_518.csv: En-tête '7T02Base' introuvable.
Erreur dans le fichier ./CSV3\bulletins\bulletins_propres\table_page_518.csv: En-tête '7T05Base' introuvable.
Erreur dans le fichier ./CSV3\bulletins\bulletins_propres\table_page_518.csv: En-tête '7T10Base' introuvable.
Erreur dans le fichier ./CSV3\bulletins\bulletins_propres\table_page_518.csv: En-tête '7T15Base' introuvable.
Erreur dans le fichier ./CSV3\bulletins\bulletins_propres\table_page_518.csv: En-tête '7T20Base' introuvable.
Erreur dans le fichier ./CSV3\bulletins\bulletins_propres\table_page_518.csv: En-tête '6082Base' introuvable.
Erreur dans le fichier ./CSV3\bulletins\bulletins_propres\table_page_518.csv: En-tête 'Base' introuvable.
Erreur dans le fichier ./CSV3\bulletins\bulletins_propres\table_page_518.csv: En-tête '6094Base' introuvable.
Erreur dans le fichier ./CSV3\bulletins\bulletins_propres\table_page_518.csv: En-tête 'PALCAllégement chômageBase' introuvable.
Erreur dans le fichier ./CSV3\bulletins\bulletins_propres\table_page_518.csv: En-tête 'PALFAllégement FillonBase' introuvable.
Erreur dans le fichier ./CSV3\bulletins\bulletins_propres\table_page_518.csv: En-tête 'PALRAllégement retraiteBase' introuvable.
Erreur dans le fichier ./CSV3\bulletins\bulletins_propres\table_page_518.csv: En-tête 'Total Charges Ded.Base' introuvable.
Erreur dans le fichier ./CSV3\bulletins\bulletins_propres\table_page_518.csv: En-tête '6080Base' introuvable.
Erreur dans le fichier ./CSV3\bulletins\bulletins_propres\table_page_518.csv: En-tête '6084Base' introuvable.
Erreur dans le fichier ./CSV3\bulletins\bulletins_propres\table_page_518.csv: En-tête '6092Base' introuvable.
Erreur dans le fichier ./CSV3\bulletins\bulletins_propres\table_page_518.csv: En-tête '6096Base' introuvable.
Erreur dans le fichier ./CSV3\bulletins\bulletins_propres\table_page_518.csv: En-tête 'Total Charges Non Ded.Base' introuvable.
Erreur dans le fichier ./CSV3\bulletins\bulletins_propres\table_page_518.csv: En-tête '8009Base' introuvable.
Erreur dans le fichier ./CSV3\bulletins\bulletins_propres\table_page_518.csv: En-tête '8010Base' introuvable.
Erreur dans le fichier ./CSV3\bulletins\bulletins_propres\table_page_518.csv: En-tête '8007Base' introuvable.
Erreur dans le fichier ./CSV3\bulletins\bulletins_propres\table_page_518.csv: En-tête '8020Base' introuvable.
Erreur dans le fichier ./CSV3\bulletins\bulletins_propres\table_page_518.csv: En-tête '8192Base' introuvable.
Erreur dans le fichier ./CSV3\bulletins\bulletins_propres\table_page_518.csv: En-tête 'Base' introuvable.
Erreur dans le fichier ./CSV3\bulletins\bulletins_propres\table_page_518.csv: En-tête 'Base' introuvable.
Erreur dans le fichier ./CSV3\bulletins\bulletins_propres\table_page_518.csv: En-tête 'Impôt sur le revenuBase' introuvable.
Erreur dans le fichier ./CSV3\bulletins\bulletins_propres\table_page_518.csv: En-tête 'Impôt sur le revenu à la sourceBase' introuvable.
Erreur dans le fichier ./CSV3\bulletins\bulletins_propres\table_page_520.csv: En-tête '1001Base' introuvable.
Erreur dans le fichier ./CSV3\bulletins\bulletins_propres\table_page_520.csv: En-tête '1046Base' introuvable.
Erreur dans le fichier ./CSV3\bulletins\bulletins_propres\table_page_520.csv: En-tête 'Base' introuvable.
Erreur dans le fichier ./CSV3\bulletins\bulletins_propres\table_page_520.csv: En-tête '2018Base' introuvable.
Erreur dans le fichier ./CSV3\bulletins\bulletins_propres\table_page_520.csv: En-tête 'Base' introuvable.
Erreur dans le fichier ./CSV3\bulletins\bulletins_propres\table_page_520.csv: En-tête '2068Base' introuvable.
Erreur dans le fichier ./CSV3\bulletins\bulletins_propres\table_page_520.csv: En-tête '2078Base' introuvable.
Erreur dans le fichier ./CSV3\bulletins\bulletins_propres\table_page_520.csv: En-tête '3250Base' introuvable.
Erreur dans le fichier ./CSV3\bulletins\bulletins_propres\table_page_520.csv: En-tête '3255Base' introuvable.
Erreur dans le fichier ./CSV3\bulletins\bulletins_propres\table_page_520.csv: En-tête '3310Base' introuvable.
Erreur dans le fichier ./CSV3\bulletins\bulletins_propres\table_page_520.csv: En-tête '3315Base' introuvable.
Erreur dans le fichier ./CSV3\bulletins\bulletins_propres\table_page_520.csv: En-tête '3502Base' introuvable.
Erreur dans le fichier ./CSV3\bulletins\bulletins_propres\table_page_520.csv: En-tête 'Base' introuvable.
Erreur dans le fichier ./CSV3\bulletins\bulletins_propres\table_page_520.csv: En-tête 'TOTAL BRUTBase' introuvable.
Erreur dans le fichier ./CSV3\bulletins\bulletins_propres\table_page_520.csv: En-tête '7001Base' introuvable.
Erreur dans le fichier ./CSV3\bulletins\bulletins_propres\table_page_520.csv: En-tête '7010Base' introuvable.
Erreur dans le fichier ./CSV3\bulletins\bulletins_propres\table_page_520.csv: En-tête '7015Base' introuvable.
Erreur dans le fichier ./CSV3\bulletins\bulletins_propres\table_page_520.csv: En-tête '7020Base' introuvable.
Erreur dans le fichier ./CSV3\bulletins\bulletins_propres\table_page_520.csv: En-tête 'Base' introuvable.
Erreur dans le fichier ./CSV3\bulletins\bulletins_propres\table_page_520.csv: En-tête '7030Base' introuvable.
Erreur dans le fichier ./CSV3\bulletins\bulletins_propres\table_page_520.csv: En-tête 'Base' introuvable.
Erreur dans le fichier ./CSV3\bulletins\bulletins_propres\table_page_520.csv: En-tête '7035Base' introuvable.
Erreur dans le fichier ./CSV3\bulletins\bulletins_propres\table_page_520.csv: En-tête 'Base' introuvable.
Erreur dans le fichier ./CSV3\bulletins\bulletins_propres\table_page_520.csv: En-tête '7040Base' introuvable.
Erreur dans le fichier ./CSV3\bulletins\bulletins_propres\table_page_520.csv: En-tête 'Base' introuvable.
Erreur dans le fichier ./CSV3\bulletins\bulletins_propres\table_page_520.csv: En-tête '7045Base' introuvable.
Erreur dans le fichier ./CSV3\bulletins\bulletins_propres\table_page_520.csv: En-tête '7050Base' introuvable.
Erreur dans le fichier ./CSV3\bulletins\bulletins_propres\table_page_520.csv: En-tête '7055Base' introuvable.
Erreur dans le fichier ./CSV3\bulletins\bulletins_propres\table_page_520.csv: En-tête '7C00Base' introuvable.
Erreur dans le fichier ./CSV3\bulletins\bulletins_propres\table_page_520.csv: En-tête '7C20Base' introuvable.
Erreur dans le fichier ./CSV3\bulletins\bulletins_propres\table_page_520.csv: En-tête '7M04Base' introuvable.
Erreur dans le fichier ./CSV3\bulletins\bulletins_propres\table_page_520.csv: En-tête '7P10Base' introuvable.
Erreur dans le fichier ./CSV3\bulletins\bulletins_propres\table_page_520.csv: En-tête '7R56Base' introuvable.
Erreur dans le fichier ./CSV3\bulletins\bulletins_propres\table_page_520.csv: En-tête '7R63Base' introuvable.
Erreur dans le fichier ./CSV3\bulletins\bulletins_propres\table_page_520.csv: En-tête '7T00Base' introuvable.
Erreur dans le fichier ./CSV3\bulletins\bulletins_propres\table_page_520.csv: En-tête '7T02Base' introuvable.
Erreur dans le fichier ./CSV3\bulletins\bulletins_propres\table_page_520.csv: En-tête 'Base' introuvable.
Erreur dans le fichier ./CSV3\bulletins\bulletins_propres\table_page_520.csv: En-tête '7T05Base' introuvable.
Erreur dans le fichier ./CSV3\bulletins\bulletins_propres\table_page_520.csv: En-tête 'Base' introuvable.
Erreur dans le fichier ./CSV3\bulletins\bulletins_propres\table_page_520.csv: En-tête '7T10Base' introuvable.
Erreur dans le fichier ./CSV3\bulletins\bulletins_propres\table_page_520.csv: En-tête 'Base' introuvable.
Erreur dans le fichier ./CSV3\bulletins\bulletins_propres\table_page_520.csv: En-tête '7T15Base' introuvable.
Erreur dans le fichier ./CSV3\bulletins\bulletins_propres\table_page_520.csv: En-tête 'Base' introuvable.
Erreur dans le fichier ./CSV3\bulletins\bulletins_propres\table_page_520.csv: En-tête '7T20Base' introuvable.
Erreur dans le fichier ./CSV3\bulletins\bulletins_propres\table_page_520.csv: En-tête '6082Base' introuvable.
Erreur dans le fichier ./CSV3\bulletins\bulletins_propres\table_page_520.csv: En-tête '6094Base' introuvable.
Erreur dans le fichier ./CSV3\bulletins\bulletins_propres\table_page_520.csv: En-tête 'PALCAllégement chômageBase' introuvable.
Erreur dans le fichier ./CSV3\bulletins\bulletins_propres\table_page_520.csv: En-tête 'PALFAllégement FillonBase' introuvable.
Erreur dans le fichier ./CSV3\bulletins\bulletins_propres\table_page_520.csv: En-tête 'PALRAllégement retraiteBase' introuvable.
Erreur dans le fichier ./CSV3\bulletins\bulletins_propres\table_page_520.csv: En-tête 'Total Charges Ded.Base' introuvable.
Erreur dans le fichier ./CSV3\bulletins\bulletins_propres\table_page_520.csv: En-tête '6080Base' introuvable.
Erreur dans le fichier ./CSV3\bulletins\bulletins_propres\table_page_520.csv: En-tête '6084Base' introuvable.
Erreur dans le fichier ./CSV3\bulletins\bulletins_propres\table_page_520.csv: En-tête '6092Base' introuvable.
Erreur dans le fichier ./CSV3\bulletins\bulletins_propres\table_page_520.csv: En-tête '6096Base' introuvable.
Erreur dans le fichier ./CSV3\bulletins\bulletins_propres\table_page_520.csv: En-tête 'Total Charges Non Ded.Base' introuvable.
Erreur dans le fichier ./CSV3\bulletins\bulletins_propres\table_page_520.csv: En-tête '8009Base' introuvable.
Erreur dans le fichier ./CSV3\bulletins\bulletins_propres\table_page_520.csv: En-tête '8010Base' introuvable.
Erreur dans le fichier ./CSV3\bulletins\bulletins_propres\table_page_520.csv: En-tête '/S13Saisie non-alim. priorit.Base' introuvable.
Erreur dans le fichier ./CSV3\bulletins\bulletins_propres\table_page_520.csv: En-tête '8007Base' introuvable.
Erreur dans le fichier ./CSV3\bulletins\bulletins_propres\table_page_520.csv: En-tête '8192Base' introuvable.
Erreur dans le fichier ./CSV3\bulletins\bulletins_propres\table_page_522.csv: En-tête '1001Base' introuvable.
Erreur dans le fichier ./CSV3\bulletins\bulletins_propres\table_page_522.csv: En-tête '1046Base' introuvable.
Erreur dans le fichier ./CSV3\bulletins\bulletins_propres\table_page_522.csv: En-tête 'Base' introuvable.
Erreur dans le fichier ./CSV3\bulletins\bulletins_propres\table_page_522.csv: En-tête '2068Base' introuvable.
Erreur dans le fichier ./CSV3\bulletins\bulletins_propres\table_page_522.csv: En-tête 'Base' introuvable.
Erreur dans le fichier ./CSV3\bulletins\bulletins_propres\table_page_522.csv: En-tête '2078Base' introuvable.
Erreur dans le fichier ./CSV3\bulletins\bulletins_propres\table_page_522.csv: En-tête '2084Base' introuvable.
Erreur dans le fichier ./CSV3\bulletins\bulletins_propres\table_page_522.csv: En-tête '3460Base' introuvable.
Erreur dans le fichier ./CSV3\bulletins\bulletins_propres\table_page_522.csv: En-tête '3462Base' introuvable.
Erreur dans le fichier ./CSV3\bulletins\bulletins_propres\table_page_522.csv: En-tête 'Base' introuvable.
Erreur dans le fichier ./CSV3\bulletins\bulletins_propres\table_page_522.csv: En-tête 'TOTAL BRUTBase' introuvable.
Erreur dans le fichier ./CSV3\bulletins\bulletins_propres\table_page_522.csv: En-tête '7001Base' introuvable.
Erreur dans le fichier ./CSV3\bulletins\bulletins_propres\table_page_522.csv: En-tête '7010Base' introuvable.
Erreur dans le fichier ./CSV3\bulletins\bulletins_propres\table_page_522.csv: En-tête '7015Base' introuvable.
Erreur dans le fichier ./CSV3\bulletins\bulletins_propres\table_page_522.csv: En-tête '7020Base' introuvable.
Erreur dans le fichier ./CSV3\bulletins\bulletins_propres\table_page_522.csv: En-tête '7030Base' introuvable.
Erreur dans le fichier ./CSV3\bulletins\bulletins_propres\table_page_522.csv: En-tête '7035Base' introuvable.
Erreur dans le fichier ./CSV3\bulletins\bulletins_propres\table_page_522.csv: En-tête '7040Base' introuvable.
Erreur dans le fichier ./CSV3\bulletins\bulletins_propres\table_page_522.csv: En-tête 'Base' introuvable.
Erreur dans le fichier ./CSV3\bulletins\bulletins_propres\table_page_522.csv: En-tête '7045Base' introuvable.
Erreur dans le fichier ./CSV3\bulletins\bulletins_propres\table_page_522.csv: En-tête 'Base' introuvable.
Erreur dans le fichier ./CSV3\bulletins\bulletins_propres\table_page_522.csv: En-tête '7050Base' introuvable.
Erreur dans le fichier ./CSV3\bulletins\bulletins_propres\table_page_522.csv: En-tête 'Base' introuvable.
Erreur dans le fichier ./CSV3\bulletins\bulletins_propres\table_page_522.csv: En-tête '7055Base' introuvable.
Erreur dans le fichier ./CSV3\bulletins\bulletins_propres\table_page_522.csv: En-tête 'Base' introuvable.
Erreur dans le fichier ./CSV3\bulletins\bulletins_propres\table_page_522.csv: En-tête '7C00Base' introuvable.
Erreur dans le fichier ./CSV3\bulletins\bulletins_propres\table_page_522.csv: En-tête '7C20Base' introuvable.
Erreur dans le fichier ./CSV3\bulletins\bulletins_propres\table_page_522.csv: En-tête '7M03Base' introuvable.
Erreur dans le fichier ./CSV3\bulletins\bulletins_propres\table_page_522.csv: En-tête '7P10Base' introuvable.
Erreur dans le fichier ./CSV3\bulletins\bulletins_propres\table_page_522.csv: En-tête '7R56Base' introuvable.
Erreur dans le fichier ./CSV3\bulletins\bulletins_propres\table_page_522.csv: En-tête '7R63Base' introuvable.
Erreur dans le fichier ./CSV3\bulletins\bulletins_propres\table_page_522.csv: En-tête '7T00Base' introuvable.
Erreur dans le fichier ./CSV3\bulletins\bulletins_propres\table_page_522.csv: En-tête '7T02Base' introuvable.
Erreur dans le fichier ./CSV3\bulletins\bulletins_propres\table_page_522.csv: En-tête '7T05Base' introuvable.
Erreur dans le fichier ./CSV3\bulletins\bulletins_propres\table_page_522.csv: En-tête '7T10Base' introuvable.
Erreur dans le fichier ./CSV3\bulletins\bulletins_propres\table_page_522.csv: En-tête '7T15Base' introuvable.
Erreur dans le fichier ./CSV3\bulletins\bulletins_propres\table_page_522.csv: En-tête 'Base' introuvable.
Erreur dans le fichier ./CSV3\bulletins\bulletins_propres\table_page_522.csv: En-tête '7T20Base' introuvable.
Erreur dans le fichier ./CSV3\bulletins\bulletins_propres\table_page_522.csv: En-tête 'Base' introuvable.
Erreur dans le fichier ./CSV3\bulletins\bulletins_propres\table_page_522.csv: En-tête '6082Base' introuvable.
Erreur dans le fichier ./CSV3\bulletins\bulletins_propres\table_page_522.csv: En-tête '6094Base' introuvable.
Erreur dans le fichier ./CSV3\bulletins\bulletins_propres\table_page_522.csv: En-tête 'PALCAllégement chômageBase' introuvable.
Erreur dans le fichier ./CSV3\bulletins\bulletins_propres\table_page_522.csv: En-tête 'PALFAllégement FillonBase' introuvable.
Erreur dans le fichier ./CSV3\bulletins\bulletins_propres\table_page_522.csv: En-tête 'PALRAllégement retraiteBase' introuvable.
Erreur dans le fichier ./CSV3\bulletins\bulletins_propres\table_page_522.csv: En-tête 'Total Charges Ded.Base' introuvable.
Erreur dans le fichier ./CSV3\bulletins\bulletins_propres\table_page_522.csv: En-tête '6080Base' introuvable.
Erreur dans le fichier ./CSV3\bulletins\bulletins_propres\table_page_522.csv: En-tête '6084Base' introuvable.
Erreur dans le fichier ./CSV3\bulletins\bulletins_propres\table_page_522.csv: En-tête '6092Base' introuvable.
Erreur dans le fichier ./CSV3\bulletins\bulletins_propres\table_page_522.csv: En-tête '6096Base' introuvable.
Erreur dans le fichier ./CSV3\bulletins\bulletins_propres\table_page_522.csv: En-tête 'Total Charges Non Ded.Base' introuvable.
Erreur dans le fichier ./CSV3\bulletins\bulletins_propres\table_page_522.csv: En-tête '8009Base' introuvable.
Erreur dans le fichier ./CSV3\bulletins\bulletins_propres\table_page_522.csv: En-tête '8010Base' introuvable.
Erreur dans le fichier ./CSV3\bulletins\bulletins_propres\table_page_522.csv: En-tête '8007Base' introuvable.
Erreur dans le fichier ./CSV3\bulletins\bulletins_propres\table_page_522.csv: En-tête 'Base' introuvable.
Erreur dans le fichier ./CSV3\bulletins\bulletins_propres\table_page_522.csv: En-tête 'Base' introuvable.
Erreur dans le fichier ./CSV3\bulletins\bulletins_propres\table_page_522.csv: En-tête 'Impôt sur le revenuBase' introuvable.
Erreur dans le fichier ./CSV3\bulletins\bulletins_propres\table_page_522.csv: En-tête 'Impôt sur le revenu à la sourceBase' introuvable.
Erreur dans le fichier ./CSV3\bulletins\bulletins_propres\table_page_524.csv: En-tête '1001Base' introuvable.
Erreur dans le fichier ./CSV3\bulletins\bulletins_propres\table_page_524.csv: En-tête '1046Base' introuvable.
Erreur dans le fichier ./CSV3\bulletins\bulletins_propres\table_page_524.csv: En-tête 'Base' introuvable.
Erreur dans le fichier ./CSV3\bulletins\bulletins_propres\table_page_524.csv: En-tête '2018Base' introuvable.
Erreur dans le fichier ./CSV3\bulletins\bulletins_propres\table_page_524.csv: En-tête 'Base' introuvable.
Erreur dans le fichier ./CSV3\bulletins\bulletins_propres\table_page_524.csv: En-tête '2068Base' introuvable.
Erreur dans le fichier ./CSV3\bulletins\bulletins_propres\table_page_524.csv: En-tête '2078Base' introuvable.
Erreur dans le fichier ./CSV3\bulletins\bulletins_propres\table_page_524.csv: En-tête '2091Base' introuvable.
Erreur dans le fichier ./CSV3\bulletins\bulletins_propres\table_page_524.csv: En-tête '3250Base' introuvable.
Erreur dans le fichier ./CSV3\bulletins\bulletins_propres\table_page_524.csv: En-tête '3255Base' introuvable.
Erreur dans le fichier ./CSV3\bulletins\bulletins_propres\table_page_524.csv: En-tête 'Base' introuvable.
Erreur dans le fichier ./CSV3\bulletins\bulletins_propres\table_page_524.csv: En-tête 'TOTAL BRUTBase' introuvable.
Erreur dans le fichier ./CSV3\bulletins\bulletins_propres\table_page_524.csv: En-tête '7001Base' introuvable.
Erreur dans le fichier ./CSV3\bulletins\bulletins_propres\table_page_524.csv: En-tête '7010Base' introuvable.
Erreur dans le fichier ./CSV3\bulletins\bulletins_propres\table_page_524.csv: En-tête '7015Base' introuvable.
Erreur dans le fichier ./CSV3\bulletins\bulletins_propres\table_page_524.csv: En-tête '7020Base' introuvable.
Erreur dans le fichier ./CSV3\bulletins\bulletins_propres\table_page_524.csv: En-tête '7030Base' introuvable.
Erreur dans le fichier ./CSV3\bulletins\bulletins_propres\table_page_524.csv: En-tête '7035Base' introuvable.
Erreur dans le fichier ./CSV3\bulletins\bulletins_propres\table_page_524.csv: En-tête 'Base' introuvable.
Erreur dans le fichier ./CSV3\bulletins\bulletins_propres\table_page_524.csv: En-tête '7040Base' introuvable.
Erreur dans le fichier ./CSV3\bulletins\bulletins_propres\table_page_524.csv: En-tête 'Base' introuvable.
Erreur dans le fichier ./CSV3\bulletins\bulletins_propres\table_page_524.csv: En-tête '7045Base' introuvable.
Erreur dans le fichier ./CSV3\bulletins\bulletins_propres\table_page_524.csv: En-tête 'Base' introuvable.
Erreur dans le fichier ./CSV3\bulletins\bulletins_propres\table_page_524.csv: En-tête '7050Base' introuvable.
Erreur dans le fichier ./CSV3\bulletins\bulletins_propres\table_page_524.csv: En-tête 'Base' introuvable.
Erreur dans le fichier ./CSV3\bulletins\bulletins_propres\table_page_524.csv: En-tête '7055Base' introuvable.
Erreur dans le fichier ./CSV3\bulletins\bulletins_propres\table_page_524.csv: En-tête '7C00Base' introuvable.
Erreur dans le fichier ./CSV3\bulletins\bulletins_propres\table_page_524.csv: En-tête '7C20Base' introuvable.
Erreur dans le fichier ./CSV3\bulletins\bulletins_propres\table_page_524.csv: En-tête '7P10Base' introuvable.
Erreur dans le fichier ./CSV3\bulletins\bulletins_propres\table_page_524.csv: En-tête '7R56Base' introuvable.
Erreur dans le fichier ./CSV3\bulletins\bulletins_propres\table_page_524.csv: En-tête '7R63Base' introuvable.
Erreur dans le fichier ./CSV3\bulletins\bulletins_propres\table_page_524.csv: En-tête '7T00Base' introuvable.
Erreur dans le fichier ./CSV3\bulletins\bulletins_propres\table_page_524.csv: En-tête '7T02Base' introuvable.
Erreur dans le fichier ./CSV3\bulletins\bulletins_propres\table_page_524.csv: En-tête '7T05Base' introuvable.
Erreur dans le fichier ./CSV3\bulletins\bulletins_propres\table_page_524.csv: En-tête '7T10Base' introuvable.
Erreur dans le fichier ./CSV3\bulletins\bulletins_propres\table_page_524.csv: En-tête '7T15Base' introuvable.
Erreur dans le fichier ./CSV3\bulletins\bulletins_propres\table_page_524.csv: En-tête 'Base' introuvable.
Erreur dans le fichier ./CSV3\bulletins\bulletins_propres\table_page_524.csv: En-tête '7T20Base' introuvable.
Erreur dans le fichier ./CSV3\bulletins\bulletins_propres\table_page_524.csv: En-tête 'Base' introuvable.
Erreur dans le fichier ./CSV3\bulletins\bulletins_propres\table_page_524.csv: En-tête '6082Base' introuvable.
Erreur dans le fichier ./CSV3\bulletins\bulletins_propres\table_page_524.csv: En-tête '6094Base' introuvable.
Erreur dans le fichier ./CSV3\bulletins\bulletins_propres\table_page_524.csv: En-tête 'PALCAllégement chômageBase' introuvable.
Erreur dans le fichier ./CSV3\bulletins\bulletins_propres\table_page_524.csv: En-tête 'PALFAllégement FillonBase' introuvable.
Erreur dans le fichier ./CSV3\bulletins\bulletins_propres\table_page_524.csv: En-tête 'PALRAllégement retraiteBase' introuvable.
Erreur dans le fichier ./CSV3\bulletins\bulletins_propres\table_page_524.csv: En-tête 'Total Charges Ded.Base' introuvable.
Erreur dans le fichier ./CSV3\bulletins\bulletins_propres\table_page_524.csv: En-tête '6080Base' introuvable.
Erreur dans le fichier ./CSV3\bulletins\bulletins_propres\table_page_524.csv: En-tête '6084Base' introuvable.
Erreur dans le fichier ./CSV3\bulletins\bulletins_propres\table_page_524.csv: En-tête '6092Base' introuvable.
Erreur dans le fichier ./CSV3\bulletins\bulletins_propres\table_page_524.csv: En-tête '6096Base' introuvable.
Erreur dans le fichier ./CSV3\bulletins\bulletins_propres\table_page_524.csv: En-tête 'Total Charges Non Ded.Base' introuvable.
Erreur dans le fichier ./CSV3\bulletins\bulletins_propres\table_page_524.csv: En-tête '8009Base' introuvable.
Erreur dans le fichier ./CSV3\bulletins\bulletins_propres\table_page_524.csv: En-tête '8010Base' introuvable.
Erreur dans le fichier ./CSV3\bulletins\bulletins_propres\table_page_524.csv: En-tête '8017Base' introuvable.
Erreur dans le fichier ./CSV3\bulletins\bulletins_propres\table_page_526.csv: En-tête '1002Base' introuvable.
Erreur dans le fichier ./CSV3\bulletins\bulletins_propres\table_page_526.csv: En-tête '2068Base' introuvable.
Erreur dans le fichier ./CSV3\bulletins\bulletins_propres\table_page_526.csv: En-tête 'Base' introuvable.
Erreur dans le fichier ./CSV3\bulletins\bulletins_propres\table_page_526.csv: En-tête 'Base' introuvable.
Erreur dans le fichier ./CSV3\bulletins\bulletins_propres\table_page_526.csv: En-tête 'TOTAL BRUTBase' introuvable.
Erreur dans le fichier ./CSV3\bulletins\bulletins_propres\table_page_526.csv: En-tête 'Base' introuvable.
Erreur dans le fichier ./CSV3\bulletins\bulletins_propres\table_page_526.csv: En-tête '7001Base' introuvable.
Erreur dans le fichier ./CSV3\bulletins\bulletins_propres\table_page_526.csv: En-tête 'Base' introuvable.
Erreur dans le fichier ./CSV3\bulletins\bulletins_propres\table_page_526.csv: En-tête '7002Base' introuvable.
Erreur dans le fichier ./CSV3\bulletins\bulletins_propres\table_page_526.csv: En-tête '7010Base' introuvable.
Erreur dans le fichier ./CSV3\bulletins\bulletins_propres\table_page_526.csv: En-tête '7015Base' introuvable.
Erreur dans le fichier ./CSV3\bulletins\bulletins_propres\table_page_526.csv: En-tête '7020Base' introuvable.
Erreur dans le fichier ./CSV3\bulletins\bulletins_propres\table_page_526.csv: En-tête '7025Base' introuvable.
Erreur dans le fichier ./CSV3\bulletins\bulletins_propres\table_page_526.csv: En-tête '7030Base' introuvable.
Erreur dans le fichier ./CSV3\bulletins\bulletins_propres\table_page_526.csv: En-tête '7035Base' introuvable.
Erreur dans le fichier ./CSV3\bulletins\bulletins_propres\table_page_526.csv: En-tête '7040Base' introuvable.
Erreur dans le fichier ./CSV3\bulletins\bulletins_propres\table_page_526.csv: En-tête '7045Base' introuvable.
Erreur dans le fichier ./CSV3\bulletins\bulletins_propres\table_page_526.csv: En-tête '7050Base' introuvable.
Erreur dans le fichier ./CSV3\bulletins\bulletins_propres\table_page_526.csv: En-tête '7055Base' introuvable.
Erreur dans le fichier ./CSV3\bulletins\bulletins_propres\table_page_526.csv: En-tête 'Base' introuvable.
Erreur dans le fichier ./CSV3\bulletins\bulletins_propres\table_page_526.csv: En-tête '7C00Base' introuvable.
Erreur dans le fichier ./CSV3\bulletins\bulletins_propres\table_page_526.csv: En-tête 'Base' introuvable.
Erreur dans le fichier ./CSV3\bulletins\bulletins_propres\table_page_526.csv: En-tête '7C10Base' introuvable.
Erreur dans le fichier ./CSV3\bulletins\bulletins_propres\table_page_526.csv: En-tête 'Base' introuvable.
Erreur dans le fichier ./CSV3\bulletins\bulletins_propres\table_page_526.csv: En-tête '7C20Base' introuvable.
Erreur dans le fichier ./CSV3\bulletins\bulletins_propres\table_page_526.csv: En-tête 'Base' introuvable.
Erreur dans le fichier ./CSV3\bulletins\bulletins_propres\table_page_526.csv: En-tête '7M05Base' introuvable.
Erreur dans le fichier ./CSV3\bulletins\bulletins_propres\table_page_526.csv: En-tête '7P20Base' introuvable.
Erreur dans le fichier ./CSV3\bulletins\bulletins_propres\table_page_526.csv: En-tête '7P25Base' introuvable.
Erreur dans le fichier ./CSV3\bulletins\bulletins_propres\table_page_526.csv: En-tête '7R44Base' introuvable.
Erreur dans le fichier ./CSV3\bulletins\bulletins_propres\table_page_526.csv: En-tête '7R45Base' introuvable.
Erreur dans le fichier ./CSV3\bulletins\bulletins_propres\table_page_526.csv: En-tête '7R53Base' introuvable.
Erreur dans le fichier ./CSV3\bulletins\bulletins_propres\table_page_526.csv: En-tête '7R54Base' introuvable.
Erreur dans le fichier ./CSV3\bulletins\bulletins_propres\table_page_526.csv: En-tête '7R63Base' introuvable.
Erreur dans le fichier ./CSV3\bulletins\bulletins_propres\table_page_526.csv: En-tête '7R64Base' introuvable.
Erreur dans le fichier ./CSV3\bulletins\bulletins_propres\table_page_526.csv: En-tête '7R70Base' introuvable.
Erreur dans le fichier ./CSV3\bulletins\bulletins_propres\table_page_526.csv: En-tête '7R71Base' introuvable.
Erreur dans le fichier ./CSV3\bulletins\bulletins_propres\table_page_526.csv: En-tête 'Base' introuvable.
Erreur dans le fichier ./CSV3\bulletins\bulletins_propres\table_page_526.csv: En-tête '7T00Base' introuvable.
Erreur dans le fichier ./CSV3\bulletins\bulletins_propres\table_page_526.csv: En-tête 'Base' introuvable.
Erreur dans le fichier ./CSV3\bulletins\bulletins_propres\table_page_526.csv: En-tête '7T02Base' introuvable.
Erreur dans le fichier ./CSV3\bulletins\bulletins_propres\table_page_526.csv: En-tête '7T05Base' introuvable.
Erreur dans le fichier ./CSV3\bulletins\bulletins_propres\table_page_526.csv: En-tête '7T10Base' introuvable.
Erreur dans le fichier ./CSV3\bulletins\bulletins_propres\table_page_526.csv: En-tête '7T15Base' introuvable.
Erreur dans le fichier ./CSV3\bulletins\bulletins_propres\table_page_526.csv: En-tête '7T20Base' introuvable.
Erreur dans le fichier ./CSV3\bulletins\bulletins_propres\table_page_526.csv: En-tête '6082Base' introuvable.
Erreur dans le fichier ./CSV3\bulletins\bulletins_propres\table_page_526.csv: En-tête '6094Base' introuvable.
Erreur dans le fichier ./CSV3\bulletins\bulletins_propres\table_page_526.csv: En-tête 'Total Charges Ded.Base' introuvable.
Erreur dans le fichier ./CSV3\bulletins\bulletins_propres\table_page_526.csv: En-tête '6080Base' introuvable.
Erreur dans le fichier ./CSV3\bulletins\bulletins_propres\table_page_526.csv: En-tête '6084Base' introuvable.
Erreur dans le fichier ./CSV3\bulletins\bulletins_propres\table_page_526.csv: En-tête '6092Base' introuvable.
Erreur dans le fichier ./CSV3\bulletins\bulletins_propres\table_page_526.csv: En-tête '6096Base' introuvable.
Erreur dans le fichier ./CSV3\bulletins\bulletins_propres\table_page_526.csv: En-tête 'Total Charges Non Ded.Base' introuvable.
Erreur dans le fichier ./CSV3\bulletins\bulletins_propres\table_page_526.csv: En-tête '8009Base' introuvable.
Erreur dans le fichier ./CSV3\bulletins\bulletins_propres\table_page_526.csv: En-tête '8010Base' introuvable.
Erreur dans le fichier ./CSV3\bulletins\bulletins_propres\table_page_528.csv: En-tête '1001Base' introuvable.
Erreur dans le fichier ./CSV3\bulletins\bulletins_propres\table_page_528.csv: En-tête '1046Base' introuvable.
Erreur dans le fichier ./CSV3\bulletins\bulletins_propres\table_page_528.csv: En-tête 'Base' introuvable.
Erreur dans le fichier ./CSV3\bulletins\bulletins_propres\table_page_528.csv: En-tête '2018Base' introuvable.
Erreur dans le fichier ./CSV3\bulletins\bulletins_propres\table_page_528.csv: En-tête 'Base' introuvable.
Erreur dans le fichier ./CSV3\bulletins\bulletins_propres\table_page_528.csv: En-tête '2068Base' introuvable.
Erreur dans le fichier ./CSV3\bulletins\bulletins_propres\table_page_528.csv: En-tête '2078Base' introuvable.
Erreur dans le fichier ./CSV3\bulletins\bulletins_propres\table_page_528.csv: En-tête '3B80Base' introuvable.
Erreur dans le fichier ./CSV3\bulletins\bulletins_propres\table_page_528.csv: En-tête '3B82Base' introuvable.
Erreur dans le fichier ./CSV3\bulletins\bulletins_propres\table_page_528.csv: En-tête 'Base' introuvable.
Erreur dans le fichier ./CSV3\bulletins\bulletins_propres\table_page_528.csv: En-tête 'TOTAL BRUTBase' introuvable.
Erreur dans le fichier ./CSV3\bulletins\bulletins_propres\table_page_528.csv: En-tête '60F2Base' introuvable.
Erreur dans le fichier ./CSV3\bulletins\bulletins_propres\table_page_528.csv: En-tête '7001Base' introuvable.
Erreur dans le fichier ./CSV3\bulletins\bulletins_propres\table_page_528.csv: En-tête '7010Base' introuvable.
Erreur dans le fichier ./CSV3\bulletins\bulletins_propres\table_page_528.csv: En-tête '7015Base' introuvable.
Erreur dans le fichier ./CSV3\bulletins\bulletins_propres\table_page_528.csv: En-tête '7020Base' introuvable.
Erreur dans le fichier ./CSV3\bulletins\bulletins_propres\table_page_528.csv: En-tête '7030Base' introuvable.
Erreur dans le fichier ./CSV3\bulletins\bulletins_propres\table_page_528.csv: En-tête '7035Base' introuvable.
Erreur dans le fichier ./CSV3\bulletins\bulletins_propres\table_page_528.csv: En-tête 'Base' introuvable.
Erreur dans le fichier ./CSV3\bulletins\bulletins_propres\table_page_528.csv: En-tête '7040Base' introuvable.
Erreur dans le fichier ./CSV3\bulletins\bulletins_propres\table_page_528.csv: En-tête 'Base' introuvable.
Erreur dans le fichier ./CSV3\bulletins\bulletins_propres\table_page_528.csv: En-tête '7045Base' introuvable.
Erreur dans le fichier ./CSV3\bulletins\bulletins_propres\table_page_528.csv: En-tête 'Base' introuvable.
Erreur dans le fichier ./CSV3\bulletins\bulletins_propres\table_page_528.csv: En-tête '7050Base' introuvable.
Erreur dans le fichier ./CSV3\bulletins\bulletins_propres\table_page_528.csv: En-tête 'Base' introuvable.
Erreur dans le fichier ./CSV3\bulletins\bulletins_propres\table_page_528.csv: En-tête '7055Base' introuvable.
Erreur dans le fichier ./CSV3\bulletins\bulletins_propres\table_page_528.csv: En-tête '7C00Base' introuvable.
Erreur dans le fichier ./CSV3\bulletins\bulletins_propres\table_page_528.csv: En-tête '7C20Base' introuvable.
Erreur dans le fichier ./CSV3\bulletins\bulletins_propres\table_page_528.csv: En-tête '7M03Base' introuvable.
Erreur dans le fichier ./CSV3\bulletins\bulletins_propres\table_page_528.csv: En-tête '7P10Base' introuvable.
Erreur dans le fichier ./CSV3\bulletins\bulletins_propres\table_page_528.csv: En-tête '7R56Base' introuvable.
Erreur dans le fichier ./CSV3\bulletins\bulletins_propres\table_page_528.csv: En-tête '7R63Base' introuvable.
Erreur dans le fichier ./CSV3\bulletins\bulletins_propres\table_page_528.csv: En-tête '7T00Base' introuvable.
Erreur dans le fichier ./CSV3\bulletins\bulletins_propres\table_page_528.csv: En-tête '7T02Base' introuvable.
Erreur dans le fichier ./CSV3\bulletins\bulletins_propres\table_page_528.csv: En-tête '7T05Base' introuvable.
Erreur dans le fichier ./CSV3\bulletins\bulletins_propres\table_page_528.csv: En-tête '7T10Base' introuvable.
Erreur dans le fichier ./CSV3\bulletins\bulletins_propres\table_page_528.csv: En-tête 'Base' introuvable.
Erreur dans le fichier ./CSV3\bulletins\bulletins_propres\table_page_528.csv: En-tête '7T15Base' introuvable.
Erreur dans le fichier ./CSV3\bulletins\bulletins_propres\table_page_528.csv: En-tête '7T20Base' introuvable.
Erreur dans le fichier ./CSV3\bulletins\bulletins_propres\table_page_528.csv: En-tête '6082Base' introuvable.
Erreur dans le fichier ./CSV3\bulletins\bulletins_propres\table_page_528.csv: En-tête '6094Base' introuvable.
Erreur dans le fichier ./CSV3\bulletins\bulletins_propres\table_page_528.csv: En-tête 'PALCAllégement chômageBase' introuvable.
Erreur dans le fichier ./CSV3\bulletins\bulletins_propres\table_page_528.csv: En-tête 'PALFAllégement FillonBase' introuvable.
Erreur dans le fichier ./CSV3\bulletins\bulletins_propres\table_page_528.csv: En-tête 'PALRAllégement retraiteBase' introuvable.
Erreur dans le fichier ./CSV3\bulletins\bulletins_propres\table_page_528.csv: En-tête 'Total Charges Ded.Base' introuvable.
Erreur dans le fichier ./CSV3\bulletins\bulletins_propres\table_page_528.csv: En-tête '6080Base' introuvable.
Erreur dans le fichier ./CSV3\bulletins\bulletins_propres\table_page_528.csv: En-tête '6084Base' introuvable.
Erreur dans le fichier ./CSV3\bulletins\bulletins_propres\table_page_528.csv: En-tête '6092Base' introuvable.
Erreur dans le fichier ./CSV3\bulletins\bulletins_propres\table_page_528.csv: En-tête '6096Base' introuvable.
Erreur dans le fichier ./CSV3\bulletins\bulletins_propres\table_page_528.csv: En-tête '60F1Base' introuvable.
Erreur dans le fichier ./CSV3\bulletins\bulletins_propres\table_page_528.csv: En-tête '60F3Base' introuvable.
Erreur dans le fichier ./CSV3\bulletins\bulletins_propres\table_page_528.csv: En-tête '60F4Base' introuvable.
Erreur dans le fichier ./CSV3\bulletins\bulletins_propres\table_page_528.csv: En-tête '60F8Base' introuvable.
Erreur dans le fichier ./CSV3\bulletins\bulletins_propres\table_page_528.csv: En-tête '60F9Base' introuvable.
Erreur dans le fichier ./CSV3\bulletins\bulletins_propres\table_page_528.csv: En-tête 'Total Charges Non Ded.Base' introuvable.
Erreur dans le fichier ./CSV3\bulletins\bulletins_propres\table_page_528.csv: En-tête '8009Base' introuvable.
Erreur dans le fichier ./CSV3\bulletins\bulletins_propres\table_page_528.csv: En-tête '8010Base' introuvable.
Erreur dans le fichier ./CSV3\bulletins\bulletins_propres\table_page_528.csv: En-tête '8007Base' introuvable.
Erreur dans le fichier ./CSV3\bulletins\bulletins_propres\table_page_528.csv: En-tête '8192Base' introuvable.
Erreur dans le fichier ./CSV3\bulletins\bulletins_propres\table_page_53.csv: En-tête '1001Base' introuvable.
Erreur dans le fichier ./CSV3\bulletins\bulletins_propres\table_page_53.csv: En-tête '1046Base' introuvable.
Erreur dans le fichier ./CSV3\bulletins\bulletins_propres\table_page_53.csv: En-tête 'Base' introuvable.
Erreur dans le fichier ./CSV3\bulletins\bulletins_propres\table_page_53.csv: En-tête '2012Base' introuvable.
Erreur dans le fichier ./CSV3\bulletins\bulletins_propres\table_page_53.csv: En-tête 'Base' introuvable.
Erreur dans le fichier ./CSV3\bulletins\bulletins_propres\table_page_53.csv: En-tête '2018Base' introuvable.
Erreur dans le fichier ./CSV3\bulletins\bulletins_propres\table_page_53.csv: En-tête '2068Base' introuvable.
Erreur dans le fichier ./CSV3\bulletins\bulletins_propres\table_page_53.csv: En-tête '2078Base' introuvable.
Erreur dans le fichier ./CSV3\bulletins\bulletins_propres\table_page_53.csv: En-tête '2084Base' introuvable.
Erreur dans le fichier ./CSV3\bulletins\bulletins_propres\table_page_53.csv: En-tête 'Base' introuvable.
Erreur dans le fichier ./CSV3\bulletins\bulletins_propres\table_page_53.csv: En-tête 'TOTAL BRUTBase' introuvable.
Erreur dans le fichier ./CSV3\bulletins\bulletins_propres\table_page_53.csv: En-tête '7001Base' introuvable.
Erreur dans le fichier ./CSV3\bulletins\bulletins_propres\table_page_53.csv: En-tête '7010Base' introuvable.
Erreur dans le fichier ./CSV3\bulletins\bulletins_propres\table_page_53.csv: En-tête '7015Base' introuvable.
Erreur dans le fichier ./CSV3\bulletins\bulletins_propres\table_page_53.csv: En-tête '7020Base' introuvable.
Erreur dans le fichier ./CSV3\bulletins\bulletins_propres\table_page_53.csv: En-tête '7030Base' introuvable.
Erreur dans le fichier ./CSV3\bulletins\bulletins_propres\table_page_53.csv: En-tête '7035Base' introuvable.
Erreur dans le fichier ./CSV3\bulletins\bulletins_propres\table_page_53.csv: En-tête '7040Base' introuvable.
Erreur dans le fichier ./CSV3\bulletins\bulletins_propres\table_page_53.csv: En-tête 'Base' introuvable.
Erreur dans le fichier ./CSV3\bulletins\bulletins_propres\table_page_53.csv: En-tête '7045Base' introuvable.
Erreur dans le fichier ./CSV3\bulletins\bulletins_propres\table_page_53.csv: En-tête 'Base' introuvable.
Erreur dans le fichier ./CSV3\bulletins\bulletins_propres\table_page_53.csv: En-tête '7050Base' introuvable.
Erreur dans le fichier ./CSV3\bulletins\bulletins_propres\table_page_53.csv: En-tête 'Base' introuvable.
Erreur dans le fichier ./CSV3\bulletins\bulletins_propres\table_page_53.csv: En-tête '7055Base' introuvable.
Erreur dans le fichier ./CSV3\bulletins\bulletins_propres\table_page_53.csv: En-tête 'Base' introuvable.
Erreur dans le fichier ./CSV3\bulletins\bulletins_propres\table_page_53.csv: En-tête '7C00Base' introuvable.
Erreur dans le fichier ./CSV3\bulletins\bulletins_propres\table_page_53.csv: En-tête '7C20Base' introuvable.
Erreur dans le fichier ./CSV3\bulletins\bulletins_propres\table_page_53.csv: En-tête '7M04Base' introuvable.
Erreur dans le fichier ./CSV3\bulletins\bulletins_propres\table_page_53.csv: En-tête '7P10Base' introuvable.
Erreur dans le fichier ./CSV3\bulletins\bulletins_propres\table_page_53.csv: En-tête '7R56Base' introuvable.
Erreur dans le fichier ./CSV3\bulletins\bulletins_propres\table_page_53.csv: En-tête '7R63Base' introuvable.
Erreur dans le fichier ./CSV3\bulletins\bulletins_propres\table_page_53.csv: En-tête '7T00Base' introuvable.
Erreur dans le fichier ./CSV3\bulletins\bulletins_propres\table_page_53.csv: En-tête '7T02Base' introuvable.
Erreur dans le fichier ./CSV3\bulletins\bulletins_propres\table_page_53.csv: En-tête '7T05Base' introuvable.
Erreur dans le fichier ./CSV3\bulletins\bulletins_propres\table_page_53.csv: En-tête '7T10Base' introuvable.
Erreur dans le fichier ./CSV3\bulletins\bulletins_propres\table_page_53.csv: En-tête '7T15Base' introuvable.
Erreur dans le fichier ./CSV3\bulletins\bulletins_propres\table_page_53.csv: En-tête 'Base' introuvable.
Erreur dans le fichier ./CSV3\bulletins\bulletins_propres\table_page_53.csv: En-tête '7T20Base' introuvable.
Erreur dans le fichier ./CSV3\bulletins\bulletins_propres\table_page_53.csv: En-tête '6082Base' introuvable.
Erreur dans le fichier ./CSV3\bulletins\bulletins_propres\table_page_53.csv: En-tête '6094Base' introuvable.
Erreur dans le fichier ./CSV3\bulletins\bulletins_propres\table_page_53.csv: En-tête 'Total Charges Ded.Base' introuvable.
Erreur dans le fichier ./CSV3\bulletins\bulletins_propres\table_page_53.csv: En-tête '6080Base' introuvable.
Erreur dans le fichier ./CSV3\bulletins\bulletins_propres\table_page_53.csv: En-tête '6084Base' introuvable.
Erreur dans le fichier ./CSV3\bulletins\bulletins_propres\table_page_53.csv: En-tête '6092Base' introuvable.
Erreur dans le fichier ./CSV3\bulletins\bulletins_propres\table_page_53.csv: En-tête '6096Base' introuvable.
Erreur dans le fichier ./CSV3\bulletins\bulletins_propres\table_page_53.csv: En-tête 'Total Charges Non Ded.Base' introuvable.
Erreur dans le fichier ./CSV3\bulletins\bulletins_propres\table_page_53.csv: En-tête '8009Base' introuvable.
Erreur dans le fichier ./CSV3\bulletins\bulletins_propres\table_page_53.csv: En-tête '8010Base' introuvable.
Erreur dans le fichier ./CSV3\bulletins\bulletins_propres\table_page_53.csv: En-tête '8007Base' introuvable.
Erreur dans le fichier ./CSV3\bulletins\bulletins_propres\table_page_53.csv: En-tête 'Base' introuvable.
Erreur dans le fichier ./CSV3\bulletins\bulletins_propres\table_page_53.csv: En-tête 'Base' introuvable.
Erreur dans le fichier ./CSV3\bulletins\bulletins_propres\table_page_53.csv: En-tête 'Impôt sur le revenuBase' introuvable.
Erreur dans le fichier ./CSV3\bulletins\bulletins_propres\table_page_53.csv: En-tête 'Impôt sur le revenu à la sourceBase' introuvable.
Erreur dans le fichier ./CSV3\bulletins\bulletins_propres\table_page_530.csv: En-tête '1002Base' introuvable.
Erreur dans le fichier ./CSV3\bulletins\bulletins_propres\table_page_530.csv: En-tête '3050Base' introuvable.
Erreur dans le fichier ./CSV3\bulletins\bulletins_propres\table_page_530.csv: En-tête 'Base' introuvable.
Erreur dans le fichier ./CSV3\bulletins\bulletins_propres\table_page_530.csv: En-tête '3060Base' introuvable.
Erreur dans le fichier ./CSV3\bulletins\bulletins_propres\table_page_530.csv: En-tête 'Base' introuvable.
Erreur dans le fichier ./CSV3\bulletins\bulletins_propres\table_page_530.csv: En-tête '3200Base' introuvable.
Erreur dans le fichier ./CSV3\bulletins\bulletins_propres\table_page_530.csv: En-tête '3230Base' introuvable.
Erreur dans le fichier ./CSV3\bulletins\bulletins_propres\table_page_530.csv: En-tête 'Base' introuvable.
Erreur dans le fichier ./CSV3\bulletins\bulletins_propres\table_page_530.csv: En-tête 'TOTAL BRUTBase' introuvable.
Erreur dans le fichier ./CSV3\bulletins\bulletins_propres\table_page_530.csv: En-tête '7001Base' introuvable.
Erreur dans le fichier ./CSV3\bulletins\bulletins_propres\table_page_530.csv: En-tête '7010Base' introuvable.
Erreur dans le fichier ./CSV3\bulletins\bulletins_propres\table_page_530.csv: En-tête '7015Base' introuvable.
Erreur dans le fichier ./CSV3\bulletins\bulletins_propres\table_page_530.csv: En-tête '7020Base' introuvable.
Erreur dans le fichier ./CSV3\bulletins\bulletins_propres\table_page_530.csv: En-tête '7030Base' introuvable.
Erreur dans le fichier ./CSV3\bulletins\bulletins_propres\table_page_530.csv: En-tête '7035Base' introuvable.
Erreur dans le fichier ./CSV3\bulletins\bulletins_propres\table_page_530.csv: En-tête '7040Base' introuvable.
Erreur dans le fichier ./CSV3\bulletins\bulletins_propres\table_page_530.csv: En-tête '7045Base' introuvable.
Erreur dans le fichier ./CSV3\bulletins\bulletins_propres\table_page_530.csv: En-tête '7050Base' introuvable.
Erreur dans le fichier ./CSV3\bulletins\bulletins_propres\table_page_530.csv: En-tête 'Base' introuvable.
Erreur dans le fichier ./CSV3\bulletins\bulletins_propres\table_page_530.csv: En-tête '7055Base' introuvable.
Erreur dans le fichier ./CSV3\bulletins\bulletins_propres\table_page_530.csv: En-tête 'Base' introuvable.
Erreur dans le fichier ./CSV3\bulletins\bulletins_propres\table_page_530.csv: En-tête '7C00Base' introuvable.
Erreur dans le fichier ./CSV3\bulletins\bulletins_propres\table_page_530.csv: En-tête 'Base' introuvable.
Erreur dans le fichier ./CSV3\bulletins\bulletins_propres\table_page_530.csv: En-tête '7C20Base' introuvable.
Erreur dans le fichier ./CSV3\bulletins\bulletins_propres\table_page_530.csv: En-tête 'Base' introuvable.
Erreur dans le fichier ./CSV3\bulletins\bulletins_propres\table_page_530.csv: En-tête '7M05Base' introuvable.
Erreur dans le fichier ./CSV3\bulletins\bulletins_propres\table_page_530.csv: En-tête '7P20Base' introuvable.
Erreur dans le fichier ./CSV3\bulletins\bulletins_propres\table_page_530.csv: En-tête '7R44Base' introuvable.
Erreur dans le fichier ./CSV3\bulletins\bulletins_propres\table_page_530.csv: En-tête '7R53Base' introuvable.
Erreur dans le fichier ./CSV3\bulletins\bulletins_propres\table_page_530.csv: En-tête '7R63Base' introuvable.
Erreur dans le fichier ./CSV3\bulletins\bulletins_propres\table_page_530.csv: En-tête '7T00Base' introuvable.
Erreur dans le fichier ./CSV3\bulletins\bulletins_propres\table_page_530.csv: En-tête '7T02Base' introuvable.
Erreur dans le fichier ./CSV3\bulletins\bulletins_propres\table_page_530.csv: En-tête '7T05Base' introuvable.
Erreur dans le fichier ./CSV3\bulletins\bulletins_propres\table_page_530.csv: En-tête '7T10Base' introuvable.
Erreur dans le fichier ./CSV3\bulletins\bulletins_propres\table_page_530.csv: En-tête '7T15Base' introuvable.
Erreur dans le fichier ./CSV3\bulletins\bulletins_propres\table_page_530.csv: En-tête '7T20Base' introuvable.
Erreur dans le fichier ./CSV3\bulletins\bulletins_propres\table_page_530.csv: En-tête 'Base' introuvable.
Erreur dans le fichier ./CSV3\bulletins\bulletins_propres\table_page_530.csv: En-tête '6082Base' introuvable.
Erreur dans le fichier ./CSV3\bulletins\bulletins_propres\table_page_530.csv: En-tête 'Base' introuvable.
Erreur dans le fichier ./CSV3\bulletins\bulletins_propres\table_page_530.csv: En-tête '6094Base' introuvable.
Erreur dans le fichier ./CSV3\bulletins\bulletins_propres\table_page_530.csv: En-tête 'Base' introuvable.
Erreur dans le fichier ./CSV3\bulletins\bulletins_propres\table_page_530.csv: En-tête 'Total Charges Ded.Base' introuvable.
Erreur dans le fichier ./CSV3\bulletins\bulletins_propres\table_page_530.csv: En-tête '6080Base' introuvable.
Erreur dans le fichier ./CSV3\bulletins\bulletins_propres\table_page_530.csv: En-tête '6084Base' introuvable.
Erreur dans le fichier ./CSV3\bulletins\bulletins_propres\table_page_530.csv: En-tête '6092Base' introuvable.
Erreur dans le fichier ./CSV3\bulletins\bulletins_propres\table_page_530.csv: En-tête '6096Base' introuvable.
Erreur dans le fichier ./CSV3\bulletins\bulletins_propres\table_page_530.csv: En-tête 'Total Charges Non Ded.Base' introuvable.
Erreur dans le fichier ./CSV3\bulletins\bulletins_propres\table_page_530.csv: En-tête '/5I2IJ nette - Maladie 0624Base' introuvable.
Erreur dans le fichier ./CSV3\bulletins\bulletins_propres\table_page_530.csv: En-tête '8009Base' introuvable.
Erreur dans le fichier ./CSV3\bulletins\bulletins_propres\table_page_530.csv: En-tête '8010Base' introuvable.
Erreur dans le fichier ./CSV3\bulletins\bulletins_propres\table_page_530.csv: En-tête '8007Base' introuvable.
Erreur dans le fichier ./CSV3\bulletins\bulletins_propres\table_page_530.csv: En-tête 'Base' introuvable.
Erreur dans le fichier ./CSV3\bulletins\bulletins_propres\table_page_530.csv: En-tête 'Base' introuvable.
Erreur dans le fichier ./CSV3\bulletins\bulletins_propres\table_page_530.csv: En-tête 'Impôt sur le revenuBase' introuvable.
Erreur dans le fichier ./CSV3\bulletins\bulletins_propres\table_page_530.csv: En-tête 'Impôt sur le revenu à la sourceBase' introuvable.
Erreur dans le fichier ./CSV3\bulletins\bulletins_propres\table_page_532.csv: En-tête '1001Base' introuvable.
Erreur dans le fichier ./CSV3\bulletins\bulletins_propres\table_page_532.csv: En-tête '1046Base' introuvable.
Erreur dans le fichier ./CSV3\bulletins\bulletins_propres\table_page_532.csv: En-tête 'Base' introuvable.
Erreur dans le fichier ./CSV3\bulletins\bulletins_propres\table_page_532.csv: En-tête '2016Base' introuvable.
Erreur dans le fichier ./CSV3\bulletins\bulletins_propres\table_page_532.csv: En-tête 'Base' introuvable.
Erreur dans le fichier ./CSV3\bulletins\bulletins_propres\table_page_532.csv: En-tête '2050Base' introuvable.
Erreur dans le fichier ./CSV3\bulletins\bulletins_propres\table_page_532.csv: En-tête '2068Base' introuvable.
Erreur dans le fichier ./CSV3\bulletins\bulletins_propres\table_page_532.csv: En-tête '2078Base' introuvable.
Erreur dans le fichier ./CSV3\bulletins\bulletins_propres\table_page_532.csv: En-tête 'Base' introuvable.
Erreur dans le fichier ./CSV3\bulletins\bulletins_propres\table_page_532.csv: En-tête 'TOTAL BRUTBase' introuvable.
Erreur dans le fichier ./CSV3\bulletins\bulletins_propres\table_page_532.csv: En-tête '7001Base' introuvable.
Erreur dans le fichier ./CSV3\bulletins\bulletins_propres\table_page_532.csv: En-tête '7010Base' introuvable.
Erreur dans le fichier ./CSV3\bulletins\bulletins_propres\table_page_532.csv: En-tête '7015Base' introuvable.
Erreur dans le fichier ./CSV3\bulletins\bulletins_propres\table_page_532.csv: En-tête '7020Base' introuvable.
Erreur dans le fichier ./CSV3\bulletins\bulletins_propres\table_page_532.csv: En-tête '7030Base' introuvable.
Erreur dans le fichier ./CSV3\bulletins\bulletins_propres\table_page_532.csv: En-tête '7035Base' introuvable.
Erreur dans le fichier ./CSV3\bulletins\bulletins_propres\table_page_532.csv: En-tête '7040Base' introuvable.
Erreur dans le fichier ./CSV3\bulletins\bulletins_propres\table_page_532.csv: En-tête '7045Base' introuvable.
Erreur dans le fichier ./CSV3\bulletins\bulletins_propres\table_page_532.csv: En-tête 'Base' introuvable.
Erreur dans le fichier ./CSV3\bulletins\bulletins_propres\table_page_532.csv: En-tête '7050Base' introuvable.
Erreur dans le fichier ./CSV3\bulletins\bulletins_propres\table_page_532.csv: En-tête 'Base' introuvable.
Erreur dans le fichier ./CSV3\bulletins\bulletins_propres\table_page_532.csv: En-tête '7055Base' introuvable.
Erreur dans le fichier ./CSV3\bulletins\bulletins_propres\table_page_532.csv: En-tête 'Base' introuvable.
Erreur dans le fichier ./CSV3\bulletins\bulletins_propres\table_page_532.csv: En-tête '7C00Base' introuvable.
Erreur dans le fichier ./CSV3\bulletins\bulletins_propres\table_page_532.csv: En-tête 'Base' introuvable.
Erreur dans le fichier ./CSV3\bulletins\bulletins_propres\table_page_532.csv: En-tête '7C10Base' introuvable.
Erreur dans le fichier ./CSV3\bulletins\bulletins_propres\table_page_532.csv: En-tête '7C20Base' introuvable.
Erreur dans le fichier ./CSV3\bulletins\bulletins_propres\table_page_532.csv: En-tête '7M05Base' introuvable.
Erreur dans le fichier ./CSV3\bulletins\bulletins_propres\table_page_532.csv: En-tête '7P20Base' introuvable.
Erreur dans le fichier ./CSV3\bulletins\bulletins_propres\table_page_532.csv: En-tête '7P25Base' introuvable.
Erreur dans le fichier ./CSV3\bulletins\bulletins_propres\table_page_532.csv: En-tête '7R56Base' introuvable.
Erreur dans le fichier ./CSV3\bulletins\bulletins_propres\table_page_532.csv: En-tête '7R57Base' introuvable.
Erreur dans le fichier ./CSV3\bulletins\bulletins_propres\table_page_532.csv: En-tête '7R63Base' introuvable.
Erreur dans le fichier ./CSV3\bulletins\bulletins_propres\table_page_532.csv: En-tête '7R64Base' introuvable.
Erreur dans le fichier ./CSV3\bulletins\bulletins_propres\table_page_532.csv: En-tête '7R70Base' introuvable.
Erreur dans le fichier ./CSV3\bulletins\bulletins_propres\table_page_532.csv: En-tête '7R71Base' introuvable.
Erreur dans le fichier ./CSV3\bulletins\bulletins_propres\table_page_532.csv: En-tête 'Base' introuvable.
Erreur dans le fichier ./CSV3\bulletins\bulletins_propres\table_page_532.csv: En-tête '7T00Base' introuvable.
Erreur dans le fichier ./CSV3\bulletins\bulletins_propres\table_page_532.csv: En-tête '7T02Base' introuvable.
Erreur dans le fichier ./CSV3\bulletins\bulletins_propres\table_page_532.csv: En-tête '7T05Base' introuvable.
Erreur dans le fichier ./CSV3\bulletins\bulletins_propres\table_page_532.csv: En-tête '7T10Base' introuvable.
Erreur dans le fichier ./CSV3\bulletins\bulletins_propres\table_page_532.csv: En-tête '7T15Base' introuvable.
Erreur dans le fichier ./CSV3\bulletins\bulletins_propres\table_page_532.csv: En-tête '7T20Base' introuvable.
Erreur dans le fichier ./CSV3\bulletins\bulletins_propres\table_page_532.csv: En-tête '6082Base' introuvable.
Erreur dans le fichier ./CSV3\bulletins\bulletins_propres\table_page_532.csv: En-tête '6094Base' introuvable.
Erreur dans le fichier ./CSV3\bulletins\bulletins_propres\table_page_532.csv: En-tête 'Total Charges Ded.Base' introuvable.
Erreur dans le fichier ./CSV3\bulletins\bulletins_propres\table_page_532.csv: En-tête '6080Base' introuvable.
Erreur dans le fichier ./CSV3\bulletins\bulletins_propres\table_page_532.csv: En-tête '6084Base' introuvable.
Erreur dans le fichier ./CSV3\bulletins\bulletins_propres\table_page_532.csv: En-tête '6092Base' introuvable.
Erreur dans le fichier ./CSV3\bulletins\bulletins_propres\table_page_532.csv: En-tête '6096Base' introuvable.
Erreur dans le fichier ./CSV3\bulletins\bulletins_propres\table_page_532.csv: En-tête 'Total Charges Non Ded.Base' introuvable.
Erreur dans le fichier ./CSV3\bulletins\bulletins_propres\table_page_532.csv: En-tête '8009Base' introuvable.
Erreur dans le fichier ./CSV3\bulletins\bulletins_propres\table_page_532.csv: En-tête '8010Base' introuvable.
Erreur dans le fichier ./CSV3\bulletins\bulletins_propres\table_page_532.csv: En-tête '8007Base' introuvable.
Erreur dans le fichier ./CSV3\bulletins\bulletins_propres\table_page_532.csv: En-tête '8192Base' introuvable.
Erreur dans le fichier ./CSV3\bulletins\bulletins_propres\table_page_534.csv: En-tête '1001Base' introuvable.
Erreur dans le fichier ./CSV3\bulletins\bulletins_propres\table_page_534.csv: En-tête '2068Base' introuvable.
Erreur dans le fichier ./CSV3\bulletins\bulletins_propres\table_page_534.csv: En-tête 'Base' introuvable.
Erreur dans le fichier ./CSV3\bulletins\bulletins_propres\table_page_534.csv: En-tête '2078Base' introuvable.
Erreur dans le fichier ./CSV3\bulletins\bulletins_propres\table_page_534.csv: En-tête 'Base' introuvable.
Erreur dans le fichier ./CSV3\bulletins\bulletins_propres\table_page_534.csv: En-tête '3404Base' introuvable.
Erreur dans le fichier ./CSV3\bulletins\bulletins_propres\table_page_534.csv: En-tête '3406Base' introuvable.
Erreur dans le fichier ./CSV3\bulletins\bulletins_propres\table_page_534.csv: En-tête 'Base' introuvable.
Erreur dans le fichier ./CSV3\bulletins\bulletins_propres\table_page_534.csv: En-tête 'TOTAL BRUTBase' introuvable.
Erreur dans le fichier ./CSV3\bulletins\bulletins_propres\table_page_534.csv: En-tête '7001Base' introuvable.
Erreur dans le fichier ./CSV3\bulletins\bulletins_propres\table_page_534.csv: En-tête '7010Base' introuvable.
Erreur dans le fichier ./CSV3\bulletins\bulletins_propres\table_page_534.csv: En-tête '7015Base' introuvable.
Erreur dans le fichier ./CSV3\bulletins\bulletins_propres\table_page_534.csv: En-tête '7020Base' introuvable.
Erreur dans le fichier ./CSV3\bulletins\bulletins_propres\table_page_534.csv: En-tête '7030Base' introuvable.
Erreur dans le fichier ./CSV3\bulletins\bulletins_propres\table_page_534.csv: En-tête '7035Base' introuvable.
Erreur dans le fichier ./CSV3\bulletins\bulletins_propres\table_page_534.csv: En-tête '7040Base' introuvable.
Erreur dans le fichier ./CSV3\bulletins\bulletins_propres\table_page_534.csv: En-tête '7045Base' introuvable.
Erreur dans le fichier ./CSV3\bulletins\bulletins_propres\table_page_534.csv: En-tête '7050Base' introuvable.
Erreur dans le fichier ./CSV3\bulletins\bulletins_propres\table_page_534.csv: En-tête 'Base' introuvable.
Erreur dans le fichier ./CSV3\bulletins\bulletins_propres\table_page_534.csv: En-tête '7055Base' introuvable.
Erreur dans le fichier ./CSV3\bulletins\bulletins_propres\table_page_534.csv: En-tête 'Base' introuvable.
Erreur dans le fichier ./CSV3\bulletins\bulletins_propres\table_page_534.csv: En-tête '7C00Base' introuvable.
Erreur dans le fichier ./CSV3\bulletins\bulletins_propres\table_page_534.csv: En-tête 'Base' introuvable.
Erreur dans le fichier ./CSV3\bulletins\bulletins_propres\table_page_534.csv: En-tête '7C20Base' introuvable.
Erreur dans le fichier ./CSV3\bulletins\bulletins_propres\table_page_534.csv: En-tête 'Base' introuvable.
Erreur dans le fichier ./CSV3\bulletins\bulletins_propres\table_page_534.csv: En-tête '7M05Base' introuvable.
Erreur dans le fichier ./CSV3\bulletins\bulletins_propres\table_page_534.csv: En-tête '7P10Base' introuvable.
Erreur dans le fichier ./CSV3\bulletins\bulletins_propres\table_page_534.csv: En-tête '7R56Base' introuvable.
Erreur dans le fichier ./CSV3\bulletins\bulletins_propres\table_page_534.csv: En-tête '7R63Base' introuvable.
Erreur dans le fichier ./CSV3\bulletins\bulletins_propres\table_page_534.csv: En-tête '7T00Base' introuvable.
Erreur dans le fichier ./CSV3\bulletins\bulletins_propres\table_page_534.csv: En-tête '7T02Base' introuvable.
Erreur dans le fichier ./CSV3\bulletins\bulletins_propres\table_page_534.csv: En-tête '7T05Base' introuvable.
Erreur dans le fichier ./CSV3\bulletins\bulletins_propres\table_page_534.csv: En-tête '7T10Base' introuvable.
Erreur dans le fichier ./CSV3\bulletins\bulletins_propres\table_page_534.csv: En-tête '7T15Base' introuvable.
Erreur dans le fichier ./CSV3\bulletins\bulletins_propres\table_page_534.csv: En-tête '7T20Base' introuvable.
Erreur dans le fichier ./CSV3\bulletins\bulletins_propres\table_page_534.csv: En-tête '6082Base' introuvable.
Erreur dans le fichier ./CSV3\bulletins\bulletins_propres\table_page_534.csv: En-tête 'Base' introuvable.
Erreur dans le fichier ./CSV3\bulletins\bulletins_propres\table_page_534.csv: En-tête '6094Base' introuvable.
Erreur dans le fichier ./CSV3\bulletins\bulletins_propres\table_page_534.csv: En-tête 'Base' introuvable.
Erreur dans le fichier ./CSV3\bulletins\bulletins_propres\table_page_534.csv: En-tête 'Total Charges Ded.Base' introuvable.
Erreur dans le fichier ./CSV3\bulletins\bulletins_propres\table_page_534.csv: En-tête '6080Base' introuvable.
Erreur dans le fichier ./CSV3\bulletins\bulletins_propres\table_page_534.csv: En-tête '6084Base' introuvable.
Erreur dans le fichier ./CSV3\bulletins\bulletins_propres\table_page_534.csv: En-tête '6092Base' introuvable.
Erreur dans le fichier ./CSV3\bulletins\bulletins_propres\table_page_534.csv: En-tête '6096Base' introuvable.
Erreur dans le fichier ./CSV3\bulletins\bulletins_propres\table_page_534.csv: En-tête 'Total Charges Non Ded.Base' introuvable.
Erreur dans le fichier ./CSV3\bulletins\bulletins_propres\table_page_534.csv: En-tête '8009Base' introuvable.
Erreur dans le fichier ./CSV3\bulletins\bulletins_propres\table_page_534.csv: En-tête '8010Base' introuvable.
Erreur dans le fichier ./CSV3\bulletins\bulletins_propres\table_page_534.csv: En-tête 'Base' introuvable.
Erreur dans le fichier ./CSV3\bulletins\bulletins_propres\table_page_534.csv: En-tête 'Base' introuvable.
Erreur dans le fichier ./CSV3\bulletins\bulletins_propres\table_page_534.csv: En-tête 'Impôt sur le revenuBase' introuvable.
Erreur dans le fichier ./CSV3\bulletins\bulletins_propres\table_page_534.csv: En-tête 'Impôt sur le revenu à la sourceBase' introuvable.
Erreur dans le fichier ./CSV3\bulletins\bulletins_propres\table_page_536.csv: En-tête '1001Base' introuvable.
Erreur dans le fichier ./CSV3\bulletins\bulletins_propres\table_page_536.csv: En-tête '1046Base' introuvable.
Erreur dans le fichier ./CSV3\bulletins\bulletins_propres\table_page_536.csv: En-tête 'Base' introuvable.
Erreur dans le fichier ./CSV3\bulletins\bulletins_propres\table_page_536.csv: En-tête '2018Base' introuvable.
Erreur dans le fichier ./CSV3\bulletins\bulletins_propres\table_page_536.csv: En-tête 'Base' introuvable.
Erreur dans le fichier ./CSV3\bulletins\bulletins_propres\table_page_536.csv: En-tête '2068Base' introuvable.
Erreur dans le fichier ./CSV3\bulletins\bulletins_propres\table_page_536.csv: En-tête '2078Base' introuvable.
Erreur dans le fichier ./CSV3\bulletins\bulletins_propres\table_page_536.csv: En-tête 'Base' introuvable.
Erreur dans le fichier ./CSV3\bulletins\bulletins_propres\table_page_536.csv: En-tête 'TOTAL BRUTBase' introuvable.
Erreur dans le fichier ./CSV3\bulletins\bulletins_propres\table_page_536.csv: En-tête '7001Base' introuvable.
Erreur dans le fichier ./CSV3\bulletins\bulletins_propres\table_page_536.csv: En-tête '7010Base' introuvable.
Erreur dans le fichier ./CSV3\bulletins\bulletins_propres\table_page_536.csv: En-tête '7015Base' introuvable.
Erreur dans le fichier ./CSV3\bulletins\bulletins_propres\table_page_536.csv: En-tête '7020Base' introuvable.
Erreur dans le fichier ./CSV3\bulletins\bulletins_propres\table_page_536.csv: En-tête '7030Base' introuvable.
Erreur dans le fichier ./CSV3\bulletins\bulletins_propres\table_page_536.csv: En-tête '7035Base' introuvable.
Erreur dans le fichier ./CSV3\bulletins\bulletins_propres\table_page_536.csv: En-tête '7040Base' introuvable.
Erreur dans le fichier ./CSV3\bulletins\bulletins_propres\table_page_536.csv: En-tête '7045Base' introuvable.
Erreur dans le fichier ./CSV3\bulletins\bulletins_propres\table_page_536.csv: En-tête '7050Base' introuvable.
Erreur dans le fichier ./CSV3\bulletins\bulletins_propres\table_page_536.csv: En-tête 'Base' introuvable.
Erreur dans le fichier ./CSV3\bulletins\bulletins_propres\table_page_536.csv: En-tête '7055Base' introuvable.
Erreur dans le fichier ./CSV3\bulletins\bulletins_propres\table_page_536.csv: En-tête 'Base' introuvable.
Erreur dans le fichier ./CSV3\bulletins\bulletins_propres\table_page_536.csv: En-tête '7C00Base' introuvable.
Erreur dans le fichier ./CSV3\bulletins\bulletins_propres\table_page_536.csv: En-tête 'Base' introuvable.
Erreur dans le fichier ./CSV3\bulletins\bulletins_propres\table_page_536.csv: En-tête '7C20Base' introuvable.
Erreur dans le fichier ./CSV3\bulletins\bulletins_propres\table_page_536.csv: En-tête 'Base' introuvable.
Erreur dans le fichier ./CSV3\bulletins\bulletins_propres\table_page_536.csv: En-tête '7M04Base' introuvable.
Erreur dans le fichier ./CSV3\bulletins\bulletins_propres\table_page_536.csv: En-tête '7P10Base' introuvable.
Erreur dans le fichier ./CSV3\bulletins\bulletins_propres\table_page_536.csv: En-tête '7R56Base' introuvable.
Erreur dans le fichier ./CSV3\bulletins\bulletins_propres\table_page_536.csv: En-tête '7R63Base' introuvable.
Erreur dans le fichier ./CSV3\bulletins\bulletins_propres\table_page_536.csv: En-tête '7T00Base' introuvable.
Erreur dans le fichier ./CSV3\bulletins\bulletins_propres\table_page_536.csv: En-tête '7T02Base' introuvable.
Erreur dans le fichier ./CSV3\bulletins\bulletins_propres\table_page_536.csv: En-tête '7T05Base' introuvable.
Erreur dans le fichier ./CSV3\bulletins\bulletins_propres\table_page_536.csv: En-tête '7T10Base' introuvable.
Erreur dans le fichier ./CSV3\bulletins\bulletins_propres\table_page_536.csv: En-tête '7T15Base' introuvable.
Erreur dans le fichier ./CSV3\bulletins\bulletins_propres\table_page_536.csv: En-tête '7T20Base' introuvable.
Erreur dans le fichier ./CSV3\bulletins\bulletins_propres\table_page_536.csv: En-tête '6082Base' introuvable.
Erreur dans le fichier ./CSV3\bulletins\bulletins_propres\table_page_536.csv: En-tête 'Base' introuvable.
Erreur dans le fichier ./CSV3\bulletins\bulletins_propres\table_page_536.csv: En-tête '6094Base' introuvable.
Erreur dans le fichier ./CSV3\bulletins\bulletins_propres\table_page_536.csv: En-tête 'PALCAllégement chômageBase' introuvable.
Erreur dans le fichier ./CSV3\bulletins\bulletins_propres\table_page_536.csv: En-tête 'PALFAllégement FillonBase' introuvable.
Erreur dans le fichier ./CSV3\bulletins\bulletins_propres\table_page_536.csv: En-tête 'PALRAllégement retraiteBase' introuvable.
Erreur dans le fichier ./CSV3\bulletins\bulletins_propres\table_page_536.csv: En-tête 'Total Charges Ded.Base' introuvable.
Erreur dans le fichier ./CSV3\bulletins\bulletins_propres\table_page_536.csv: En-tête '6080Base' introuvable.
Erreur dans le fichier ./CSV3\bulletins\bulletins_propres\table_page_536.csv: En-tête '6084Base' introuvable.
Erreur dans le fichier ./CSV3\bulletins\bulletins_propres\table_page_536.csv: En-tête '6092Base' introuvable.
Erreur dans le fichier ./CSV3\bulletins\bulletins_propres\table_page_536.csv: En-tête '6096Base' introuvable.
Erreur dans le fichier ./CSV3\bulletins\bulletins_propres\table_page_536.csv: En-tête 'Total Charges Non Ded.Base' introuvable.
Erreur dans le fichier ./CSV3\bulletins\bulletins_propres\table_page_536.csv: En-tête '8009Base' introuvable.
Erreur dans le fichier ./CSV3\bulletins\bulletins_propres\table_page_536.csv: En-tête '8010Base' introuvable.
Erreur dans le fichier ./CSV3\bulletins\bulletins_propres\table_page_536.csv: En-tête '8007Base' introuvable.
Erreur dans le fichier ./CSV3\bulletins\bulletins_propres\table_page_536.csv: En-tête '8192Base' introuvable.
Erreur dans le fichier ./CSV3\bulletins\bulletins_propres\table_page_536.csv: En-tête 'Base' introuvable.
Erreur dans le fichier ./CSV3\bulletins\bulletins_propres\table_page_536.csv: En-tête 'Base' introuvable.
Erreur dans le fichier ./CSV3\bulletins\bulletins_propres\table_page_536.csv: En-tête 'Impôt sur le revenuBase' introuvable.
Erreur dans le fichier ./CSV3\bulletins\bulletins_propres\table_page_536.csv: En-tête 'Impôt sur le revenu à la sourceBase' introuvable.
Erreur dans le fichier ./CSV3\bulletins\bulletins_propres\table_page_538.csv: En-tête '1001Base' introuvable.
Erreur dans le fichier ./CSV3\bulletins\bulletins_propres\table_page_538.csv: En-tête '2068Base' introuvable.
Erreur dans le fichier ./CSV3\bulletins\bulletins_propres\table_page_538.csv: En-tête 'Base' introuvable.
Erreur dans le fichier ./CSV3\bulletins\bulletins_propres\table_page_538.csv: En-tête 'Base' introuvable.
Erreur dans le fichier ./CSV3\bulletins\bulletins_propres\table_page_538.csv: En-tête 'TOTAL BRUTBase' introuvable.
Erreur dans le fichier ./CSV3\bulletins\bulletins_propres\table_page_538.csv: En-tête 'Base' introuvable.
Erreur dans le fichier ./CSV3\bulletins\bulletins_propres\table_page_538.csv: En-tête '7001Base' introuvable.
Erreur dans le fichier ./CSV3\bulletins\bulletins_propres\table_page_538.csv: En-tête 'Base' introuvable.
Erreur dans le fichier ./CSV3\bulletins\bulletins_propres\table_page_538.csv: En-tête '7010Base' introuvable.
Erreur dans le fichier ./CSV3\bulletins\bulletins_propres\table_page_538.csv: En-tête '7015Base' introuvable.
Erreur dans le fichier ./CSV3\bulletins\bulletins_propres\table_page_538.csv: En-tête '7020Base' introuvable.
Erreur dans le fichier ./CSV3\bulletins\bulletins_propres\table_page_538.csv: En-tête '7030Base' introuvable.
Erreur dans le fichier ./CSV3\bulletins\bulletins_propres\table_page_538.csv: En-tête '7035Base' introuvable.
Erreur dans le fichier ./CSV3\bulletins\bulletins_propres\table_page_538.csv: En-tête '7040Base' introuvable.
Erreur dans le fichier ./CSV3\bulletins\bulletins_propres\table_page_538.csv: En-tête '7045Base' introuvable.
Erreur dans le fichier ./CSV3\bulletins\bulletins_propres\table_page_538.csv: En-tête '7050Base' introuvable.
Erreur dans le fichier ./CSV3\bulletins\bulletins_propres\table_page_538.csv: En-tête '7055Base' introuvable.
Erreur dans le fichier ./CSV3\bulletins\bulletins_propres\table_page_538.csv: En-tête '7C00Base' introuvable.
Erreur dans le fichier ./CSV3\bulletins\bulletins_propres\table_page_538.csv: En-tête '7C20Base' introuvable.
Erreur dans le fichier ./CSV3\bulletins\bulletins_propres\table_page_538.csv: En-tête 'Base' introuvable.
Erreur dans le fichier ./CSV3\bulletins\bulletins_propres\table_page_538.csv: En-tête '7M05Base' introuvable.
Erreur dans le fichier ./CSV3\bulletins\bulletins_propres\table_page_538.csv: En-tête 'Base' introuvable.
Erreur dans le fichier ./CSV3\bulletins\bulletins_propres\table_page_538.csv: En-tête '7P20Base' introuvable.
Erreur dans le fichier ./CSV3\bulletins\bulletins_propres\table_page_538.csv: En-tête 'Base' introuvable.
Erreur dans le fichier ./CSV3\bulletins\bulletins_propres\table_page_538.csv: En-tête '7R56Base' introuvable.
Erreur dans le fichier ./CSV3\bulletins\bulletins_propres\table_page_538.csv: En-tête 'Base' introuvable.
Erreur dans le fichier ./CSV3\bulletins\bulletins_propres\table_page_538.csv: En-tête '7R63Base' introuvable.
Erreur dans le fichier ./CSV3\bulletins\bulletins_propres\table_page_538.csv: En-tête '7T00Base' introuvable.
Erreur dans le fichier ./CSV3\bulletins\bulletins_propres\table_page_538.csv: En-tête '7T02Base' introuvable.
Erreur dans le fichier ./CSV3\bulletins\bulletins_propres\table_page_538.csv: En-tête '7T05Base' introuvable.
Erreur dans le fichier ./CSV3\bulletins\bulletins_propres\table_page_538.csv: En-tête '7T10Base' introuvable.
Erreur dans le fichier ./CSV3\bulletins\bulletins_propres\table_page_538.csv: En-tête '7T15Base' introuvable.
Erreur dans le fichier ./CSV3\bulletins\bulletins_propres\table_page_538.csv: En-tête '7T20Base' introuvable.
Erreur dans le fichier ./CSV3\bulletins\bulletins_propres\table_page_538.csv: En-tête '6082Base' introuvable.
Erreur dans le fichier ./CSV3\bulletins\bulletins_propres\table_page_538.csv: En-tête '6094Base' introuvable.
Erreur dans le fichier ./CSV3\bulletins\bulletins_propres\table_page_538.csv: En-tête 'Base' introuvable.
Erreur dans le fichier ./CSV3\bulletins\bulletins_propres\table_page_538.csv: En-tête 'Total Charges Ded.Base' introuvable.
Erreur dans le fichier ./CSV3\bulletins\bulletins_propres\table_page_538.csv: En-tête 'Base' introuvable.
Erreur dans le fichier ./CSV3\bulletins\bulletins_propres\table_page_538.csv: En-tête '6080Base' introuvable.
Erreur dans le fichier ./CSV3\bulletins\bulletins_propres\table_page_538.csv: En-tête '6084Base' introuvable.
Erreur dans le fichier ./CSV3\bulletins\bulletins_propres\table_page_538.csv: En-tête '6092Base' introuvable.
Erreur dans le fichier ./CSV3\bulletins\bulletins_propres\table_page_538.csv: En-tête '6096Base' introuvable.
Erreur dans le fichier ./CSV3\bulletins\bulletins_propres\table_page_538.csv: En-tête 'Total Charges Non Ded.Base' introuvable.
Erreur dans le fichier ./CSV3\bulletins\bulletins_propres\table_page_538.csv: En-tête '8009Base' introuvable.
Erreur dans le fichier ./CSV3\bulletins\bulletins_propres\table_page_538.csv: En-tête '8010Base' introuvable.
Erreur dans le fichier ./CSV3\bulletins\bulletins_propres\table_page_538.csv: En-tête '8007Base' introuvable.
Erreur dans le fichier ./CSV3\bulletins\bulletins_propres\table_page_538.csv: En-tête 'Base' introuvable.
Erreur dans le fichier ./CSV3\bulletins\bulletins_propres\table_page_538.csv: En-tête 'NET A PAYER AVANT IMPÔT SUR LE REVENUBase' introuvable.
Erreur dans le fichier ./CSV3\bulletins\bulletins_propres\table_page_538.csv: En-tête 'Impôt sur le revenuBase' introuvable.
Erreur dans le fichier ./CSV3\bulletins\bulletins_propres\table_page_538.csv: En-tête 'Impôt sur le revenu à la sourceBase' introuvable.
Erreur dans le fichier ./CSV3\bulletins\bulletins_propres\table_page_540.csv: En-tête '1001Base' introuvable.
Erreur dans le fichier ./CSV3\bulletins\bulletins_propres\table_page_540.csv: En-tête '2068Base' introuvable.
Erreur dans le fichier ./CSV3\bulletins\bulletins_propres\table_page_540.csv: En-tête 'Base' introuvable.
Erreur dans le fichier ./CSV3\bulletins\bulletins_propres\table_page_540.csv: En-tête 'Base' introuvable.
Erreur dans le fichier ./CSV3\bulletins\bulletins_propres\table_page_540.csv: En-tête 'TOTAL BRUTBase' introuvable.
Erreur dans le fichier ./CSV3\bulletins\bulletins_propres\table_page_540.csv: En-tête 'Base' introuvable.
Erreur dans le fichier ./CSV3\bulletins\bulletins_propres\table_page_540.csv: En-tête '7001Base' introuvable.
Erreur dans le fichier ./CSV3\bulletins\bulletins_propres\table_page_540.csv: En-tête 'Base' introuvable.
Erreur dans le fichier ./CSV3\bulletins\bulletins_propres\table_page_540.csv: En-tête '7010Base' introuvable.
Erreur dans le fichier ./CSV3\bulletins\bulletins_propres\table_page_540.csv: En-tête '7015Base' introuvable.
Erreur dans le fichier ./CSV3\bulletins\bulletins_propres\table_page_540.csv: En-tête '7020Base' introuvable.
Erreur dans le fichier ./CSV3\bulletins\bulletins_propres\table_page_540.csv: En-tête '7030Base' introuvable.
Erreur dans le fichier ./CSV3\bulletins\bulletins_propres\table_page_540.csv: En-tête '7035Base' introuvable.
Erreur dans le fichier ./CSV3\bulletins\bulletins_propres\table_page_540.csv: En-tête '7040Base' introuvable.
Erreur dans le fichier ./CSV3\bulletins\bulletins_propres\table_page_540.csv: En-tête '7045Base' introuvable.
Erreur dans le fichier ./CSV3\bulletins\bulletins_propres\table_page_540.csv: En-tête '7050Base' introuvable.
Erreur dans le fichier ./CSV3\bulletins\bulletins_propres\table_page_540.csv: En-tête '7055Base' introuvable.
Erreur dans le fichier ./CSV3\bulletins\bulletins_propres\table_page_540.csv: En-tête '7C00Base' introuvable.
Erreur dans le fichier ./CSV3\bulletins\bulletins_propres\table_page_540.csv: En-tête '7C20Base' introuvable.
Erreur dans le fichier ./CSV3\bulletins\bulletins_propres\table_page_540.csv: En-tête 'Base' introuvable.
Erreur dans le fichier ./CSV3\bulletins\bulletins_propres\table_page_540.csv: En-tête '7M05Base' introuvable.
Erreur dans le fichier ./CSV3\bulletins\bulletins_propres\table_page_540.csv: En-tête 'Base' introuvable.
Erreur dans le fichier ./CSV3\bulletins\bulletins_propres\table_page_540.csv: En-tête '7P20Base' introuvable.
Erreur dans le fichier ./CSV3\bulletins\bulletins_propres\table_page_540.csv: En-tête 'Base' introuvable.
Erreur dans le fichier ./CSV3\bulletins\bulletins_propres\table_page_540.csv: En-tête '7R44Base' introuvable.
Erreur dans le fichier ./CSV3\bulletins\bulletins_propres\table_page_540.csv: En-tête 'Base' introuvable.
Erreur dans le fichier ./CSV3\bulletins\bulletins_propres\table_page_540.csv: En-tête '7R53Base' introuvable.
Erreur dans le fichier ./CSV3\bulletins\bulletins_propres\table_page_540.csv: En-tête '7R63Base' introuvable.
Erreur dans le fichier ./CSV3\bulletins\bulletins_propres\table_page_540.csv: En-tête '7T00Base' introuvable.
Erreur dans le fichier ./CSV3\bulletins\bulletins_propres\table_page_540.csv: En-tête '7T02Base' introuvable.
Erreur dans le fichier ./CSV3\bulletins\bulletins_propres\table_page_540.csv: En-tête '7T05Base' introuvable.
Erreur dans le fichier ./CSV3\bulletins\bulletins_propres\table_page_540.csv: En-tête '7T10Base' introuvable.
Erreur dans le fichier ./CSV3\bulletins\bulletins_propres\table_page_540.csv: En-tête '7T15Base' introuvable.
Erreur dans le fichier ./CSV3\bulletins\bulletins_propres\table_page_540.csv: En-tête '7T20Base' introuvable.
Erreur dans le fichier ./CSV3\bulletins\bulletins_propres\table_page_540.csv: En-tête '6082Base' introuvable.
Erreur dans le fichier ./CSV3\bulletins\bulletins_propres\table_page_540.csv: En-tête '6094Base' introuvable.
Erreur dans le fichier ./CSV3\bulletins\bulletins_propres\table_page_540.csv: En-tête 'Base' introuvable.
Erreur dans le fichier ./CSV3\bulletins\bulletins_propres\table_page_540.csv: En-tête 'Total Charges Ded.Base' introuvable.
Erreur dans le fichier ./CSV3\bulletins\bulletins_propres\table_page_540.csv: En-tête 'Base' introuvable.
Erreur dans le fichier ./CSV3\bulletins\bulletins_propres\table_page_540.csv: En-tête '6080Base' introuvable.
Erreur dans le fichier ./CSV3\bulletins\bulletins_propres\table_page_540.csv: En-tête '6084Base' introuvable.
Erreur dans le fichier ./CSV3\bulletins\bulletins_propres\table_page_540.csv: En-tête '6092Base' introuvable.
Erreur dans le fichier ./CSV3\bulletins\bulletins_propres\table_page_540.csv: En-tête '6096Base' introuvable.
Erreur dans le fichier ./CSV3\bulletins\bulletins_propres\table_page_540.csv: En-tête 'Total Charges Non Ded.Base' introuvable.
Erreur dans le fichier ./CSV3\bulletins\bulletins_propres\table_page_540.csv: En-tête '8009Base' introuvable.
Erreur dans le fichier ./CSV3\bulletins\bulletins_propres\table_page_540.csv: En-tête '8010Base' introuvable.
Erreur dans le fichier ./CSV3\bulletins\bulletins_propres\table_page_540.csv: En-tête '/S13Saisie non-alim. priorit.Base' introuvable.
Erreur dans le fichier ./CSV3\bulletins\bulletins_propres\table_page_540.csv: En-tête '8007Base' introuvable.
Erreur dans le fichier ./CSV3\bulletins\bulletins_propres\table_page_540.csv: En-tête 'Base' introuvable.
Erreur dans le fichier ./CSV3\bulletins\bulletins_propres\table_page_540.csv: En-tête 'Base' introuvable.
Erreur dans le fichier ./CSV3\bulletins\bulletins_propres\table_page_540.csv: En-tête 'Impôt sur le revenuBase' introuvable.
Erreur dans le fichier ./CSV3\bulletins\bulletins_propres\table_page_540.csv: En-tête 'Impôt sur le revenu à la sourceBase' introuvable.
Erreur dans le fichier ./CSV3\bulletins\bulletins_propres\table_page_542.csv: En-tête '1001Base' introuvable.
Erreur dans le fichier ./CSV3\bulletins\bulletins_propres\table_page_542.csv: En-tête '1046Base' introuvable.
Erreur dans le fichier ./CSV3\bulletins\bulletins_propres\table_page_542.csv: En-tête 'Base' introuvable.
Erreur dans le fichier ./CSV3\bulletins\bulletins_propres\table_page_542.csv: En-tête '2012Base' introuvable.
Erreur dans le fichier ./CSV3\bulletins\bulletins_propres\table_page_542.csv: En-tête 'Base' introuvable.
Erreur dans le fichier ./CSV3\bulletins\bulletins_propres\table_page_542.csv: En-tête '2018Base' introuvable.
Erreur dans le fichier ./CSV3\bulletins\bulletins_propres\table_page_542.csv: En-tête '2068Base' introuvable.
Erreur dans le fichier ./CSV3\bulletins\bulletins_propres\table_page_542.csv: En-tête '2078Base' introuvable.
Erreur dans le fichier ./CSV3\bulletins\bulletins_propres\table_page_542.csv: En-tête '3250Base' introuvable.
Erreur dans le fichier ./CSV3\bulletins\bulletins_propres\table_page_542.csv: En-tête '3255Base' introuvable.
Erreur dans le fichier ./CSV3\bulletins\bulletins_propres\table_page_542.csv: En-tête 'Base' introuvable.
Erreur dans le fichier ./CSV3\bulletins\bulletins_propres\table_page_542.csv: En-tête 'TOTAL BRUTBase' introuvable.
Erreur dans le fichier ./CSV3\bulletins\bulletins_propres\table_page_542.csv: En-tête '7001Base' introuvable.
Erreur dans le fichier ./CSV3\bulletins\bulletins_propres\table_page_542.csv: En-tête '7010Base' introuvable.
Erreur dans le fichier ./CSV3\bulletins\bulletins_propres\table_page_542.csv: En-tête '7015Base' introuvable.
Erreur dans le fichier ./CSV3\bulletins\bulletins_propres\table_page_542.csv: En-tête '7020Base' introuvable.
Erreur dans le fichier ./CSV3\bulletins\bulletins_propres\table_page_542.csv: En-tête '7030Base' introuvable.
Erreur dans le fichier ./CSV3\bulletins\bulletins_propres\table_page_542.csv: En-tête '7035Base' introuvable.
Erreur dans le fichier ./CSV3\bulletins\bulletins_propres\table_page_542.csv: En-tête 'Base' introuvable.
Erreur dans le fichier ./CSV3\bulletins\bulletins_propres\table_page_542.csv: En-tête '7040Base' introuvable.
Erreur dans le fichier ./CSV3\bulletins\bulletins_propres\table_page_542.csv: En-tête 'Base' introuvable.
Erreur dans le fichier ./CSV3\bulletins\bulletins_propres\table_page_542.csv: En-tête '7045Base' introuvable.
Erreur dans le fichier ./CSV3\bulletins\bulletins_propres\table_page_542.csv: En-tête 'Base' introuvable.
Erreur dans le fichier ./CSV3\bulletins\bulletins_propres\table_page_542.csv: En-tête '7050Base' introuvable.
Erreur dans le fichier ./CSV3\bulletins\bulletins_propres\table_page_542.csv: En-tête 'Base' introuvable.
Erreur dans le fichier ./CSV3\bulletins\bulletins_propres\table_page_542.csv: En-tête '7055Base' introuvable.
Erreur dans le fichier ./CSV3\bulletins\bulletins_propres\table_page_542.csv: En-tête '7C00Base' introuvable.
Erreur dans le fichier ./CSV3\bulletins\bulletins_propres\table_page_542.csv: En-tête '7C20Base' introuvable.
Erreur dans le fichier ./CSV3\bulletins\bulletins_propres\table_page_542.csv: En-tête '7M03Base' introuvable.
Erreur dans le fichier ./CSV3\bulletins\bulletins_propres\table_page_542.csv: En-tête '7P10Base' introuvable.
Erreur dans le fichier ./CSV3\bulletins\bulletins_propres\table_page_542.csv: En-tête '7R56Base' introuvable.
Erreur dans le fichier ./CSV3\bulletins\bulletins_propres\table_page_542.csv: En-tête '7R63Base' introuvable.
Erreur dans le fichier ./CSV3\bulletins\bulletins_propres\table_page_542.csv: En-tête '7T00Base' introuvable.
Erreur dans le fichier ./CSV3\bulletins\bulletins_propres\table_page_542.csv: En-tête '7T02Base' introuvable.
Erreur dans le fichier ./CSV3\bulletins\bulletins_propres\table_page_542.csv: En-tête '7T05Base' introuvable.
Erreur dans le fichier ./CSV3\bulletins\bulletins_propres\table_page_542.csv: En-tête '7T10Base' introuvable.
Erreur dans le fichier ./CSV3\bulletins\bulletins_propres\table_page_542.csv: En-tête 'Base' introuvable.
Erreur dans le fichier ./CSV3\bulletins\bulletins_propres\table_page_542.csv: En-tête '7T15Base' introuvable.
Erreur dans le fichier ./CSV3\bulletins\bulletins_propres\table_page_542.csv: En-tête 'Base' introuvable.
Erreur dans le fichier ./CSV3\bulletins\bulletins_propres\table_page_542.csv: En-tête '7T20Base' introuvable.
Erreur dans le fichier ./CSV3\bulletins\bulletins_propres\table_page_542.csv: En-tête '6082Base' introuvable.
Erreur dans le fichier ./CSV3\bulletins\bulletins_propres\table_page_542.csv: En-tête '6094Base' introuvable.
Erreur dans le fichier ./CSV3\bulletins\bulletins_propres\table_page_542.csv: En-tête 'PALCAllégement chômageBase' introuvable.
Erreur dans le fichier ./CSV3\bulletins\bulletins_propres\table_page_542.csv: En-tête 'PALFAllégement FillonBase' introuvable.
Erreur dans le fichier ./CSV3\bulletins\bulletins_propres\table_page_542.csv: En-tête 'PALRAllégement retraiteBase' introuvable.
Erreur dans le fichier ./CSV3\bulletins\bulletins_propres\table_page_542.csv: En-tête 'Total Charges Ded.Base' introuvable.
Erreur dans le fichier ./CSV3\bulletins\bulletins_propres\table_page_542.csv: En-tête '6080Base' introuvable.
Erreur dans le fichier ./CSV3\bulletins\bulletins_propres\table_page_542.csv: En-tête '6084Base' introuvable.
Erreur dans le fichier ./CSV3\bulletins\bulletins_propres\table_page_542.csv: En-tête '6092Base' introuvable.
Erreur dans le fichier ./CSV3\bulletins\bulletins_propres\table_page_542.csv: En-tête '6096Base' introuvable.
Erreur dans le fichier ./CSV3\bulletins\bulletins_propres\table_page_542.csv: En-tête 'Total Charges Non Ded.Base' introuvable.
Erreur dans le fichier ./CSV3\bulletins\bulletins_propres\table_page_542.csv: En-tête '8009Base' introuvable.
Erreur dans le fichier ./CSV3\bulletins\bulletins_propres\table_page_542.csv: En-tête '8010Base' introuvable.
Erreur dans le fichier ./CSV3\bulletins\bulletins_propres\table_page_542.csv: En-tête '8007Base' introuvable.
Erreur dans le fichier ./CSV3\bulletins\bulletins_propres\table_page_542.csv: En-tête '8192Base' introuvable.
Erreur dans le fichier ./CSV3\bulletins\bulletins_propres\table_page_542.csv: En-tête 'Base' introuvable.
Erreur dans le fichier ./CSV3\bulletins\bulletins_propres\table_page_542.csv: En-tête 'Base' introuvable.
Erreur dans le fichier ./CSV3\bulletins\bulletins_propres\table_page_542.csv: En-tête 'Impôt sur le revenuBase' introuvable.
Erreur dans le fichier ./CSV3\bulletins\bulletins_propres\table_page_542.csv: En-tête 'Impôt sur le revenu à la sourceBase' introuvable.
Erreur dans le fichier ./CSV3\bulletins\bulletins_propres\table_page_544.csv: En-tête '1001Base' introuvable.
Erreur dans le fichier ./CSV3\bulletins\bulletins_propres\table_page_544.csv: En-tête '1046Base' introuvable.
Erreur dans le fichier ./CSV3\bulletins\bulletins_propres\table_page_544.csv: En-tête 'Base' introuvable.
Erreur dans le fichier ./CSV3\bulletins\bulletins_propres\table_page_544.csv: En-tête '2018Base' introuvable.
Erreur dans le fichier ./CSV3\bulletins\bulletins_propres\table_page_544.csv: En-tête 'Base' introuvable.
Erreur dans le fichier ./CSV3\bulletins\bulletins_propres\table_page_544.csv: En-tête '2068Base' introuvable.
Erreur dans le fichier ./CSV3\bulletins\bulletins_propres\table_page_544.csv: En-tête '2078Base' introuvable.
Erreur dans le fichier ./CSV3\bulletins\bulletins_propres\table_page_544.csv: En-tête '3002Base' introuvable.
Erreur dans le fichier ./CSV3\bulletins\bulletins_propres\table_page_544.csv: En-tête '3006Base' introuvable.
Erreur dans le fichier ./CSV3\bulletins\bulletins_propres\table_page_544.csv: En-tête '3250Base' introuvable.
Erreur dans le fichier ./CSV3\bulletins\bulletins_propres\table_page_544.csv: En-tête '3255Base' introuvable.
Erreur dans le fichier ./CSV3\bulletins\bulletins_propres\table_page_544.csv: En-tête '3502Base' introuvable.
Erreur dans le fichier ./CSV3\bulletins\bulletins_propres\table_page_544.csv: En-tête '3505Base' introuvable.
Erreur dans le fichier ./CSV3\bulletins\bulletins_propres\table_page_544.csv: En-tête 'Base' introuvable.
Erreur dans le fichier ./CSV3\bulletins\bulletins_propres\table_page_544.csv: En-tête 'TOTAL BRUTBase' introuvable.
Erreur dans le fichier ./CSV3\bulletins\bulletins_propres\table_page_544.csv: En-tête '6S89Base' introuvable.
Erreur dans le fichier ./CSV3\bulletins\bulletins_propres\table_page_544.csv: En-tête '7001Base' introuvable.
Erreur dans le fichier ./CSV3\bulletins\bulletins_propres\table_page_544.csv: En-tête '7010Base' introuvable.
Erreur dans le fichier ./CSV3\bulletins\bulletins_propres\table_page_544.csv: En-tête 'Base' introuvable.
Erreur dans le fichier ./CSV3\bulletins\bulletins_propres\table_page_544.csv: En-tête '7015Base' introuvable.
Erreur dans le fichier ./CSV3\bulletins\bulletins_propres\table_page_544.csv: En-tête 'Base' introuvable.
Erreur dans le fichier ./CSV3\bulletins\bulletins_propres\table_page_544.csv: En-tête '7020Base' introuvable.
Erreur dans le fichier ./CSV3\bulletins\bulletins_propres\table_page_544.csv: En-tête 'Base' introuvable.
Erreur dans le fichier ./CSV3\bulletins\bulletins_propres\table_page_544.csv: En-tête '7030Base' introuvable.
Erreur dans le fichier ./CSV3\bulletins\bulletins_propres\table_page_544.csv: En-tête 'Base' introuvable.
Erreur dans le fichier ./CSV3\bulletins\bulletins_propres\table_page_544.csv: En-tête '7035Base' introuvable.
Erreur dans le fichier ./CSV3\bulletins\bulletins_propres\table_page_544.csv: En-tête '7040Base' introuvable.
Erreur dans le fichier ./CSV3\bulletins\bulletins_propres\table_page_544.csv: En-tête '7045Base' introuvable.
Erreur dans le fichier ./CSV3\bulletins\bulletins_propres\table_page_544.csv: En-tête '7050Base' introuvable.
Erreur dans le fichier ./CSV3\bulletins\bulletins_propres\table_page_544.csv: En-tête '7055Base' introuvable.
Erreur dans le fichier ./CSV3\bulletins\bulletins_propres\table_page_544.csv: En-tête '7C00Base' introuvable.
Erreur dans le fichier ./CSV3\bulletins\bulletins_propres\table_page_544.csv: En-tête '7C20Base' introuvable.
Erreur dans le fichier ./CSV3\bulletins\bulletins_propres\table_page_544.csv: En-tête '7M04Base' introuvable.
Erreur dans le fichier ./CSV3\bulletins\bulletins_propres\table_page_544.csv: En-tête '7P10Base' introuvable.
Erreur dans le fichier ./CSV3\bulletins\bulletins_propres\table_page_544.csv: En-tête '7R56Base' introuvable.
Erreur dans le fichier ./CSV3\bulletins\bulletins_propres\table_page_544.csv: En-tête '7R63Base' introuvable.
Erreur dans le fichier ./CSV3\bulletins\bulletins_propres\table_page_544.csv: En-tête 'Base' introuvable.
Erreur dans le fichier ./CSV3\bulletins\bulletins_propres\table_page_544.csv: En-tête '7T00Base' introuvable.
Erreur dans le fichier ./CSV3\bulletins\bulletins_propres\table_page_544.csv: En-tête 'Base' introuvable.
Erreur dans le fichier ./CSV3\bulletins\bulletins_propres\table_page_544.csv: En-tête '7T02Base' introuvable.
Erreur dans le fichier ./CSV3\bulletins\bulletins_propres\table_page_544.csv: En-tête 'Base' introuvable.
Erreur dans le fichier ./CSV3\bulletins\bulletins_propres\table_page_544.csv: En-tête '7T05Base' introuvable.
Erreur dans le fichier ./CSV3\bulletins\bulletins_propres\table_page_544.csv: En-tête '7T10Base' introuvable.
Erreur dans le fichier ./CSV3\bulletins\bulletins_propres\table_page_544.csv: En-tête '7T15Base' introuvable.
Erreur dans le fichier ./CSV3\bulletins\bulletins_propres\table_page_544.csv: En-tête '7T20Base' introuvable.
Erreur dans le fichier ./CSV3\bulletins\bulletins_propres\table_page_544.csv: En-tête '6082Base' introuvable.
Erreur dans le fichier ./CSV3\bulletins\bulletins_propres\table_page_544.csv: En-tête '6094Base' introuvable.
Erreur dans le fichier ./CSV3\bulletins\bulletins_propres\table_page_544.csv: En-tête 'PALCAllégement chômageBase' introuvable.
Erreur dans le fichier ./CSV3\bulletins\bulletins_propres\table_page_544.csv: En-tête 'PALFAllégement FillonBase' introuvable.
Erreur dans le fichier ./CSV3\bulletins\bulletins_propres\table_page_544.csv: En-tête 'PALRAllégement retraiteBase' introuvable.
Erreur dans le fichier ./CSV3\bulletins\bulletins_propres\table_page_544.csv: En-tête 'Total Charges Ded.Base' introuvable.
Erreur dans le fichier ./CSV3\bulletins\bulletins_propres\table_page_544.csv: En-tête '6070Base' introuvable.
Erreur dans le fichier ./CSV3\bulletins\bulletins_propres\table_page_544.csv: En-tête '6074Base' introuvable.
Erreur dans le fichier ./CSV3\bulletins\bulletins_propres\table_page_544.csv: En-tête '6080Base' introuvable.
Erreur dans le fichier ./CSV3\bulletins\bulletins_propres\table_page_544.csv: En-tête '6084Base' introuvable.
Erreur dans le fichier ./CSV3\bulletins\bulletins_propres\table_page_544.csv: En-tête '6092Base' introuvable.
Erreur dans le fichier ./CSV3\bulletins\bulletins_propres\table_page_544.csv: En-tête '6096Base' introuvable.
Erreur dans le fichier ./CSV3\bulletins\bulletins_propres\table_page_544.csv: En-tête 'Total Charges Non Ded.Base' introuvable.
Erreur dans le fichier ./CSV3\bulletins\bulletins_propres\table_page_544.csv: En-tête '8009Base' introuvable.
Erreur dans le fichier ./CSV3\bulletins\bulletins_propres\table_page_544.csv: En-tête '8010Base' introuvable.
Erreur dans le fichier ./CSV3\bulletins\bulletins_propres\table_page_544.csv: En-tête '/S13Saisie non-alim. priorit.Base' introuvable.
Erreur dans le fichier ./CSV3\bulletins\bulletins_propres\table_page_544.csv: En-tête '8022Base' introuvable.
Erreur dans le fichier ./CSV3\bulletins\bulletins_propres\table_page_546.csv: En-tête '1004Base' introuvable.
Erreur dans le fichier ./CSV3\bulletins\bulletins_propres\table_page_546.csv: En-tête '2068Base' introuvable.
Erreur dans le fichier ./CSV3\bulletins\bulletins_propres\table_page_546.csv: En-tête 'Base' introuvable.
Erreur dans le fichier ./CSV3\bulletins\bulletins_propres\table_page_546.csv: En-tête '3250Base' introuvable.
Erreur dans le fichier ./CSV3\bulletins\bulletins_propres\table_page_546.csv: En-tête 'Base' introuvable.
Erreur dans le fichier ./CSV3\bulletins\bulletins_propres\table_page_546.csv: En-tête '3255Base' introuvable.
Erreur dans le fichier ./CSV3\bulletins\bulletins_propres\table_page_546.csv: En-tête '3460Base' introuvable.
Erreur dans le fichier ./CSV3\bulletins\bulletins_propres\table_page_546.csv: En-tête '3462Base' introuvable.
Erreur dans le fichier ./CSV3\bulletins\bulletins_propres\table_page_546.csv: En-tête 'Base' introuvable.
Erreur dans le fichier ./CSV3\bulletins\bulletins_propres\table_page_546.csv: En-tête 'TOTAL BRUTBase' introuvable.
Erreur dans le fichier ./CSV3\bulletins\bulletins_propres\table_page_546.csv: En-tête '7003Base' introuvable.
Erreur dans le fichier ./CSV3\bulletins\bulletins_propres\table_page_546.csv: En-tête '7011Base' introuvable.
Erreur dans le fichier ./CSV3\bulletins\bulletins_propres\table_page_546.csv: En-tête '7018Base' introuvable.
Erreur dans le fichier ./CSV3\bulletins\bulletins_propres\table_page_546.csv: En-tête '7020Base' introuvable.
Erreur dans le fichier ./CSV3\bulletins\bulletins_propres\table_page_546.csv: En-tête '7031Base' introuvable.
Erreur dans le fichier ./CSV3\bulletins\bulletins_propres\table_page_546.csv: En-tête '7040Base' introuvable.
Erreur dans le fichier ./CSV3\bulletins\bulletins_propres\table_page_546.csv: En-tête '7045Base' introuvable.
Erreur dans le fichier ./CSV3\bulletins\bulletins_propres\table_page_546.csv: En-tête '7055Base' introuvable.
Erreur dans le fichier ./CSV3\bulletins\bulletins_propres\table_page_546.csv: En-tête 'Base' introuvable.
Erreur dans le fichier ./CSV3\bulletins\bulletins_propres\table_page_546.csv: En-tête '7135Base' introuvable.
Erreur dans le fichier ./CSV3\bulletins\bulletins_propres\table_page_546.csv: En-tête 'Base' introuvable.
Erreur dans le fichier ./CSV3\bulletins\bulletins_propres\table_page_546.csv: En-tête '7155Base' introuvable.
Erreur dans le fichier ./CSV3\bulletins\bulletins_propres\table_page_546.csv: En-tête 'Base' introuvable.
Erreur dans le fichier ./CSV3\bulletins\bulletins_propres\table_page_546.csv: En-tête '7C20Base' introuvable.
Erreur dans le fichier ./CSV3\bulletins\bulletins_propres\table_page_546.csv: En-tête 'Base' introuvable.
Erreur dans le fichier ./CSV3\bulletins\bulletins_propres\table_page_546.csv: En-tête '7C40Base' introuvable.
Erreur dans le fichier ./CSV3\bulletins\bulletins_propres\table_page_546.csv: En-tête '7R50Base' introuvable.
Erreur dans le fichier ./CSV3\bulletins\bulletins_propres\table_page_546.csv: En-tête '7R60Base' introuvable.
Erreur dans le fichier ./CSV3\bulletins\bulletins_propres\table_page_546.csv: En-tête '7M03Base' introuvable.
Erreur dans le fichier ./CSV3\bulletins\bulletins_propres\table_page_546.csv: En-tête '7P00Base' introuvable.
Erreur dans le fichier ./CSV3\bulletins\bulletins_propres\table_page_546.csv: En-tête '7T00Base' introuvable.
Erreur dans le fichier ./CSV3\bulletins\bulletins_propres\table_page_546.csv: En-tête '7T02Base' introuvable.
Erreur dans le fichier ./CSV3\bulletins\bulletins_propres\table_page_546.csv: En-tête '7T05Base' introuvable.
Erreur dans le fichier ./CSV3\bulletins\bulletins_propres\table_page_546.csv: En-tête '7T10Base' introuvable.
Erreur dans le fichier ./CSV3\bulletins\bulletins_propres\table_page_546.csv: En-tête '7T15Base' introuvable.
Erreur dans le fichier ./CSV3\bulletins\bulletins_propres\table_page_546.csv: En-tête '7T20Base' introuvable.
Erreur dans le fichier ./CSV3\bulletins\bulletins_propres\table_page_546.csv: En-tête 'Base' introuvable.
Erreur dans le fichier ./CSV3\bulletins\bulletins_propres\table_page_546.csv: En-tête 'PALCAllégement chômageBase' introuvable.
Erreur dans le fichier ./CSV3\bulletins\bulletins_propres\table_page_546.csv: En-tête 'Base' introuvable.
Erreur dans le fichier ./CSV3\bulletins\bulletins_propres\table_page_546.csv: En-tête 'PALFAllégement FillonBase' introuvable.
Erreur dans le fichier ./CSV3\bulletins\bulletins_propres\table_page_546.csv: En-tête 'Base' introuvable.
Erreur dans le fichier ./CSV3\bulletins\bulletins_propres\table_page_546.csv: En-tête 'PALRAllégement retraiteBase' introuvable.
Erreur dans le fichier ./CSV3\bulletins\bulletins_propres\table_page_546.csv: En-tête 'Total Charges Ded.Base' introuvable.
Erreur dans le fichier ./CSV3\bulletins\bulletins_propres\table_page_546.csv: En-tête 'Total Charges Non Ded.Base' introuvable.
Erreur dans le fichier ./CSV3\bulletins\bulletins_propres\table_page_546.csv: En-tête '8009Base' introuvable.
Erreur dans le fichier ./CSV3\bulletins\bulletins_propres\table_page_546.csv: En-tête '8010Base' introuvable.
Erreur dans le fichier ./CSV3\bulletins\bulletins_propres\table_page_546.csv: En-tête '8017Base' introuvable.
Erreur dans le fichier ./CSV3\bulletins\bulletins_propres\table_page_546.csv: En-tête 'Base' introuvable.
Erreur dans le fichier ./CSV3\bulletins\bulletins_propres\table_page_546.csv: En-tête 'Base' introuvable.
Erreur dans le fichier ./CSV3\bulletins\bulletins_propres\table_page_546.csv: En-tête 'Impôt sur le revenuBase' introuvable.
Erreur dans le fichier ./CSV3\bulletins\bulletins_propres\table_page_546.csv: En-tête 'Impôt sur le revenu à la sourceBase' introuvable.
Erreur dans le fichier ./CSV3\bulletins\bulletins_propres\table_page_548.csv: En-tête '1004Base' introuvable.
Erreur dans le fichier ./CSV3\bulletins\bulletins_propres\table_page_548.csv: En-tête '3250Base' introuvable.
Erreur dans le fichier ./CSV3\bulletins\bulletins_propres\table_page_548.csv: En-tête 'Base' introuvable.
Erreur dans le fichier ./CSV3\bulletins\bulletins_propres\table_page_548.csv: En-tête '3255Base' introuvable.
Erreur dans le fichier ./CSV3\bulletins\bulletins_propres\table_page_548.csv: En-tête 'Base' introuvable.
Erreur dans le fichier ./CSV3\bulletins\bulletins_propres\table_page_548.csv: En-tête '3460Base' introuvable.
Erreur dans le fichier ./CSV3\bulletins\bulletins_propres\table_page_548.csv: En-tête '3462Base' introuvable.
Erreur dans le fichier ./CSV3\bulletins\bulletins_propres\table_page_548.csv: En-tête '3506Base' introuvable.
Erreur dans le fichier ./CSV3\bulletins\bulletins_propres\table_page_548.csv: En-tête 'Base' introuvable.
Erreur dans le fichier ./CSV3\bulletins\bulletins_propres\table_page_548.csv: En-tête 'TOTAL BRUTBase' introuvable.
Erreur dans le fichier ./CSV3\bulletins\bulletins_propres\table_page_548.csv: En-tête '7003Base' introuvable.
Erreur dans le fichier ./CSV3\bulletins\bulletins_propres\table_page_548.csv: En-tête '7011Base' introuvable.
Erreur dans le fichier ./CSV3\bulletins\bulletins_propres\table_page_548.csv: En-tête '7018Base' introuvable.
Erreur dans le fichier ./CSV3\bulletins\bulletins_propres\table_page_548.csv: En-tête '7020Base' introuvable.
Erreur dans le fichier ./CSV3\bulletins\bulletins_propres\table_page_548.csv: En-tête '7031Base' introuvable.
Erreur dans le fichier ./CSV3\bulletins\bulletins_propres\table_page_548.csv: En-tête '7040Base' introuvable.
Erreur dans le fichier ./CSV3\bulletins\bulletins_propres\table_page_548.csv: En-tête '7045Base' introuvable.
Erreur dans le fichier ./CSV3\bulletins\bulletins_propres\table_page_548.csv: En-tête '7055Base' introuvable.
Erreur dans le fichier ./CSV3\bulletins\bulletins_propres\table_page_548.csv: En-tête 'Base' introuvable.
Erreur dans le fichier ./CSV3\bulletins\bulletins_propres\table_page_548.csv: En-tête '7135Base' introuvable.
Erreur dans le fichier ./CSV3\bulletins\bulletins_propres\table_page_548.csv: En-tête 'Base' introuvable.
Erreur dans le fichier ./CSV3\bulletins\bulletins_propres\table_page_548.csv: En-tête '7155Base' introuvable.
Erreur dans le fichier ./CSV3\bulletins\bulletins_propres\table_page_548.csv: En-tête 'Base' introuvable.
Erreur dans le fichier ./CSV3\bulletins\bulletins_propres\table_page_548.csv: En-tête '7C20Base' introuvable.
Erreur dans le fichier ./CSV3\bulletins\bulletins_propres\table_page_548.csv: En-tête 'Base' introuvable.
Erreur dans le fichier ./CSV3\bulletins\bulletins_propres\table_page_548.csv: En-tête '7C40Base' introuvable.
Erreur dans le fichier ./CSV3\bulletins\bulletins_propres\table_page_548.csv: En-tête '7R50Base' introuvable.
Erreur dans le fichier ./CSV3\bulletins\bulletins_propres\table_page_548.csv: En-tête '7R60Base' introuvable.
Erreur dans le fichier ./CSV3\bulletins\bulletins_propres\table_page_548.csv: En-tête '7M03Base' introuvable.
Erreur dans le fichier ./CSV3\bulletins\bulletins_propres\table_page_548.csv: En-tête '7P00Base' introuvable.
Erreur dans le fichier ./CSV3\bulletins\bulletins_propres\table_page_548.csv: En-tête '7T00Base' introuvable.
Erreur dans le fichier ./CSV3\bulletins\bulletins_propres\table_page_548.csv: En-tête '7T02Base' introuvable.
Erreur dans le fichier ./CSV3\bulletins\bulletins_propres\table_page_548.csv: En-tête '7T05Base' introuvable.
Erreur dans le fichier ./CSV3\bulletins\bulletins_propres\table_page_548.csv: En-tête '7T10Base' introuvable.
Erreur dans le fichier ./CSV3\bulletins\bulletins_propres\table_page_548.csv: En-tête '7T15Base' introuvable.
Erreur dans le fichier ./CSV3\bulletins\bulletins_propres\table_page_548.csv: En-tête '7T20Base' introuvable.
Erreur dans le fichier ./CSV3\bulletins\bulletins_propres\table_page_548.csv: En-tête 'Base' introuvable.
Erreur dans le fichier ./CSV3\bulletins\bulletins_propres\table_page_548.csv: En-tête 'PALCAllégement chômageBase' introuvable.
Erreur dans le fichier ./CSV3\bulletins\bulletins_propres\table_page_548.csv: En-tête 'Base' introuvable.
Erreur dans le fichier ./CSV3\bulletins\bulletins_propres\table_page_548.csv: En-tête 'PALFAllégement FillonBase' introuvable.
Erreur dans le fichier ./CSV3\bulletins\bulletins_propres\table_page_548.csv: En-tête 'Base' introuvable.
Erreur dans le fichier ./CSV3\bulletins\bulletins_propres\table_page_548.csv: En-tête 'PALRAllégement retraiteBase' introuvable.
Erreur dans le fichier ./CSV3\bulletins\bulletins_propres\table_page_548.csv: En-tête 'Base' introuvable.
Erreur dans le fichier ./CSV3\bulletins\bulletins_propres\table_page_548.csv: En-tête 'Total Charges Ded.Base' introuvable.
Erreur dans le fichier ./CSV3\bulletins\bulletins_propres\table_page_548.csv: En-tête 'Total Charges Non Ded.Base' introuvable.
Erreur dans le fichier ./CSV3\bulletins\bulletins_propres\table_page_548.csv: En-tête '8009Base' introuvable.
Erreur dans le fichier ./CSV3\bulletins\bulletins_propres\table_page_548.csv: En-tête '8010Base' introuvable.
Erreur dans le fichier ./CSV3\bulletins\bulletins_propres\table_page_548.csv: En-tête '8007Base' introuvable.
Erreur dans le fichier ./CSV3\bulletins\bulletins_propres\table_page_548.csv: En-tête 'Base' introuvable.
Erreur dans le fichier ./CSV3\bulletins\bulletins_propres\table_page_548.csv: En-tête 'Base' introuvable.
Erreur dans le fichier ./CSV3\bulletins\bulletins_propres\table_page_548.csv: En-tête 'Impôt sur le revenuBase' introuvable.
Erreur dans le fichier ./CSV3\bulletins\bulletins_propres\table_page_548.csv: En-tête 'Impôt sur le revenu à la sourceBase' introuvable.
Erreur dans le fichier ./CSV3\bulletins\bulletins_propres\table_page_55.csv: En-tête '1001Base' introuvable.
Erreur dans le fichier ./CSV3\bulletins\bulletins_propres\table_page_55.csv: En-tête '2012Base' introuvable.
Erreur dans le fichier ./CSV3\bulletins\bulletins_propres\table_page_55.csv: En-tête 'Base' introuvable.
Erreur dans le fichier ./CSV3\bulletins\bulletins_propres\table_page_55.csv: En-tête '2068Base' introuvable.
Erreur dans le fichier ./CSV3\bulletins\bulletins_propres\table_page_55.csv: En-tête 'Base' introuvable.
Erreur dans le fichier ./CSV3\bulletins\bulletins_propres\table_page_55.csv: En-tête '2078Base' introuvable.
Erreur dans le fichier ./CSV3\bulletins\bulletins_propres\table_page_55.csv: En-tête '3310Base' introuvable.
Erreur dans le fichier ./CSV3\bulletins\bulletins_propres\table_page_55.csv: En-tête '3315Base' introuvable.
Erreur dans le fichier ./CSV3\bulletins\bulletins_propres\table_page_55.csv: En-tête '3404Base' introuvable.
Erreur dans le fichier ./CSV3\bulletins\bulletins_propres\table_page_55.csv: En-tête '3406Base' introuvable.
Erreur dans le fichier ./CSV3\bulletins\bulletins_propres\table_page_55.csv: En-tête 'Base' introuvable.
Erreur dans le fichier ./CSV3\bulletins\bulletins_propres\table_page_55.csv: En-tête 'TOTAL BRUTBase' introuvable.
Erreur dans le fichier ./CSV3\bulletins\bulletins_propres\table_page_55.csv: En-tête '7001Base' introuvable.
Erreur dans le fichier ./CSV3\bulletins\bulletins_propres\table_page_55.csv: En-tête '7010Base' introuvable.
Erreur dans le fichier ./CSV3\bulletins\bulletins_propres\table_page_55.csv: En-tête '7015Base' introuvable.
Erreur dans le fichier ./CSV3\bulletins\bulletins_propres\table_page_55.csv: En-tête '7020Base' introuvable.
Erreur dans le fichier ./CSV3\bulletins\bulletins_propres\table_page_55.csv: En-tête '7030Base' introuvable.
Erreur dans le fichier ./CSV3\bulletins\bulletins_propres\table_page_55.csv: En-tête '7035Base' introuvable.
Erreur dans le fichier ./CSV3\bulletins\bulletins_propres\table_page_55.csv: En-tête 'Base' introuvable.
Erreur dans le fichier ./CSV3\bulletins\bulletins_propres\table_page_55.csv: En-tête '7040Base' introuvable.
Erreur dans le fichier ./CSV3\bulletins\bulletins_propres\table_page_55.csv: En-tête 'Base' introuvable.
Erreur dans le fichier ./CSV3\bulletins\bulletins_propres\table_page_55.csv: En-tête '7045Base' introuvable.
Erreur dans le fichier ./CSV3\bulletins\bulletins_propres\table_page_55.csv: En-tête 'Base' introuvable.
Erreur dans le fichier ./CSV3\bulletins\bulletins_propres\table_page_55.csv: En-tête '7050Base' introuvable.
Erreur dans le fichier ./CSV3\bulletins\bulletins_propres\table_page_55.csv: En-tête 'Base' introuvable.
Erreur dans le fichier ./CSV3\bulletins\bulletins_propres\table_page_55.csv: En-tête '7055Base' introuvable.
Erreur dans le fichier ./CSV3\bulletins\bulletins_propres\table_page_55.csv: En-tête '7C00Base' introuvable.
Erreur dans le fichier ./CSV3\bulletins\bulletins_propres\table_page_55.csv: En-tête '7C20Base' introuvable.
Erreur dans le fichier ./CSV3\bulletins\bulletins_propres\table_page_55.csv: En-tête '7M05Base' introuvable.
Erreur dans le fichier ./CSV3\bulletins\bulletins_propres\table_page_55.csv: En-tête '7P10Base' introuvable.
Erreur dans le fichier ./CSV3\bulletins\bulletins_propres\table_page_55.csv: En-tête '7R56Base' introuvable.
Erreur dans le fichier ./CSV3\bulletins\bulletins_propres\table_page_55.csv: En-tête '7R63Base' introuvable.
Erreur dans le fichier ./CSV3\bulletins\bulletins_propres\table_page_55.csv: En-tête '7T00Base' introuvable.
Erreur dans le fichier ./CSV3\bulletins\bulletins_propres\table_page_55.csv: En-tête '7T02Base' introuvable.
Erreur dans le fichier ./CSV3\bulletins\bulletins_propres\table_page_55.csv: En-tête '7T05Base' introuvable.
Erreur dans le fichier ./CSV3\bulletins\bulletins_propres\table_page_55.csv: En-tête '7T10Base' introuvable.
Erreur dans le fichier ./CSV3\bulletins\bulletins_propres\table_page_55.csv: En-tête 'Base' introuvable.
Erreur dans le fichier ./CSV3\bulletins\bulletins_propres\table_page_55.csv: En-tête '7T15Base' introuvable.
Erreur dans le fichier ./CSV3\bulletins\bulletins_propres\table_page_55.csv: En-tête 'Base' introuvable.
Erreur dans le fichier ./CSV3\bulletins\bulletins_propres\table_page_55.csv: En-tête '7T20Base' introuvable.
Erreur dans le fichier ./CSV3\bulletins\bulletins_propres\table_page_55.csv: En-tête 'Base' introuvable.
Erreur dans le fichier ./CSV3\bulletins\bulletins_propres\table_page_55.csv: En-tête '6082Base' introuvable.
Erreur dans le fichier ./CSV3\bulletins\bulletins_propres\table_page_55.csv: En-tête '6094Base' introuvable.
Erreur dans le fichier ./CSV3\bulletins\bulletins_propres\table_page_55.csv: En-tête 'Total Charges Ded.Base' introuvable.
Erreur dans le fichier ./CSV3\bulletins\bulletins_propres\table_page_55.csv: En-tête '6080Base' introuvable.
Erreur dans le fichier ./CSV3\bulletins\bulletins_propres\table_page_55.csv: En-tête '6084Base' introuvable.
Erreur dans le fichier ./CSV3\bulletins\bulletins_propres\table_page_55.csv: En-tête '6092Base' introuvable.
Erreur dans le fichier ./CSV3\bulletins\bulletins_propres\table_page_55.csv: En-tête '6096Base' introuvable.
Erreur dans le fichier ./CSV3\bulletins\bulletins_propres\table_page_55.csv: En-tête 'Total Charges Non Ded.Base' introuvable.
Erreur dans le fichier ./CSV3\bulletins\bulletins_propres\table_page_55.csv: En-tête '8009Base' introuvable.
Erreur dans le fichier ./CSV3\bulletins\bulletins_propres\table_page_55.csv: En-tête '8010Base' introuvable.
Erreur dans le fichier ./CSV3\bulletins\bulletins_propres\table_page_55.csv: En-tête '8007Base' introuvable.
Erreur dans le fichier ./CSV3\bulletins\bulletins_propres\table_page_55.csv: En-tête '8192Base' introuvable.
Erreur dans le fichier ./CSV3\bulletins\bulletins_propres\table_page_55.csv: En-tête 'Base' introuvable.
Erreur dans le fichier ./CSV3\bulletins\bulletins_propres\table_page_55.csv: En-tête 'Base' introuvable.
Erreur dans le fichier ./CSV3\bulletins\bulletins_propres\table_page_55.csv: En-tête 'Impôt sur le revenuBase' introuvable.
Erreur dans le fichier ./CSV3\bulletins\bulletins_propres\table_page_55.csv: En-tête 'Impôt sur le revenu à la sourceBase' introuvable.
Erreur dans le fichier ./CSV3\bulletins\bulletins_propres\table_page_550.csv: En-tête '1001Base' introuvable.
Erreur dans le fichier ./CSV3\bulletins\bulletins_propres\table_page_550.csv: En-tête '1046Base' introuvable.
Erreur dans le fichier ./CSV3\bulletins\bulletins_propres\table_page_550.csv: En-tête 'Base' introuvable.
Erreur dans le fichier ./CSV3\bulletins\bulletins_propres\table_page_550.csv: En-tête '2018Base' introuvable.
Erreur dans le fichier ./CSV3\bulletins\bulletins_propres\table_page_550.csv: En-tête 'Base' introuvable.
Erreur dans le fichier ./CSV3\bulletins\bulletins_propres\table_page_550.csv: En-tête '3050Base' introuvable.
Erreur dans le fichier ./CSV3\bulletins\bulletins_propres\table_page_550.csv: En-tête '3550Base' introuvable.
Erreur dans le fichier ./CSV3\bulletins\bulletins_propres\table_page_550.csv: En-tête 'Base' introuvable.
Erreur dans le fichier ./CSV3\bulletins\bulletins_propres\table_page_550.csv: En-tête 'TOTAL BRUTBase' introuvable.
Erreur dans le fichier ./CSV3\bulletins\bulletins_propres\table_page_550.csv: En-tête '7001Base' introuvable.
Erreur dans le fichier ./CSV3\bulletins\bulletins_propres\table_page_550.csv: En-tête '7002Base' introuvable.
Erreur dans le fichier ./CSV3\bulletins\bulletins_propres\table_page_550.csv: En-tête '7010Base' introuvable.
Erreur dans le fichier ./CSV3\bulletins\bulletins_propres\table_page_550.csv: En-tête '7015Base' introuvable.
Erreur dans le fichier ./CSV3\bulletins\bulletins_propres\table_page_550.csv: En-tête '7020Base' introuvable.
Erreur dans le fichier ./CSV3\bulletins\bulletins_propres\table_page_550.csv: En-tête '7025Base' introuvable.
Erreur dans le fichier ./CSV3\bulletins\bulletins_propres\table_page_550.csv: En-tête '7030Base' introuvable.
Erreur dans le fichier ./CSV3\bulletins\bulletins_propres\table_page_550.csv: En-tête '7035Base' introuvable.
Erreur dans le fichier ./CSV3\bulletins\bulletins_propres\table_page_550.csv: En-tête '7040Base' introuvable.
Erreur dans le fichier ./CSV3\bulletins\bulletins_propres\table_page_550.csv: En-tête 'Base' introuvable.
Erreur dans le fichier ./CSV3\bulletins\bulletins_propres\table_page_550.csv: En-tête '7045Base' introuvable.
Erreur dans le fichier ./CSV3\bulletins\bulletins_propres\table_page_550.csv: En-tête 'Base' introuvable.
Erreur dans le fichier ./CSV3\bulletins\bulletins_propres\table_page_550.csv: En-tête '7050Base' introuvable.
Erreur dans le fichier ./CSV3\bulletins\bulletins_propres\table_page_550.csv: En-tête 'Base' introuvable.
Erreur dans le fichier ./CSV3\bulletins\bulletins_propres\table_page_550.csv: En-tête '7055Base' introuvable.
Erreur dans le fichier ./CSV3\bulletins\bulletins_propres\table_page_550.csv: En-tête 'Base' introuvable.
Erreur dans le fichier ./CSV3\bulletins\bulletins_propres\table_page_550.csv: En-tête '7C00Base' introuvable.
Erreur dans le fichier ./CSV3\bulletins\bulletins_propres\table_page_550.csv: En-tête '7C20Base' introuvable.
Erreur dans le fichier ./CSV3\bulletins\bulletins_propres\table_page_550.csv: En-tête '7M05Base' introuvable.
Erreur dans le fichier ./CSV3\bulletins\bulletins_propres\table_page_550.csv: En-tête '7P20Base' introuvable.
Erreur dans le fichier ./CSV3\bulletins\bulletins_propres\table_page_550.csv: En-tête '7R56Base' introuvable.
Erreur dans le fichier ./CSV3\bulletins\bulletins_propres\table_page_550.csv: En-tête '7R63Base' introuvable.
Erreur dans le fichier ./CSV3\bulletins\bulletins_propres\table_page_550.csv: En-tête '7T00Base' introuvable.
Erreur dans le fichier ./CSV3\bulletins\bulletins_propres\table_page_550.csv: En-tête '7T02Base' introuvable.
Erreur dans le fichier ./CSV3\bulletins\bulletins_propres\table_page_550.csv: En-tête '7T05Base' introuvable.
Erreur dans le fichier ./CSV3\bulletins\bulletins_propres\table_page_550.csv: En-tête '7T10Base' introuvable.
Erreur dans le fichier ./CSV3\bulletins\bulletins_propres\table_page_550.csv: En-tête '7T15Base' introuvable.
Erreur dans le fichier ./CSV3\bulletins\bulletins_propres\table_page_550.csv: En-tête 'Base' introuvable.
Erreur dans le fichier ./CSV3\bulletins\bulletins_propres\table_page_550.csv: En-tête '7T20Base' introuvable.
Erreur dans le fichier ./CSV3\bulletins\bulletins_propres\table_page_550.csv: En-tête 'Base' introuvable.
Erreur dans le fichier ./CSV3\bulletins\bulletins_propres\table_page_550.csv: En-tête '6082Base' introuvable.
Erreur dans le fichier ./CSV3\bulletins\bulletins_propres\table_page_550.csv: En-tête '6094Base' introuvable.
Erreur dans le fichier ./CSV3\bulletins\bulletins_propres\table_page_550.csv: En-tête 'Total Charges Ded.Base' introuvable.
Erreur dans le fichier ./CSV3\bulletins\bulletins_propres\table_page_550.csv: En-tête '6080Base' introuvable.
Erreur dans le fichier ./CSV3\bulletins\bulletins_propres\table_page_550.csv: En-tête '6084Base' introuvable.
Erreur dans le fichier ./CSV3\bulletins\bulletins_propres\table_page_550.csv: En-tête '6092Base' introuvable.
Erreur dans le fichier ./CSV3\bulletins\bulletins_propres\table_page_550.csv: En-tête '6096Base' introuvable.
Erreur dans le fichier ./CSV3\bulletins\bulletins_propres\table_page_550.csv: En-tête 'Total Charges Non Ded.Base' introuvable.
Erreur dans le fichier ./CSV3\bulletins\bulletins_propres\table_page_550.csv: En-tête '8031Base' introuvable.
Erreur dans le fichier ./CSV3\bulletins\bulletins_propres\table_page_550.csv: En-tête '8192Base' introuvable.
Erreur dans le fichier ./CSV3\bulletins\bulletins_propres\table_page_552.csv: En-tête '1004Base' introuvable.
Erreur dans le fichier ./CSV3\bulletins\bulletins_propres\table_page_552.csv: En-tête '2068Base' introuvable.
Erreur dans le fichier ./CSV3\bulletins\bulletins_propres\table_page_552.csv: En-tête 'Base' introuvable.
Erreur dans le fichier ./CSV3\bulletins\bulletins_propres\table_page_552.csv: En-tête '3460Base' introuvable.
Erreur dans le fichier ./CSV3\bulletins\bulletins_propres\table_page_552.csv: En-tête 'Base' introuvable.
Erreur dans le fichier ./CSV3\bulletins\bulletins_propres\table_page_552.csv: En-tête '3462Base' introuvable.
Erreur dans le fichier ./CSV3\bulletins\bulletins_propres\table_page_552.csv: En-tête 'TOTAL BRUTBase' introuvable.
Erreur dans le fichier ./CSV3\bulletins\bulletins_propres\table_page_552.csv: En-tête 'Base' introuvable.
Erreur dans le fichier ./CSV3\bulletins\bulletins_propres\table_page_552.csv: En-tête '7003Base' introuvable.
Erreur dans le fichier ./CSV3\bulletins\bulletins_propres\table_page_552.csv: En-tête '7004Base' introuvable.
Erreur dans le fichier ./CSV3\bulletins\bulletins_propres\table_page_552.csv: En-tête '7011Base' introuvable.
Erreur dans le fichier ./CSV3\bulletins\bulletins_propres\table_page_552.csv: En-tête '7014Base' introuvable.
Erreur dans le fichier ./CSV3\bulletins\bulletins_propres\table_page_552.csv: En-tête '7018Base' introuvable.
Erreur dans le fichier ./CSV3\bulletins\bulletins_propres\table_page_552.csv: En-tête '7019Base' introuvable.
Erreur dans le fichier ./CSV3\bulletins\bulletins_propres\table_page_552.csv: En-tête '7020Base' introuvable.
Erreur dans le fichier ./CSV3\bulletins\bulletins_propres\table_page_552.csv: En-tête '7031Base' introuvable.
Erreur dans le fichier ./CSV3\bulletins\bulletins_propres\table_page_552.csv: En-tête '7032Base' introuvable.
Erreur dans le fichier ./CSV3\bulletins\bulletins_propres\table_page_552.csv: En-tête '7040Base' introuvable.
Erreur dans le fichier ./CSV3\bulletins\bulletins_propres\table_page_552.csv: En-tête 'Base' introuvable.
Erreur dans le fichier ./CSV3\bulletins\bulletins_propres\table_page_552.csv: En-tête '7045Base' introuvable.
Erreur dans le fichier ./CSV3\bulletins\bulletins_propres\table_page_552.csv: En-tête 'Base' introuvable.
Erreur dans le fichier ./CSV3\bulletins\bulletins_propres\table_page_552.csv: En-tête '7055Base' introuvable.
Erreur dans le fichier ./CSV3\bulletins\bulletins_propres\table_page_552.csv: En-tête 'Base' introuvable.
Erreur dans le fichier ./CSV3\bulletins\bulletins_propres\table_page_552.csv: En-tête '7135Base' introuvable.
Erreur dans le fichier ./CSV3\bulletins\bulletins_propres\table_page_552.csv: En-tête 'Base' introuvable.
Erreur dans le fichier ./CSV3\bulletins\bulletins_propres\table_page_552.csv: En-tête '7136Base' introuvable.
Erreur dans le fichier ./CSV3\bulletins\bulletins_propres\table_page_552.csv: En-tête '7155Base' introuvable.
Erreur dans le fichier ./CSV3\bulletins\bulletins_propres\table_page_552.csv: En-tête '7156Base' introuvable.
Erreur dans le fichier ./CSV3\bulletins\bulletins_propres\table_page_552.csv: En-tête '7C20Base' introuvable.
Erreur dans le fichier ./CSV3\bulletins\bulletins_propres\table_page_552.csv: En-tête '7C40Base' introuvable.
Erreur dans le fichier ./CSV3\bulletins\bulletins_propres\table_page_552.csv: En-tête '7C41Base' introuvable.
Erreur dans le fichier ./CSV3\bulletins\bulletins_propres\table_page_552.csv: En-tête '7R50Base' introuvable.
Erreur dans le fichier ./CSV3\bulletins\bulletins_propres\table_page_552.csv: En-tête '7R60Base' introuvable.
Erreur dans le fichier ./CSV3\bulletins\bulletins_propres\table_page_552.csv: En-tête '7M03Base' introuvable.
Erreur dans le fichier ./CSV3\bulletins\bulletins_propres\table_page_552.csv: En-tête '7P00Base' introuvable.
Erreur dans le fichier ./CSV3\bulletins\bulletins_propres\table_page_552.csv: En-tête '7R56Base' introuvable.
Erreur dans le fichier ./CSV3\bulletins\bulletins_propres\table_page_552.csv: En-tête 'Base' introuvable.
Erreur dans le fichier ./CSV3\bulletins\bulletins_propres\table_page_552.csv: En-tête '7R63Base' introuvable.
Erreur dans le fichier ./CSV3\bulletins\bulletins_propres\table_page_552.csv: En-tête 'Base' introuvable.
Erreur dans le fichier ./CSV3\bulletins\bulletins_propres\table_page_552.csv: En-tête '7T00Base' introuvable.
Erreur dans le fichier ./CSV3\bulletins\bulletins_propres\table_page_552.csv: En-tête '7T02Base' introuvable.
Erreur dans le fichier ./CSV3\bulletins\bulletins_propres\table_page_552.csv: En-tête '7T05Base' introuvable.
Erreur dans le fichier ./CSV3\bulletins\bulletins_propres\table_page_552.csv: En-tête '7T10Base' introuvable.
Erreur dans le fichier ./CSV3\bulletins\bulletins_propres\table_page_552.csv: En-tête '7T15Base' introuvable.
Erreur dans le fichier ./CSV3\bulletins\bulletins_propres\table_page_552.csv: En-tête '7T20Base' introuvable.
Erreur dans le fichier ./CSV3\bulletins\bulletins_propres\table_page_552.csv: En-tête 'PALCAllégement chômageBase' introuvable.
Erreur dans le fichier ./CSV3\bulletins\bulletins_propres\table_page_552.csv: En-tête 'PALFAllégement FillonBase' introuvable.
Erreur dans le fichier ./CSV3\bulletins\bulletins_propres\table_page_552.csv: En-tête 'PALRAllégement retraiteBase' introuvable.
Erreur dans le fichier ./CSV3\bulletins\bulletins_propres\table_page_552.csv: En-tête 'Total Charges Ded.Base' introuvable.
Erreur dans le fichier ./CSV3\bulletins\bulletins_propres\table_page_552.csv: En-tête 'Total Charges Non Ded.Base' introuvable.
Erreur dans le fichier ./CSV3\bulletins\bulletins_propres\table_page_552.csv: En-tête '8009Base' introuvable.
Erreur dans le fichier ./CSV3\bulletins\bulletins_propres\table_page_552.csv: En-tête '8010Base' introuvable.
Erreur dans le fichier ./CSV3\bulletins\bulletins_propres\table_page_552.csv: En-tête '8017Base' introuvable.
Erreur dans le fichier ./CSV3\bulletins\bulletins_propres\table_page_552.csv: En-tête 'Base' introuvable.
Erreur dans le fichier ./CSV3\bulletins\bulletins_propres\table_page_552.csv: En-tête 'Base' introuvable.
Erreur dans le fichier ./CSV3\bulletins\bulletins_propres\table_page_552.csv: En-tête 'Impôt sur le revenuBase' introuvable.
Erreur dans le fichier ./CSV3\bulletins\bulletins_propres\table_page_552.csv: En-tête 'Impôt sur le revenu à la sourceBase' introuvable.
Erreur dans le fichier ./CSV3\bulletins\bulletins_propres\table_page_554.csv: En-tête '1001Base' introuvable.
Erreur dans le fichier ./CSV3\bulletins\bulletins_propres\table_page_554.csv: En-tête '1046Base' introuvable.
Erreur dans le fichier ./CSV3\bulletins\bulletins_propres\table_page_554.csv: En-tête 'Base' introuvable.
Erreur dans le fichier ./CSV3\bulletins\bulletins_propres\table_page_554.csv: En-tête '2018Base' introuvable.
Erreur dans le fichier ./CSV3\bulletins\bulletins_propres\table_page_554.csv: En-tête 'Base' introuvable.
Erreur dans le fichier ./CSV3\bulletins\bulletins_propres\table_page_554.csv: En-tête '2068Base' introuvable.
Erreur dans le fichier ./CSV3\bulletins\bulletins_propres\table_page_554.csv: En-tête '2078Base' introuvable.
Erreur dans le fichier ./CSV3\bulletins\bulletins_propres\table_page_554.csv: En-tête '3006Base' introuvable.
Erreur dans le fichier ./CSV3\bulletins\bulletins_propres\table_page_554.csv: En-tête '3010Base' introuvable.
Erreur dans le fichier ./CSV3\bulletins\bulletins_propres\table_page_554.csv: En-tête 'Base' introuvable.
Erreur dans le fichier ./CSV3\bulletins\bulletins_propres\table_page_554.csv: En-tête 'TOTAL BRUTBase' introuvable.
Erreur dans le fichier ./CSV3\bulletins\bulletins_propres\table_page_554.csv: En-tête '6S89Base' introuvable.
Erreur dans le fichier ./CSV3\bulletins\bulletins_propres\table_page_554.csv: En-tête '7001Base' introuvable.
Erreur dans le fichier ./CSV3\bulletins\bulletins_propres\table_page_554.csv: En-tête '7010Base' introuvable.
Erreur dans le fichier ./CSV3\bulletins\bulletins_propres\table_page_554.csv: En-tête '7015Base' introuvable.
Erreur dans le fichier ./CSV3\bulletins\bulletins_propres\table_page_554.csv: En-tête '7020Base' introuvable.
Erreur dans le fichier ./CSV3\bulletins\bulletins_propres\table_page_554.csv: En-tête '7030Base' introuvable.
Erreur dans le fichier ./CSV3\bulletins\bulletins_propres\table_page_554.csv: En-tête '7035Base' introuvable.
Erreur dans le fichier ./CSV3\bulletins\bulletins_propres\table_page_554.csv: En-tête 'Base' introuvable.
Erreur dans le fichier ./CSV3\bulletins\bulletins_propres\table_page_554.csv: En-tête '7040Base' introuvable.
Erreur dans le fichier ./CSV3\bulletins\bulletins_propres\table_page_554.csv: En-tête 'Base' introuvable.
Erreur dans le fichier ./CSV3\bulletins\bulletins_propres\table_page_554.csv: En-tête '7045Base' introuvable.
Erreur dans le fichier ./CSV3\bulletins\bulletins_propres\table_page_554.csv: En-tête 'Base' introuvable.
Erreur dans le fichier ./CSV3\bulletins\bulletins_propres\table_page_554.csv: En-tête '7050Base' introuvable.
Erreur dans le fichier ./CSV3\bulletins\bulletins_propres\table_page_554.csv: En-tête 'Base' introuvable.
Erreur dans le fichier ./CSV3\bulletins\bulletins_propres\table_page_554.csv: En-tête '7055Base' introuvable.
Erreur dans le fichier ./CSV3\bulletins\bulletins_propres\table_page_554.csv: En-tête '7C00Base' introuvable.
Erreur dans le fichier ./CSV3\bulletins\bulletins_propres\table_page_554.csv: En-tête '7C20Base' introuvable.
Erreur dans le fichier ./CSV3\bulletins\bulletins_propres\table_page_554.csv: En-tête '7P10Base' introuvable.
Erreur dans le fichier ./CSV3\bulletins\bulletins_propres\table_page_554.csv: En-tête '7R56Base' introuvable.
Erreur dans le fichier ./CSV3\bulletins\bulletins_propres\table_page_554.csv: En-tête '7R63Base' introuvable.
Erreur dans le fichier ./CSV3\bulletins\bulletins_propres\table_page_554.csv: En-tête '7T00Base' introuvable.
Erreur dans le fichier ./CSV3\bulletins\bulletins_propres\table_page_554.csv: En-tête '7T02Base' introuvable.
Erreur dans le fichier ./CSV3\bulletins\bulletins_propres\table_page_554.csv: En-tête '7T05Base' introuvable.
Erreur dans le fichier ./CSV3\bulletins\bulletins_propres\table_page_554.csv: En-tête '7T10Base' introuvable.
Erreur dans le fichier ./CSV3\bulletins\bulletins_propres\table_page_554.csv: En-tête '7T15Base' introuvable.
Erreur dans le fichier ./CSV3\bulletins\bulletins_propres\table_page_554.csv: En-tête 'Base' introuvable.
Erreur dans le fichier ./CSV3\bulletins\bulletins_propres\table_page_554.csv: En-tête '7T20Base' introuvable.
Erreur dans le fichier ./CSV3\bulletins\bulletins_propres\table_page_554.csv: En-tête '6082Base' introuvable.
Erreur dans le fichier ./CSV3\bulletins\bulletins_propres\table_page_554.csv: En-tête '6094Base' introuvable.
Erreur dans le fichier ./CSV3\bulletins\bulletins_propres\table_page_554.csv: En-tête 'PALCAllégement chômageBase' introuvable.
Erreur dans le fichier ./CSV3\bulletins\bulletins_propres\table_page_554.csv: En-tête 'PALFAllégement FillonBase' introuvable.
Erreur dans le fichier ./CSV3\bulletins\bulletins_propres\table_page_554.csv: En-tête 'PALRAllégement retraiteBase' introuvable.
Erreur dans le fichier ./CSV3\bulletins\bulletins_propres\table_page_554.csv: En-tête 'Total Charges Ded.Base' introuvable.
Erreur dans le fichier ./CSV3\bulletins\bulletins_propres\table_page_554.csv: En-tête '6070Base' introuvable.
Erreur dans le fichier ./CSV3\bulletins\bulletins_propres\table_page_554.csv: En-tête '6074Base' introuvable.
Erreur dans le fichier ./CSV3\bulletins\bulletins_propres\table_page_554.csv: En-tête '6080Base' introuvable.
Erreur dans le fichier ./CSV3\bulletins\bulletins_propres\table_page_554.csv: En-tête '6084Base' introuvable.
Erreur dans le fichier ./CSV3\bulletins\bulletins_propres\table_page_554.csv: En-tête '6092Base' introuvable.
Erreur dans le fichier ./CSV3\bulletins\bulletins_propres\table_page_554.csv: En-tête '6096Base' introuvable.
Erreur dans le fichier ./CSV3\bulletins\bulletins_propres\table_page_554.csv: En-tête 'Total Charges Non Ded.Base' introuvable.
Erreur dans le fichier ./CSV3\bulletins\bulletins_propres\table_page_554.csv: En-tête '8009Base' introuvable.
Erreur dans le fichier ./CSV3\bulletins\bulletins_propres\table_page_554.csv: En-tête '8010Base' introuvable.
Erreur dans le fichier ./CSV3\bulletins\bulletins_propres\table_page_554.csv: En-tête '8007Base' introuvable.
Erreur dans le fichier ./CSV3\bulletins\bulletins_propres\table_page_554.csv: En-tête '8192Base' introuvable.
Erreur dans le fichier ./CSV3\bulletins\bulletins_propres\table_page_554.csv: En-tête '8190Base' introuvable.
Erreur dans le fichier ./CSV3\bulletins\bulletins_propres\table_page_556.csv: En-tête '1001Base' introuvable.
Erreur dans le fichier ./CSV3\bulletins\bulletins_propres\table_page_556.csv: En-tête '2068Base' introuvable.
Erreur dans le fichier ./CSV3\bulletins\bulletins_propres\table_page_556.csv: En-tête 'Base' introuvable.
Erreur dans le fichier ./CSV3\bulletins\bulletins_propres\table_page_556.csv: En-tête '2078Base' introuvable.
Erreur dans le fichier ./CSV3\bulletins\bulletins_propres\table_page_556.csv: En-tête 'Base' introuvable.
Erreur dans le fichier ./CSV3\bulletins\bulletins_propres\table_page_556.csv: En-tête '3404Base' introuvable.
Erreur dans le fichier ./CSV3\bulletins\bulletins_propres\table_page_556.csv: En-tête '3406Base' introuvable.
Erreur dans le fichier ./CSV3\bulletins\bulletins_propres\table_page_556.csv: En-tête 'Base' introuvable.
Erreur dans le fichier ./CSV3\bulletins\bulletins_propres\table_page_556.csv: En-tête 'TOTAL BRUTBase' introuvable.
Erreur dans le fichier ./CSV3\bulletins\bulletins_propres\table_page_556.csv: En-tête '7001Base' introuvable.
Erreur dans le fichier ./CSV3\bulletins\bulletins_propres\table_page_556.csv: En-tête '7010Base' introuvable.
Erreur dans le fichier ./CSV3\bulletins\bulletins_propres\table_page_556.csv: En-tête '7015Base' introuvable.
Erreur dans le fichier ./CSV3\bulletins\bulletins_propres\table_page_556.csv: En-tête '7020Base' introuvable.
Erreur dans le fichier ./CSV3\bulletins\bulletins_propres\table_page_556.csv: En-tête '7030Base' introuvable.
Erreur dans le fichier ./CSV3\bulletins\bulletins_propres\table_page_556.csv: En-tête '7035Base' introuvable.
Erreur dans le fichier ./CSV3\bulletins\bulletins_propres\table_page_556.csv: En-tête '7040Base' introuvable.
Erreur dans le fichier ./CSV3\bulletins\bulletins_propres\table_page_556.csv: En-tête '7045Base' introuvable.
Erreur dans le fichier ./CSV3\bulletins\bulletins_propres\table_page_556.csv: En-tête '7050Base' introuvable.
Erreur dans le fichier ./CSV3\bulletins\bulletins_propres\table_page_556.csv: En-tête 'Base' introuvable.
Erreur dans le fichier ./CSV3\bulletins\bulletins_propres\table_page_556.csv: En-tête '7055Base' introuvable.
Erreur dans le fichier ./CSV3\bulletins\bulletins_propres\table_page_556.csv: En-tête 'Base' introuvable.
Erreur dans le fichier ./CSV3\bulletins\bulletins_propres\table_page_556.csv: En-tête '7C00Base' introuvable.
Erreur dans le fichier ./CSV3\bulletins\bulletins_propres\table_page_556.csv: En-tête 'Base' introuvable.
Erreur dans le fichier ./CSV3\bulletins\bulletins_propres\table_page_556.csv: En-tête '7C20Base' introuvable.
Erreur dans le fichier ./CSV3\bulletins\bulletins_propres\table_page_556.csv: En-tête 'Base' introuvable.
Erreur dans le fichier ./CSV3\bulletins\bulletins_propres\table_page_556.csv: En-tête '7M05Base' introuvable.
Erreur dans le fichier ./CSV3\bulletins\bulletins_propres\table_page_556.csv: En-tête '7P20Base' introuvable.
Erreur dans le fichier ./CSV3\bulletins\bulletins_propres\table_page_556.csv: En-tête '7R44Base' introuvable.
Erreur dans le fichier ./CSV3\bulletins\bulletins_propres\table_page_556.csv: En-tête '7R53Base' introuvable.
Erreur dans le fichier ./CSV3\bulletins\bulletins_propres\table_page_556.csv: En-tête '7R63Base' introuvable.
Erreur dans le fichier ./CSV3\bulletins\bulletins_propres\table_page_556.csv: En-tête '7T00Base' introuvable.
Erreur dans le fichier ./CSV3\bulletins\bulletins_propres\table_page_556.csv: En-tête '7T02Base' introuvable.
Erreur dans le fichier ./CSV3\bulletins\bulletins_propres\table_page_556.csv: En-tête '7T05Base' introuvable.
Erreur dans le fichier ./CSV3\bulletins\bulletins_propres\table_page_556.csv: En-tête '7T10Base' introuvable.
Erreur dans le fichier ./CSV3\bulletins\bulletins_propres\table_page_556.csv: En-tête '7T15Base' introuvable.
Erreur dans le fichier ./CSV3\bulletins\bulletins_propres\table_page_556.csv: En-tête '7T20Base' introuvable.
Erreur dans le fichier ./CSV3\bulletins\bulletins_propres\table_page_556.csv: En-tête 'Base' introuvable.
Erreur dans le fichier ./CSV3\bulletins\bulletins_propres\table_page_556.csv: En-tête '6082Base' introuvable.
Erreur dans le fichier ./CSV3\bulletins\bulletins_propres\table_page_556.csv: En-tête 'Base' introuvable.
Erreur dans le fichier ./CSV3\bulletins\bulletins_propres\table_page_556.csv: En-tête '6094Base' introuvable.
Erreur dans le fichier ./CSV3\bulletins\bulletins_propres\table_page_556.csv: En-tête 'Total Charges Ded.Base' introuvable.
Erreur dans le fichier ./CSV3\bulletins\bulletins_propres\table_page_556.csv: En-tête '6080Base' introuvable.
Erreur dans le fichier ./CSV3\bulletins\bulletins_propres\table_page_556.csv: En-tête '6084Base' introuvable.
Erreur dans le fichier ./CSV3\bulletins\bulletins_propres\table_page_556.csv: En-tête '6092Base' introuvable.
Erreur dans le fichier ./CSV3\bulletins\bulletins_propres\table_page_556.csv: En-tête '6096Base' introuvable.
Erreur dans le fichier ./CSV3\bulletins\bulletins_propres\table_page_556.csv: En-tête 'Total Charges Non Ded.Base' introuvable.
Erreur dans le fichier ./CSV3\bulletins\bulletins_propres\table_page_556.csv: En-tête '8009Base' introuvable.
Erreur dans le fichier ./CSV3\bulletins\bulletins_propres\table_page_556.csv: En-tête '8010Base' introuvable.
Erreur dans le fichier ./CSV3\bulletins\bulletins_propres\table_page_556.csv: En-tête '8007Base' introuvable.
Erreur dans le fichier ./CSV3\bulletins\bulletins_propres\table_page_556.csv: En-tête '8192Base' introuvable.
Erreur dans le fichier ./CSV3\bulletins\bulletins_propres\table_page_556.csv: En-tête 'Base' introuvable.
Erreur dans le fichier ./CSV3\bulletins\bulletins_propres\table_page_556.csv: En-tête 'Base' introuvable.
Erreur dans le fichier ./CSV3\bulletins\bulletins_propres\table_page_556.csv: En-tête 'Impôt sur le revenuBase' introuvable.
Erreur dans le fichier ./CSV3\bulletins\bulletins_propres\table_page_556.csv: En-tête 'Impôt sur le revenu à la sourceBase' introuvable.
Erreur dans le fichier ./CSV3\bulletins\bulletins_propres\table_page_558.csv: En-tête '1001Base' introuvable.
Erreur dans le fichier ./CSV3\bulletins\bulletins_propres\table_page_558.csv: En-tête '1046Base' introuvable.
Erreur dans le fichier ./CSV3\bulletins\bulletins_propres\table_page_558.csv: En-tête 'Base' introuvable.
Erreur dans le fichier ./CSV3\bulletins\bulletins_propres\table_page_558.csv: En-tête '2016Base' introuvable.
Erreur dans le fichier ./CSV3\bulletins\bulletins_propres\table_page_558.csv: En-tête 'Base' introuvable.
Erreur dans le fichier ./CSV3\bulletins\bulletins_propres\table_page_558.csv: En-tête '2050Base' introuvable.
Erreur dans le fichier ./CSV3\bulletins\bulletins_propres\table_page_558.csv: En-tête '2078Base' introuvable.
Erreur dans le fichier ./CSV3\bulletins\bulletins_propres\table_page_558.csv: En-tête '3050Base' introuvable.
Erreur dans le fichier ./CSV3\bulletins\bulletins_propres\table_page_558.csv: En-tête '3502Base' introuvable.
Erreur dans le fichier ./CSV3\bulletins\bulletins_propres\table_page_558.csv: En-tête 'Base' introuvable.
Erreur dans le fichier ./CSV3\bulletins\bulletins_propres\table_page_558.csv: En-tête 'TOTAL BRUTBase' introuvable.
Erreur dans le fichier ./CSV3\bulletins\bulletins_propres\table_page_558.csv: En-tête '7001Base' introuvable.
Erreur dans le fichier ./CSV3\bulletins\bulletins_propres\table_page_558.csv: En-tête '7010Base' introuvable.
Erreur dans le fichier ./CSV3\bulletins\bulletins_propres\table_page_558.csv: En-tête '7015Base' introuvable.
Erreur dans le fichier ./CSV3\bulletins\bulletins_propres\table_page_558.csv: En-tête '7020Base' introuvable.
Erreur dans le fichier ./CSV3\bulletins\bulletins_propres\table_page_558.csv: En-tête '7030Base' introuvable.
Erreur dans le fichier ./CSV3\bulletins\bulletins_propres\table_page_558.csv: En-tête '7035Base' introuvable.
Erreur dans le fichier ./CSV3\bulletins\bulletins_propres\table_page_558.csv: En-tête '7040Base' introuvable.
Erreur dans le fichier ./CSV3\bulletins\bulletins_propres\table_page_558.csv: En-tête 'Base' introuvable.
Erreur dans le fichier ./CSV3\bulletins\bulletins_propres\table_page_558.csv: En-tête '7045Base' introuvable.
Erreur dans le fichier ./CSV3\bulletins\bulletins_propres\table_page_558.csv: En-tête 'Base' introuvable.
Erreur dans le fichier ./CSV3\bulletins\bulletins_propres\table_page_558.csv: En-tête '7050Base' introuvable.
Erreur dans le fichier ./CSV3\bulletins\bulletins_propres\table_page_558.csv: En-tête 'Base' introuvable.
Erreur dans le fichier ./CSV3\bulletins\bulletins_propres\table_page_558.csv: En-tête '7055Base' introuvable.
Erreur dans le fichier ./CSV3\bulletins\bulletins_propres\table_page_558.csv: En-tête 'Base' introuvable.
Erreur dans le fichier ./CSV3\bulletins\bulletins_propres\table_page_558.csv: En-tête '7C00Base' introuvable.
Erreur dans le fichier ./CSV3\bulletins\bulletins_propres\table_page_558.csv: En-tête '7C20Base' introuvable.
Erreur dans le fichier ./CSV3\bulletins\bulletins_propres\table_page_558.csv: En-tête '7P10Base' introuvable.
Erreur dans le fichier ./CSV3\bulletins\bulletins_propres\table_page_558.csv: En-tête '7R56Base' introuvable.
Erreur dans le fichier ./CSV3\bulletins\bulletins_propres\table_page_558.csv: En-tête '7R63Base' introuvable.
Erreur dans le fichier ./CSV3\bulletins\bulletins_propres\table_page_558.csv: En-tête '7T00Base' introuvable.
Erreur dans le fichier ./CSV3\bulletins\bulletins_propres\table_page_558.csv: En-tête '7T02Base' introuvable.
Erreur dans le fichier ./CSV3\bulletins\bulletins_propres\table_page_558.csv: En-tête '7T05Base' introuvable.
Erreur dans le fichier ./CSV3\bulletins\bulletins_propres\table_page_558.csv: En-tête '7T10Base' introuvable.
Erreur dans le fichier ./CSV3\bulletins\bulletins_propres\table_page_558.csv: En-tête '7T15Base' introuvable.
Erreur dans le fichier ./CSV3\bulletins\bulletins_propres\table_page_558.csv: En-tête '7T20Base' introuvable.
Erreur dans le fichier ./CSV3\bulletins\bulletins_propres\table_page_558.csv: En-tête 'Base' introuvable.
Erreur dans le fichier ./CSV3\bulletins\bulletins_propres\table_page_558.csv: En-tête '6082Base' introuvable.
Erreur dans le fichier ./CSV3\bulletins\bulletins_propres\table_page_558.csv: En-tête 'Base' introuvable.
Erreur dans le fichier ./CSV3\bulletins\bulletins_propres\table_page_558.csv: En-tête '6094Base' introuvable.
Erreur dans le fichier ./CSV3\bulletins\bulletins_propres\table_page_558.csv: En-tête 'Base' introuvable.
Erreur dans le fichier ./CSV3\bulletins\bulletins_propres\table_page_558.csv: En-tête 'Total Charges Ded.Base' introuvable.
Erreur dans le fichier ./CSV3\bulletins\bulletins_propres\table_page_558.csv: En-tête '6080Base' introuvable.
Erreur dans le fichier ./CSV3\bulletins\bulletins_propres\table_page_558.csv: En-tête '6084Base' introuvable.
Erreur dans le fichier ./CSV3\bulletins\bulletins_propres\table_page_558.csv: En-tête '6092Base' introuvable.
Erreur dans le fichier ./CSV3\bulletins\bulletins_propres\table_page_558.csv: En-tête '6096Base' introuvable.
Erreur dans le fichier ./CSV3\bulletins\bulletins_propres\table_page_558.csv: En-tête 'Total Charges Non Ded.Base' introuvable.
Erreur dans le fichier ./CSV3\bulletins\bulletins_propres\table_page_558.csv: En-tête '8009Base' introuvable.
Erreur dans le fichier ./CSV3\bulletins\bulletins_propres\table_page_558.csv: En-tête '8010Base' introuvable.
Erreur dans le fichier ./CSV3\bulletins\bulletins_propres\table_page_558.csv: En-tête '8007Base' introuvable.
Erreur dans le fichier ./CSV3\bulletins\bulletins_propres\table_page_558.csv: En-tête 'Base' introuvable.
Erreur dans le fichier ./CSV3\bulletins\bulletins_propres\table_page_558.csv: En-tête 'Base' introuvable.
Erreur dans le fichier ./CSV3\bulletins\bulletins_propres\table_page_558.csv: En-tête 'Impôt sur le revenuBase' introuvable.
Erreur dans le fichier ./CSV3\bulletins\bulletins_propres\table_page_558.csv: En-tête 'Impôt sur le revenu à la sourceBase' introuvable.
Erreur dans le fichier ./CSV3\bulletins\bulletins_propres\table_page_560.csv: En-tête '1001Base' introuvable.
Erreur dans le fichier ./CSV3\bulletins\bulletins_propres\table_page_560.csv: En-tête '1046Base' introuvable.
Erreur dans le fichier ./CSV3\bulletins\bulletins_propres\table_page_560.csv: En-tête 'Base' introuvable.
Erreur dans le fichier ./CSV3\bulletins\bulletins_propres\table_page_560.csv: En-tête '2018Base' introuvable.
Erreur dans le fichier ./CSV3\bulletins\bulletins_propres\table_page_560.csv: En-tête 'Base' introuvable.
Erreur dans le fichier ./CSV3\bulletins\bulletins_propres\table_page_560.csv: En-tête '2068Base' introuvable.
Erreur dans le fichier ./CSV3\bulletins\bulletins_propres\table_page_560.csv: En-tête '2078Base' introuvable.
Erreur dans le fichier ./CSV3\bulletins\bulletins_propres\table_page_560.csv: En-tête 'Base' introuvable.
Erreur dans le fichier ./CSV3\bulletins\bulletins_propres\table_page_560.csv: En-tête 'TOTAL BRUTBase' introuvable.
Erreur dans le fichier ./CSV3\bulletins\bulletins_propres\table_page_560.csv: En-tête '7001Base' introuvable.
Erreur dans le fichier ./CSV3\bulletins\bulletins_propres\table_page_560.csv: En-tête '7010Base' introuvable.
Erreur dans le fichier ./CSV3\bulletins\bulletins_propres\table_page_560.csv: En-tête '7015Base' introuvable.
Erreur dans le fichier ./CSV3\bulletins\bulletins_propres\table_page_560.csv: En-tête '7020Base' introuvable.
Erreur dans le fichier ./CSV3\bulletins\bulletins_propres\table_page_560.csv: En-tête '7030Base' introuvable.
Erreur dans le fichier ./CSV3\bulletins\bulletins_propres\table_page_560.csv: En-tête '7035Base' introuvable.
Erreur dans le fichier ./CSV3\bulletins\bulletins_propres\table_page_560.csv: En-tête '7040Base' introuvable.
Erreur dans le fichier ./CSV3\bulletins\bulletins_propres\table_page_560.csv: En-tête '7045Base' introuvable.
Erreur dans le fichier ./CSV3\bulletins\bulletins_propres\table_page_560.csv: En-tête '7050Base' introuvable.
Erreur dans le fichier ./CSV3\bulletins\bulletins_propres\table_page_560.csv: En-tête 'Base' introuvable.
Erreur dans le fichier ./CSV3\bulletins\bulletins_propres\table_page_560.csv: En-tête '7055Base' introuvable.
Erreur dans le fichier ./CSV3\bulletins\bulletins_propres\table_page_560.csv: En-tête 'Base' introuvable.
Erreur dans le fichier ./CSV3\bulletins\bulletins_propres\table_page_560.csv: En-tête '7C00Base' introuvable.
Erreur dans le fichier ./CSV3\bulletins\bulletins_propres\table_page_560.csv: En-tête 'Base' introuvable.
Erreur dans le fichier ./CSV3\bulletins\bulletins_propres\table_page_560.csv: En-tête '7C20Base' introuvable.
Erreur dans le fichier ./CSV3\bulletins\bulletins_propres\table_page_560.csv: En-tête 'Base' introuvable.
Erreur dans le fichier ./CSV3\bulletins\bulletins_propres\table_page_560.csv: En-tête '7M03Base' introuvable.
Erreur dans le fichier ./CSV3\bulletins\bulletins_propres\table_page_560.csv: En-tête '7P10Base' introuvable.
Erreur dans le fichier ./CSV3\bulletins\bulletins_propres\table_page_560.csv: En-tête '7R56Base' introuvable.
Erreur dans le fichier ./CSV3\bulletins\bulletins_propres\table_page_560.csv: En-tête '7R63Base' introuvable.
Erreur dans le fichier ./CSV3\bulletins\bulletins_propres\table_page_560.csv: En-tête '7T00Base' introuvable.
Erreur dans le fichier ./CSV3\bulletins\bulletins_propres\table_page_560.csv: En-tête '7T02Base' introuvable.
Erreur dans le fichier ./CSV3\bulletins\bulletins_propres\table_page_560.csv: En-tête '7T05Base' introuvable.
Erreur dans le fichier ./CSV3\bulletins\bulletins_propres\table_page_560.csv: En-tête '7T10Base' introuvable.
Erreur dans le fichier ./CSV3\bulletins\bulletins_propres\table_page_560.csv: En-tête '7T15Base' introuvable.
Erreur dans le fichier ./CSV3\bulletins\bulletins_propres\table_page_560.csv: En-tête '7T20Base' introuvable.
Erreur dans le fichier ./CSV3\bulletins\bulletins_propres\table_page_560.csv: En-tête '6082Base' introuvable.
Erreur dans le fichier ./CSV3\bulletins\bulletins_propres\table_page_560.csv: En-tête 'Base' introuvable.
Erreur dans le fichier ./CSV3\bulletins\bulletins_propres\table_page_560.csv: En-tête '6094Base' introuvable.
Erreur dans le fichier ./CSV3\bulletins\bulletins_propres\table_page_560.csv: En-tête 'PALCAllégement chômageBase' introuvable.
Erreur dans le fichier ./CSV3\bulletins\bulletins_propres\table_page_560.csv: En-tête 'PALFAllégement FillonBase' introuvable.
Erreur dans le fichier ./CSV3\bulletins\bulletins_propres\table_page_560.csv: En-tête 'PALRAllégement retraiteBase' introuvable.
Erreur dans le fichier ./CSV3\bulletins\bulletins_propres\table_page_560.csv: En-tête 'Total Charges Ded.Base' introuvable.
Erreur dans le fichier ./CSV3\bulletins\bulletins_propres\table_page_560.csv: En-tête '6080Base' introuvable.
Erreur dans le fichier ./CSV3\bulletins\bulletins_propres\table_page_560.csv: En-tête '6084Base' introuvable.
Erreur dans le fichier ./CSV3\bulletins\bulletins_propres\table_page_560.csv: En-tête '6092Base' introuvable.
Erreur dans le fichier ./CSV3\bulletins\bulletins_propres\table_page_560.csv: En-tête '6096Base' introuvable.
Erreur dans le fichier ./CSV3\bulletins\bulletins_propres\table_page_560.csv: En-tête 'Total Charges Non Ded.Base' introuvable.
Erreur dans le fichier ./CSV3\bulletins\bulletins_propres\table_page_560.csv: En-tête '8009Base' introuvable.
Erreur dans le fichier ./CSV3\bulletins\bulletins_propres\table_page_560.csv: En-tête '8010Base' introuvable.
Erreur dans le fichier ./CSV3\bulletins\bulletins_propres\table_page_560.csv: En-tête '8192Base' introuvable.
Erreur dans le fichier ./CSV3\bulletins\bulletins_propres\table_page_562.csv: En-tête '1001Base' introuvable.
Erreur dans le fichier ./CSV3\bulletins\bulletins_propres\table_page_562.csv: En-tête '1046Base' introuvable.
Erreur dans le fichier ./CSV3\bulletins\bulletins_propres\table_page_562.csv: En-tête 'Base' introuvable.
Erreur dans le fichier ./CSV3\bulletins\bulletins_propres\table_page_562.csv: En-tête '2018Base' introuvable.
Erreur dans le fichier ./CSV3\bulletins\bulletins_propres\table_page_562.csv: En-tête 'Base' introuvable.
Erreur dans le fichier ./CSV3\bulletins\bulletins_propres\table_page_562.csv: En-tête '2068Base' introuvable.
Erreur dans le fichier ./CSV3\bulletins\bulletins_propres\table_page_562.csv: En-tête '2078Base' introuvable.
Erreur dans le fichier ./CSV3\bulletins\bulletins_propres\table_page_562.csv: En-tête '3502Base' introuvable.
Erreur dans le fichier ./CSV3\bulletins\bulletins_propres\table_page_562.csv: En-tête '3505Base' introuvable.
Erreur dans le fichier ./CSV3\bulletins\bulletins_propres\table_page_562.csv: En-tête 'Base' introuvable.
Erreur dans le fichier ./CSV3\bulletins\bulletins_propres\table_page_562.csv: En-tête 'TOTAL BRUTBase' introuvable.
Erreur dans le fichier ./CSV3\bulletins\bulletins_propres\table_page_562.csv: En-tête '7001Base' introuvable.
Erreur dans le fichier ./CSV3\bulletins\bulletins_propres\table_page_562.csv: En-tête '7010Base' introuvable.
Erreur dans le fichier ./CSV3\bulletins\bulletins_propres\table_page_562.csv: En-tête '7015Base' introuvable.
Erreur dans le fichier ./CSV3\bulletins\bulletins_propres\table_page_562.csv: En-tête '7020Base' introuvable.
Erreur dans le fichier ./CSV3\bulletins\bulletins_propres\table_page_562.csv: En-tête '7030Base' introuvable.
Erreur dans le fichier ./CSV3\bulletins\bulletins_propres\table_page_562.csv: En-tête '7035Base' introuvable.
Erreur dans le fichier ./CSV3\bulletins\bulletins_propres\table_page_562.csv: En-tête '7040Base' introuvable.
Erreur dans le fichier ./CSV3\bulletins\bulletins_propres\table_page_562.csv: En-tête 'Base' introuvable.
Erreur dans le fichier ./CSV3\bulletins\bulletins_propres\table_page_562.csv: En-tête '7045Base' introuvable.
Erreur dans le fichier ./CSV3\bulletins\bulletins_propres\table_page_562.csv: En-tête 'Base' introuvable.
Erreur dans le fichier ./CSV3\bulletins\bulletins_propres\table_page_562.csv: En-tête '7050Base' introuvable.
Erreur dans le fichier ./CSV3\bulletins\bulletins_propres\table_page_562.csv: En-tête 'Base' introuvable.
Erreur dans le fichier ./CSV3\bulletins\bulletins_propres\table_page_562.csv: En-tête '7055Base' introuvable.
Erreur dans le fichier ./CSV3\bulletins\bulletins_propres\table_page_562.csv: En-tête 'Base' introuvable.
Erreur dans le fichier ./CSV3\bulletins\bulletins_propres\table_page_562.csv: En-tête '7C00Base' introuvable.
Erreur dans le fichier ./CSV3\bulletins\bulletins_propres\table_page_562.csv: En-tête '7C20Base' introuvable.
Erreur dans le fichier ./CSV3\bulletins\bulletins_propres\table_page_562.csv: En-tête '7M04Base' introuvable.
Erreur dans le fichier ./CSV3\bulletins\bulletins_propres\table_page_562.csv: En-tête '7P10Base' introuvable.
Erreur dans le fichier ./CSV3\bulletins\bulletins_propres\table_page_562.csv: En-tête '7R56Base' introuvable.
Erreur dans le fichier ./CSV3\bulletins\bulletins_propres\table_page_562.csv: En-tête '7R63Base' introuvable.
Erreur dans le fichier ./CSV3\bulletins\bulletins_propres\table_page_562.csv: En-tête '7T00Base' introuvable.
Erreur dans le fichier ./CSV3\bulletins\bulletins_propres\table_page_562.csv: En-tête '7T02Base' introuvable.
Erreur dans le fichier ./CSV3\bulletins\bulletins_propres\table_page_562.csv: En-tête '7T05Base' introuvable.
Erreur dans le fichier ./CSV3\bulletins\bulletins_propres\table_page_562.csv: En-tête '7T10Base' introuvable.
Erreur dans le fichier ./CSV3\bulletins\bulletins_propres\table_page_562.csv: En-tête '7T15Base' introuvable.
Erreur dans le fichier ./CSV3\bulletins\bulletins_propres\table_page_562.csv: En-tête 'Base' introuvable.
Erreur dans le fichier ./CSV3\bulletins\bulletins_propres\table_page_562.csv: En-tête '7T20Base' introuvable.
Erreur dans le fichier ./CSV3\bulletins\bulletins_propres\table_page_562.csv: En-tête 'Base' introuvable.
Erreur dans le fichier ./CSV3\bulletins\bulletins_propres\table_page_562.csv: En-tête '6082Base' introuvable.
Erreur dans le fichier ./CSV3\bulletins\bulletins_propres\table_page_562.csv: En-tête '6094Base' introuvable.
Erreur dans le fichier ./CSV3\bulletins\bulletins_propres\table_page_562.csv: En-tête 'Total Charges Ded.Base' introuvable.
Erreur dans le fichier ./CSV3\bulletins\bulletins_propres\table_page_562.csv: En-tête '6080Base' introuvable.
Erreur dans le fichier ./CSV3\bulletins\bulletins_propres\table_page_562.csv: En-tête '6084Base' introuvable.
Erreur dans le fichier ./CSV3\bulletins\bulletins_propres\table_page_562.csv: En-tête '6092Base' introuvable.
Erreur dans le fichier ./CSV3\bulletins\bulletins_propres\table_page_562.csv: En-tête '6096Base' introuvable.
Erreur dans le fichier ./CSV3\bulletins\bulletins_propres\table_page_562.csv: En-tête 'Total Charges Non Ded.Base' introuvable.
Erreur dans le fichier ./CSV3\bulletins\bulletins_propres\table_page_562.csv: En-tête '8009Base' introuvable.
Erreur dans le fichier ./CSV3\bulletins\bulletins_propres\table_page_562.csv: En-tête '8010Base' introuvable.
Erreur dans le fichier ./CSV3\bulletins\bulletins_propres\table_page_562.csv: En-tête '8007Base' introuvable.
Erreur dans le fichier ./CSV3\bulletins\bulletins_propres\table_page_562.csv: En-tête '8192Base' introuvable.
Erreur dans le fichier ./CSV3\bulletins\bulletins_propres\table_page_562.csv: En-tête 'Base' introuvable.
Erreur dans le fichier ./CSV3\bulletins\bulletins_propres\table_page_562.csv: En-tête 'Base' introuvable.
Erreur dans le fichier ./CSV3\bulletins\bulletins_propres\table_page_562.csv: En-tête 'Impôt sur le revenuBase' introuvable.
Erreur dans le fichier ./CSV3\bulletins\bulletins_propres\table_page_562.csv: En-tête 'Impôt sur le revenu à la sourceBase' introuvable.
Erreur dans le fichier ./CSV3\bulletins\bulletins_propres\table_page_564.csv: En-tête '1001Base' introuvable.
Erreur dans le fichier ./CSV3\bulletins\bulletins_propres\table_page_564.csv: En-tête '1046Base' introuvable.
Erreur dans le fichier ./CSV3\bulletins\bulletins_propres\table_page_564.csv: En-tête 'Base' introuvable.
Erreur dans le fichier ./CSV3\bulletins\bulletins_propres\table_page_564.csv: En-tête '2018Base' introuvable.
Erreur dans le fichier ./CSV3\bulletins\bulletins_propres\table_page_564.csv: En-tête 'Base' introuvable.
Erreur dans le fichier ./CSV3\bulletins\bulletins_propres\table_page_564.csv: En-tête '2068Base' introuvable.
Erreur dans le fichier ./CSV3\bulletins\bulletins_propres\table_page_564.csv: En-tête '2078Base' introuvable.
Erreur dans le fichier ./CSV3\bulletins\bulletins_propres\table_page_564.csv: En-tête 'Base' introuvable.
Erreur dans le fichier ./CSV3\bulletins\bulletins_propres\table_page_564.csv: En-tête 'TOTAL BRUTBase' introuvable.
Erreur dans le fichier ./CSV3\bulletins\bulletins_propres\table_page_564.csv: En-tête '7001Base' introuvable.
Erreur dans le fichier ./CSV3\bulletins\bulletins_propres\table_page_564.csv: En-tête '7010Base' introuvable.
Erreur dans le fichier ./CSV3\bulletins\bulletins_propres\table_page_564.csv: En-tête '7015Base' introuvable.
Erreur dans le fichier ./CSV3\bulletins\bulletins_propres\table_page_564.csv: En-tête '7020Base' introuvable.
Erreur dans le fichier ./CSV3\bulletins\bulletins_propres\table_page_564.csv: En-tête '7030Base' introuvable.
Erreur dans le fichier ./CSV3\bulletins\bulletins_propres\table_page_564.csv: En-tête '7035Base' introuvable.
Erreur dans le fichier ./CSV3\bulletins\bulletins_propres\table_page_564.csv: En-tête '7040Base' introuvable.
Erreur dans le fichier ./CSV3\bulletins\bulletins_propres\table_page_564.csv: En-tête '7045Base' introuvable.
Erreur dans le fichier ./CSV3\bulletins\bulletins_propres\table_page_564.csv: En-tête '7050Base' introuvable.
Erreur dans le fichier ./CSV3\bulletins\bulletins_propres\table_page_564.csv: En-tête 'Base' introuvable.
Erreur dans le fichier ./CSV3\bulletins\bulletins_propres\table_page_564.csv: En-tête '7055Base' introuvable.
Erreur dans le fichier ./CSV3\bulletins\bulletins_propres\table_page_564.csv: En-tête 'Base' introuvable.
Erreur dans le fichier ./CSV3\bulletins\bulletins_propres\table_page_564.csv: En-tête '7C00Base' introuvable.
Erreur dans le fichier ./CSV3\bulletins\bulletins_propres\table_page_564.csv: En-tête 'Base' introuvable.
Erreur dans le fichier ./CSV3\bulletins\bulletins_propres\table_page_564.csv: En-tête '7C20Base' introuvable.
Erreur dans le fichier ./CSV3\bulletins\bulletins_propres\table_page_564.csv: En-tête 'Base' introuvable.
Erreur dans le fichier ./CSV3\bulletins\bulletins_propres\table_page_564.csv: En-tête '7M04Base' introuvable.
Erreur dans le fichier ./CSV3\bulletins\bulletins_propres\table_page_564.csv: En-tête '7P10Base' introuvable.
Erreur dans le fichier ./CSV3\bulletins\bulletins_propres\table_page_564.csv: En-tête '7R56Base' introuvable.
Erreur dans le fichier ./CSV3\bulletins\bulletins_propres\table_page_564.csv: En-tête '7R63Base' introuvable.
Erreur dans le fichier ./CSV3\bulletins\bulletins_propres\table_page_564.csv: En-tête '7T00Base' introuvable.
Erreur dans le fichier ./CSV3\bulletins\bulletins_propres\table_page_564.csv: En-tête '7T02Base' introuvable.
Erreur dans le fichier ./CSV3\bulletins\bulletins_propres\table_page_564.csv: En-tête '7T05Base' introuvable.
Erreur dans le fichier ./CSV3\bulletins\bulletins_propres\table_page_564.csv: En-tête '7T10Base' introuvable.
Erreur dans le fichier ./CSV3\bulletins\bulletins_propres\table_page_564.csv: En-tête '7T15Base' introuvable.
Erreur dans le fichier ./CSV3\bulletins\bulletins_propres\table_page_564.csv: En-tête '7T20Base' introuvable.
Erreur dans le fichier ./CSV3\bulletins\bulletins_propres\table_page_564.csv: En-tête '6082Base' introuvable.
Erreur dans le fichier ./CSV3\bulletins\bulletins_propres\table_page_564.csv: En-tête 'Base' introuvable.
Erreur dans le fichier ./CSV3\bulletins\bulletins_propres\table_page_564.csv: En-tête '6094Base' introuvable.
Erreur dans le fichier ./CSV3\bulletins\bulletins_propres\table_page_564.csv: En-tête 'PALCAllégement chômageBase' introuvable.
Erreur dans le fichier ./CSV3\bulletins\bulletins_propres\table_page_564.csv: En-tête 'PALFAllégement FillonBase' introuvable.
Erreur dans le fichier ./CSV3\bulletins\bulletins_propres\table_page_564.csv: En-tête 'PALRAllégement retraiteBase' introuvable.
Erreur dans le fichier ./CSV3\bulletins\bulletins_propres\table_page_564.csv: En-tête 'Total Charges Ded.Base' introuvable.
Erreur dans le fichier ./CSV3\bulletins\bulletins_propres\table_page_564.csv: En-tête '6080Base' introuvable.
Erreur dans le fichier ./CSV3\bulletins\bulletins_propres\table_page_564.csv: En-tête '6084Base' introuvable.
Erreur dans le fichier ./CSV3\bulletins\bulletins_propres\table_page_564.csv: En-tête '6092Base' introuvable.
Erreur dans le fichier ./CSV3\bulletins\bulletins_propres\table_page_564.csv: En-tête '6096Base' introuvable.
Erreur dans le fichier ./CSV3\bulletins\bulletins_propres\table_page_564.csv: En-tête 'Total Charges Non Ded.Base' introuvable.
Erreur dans le fichier ./CSV3\bulletins\bulletins_propres\table_page_564.csv: En-tête '8009Base' introuvable.
Erreur dans le fichier ./CSV3\bulletins\bulletins_propres\table_page_564.csv: En-tête '8010Base' introuvable.
Erreur dans le fichier ./CSV3\bulletins\bulletins_propres\table_page_564.csv: En-tête '8192Base' introuvable.
Erreur dans le fichier ./CSV3\bulletins\bulletins_propres\table_page_564.csv: En-tête 'Base' introuvable.
Erreur dans le fichier ./CSV3\bulletins\bulletins_propres\table_page_564.csv: En-tête 'Base' introuvable.
Erreur dans le fichier ./CSV3\bulletins\bulletins_propres\table_page_564.csv: En-tête 'Impôt sur le revenuBase' introuvable.
Erreur dans le fichier ./CSV3\bulletins\bulletins_propres\table_page_564.csv: En-tête 'Impôt sur le revenu à la sourceBase' introuvable.
Erreur dans le fichier ./CSV3\bulletins\bulletins_propres\table_page_566.csv: En-tête '1001Base' introuvable.
Erreur dans le fichier ./CSV3\bulletins\bulletins_propres\table_page_566.csv: En-tête '1046Base' introuvable.
Erreur dans le fichier ./CSV3\bulletins\bulletins_propres\table_page_566.csv: En-tête 'Base' introuvable.
Erreur dans le fichier ./CSV3\bulletins\bulletins_propres\table_page_566.csv: En-tête '2018Base' introuvable.
Erreur dans le fichier ./CSV3\bulletins\bulletins_propres\table_page_566.csv: En-tête 'Base' introuvable.
Erreur dans le fichier ./CSV3\bulletins\bulletins_propres\table_page_566.csv: En-tête '2068Base' introuvable.
Erreur dans le fichier ./CSV3\bulletins\bulletins_propres\table_page_566.csv: En-tête '2078Base' introuvable.
Erreur dans le fichier ./CSV3\bulletins\bulletins_propres\table_page_566.csv: En-tête '2088Base' introuvable.
Erreur dans le fichier ./CSV3\bulletins\bulletins_propres\table_page_566.csv: En-tête '3006Base' introuvable.
Erreur dans le fichier ./CSV3\bulletins\bulletins_propres\table_page_566.csv: En-tête 'Base' introuvable.
Erreur dans le fichier ./CSV3\bulletins\bulletins_propres\table_page_566.csv: En-tête 'TOTAL BRUTBase' introuvable.
Erreur dans le fichier ./CSV3\bulletins\bulletins_propres\table_page_566.csv: En-tête '6S89Base' introuvable.
Erreur dans le fichier ./CSV3\bulletins\bulletins_propres\table_page_566.csv: En-tête '7001Base' introuvable.
Erreur dans le fichier ./CSV3\bulletins\bulletins_propres\table_page_566.csv: En-tête '7010Base' introuvable.
Erreur dans le fichier ./CSV3\bulletins\bulletins_propres\table_page_566.csv: En-tête '7015Base' introuvable.
Erreur dans le fichier ./CSV3\bulletins\bulletins_propres\table_page_566.csv: En-tête '7020Base' introuvable.
Erreur dans le fichier ./CSV3\bulletins\bulletins_propres\table_page_566.csv: En-tête '7030Base' introuvable.
Erreur dans le fichier ./CSV3\bulletins\bulletins_propres\table_page_566.csv: En-tête '7035Base' introuvable.
Erreur dans le fichier ./CSV3\bulletins\bulletins_propres\table_page_566.csv: En-tête 'Base' introuvable.
Erreur dans le fichier ./CSV3\bulletins\bulletins_propres\table_page_566.csv: En-tête '7040Base' introuvable.
Erreur dans le fichier ./CSV3\bulletins\bulletins_propres\table_page_566.csv: En-tête 'Base' introuvable.
Erreur dans le fichier ./CSV3\bulletins\bulletins_propres\table_page_566.csv: En-tête '7045Base' introuvable.
Erreur dans le fichier ./CSV3\bulletins\bulletins_propres\table_page_566.csv: En-tête 'Base' introuvable.
Erreur dans le fichier ./CSV3\bulletins\bulletins_propres\table_page_566.csv: En-tête '7050Base' introuvable.
Erreur dans le fichier ./CSV3\bulletins\bulletins_propres\table_page_566.csv: En-tête 'Base' introuvable.
Erreur dans le fichier ./CSV3\bulletins\bulletins_propres\table_page_566.csv: En-tête '7055Base' introuvable.
Erreur dans le fichier ./CSV3\bulletins\bulletins_propres\table_page_566.csv: En-tête '7C00Base' introuvable.
Erreur dans le fichier ./CSV3\bulletins\bulletins_propres\table_page_566.csv: En-tête '7C20Base' introuvable.
Erreur dans le fichier ./CSV3\bulletins\bulletins_propres\table_page_566.csv: En-tête '7P10Base' introuvable.
Erreur dans le fichier ./CSV3\bulletins\bulletins_propres\table_page_566.csv: En-tête '7R56Base' introuvable.
Erreur dans le fichier ./CSV3\bulletins\bulletins_propres\table_page_566.csv: En-tête '7R63Base' introuvable.
Erreur dans le fichier ./CSV3\bulletins\bulletins_propres\table_page_566.csv: En-tête '7T00Base' introuvable.
Erreur dans le fichier ./CSV3\bulletins\bulletins_propres\table_page_566.csv: En-tête '7T02Base' introuvable.
Erreur dans le fichier ./CSV3\bulletins\bulletins_propres\table_page_566.csv: En-tête '7T05Base' introuvable.
Erreur dans le fichier ./CSV3\bulletins\bulletins_propres\table_page_566.csv: En-tête '7T10Base' introuvable.
Erreur dans le fichier ./CSV3\bulletins\bulletins_propres\table_page_566.csv: En-tête '7T15Base' introuvable.
Erreur dans le fichier ./CSV3\bulletins\bulletins_propres\table_page_566.csv: En-tête 'Base' introuvable.
Erreur dans le fichier ./CSV3\bulletins\bulletins_propres\table_page_566.csv: En-tête '7T20Base' introuvable.
Erreur dans le fichier ./CSV3\bulletins\bulletins_propres\table_page_566.csv: En-tête '6082Base' introuvable.
Erreur dans le fichier ./CSV3\bulletins\bulletins_propres\table_page_566.csv: En-tête '6094Base' introuvable.
Erreur dans le fichier ./CSV3\bulletins\bulletins_propres\table_page_566.csv: En-tête 'PALCAllégement chômageBase' introuvable.
Erreur dans le fichier ./CSV3\bulletins\bulletins_propres\table_page_566.csv: En-tête 'PALFAllégement FillonBase' introuvable.
Erreur dans le fichier ./CSV3\bulletins\bulletins_propres\table_page_566.csv: En-tête 'PALRAllégement retraiteBase' introuvable.
Erreur dans le fichier ./CSV3\bulletins\bulletins_propres\table_page_566.csv: En-tête 'Total Charges Ded.Base' introuvable.
Erreur dans le fichier ./CSV3\bulletins\bulletins_propres\table_page_566.csv: En-tête '6070Base' introuvable.
Erreur dans le fichier ./CSV3\bulletins\bulletins_propres\table_page_566.csv: En-tête '6074Base' introuvable.
Erreur dans le fichier ./CSV3\bulletins\bulletins_propres\table_page_566.csv: En-tête '6080Base' introuvable.
Erreur dans le fichier ./CSV3\bulletins\bulletins_propres\table_page_566.csv: En-tête '6084Base' introuvable.
Erreur dans le fichier ./CSV3\bulletins\bulletins_propres\table_page_566.csv: En-tête '6092Base' introuvable.
Erreur dans le fichier ./CSV3\bulletins\bulletins_propres\table_page_566.csv: En-tête '6096Base' introuvable.
Erreur dans le fichier ./CSV3\bulletins\bulletins_propres\table_page_566.csv: En-tête 'Total Charges Non Ded.Base' introuvable.
Erreur dans le fichier ./CSV3\bulletins\bulletins_propres\table_page_566.csv: En-tête '8009Base' introuvable.
Erreur dans le fichier ./CSV3\bulletins\bulletins_propres\table_page_566.csv: En-tête '8010Base' introuvable.
Erreur dans le fichier ./CSV3\bulletins\bulletins_propres\table_page_566.csv: En-tête '/S13Saisie non-alim. priorit.Base' introuvable.
Erreur dans le fichier ./CSV3\bulletins\bulletins_propres\table_page_566.csv: En-tête '8022Base' introuvable.
Erreur dans le fichier ./CSV3\bulletins\bulletins_propres\table_page_566.csv: En-tête '8192Base' introuvable.
Erreur dans le fichier ./CSV3\bulletins\bulletins_propres\table_page_566.csv: En-tête '8190Base' introuvable.
Erreur dans le fichier ./CSV3\bulletins\bulletins_propres\table_page_568.csv: En-tête '1001Base' introuvable.
Erreur dans le fichier ./CSV3\bulletins\bulletins_propres\table_page_568.csv: En-tête '1046Base' introuvable.
Erreur dans le fichier ./CSV3\bulletins\bulletins_propres\table_page_568.csv: En-tête 'Base' introuvable.
Erreur dans le fichier ./CSV3\bulletins\bulletins_propres\table_page_568.csv: En-tête '2018Base' introuvable.
Erreur dans le fichier ./CSV3\bulletins\bulletins_propres\table_page_568.csv: En-tête 'Base' introuvable.
Erreur dans le fichier ./CSV3\bulletins\bulletins_propres\table_page_568.csv: En-tête '2068Base' introuvable.
Erreur dans le fichier ./CSV3\bulletins\bulletins_propres\table_page_568.csv: En-tête '2078Base' introuvable.
Erreur dans le fichier ./CSV3\bulletins\bulletins_propres\table_page_568.csv: En-tête '3250Base' introuvable.
Erreur dans le fichier ./CSV3\bulletins\bulletins_propres\table_page_568.csv: En-tête '3255Base' introuvable.
Erreur dans le fichier ./CSV3\bulletins\bulletins_propres\table_page_568.csv: En-tête 'Base' introuvable.
Erreur dans le fichier ./CSV3\bulletins\bulletins_propres\table_page_568.csv: En-tête 'TOTAL BRUTBase' introuvable.
Erreur dans le fichier ./CSV3\bulletins\bulletins_propres\table_page_568.csv: En-tête '7001Base' introuvable.
Erreur dans le fichier ./CSV3\bulletins\bulletins_propres\table_page_568.csv: En-tête '7010Base' introuvable.
Erreur dans le fichier ./CSV3\bulletins\bulletins_propres\table_page_568.csv: En-tête '7015Base' introuvable.
Erreur dans le fichier ./CSV3\bulletins\bulletins_propres\table_page_568.csv: En-tête '7020Base' introuvable.
Erreur dans le fichier ./CSV3\bulletins\bulletins_propres\table_page_568.csv: En-tête '7030Base' introuvable.
Erreur dans le fichier ./CSV3\bulletins\bulletins_propres\table_page_568.csv: En-tête '7035Base' introuvable.
Erreur dans le fichier ./CSV3\bulletins\bulletins_propres\table_page_568.csv: En-tête '7040Base' introuvable.
Erreur dans le fichier ./CSV3\bulletins\bulletins_propres\table_page_568.csv: En-tête 'Base' introuvable.
Erreur dans le fichier ./CSV3\bulletins\bulletins_propres\table_page_568.csv: En-tête '7045Base' introuvable.
Erreur dans le fichier ./CSV3\bulletins\bulletins_propres\table_page_568.csv: En-tête 'Base' introuvable.
Erreur dans le fichier ./CSV3\bulletins\bulletins_propres\table_page_568.csv: En-tête '7050Base' introuvable.
Erreur dans le fichier ./CSV3\bulletins\bulletins_propres\table_page_568.csv: En-tête 'Base' introuvable.
Erreur dans le fichier ./CSV3\bulletins\bulletins_propres\table_page_568.csv: En-tête '7055Base' introuvable.
Erreur dans le fichier ./CSV3\bulletins\bulletins_propres\table_page_568.csv: En-tête 'Base' introuvable.
Erreur dans le fichier ./CSV3\bulletins\bulletins_propres\table_page_568.csv: En-tête '7C00Base' introuvable.
Erreur dans le fichier ./CSV3\bulletins\bulletins_propres\table_page_568.csv: En-tête '7C20Base' introuvable.
Erreur dans le fichier ./CSV3\bulletins\bulletins_propres\table_page_568.csv: En-tête '7M04Base' introuvable.
Erreur dans le fichier ./CSV3\bulletins\bulletins_propres\table_page_568.csv: En-tête '7P10Base' introuvable.
Erreur dans le fichier ./CSV3\bulletins\bulletins_propres\table_page_568.csv: En-tête '7R56Base' introuvable.
Erreur dans le fichier ./CSV3\bulletins\bulletins_propres\table_page_568.csv: En-tête '7R63Base' introuvable.
Erreur dans le fichier ./CSV3\bulletins\bulletins_propres\table_page_568.csv: En-tête '7T00Base' introuvable.
Erreur dans le fichier ./CSV3\bulletins\bulletins_propres\table_page_568.csv: En-tête '7T02Base' introuvable.
Erreur dans le fichier ./CSV3\bulletins\bulletins_propres\table_page_568.csv: En-tête '7T05Base' introuvable.
Erreur dans le fichier ./CSV3\bulletins\bulletins_propres\table_page_568.csv: En-tête '7T10Base' introuvable.
Erreur dans le fichier ./CSV3\bulletins\bulletins_propres\table_page_568.csv: En-tête '7T15Base' introuvable.
Erreur dans le fichier ./CSV3\bulletins\bulletins_propres\table_page_568.csv: En-tête 'Base' introuvable.
Erreur dans le fichier ./CSV3\bulletins\bulletins_propres\table_page_568.csv: En-tête '7T20Base' introuvable.
Erreur dans le fichier ./CSV3\bulletins\bulletins_propres\table_page_568.csv: En-tête 'Base' introuvable.
Erreur dans le fichier ./CSV3\bulletins\bulletins_propres\table_page_568.csv: En-tête '6082Base' introuvable.
Erreur dans le fichier ./CSV3\bulletins\bulletins_propres\table_page_568.csv: En-tête '6094Base' introuvable.
Erreur dans le fichier ./CSV3\bulletins\bulletins_propres\table_page_568.csv: En-tête 'PALCAllégement chômageBase' introuvable.
Erreur dans le fichier ./CSV3\bulletins\bulletins_propres\table_page_568.csv: En-tête 'PALFAllégement FillonBase' introuvable.
Erreur dans le fichier ./CSV3\bulletins\bulletins_propres\table_page_568.csv: En-tête 'PALRAllégement retraiteBase' introuvable.
Erreur dans le fichier ./CSV3\bulletins\bulletins_propres\table_page_568.csv: En-tête 'Total Charges Ded.Base' introuvable.
Erreur dans le fichier ./CSV3\bulletins\bulletins_propres\table_page_568.csv: En-tête '6080Base' introuvable.
Erreur dans le fichier ./CSV3\bulletins\bulletins_propres\table_page_568.csv: En-tête '6084Base' introuvable.
Erreur dans le fichier ./CSV3\bulletins\bulletins_propres\table_page_568.csv: En-tête '6092Base' introuvable.
Erreur dans le fichier ./CSV3\bulletins\bulletins_propres\table_page_568.csv: En-tête '6096Base' introuvable.
Erreur dans le fichier ./CSV3\bulletins\bulletins_propres\table_page_568.csv: En-tête 'Total Charges Non Ded.Base' introuvable.
Erreur dans le fichier ./CSV3\bulletins\bulletins_propres\table_page_568.csv: En-tête '8009Base' introuvable.
Erreur dans le fichier ./CSV3\bulletins\bulletins_propres\table_page_568.csv: En-tête '8010Base' introuvable.
Erreur dans le fichier ./CSV3\bulletins\bulletins_propres\table_page_568.csv: En-tête '8007Base' introuvable.
Erreur dans le fichier ./CSV3\bulletins\bulletins_propres\table_page_568.csv: En-tête '8020Base' introuvable.
Erreur dans le fichier ./CSV3\bulletins\bulletins_propres\table_page_568.csv: En-tête '8192Base' introuvable.
Erreur dans le fichier ./CSV3\bulletins\bulletins_propres\table_page_568.csv: En-tête 'Base' introuvable.
Erreur dans le fichier ./CSV3\bulletins\bulletins_propres\table_page_568.csv: En-tête 'Base' introuvable.
Erreur dans le fichier ./CSV3\bulletins\bulletins_propres\table_page_568.csv: En-tête 'Impôt sur le revenuBase' introuvable.
Erreur dans le fichier ./CSV3\bulletins\bulletins_propres\table_page_568.csv: En-tête 'Impôt sur le revenu à la sourceBase' introuvable.
Erreur dans le fichier ./CSV3\bulletins\bulletins_propres\table_page_57.csv: En-tête '1001Base' introuvable.
Erreur dans le fichier ./CSV3\bulletins\bulletins_propres\table_page_57.csv: En-tête '2012Base' introuvable.
Erreur dans le fichier ./CSV3\bulletins\bulletins_propres\table_page_57.csv: En-tête 'Base' introuvable.
Erreur dans le fichier ./CSV3\bulletins\bulletins_propres\table_page_57.csv: En-tête 'Base' introuvable.
Erreur dans le fichier ./CSV3\bulletins\bulletins_propres\table_page_57.csv: En-tête 'TOTAL BRUTBase' introuvable.
Erreur dans le fichier ./CSV3\bulletins\bulletins_propres\table_page_57.csv: En-tête 'Base' introuvable.
Erreur dans le fichier ./CSV3\bulletins\bulletins_propres\table_page_57.csv: En-tête '7001Base' introuvable.
Erreur dans le fichier ./CSV3\bulletins\bulletins_propres\table_page_57.csv: En-tête 'Base' introuvable.
Erreur dans le fichier ./CSV3\bulletins\bulletins_propres\table_page_57.csv: En-tête '7010Base' introuvable.
Erreur dans le fichier ./CSV3\bulletins\bulletins_propres\table_page_57.csv: En-tête '7015Base' introuvable.
Erreur dans le fichier ./CSV3\bulletins\bulletins_propres\table_page_57.csv: En-tête '7020Base' introuvable.
Erreur dans le fichier ./CSV3\bulletins\bulletins_propres\table_page_57.csv: En-tête '7030Base' introuvable.
Erreur dans le fichier ./CSV3\bulletins\bulletins_propres\table_page_57.csv: En-tête '7035Base' introuvable.
Erreur dans le fichier ./CSV3\bulletins\bulletins_propres\table_page_57.csv: En-tête '7040Base' introuvable.
Erreur dans le fichier ./CSV3\bulletins\bulletins_propres\table_page_57.csv: En-tête '7045Base' introuvable.
Erreur dans le fichier ./CSV3\bulletins\bulletins_propres\table_page_57.csv: En-tête '7050Base' introuvable.
Erreur dans le fichier ./CSV3\bulletins\bulletins_propres\table_page_57.csv: En-tête '7055Base' introuvable.
Erreur dans le fichier ./CSV3\bulletins\bulletins_propres\table_page_57.csv: En-tête '7C00Base' introuvable.
Erreur dans le fichier ./CSV3\bulletins\bulletins_propres\table_page_57.csv: En-tête '7C20Base' introuvable.
Erreur dans le fichier ./CSV3\bulletins\bulletins_propres\table_page_57.csv: En-tête 'Base' introuvable.
Erreur dans le fichier ./CSV3\bulletins\bulletins_propres\table_page_57.csv: En-tête '7M05Base' introuvable.
Erreur dans le fichier ./CSV3\bulletins\bulletins_propres\table_page_57.csv: En-tête 'Base' introuvable.
Erreur dans le fichier ./CSV3\bulletins\bulletins_propres\table_page_57.csv: En-tête '7P20Base' introuvable.
Erreur dans le fichier ./CSV3\bulletins\bulletins_propres\table_page_57.csv: En-tête 'Base' introuvable.
Erreur dans le fichier ./CSV3\bulletins\bulletins_propres\table_page_57.csv: En-tête '7R44Base' introuvable.
Erreur dans le fichier ./CSV3\bulletins\bulletins_propres\table_page_57.csv: En-tête 'Base' introuvable.
Erreur dans le fichier ./CSV3\bulletins\bulletins_propres\table_page_57.csv: En-tête '7R53Base' introuvable.
Erreur dans le fichier ./CSV3\bulletins\bulletins_propres\table_page_57.csv: En-tête '7R63Base' introuvable.
Erreur dans le fichier ./CSV3\bulletins\bulletins_propres\table_page_57.csv: En-tête '7T00Base' introuvable.
Erreur dans le fichier ./CSV3\bulletins\bulletins_propres\table_page_57.csv: En-tête '7T02Base' introuvable.
Erreur dans le fichier ./CSV3\bulletins\bulletins_propres\table_page_57.csv: En-tête '7T05Base' introuvable.
Erreur dans le fichier ./CSV3\bulletins\bulletins_propres\table_page_57.csv: En-tête '7T10Base' introuvable.
Erreur dans le fichier ./CSV3\bulletins\bulletins_propres\table_page_57.csv: En-tête '7T15Base' introuvable.
Erreur dans le fichier ./CSV3\bulletins\bulletins_propres\table_page_57.csv: En-tête '7T20Base' introuvable.
Erreur dans le fichier ./CSV3\bulletins\bulletins_propres\table_page_57.csv: En-tête '6082Base' introuvable.
Erreur dans le fichier ./CSV3\bulletins\bulletins_propres\table_page_57.csv: En-tête '6094Base' introuvable.
Erreur dans le fichier ./CSV3\bulletins\bulletins_propres\table_page_57.csv: En-tête 'Base' introuvable.
Erreur dans le fichier ./CSV3\bulletins\bulletins_propres\table_page_57.csv: En-tête 'Total Charges Ded.Base' introuvable.
Erreur dans le fichier ./CSV3\bulletins\bulletins_propres\table_page_57.csv: En-tête '6080Base' introuvable.
Erreur dans le fichier ./CSV3\bulletins\bulletins_propres\table_page_57.csv: En-tête '6084Base' introuvable.
Erreur dans le fichier ./CSV3\bulletins\bulletins_propres\table_page_57.csv: En-tête '6092Base' introuvable.
Erreur dans le fichier ./CSV3\bulletins\bulletins_propres\table_page_57.csv: En-tête '6096Base' introuvable.
Erreur dans le fichier ./CSV3\bulletins\bulletins_propres\table_page_57.csv: En-tête 'Total Charges Non Ded.Base' introuvable.
Erreur dans le fichier ./CSV3\bulletins\bulletins_propres\table_page_57.csv: En-tête '8020Base' introuvable.
Erreur dans le fichier ./CSV3\bulletins\bulletins_propres\table_page_570.csv: En-tête '1002Base' introuvable.
Erreur dans le fichier ./CSV3\bulletins\bulletins_propres\table_page_570.csv: En-tête '3250Base' introuvable.
Erreur dans le fichier ./CSV3\bulletins\bulletins_propres\table_page_570.csv: En-tête 'Base' introuvable.
Erreur dans le fichier ./CSV3\bulletins\bulletins_propres\table_page_570.csv: En-tête '3255Base' introuvable.
Erreur dans le fichier ./CSV3\bulletins\bulletins_propres\table_page_570.csv: En-tête 'Base' introuvable.
Erreur dans le fichier ./CSV3\bulletins\bulletins_propres\table_page_570.csv: En-tête 'Base' introuvable.
Erreur dans le fichier ./CSV3\bulletins\bulletins_propres\table_page_570.csv: En-tête 'TOTAL BRUTBase' introuvable.
Erreur dans le fichier ./CSV3\bulletins\bulletins_propres\table_page_570.csv: En-tête 'Base' introuvable.
Erreur dans le fichier ./CSV3\bulletins\bulletins_propres\table_page_570.csv: En-tête '7001Base' introuvable.
Erreur dans le fichier ./CSV3\bulletins\bulletins_propres\table_page_570.csv: En-tête '7010Base' introuvable.
Erreur dans le fichier ./CSV3\bulletins\bulletins_propres\table_page_570.csv: En-tête '7015Base' introuvable.
Erreur dans le fichier ./CSV3\bulletins\bulletins_propres\table_page_570.csv: En-tête '7020Base' introuvable.
Erreur dans le fichier ./CSV3\bulletins\bulletins_propres\table_page_570.csv: En-tête '7030Base' introuvable.
Erreur dans le fichier ./CSV3\bulletins\bulletins_propres\table_page_570.csv: En-tête '7035Base' introuvable.
Erreur dans le fichier ./CSV3\bulletins\bulletins_propres\table_page_570.csv: En-tête '7040Base' introuvable.
Erreur dans le fichier ./CSV3\bulletins\bulletins_propres\table_page_570.csv: En-tête '7045Base' introuvable.
Erreur dans le fichier ./CSV3\bulletins\bulletins_propres\table_page_570.csv: En-tête '7050Base' introuvable.
Erreur dans le fichier ./CSV3\bulletins\bulletins_propres\table_page_570.csv: En-tête '7055Base' introuvable.
Erreur dans le fichier ./CSV3\bulletins\bulletins_propres\table_page_570.csv: En-tête '7C00Base' introuvable.
Erreur dans le fichier ./CSV3\bulletins\bulletins_propres\table_page_570.csv: En-tête 'Base' introuvable.
Erreur dans le fichier ./CSV3\bulletins\bulletins_propres\table_page_570.csv: En-tête '7C10Base' introuvable.
Erreur dans le fichier ./CSV3\bulletins\bulletins_propres\table_page_570.csv: En-tête 'Base' introuvable.
Erreur dans le fichier ./CSV3\bulletins\bulletins_propres\table_page_570.csv: En-tête '7C20Base' introuvable.
Erreur dans le fichier ./CSV3\bulletins\bulletins_propres\table_page_570.csv: En-tête 'Base' introuvable.
Erreur dans le fichier ./CSV3\bulletins\bulletins_propres\table_page_570.csv: En-tête '7M05Base' introuvable.
Erreur dans le fichier ./CSV3\bulletins\bulletins_propres\table_page_570.csv: En-tête 'Base' introuvable.
Erreur dans le fichier ./CSV3\bulletins\bulletins_propres\table_page_570.csv: En-tête '7P20Base' introuvable.
Erreur dans le fichier ./CSV3\bulletins\bulletins_propres\table_page_570.csv: En-tête '7P25Base' introuvable.
Erreur dans le fichier ./CSV3\bulletins\bulletins_propres\table_page_570.csv: En-tête '7R44Base' introuvable.
Erreur dans le fichier ./CSV3\bulletins\bulletins_propres\table_page_570.csv: En-tête '7R45Base' introuvable.
Erreur dans le fichier ./CSV3\bulletins\bulletins_propres\table_page_570.csv: En-tête '7R53Base' introuvable.
Erreur dans le fichier ./CSV3\bulletins\bulletins_propres\table_page_570.csv: En-tête '7R54Base' introuvable.
Erreur dans le fichier ./CSV3\bulletins\bulletins_propres\table_page_570.csv: En-tête '7R63Base' introuvable.
Erreur dans le fichier ./CSV3\bulletins\bulletins_propres\table_page_570.csv: En-tête '7R64Base' introuvable.
Erreur dans le fichier ./CSV3\bulletins\bulletins_propres\table_page_570.csv: En-tête '7R70Base' introuvable.
Erreur dans le fichier ./CSV3\bulletins\bulletins_propres\table_page_570.csv: En-tête '7R71Base' introuvable.
Erreur dans le fichier ./CSV3\bulletins\bulletins_propres\table_page_570.csv: En-tête '7T00Base' introuvable.
Erreur dans le fichier ./CSV3\bulletins\bulletins_propres\table_page_570.csv: En-tête 'Base' introuvable.
Erreur dans le fichier ./CSV3\bulletins\bulletins_propres\table_page_570.csv: En-tête '7T02Base' introuvable.
Erreur dans le fichier ./CSV3\bulletins\bulletins_propres\table_page_570.csv: En-tête 'Base' introuvable.
Erreur dans le fichier ./CSV3\bulletins\bulletins_propres\table_page_570.csv: En-tête '7T05Base' introuvable.
Erreur dans le fichier ./CSV3\bulletins\bulletins_propres\table_page_570.csv: En-tête 'Base' introuvable.
Erreur dans le fichier ./CSV3\bulletins\bulletins_propres\table_page_570.csv: En-tête '7T10Base' introuvable.
Erreur dans le fichier ./CSV3\bulletins\bulletins_propres\table_page_570.csv: En-tête '7T15Base' introuvable.
Erreur dans le fichier ./CSV3\bulletins\bulletins_propres\table_page_570.csv: En-tête '7T20Base' introuvable.
Erreur dans le fichier ./CSV3\bulletins\bulletins_propres\table_page_570.csv: En-tête '7T26Base' introuvable.
Erreur dans le fichier ./CSV3\bulletins\bulletins_propres\table_page_570.csv: En-tête '6082Base' introuvable.
Erreur dans le fichier ./CSV3\bulletins\bulletins_propres\table_page_570.csv: En-tête '6094Base' introuvable.
Erreur dans le fichier ./CSV3\bulletins\bulletins_propres\table_page_570.csv: En-tête 'Total Charges Ded.Base' introuvable.
Erreur dans le fichier ./CSV3\bulletins\bulletins_propres\table_page_570.csv: En-tête '6080Base' introuvable.
Erreur dans le fichier ./CSV3\bulletins\bulletins_propres\table_page_570.csv: En-tête '6084Base' introuvable.
Erreur dans le fichier ./CSV3\bulletins\bulletins_propres\table_page_570.csv: En-tête '6092Base' introuvable.
Erreur dans le fichier ./CSV3\bulletins\bulletins_propres\table_page_570.csv: En-tête '6096Base' introuvable.
Erreur dans le fichier ./CSV3\bulletins\bulletins_propres\table_page_570.csv: En-tête 'Total Charges Non Ded.Base' introuvable.
Erreur dans le fichier ./CSV3\bulletins\bulletins_propres\table_page_570.csv: En-tête '8009Base' introuvable.
Erreur dans le fichier ./CSV3\bulletins\bulletins_propres\table_page_570.csv: En-tête '8010Base' introuvable.
Erreur dans le fichier ./CSV3\bulletins\bulletins_propres\table_page_570.csv: En-tête '8007Base' introuvable.
Erreur dans le fichier ./CSV3\bulletins\bulletins_propres\table_page_570.csv: En-tête 'Base' introuvable.
Erreur dans le fichier ./CSV3\bulletins\bulletins_propres\table_page_570.csv: En-tête 'Base' introuvable.
Erreur dans le fichier ./CSV3\bulletins\bulletins_propres\table_page_570.csv: En-tête 'Impôt sur le revenuBase' introuvable.
Erreur dans le fichier ./CSV3\bulletins\bulletins_propres\table_page_570.csv: En-tête 'Impôt sur le revenu à la sourceBase' introuvable.
Erreur dans le fichier ./CSV3\bulletins\bulletins_propres\table_page_572.csv: En-tête '1004Base' introuvable.
Erreur dans le fichier ./CSV3\bulletins\bulletins_propres\table_page_572.csv: En-tête '3460Base' introuvable.
Erreur dans le fichier ./CSV3\bulletins\bulletins_propres\table_page_572.csv: En-tête 'Base' introuvable.
Erreur dans le fichier ./CSV3\bulletins\bulletins_propres\table_page_572.csv: En-tête '3462Base' introuvable.
Erreur dans le fichier ./CSV3\bulletins\bulletins_propres\table_page_572.csv: En-tête 'Base' introuvable.
Erreur dans le fichier ./CSV3\bulletins\bulletins_propres\table_page_572.csv: En-tête 'Base' introuvable.
Erreur dans le fichier ./CSV3\bulletins\bulletins_propres\table_page_572.csv: En-tête 'TOTAL BRUTBase' introuvable.
Erreur dans le fichier ./CSV3\bulletins\bulletins_propres\table_page_572.csv: En-tête 'Base' introuvable.
Erreur dans le fichier ./CSV3\bulletins\bulletins_propres\table_page_572.csv: En-tête '7003Base' introuvable.
Erreur dans le fichier ./CSV3\bulletins\bulletins_propres\table_page_572.csv: En-tête '7011Base' introuvable.
Erreur dans le fichier ./CSV3\bulletins\bulletins_propres\table_page_572.csv: En-tête '7018Base' introuvable.
Erreur dans le fichier ./CSV3\bulletins\bulletins_propres\table_page_572.csv: En-tête '7020Base' introuvable.
Erreur dans le fichier ./CSV3\bulletins\bulletins_propres\table_page_572.csv: En-tête '7031Base' introuvable.
Erreur dans le fichier ./CSV3\bulletins\bulletins_propres\table_page_572.csv: En-tête '7040Base' introuvable.
Erreur dans le fichier ./CSV3\bulletins\bulletins_propres\table_page_572.csv: En-tête '7045Base' introuvable.
Erreur dans le fichier ./CSV3\bulletins\bulletins_propres\table_page_572.csv: En-tête '7055Base' introuvable.
Erreur dans le fichier ./CSV3\bulletins\bulletins_propres\table_page_572.csv: En-tête '7135Base' introuvable.
Erreur dans le fichier ./CSV3\bulletins\bulletins_propres\table_page_572.csv: En-tête '7155Base' introuvable.
Erreur dans le fichier ./CSV3\bulletins\bulletins_propres\table_page_572.csv: En-tête '7C20Base' introuvable.
Erreur dans le fichier ./CSV3\bulletins\bulletins_propres\table_page_572.csv: En-tête 'Base' introuvable.
Erreur dans le fichier ./CSV3\bulletins\bulletins_propres\table_page_572.csv: En-tête '7C40Base' introuvable.
Erreur dans le fichier ./CSV3\bulletins\bulletins_propres\table_page_572.csv: En-tête 'Base' introuvable.
Erreur dans le fichier ./CSV3\bulletins\bulletins_propres\table_page_572.csv: En-tête '7R50Base' introuvable.
Erreur dans le fichier ./CSV3\bulletins\bulletins_propres\table_page_572.csv: En-tête 'Base' introuvable.
Erreur dans le fichier ./CSV3\bulletins\bulletins_propres\table_page_572.csv: En-tête '7R60Base' introuvable.
Erreur dans le fichier ./CSV3\bulletins\bulletins_propres\table_page_572.csv: En-tête 'Base' introuvable.
Erreur dans le fichier ./CSV3\bulletins\bulletins_propres\table_page_572.csv: En-tête '7P00Base' introuvable.
Erreur dans le fichier ./CSV3\bulletins\bulletins_propres\table_page_572.csv: En-tête '7T00Base' introuvable.
Erreur dans le fichier ./CSV3\bulletins\bulletins_propres\table_page_572.csv: En-tête '7T02Base' introuvable.
Erreur dans le fichier ./CSV3\bulletins\bulletins_propres\table_page_572.csv: En-tête '7T05Base' introuvable.
Erreur dans le fichier ./CSV3\bulletins\bulletins_propres\table_page_572.csv: En-tête '7T10Base' introuvable.
Erreur dans le fichier ./CSV3\bulletins\bulletins_propres\table_page_572.csv: En-tête '7T15Base' introuvable.
Erreur dans le fichier ./CSV3\bulletins\bulletins_propres\table_page_572.csv: En-tête '7T20Base' introuvable.
Erreur dans le fichier ./CSV3\bulletins\bulletins_propres\table_page_572.csv: En-tête 'PALCAllégement chômageBase' introuvable.
Erreur dans le fichier ./CSV3\bulletins\bulletins_propres\table_page_572.csv: En-tête 'PALFAllégement FillonBase' introuvable.
Erreur dans le fichier ./CSV3\bulletins\bulletins_propres\table_page_572.csv: En-tête 'PALRAllégement retraiteBase' introuvable.
Erreur dans le fichier ./CSV3\bulletins\bulletins_propres\table_page_572.csv: En-tête 'Base' introuvable.
Erreur dans le fichier ./CSV3\bulletins\bulletins_propres\table_page_572.csv: En-tête 'Total Charges Ded.Base' introuvable.
Erreur dans le fichier ./CSV3\bulletins\bulletins_propres\table_page_572.csv: En-tête 'Base' introuvable.
Erreur dans le fichier ./CSV3\bulletins\bulletins_propres\table_page_572.csv: En-tête 'Total Charges Non Ded.Base' introuvable.
Erreur dans le fichier ./CSV3\bulletins\bulletins_propres\table_page_572.csv: En-tête '8009Base' introuvable.
Erreur dans le fichier ./CSV3\bulletins\bulletins_propres\table_page_572.csv: En-tête '8010Base' introuvable.
Erreur dans le fichier ./CSV3\bulletins\bulletins_propres\table_page_572.csv: En-tête 'Base' introuvable.
Erreur dans le fichier ./CSV3\bulletins\bulletins_propres\table_page_572.csv: En-tête 'Base' introuvable.
Erreur dans le fichier ./CSV3\bulletins\bulletins_propres\table_page_572.csv: En-tête 'Impôt sur le revenuBase' introuvable.
Erreur dans le fichier ./CSV3\bulletins\bulletins_propres\table_page_572.csv: En-tête 'Impôt sur le revenu à la sourceBase' introuvable.
Erreur dans le fichier ./CSV3\bulletins\bulletins_propres\table_page_574.csv: En-tête '1001Base' introuvable.
Erreur dans le fichier ./CSV3\bulletins\bulletins_propres\table_page_574.csv: En-tête '1046Base' introuvable.
Erreur dans le fichier ./CSV3\bulletins\bulletins_propres\table_page_574.csv: En-tête 'Base' introuvable.
Erreur dans le fichier ./CSV3\bulletins\bulletins_propres\table_page_574.csv: En-tête '2018Base' introuvable.
Erreur dans le fichier ./CSV3\bulletins\bulletins_propres\table_page_574.csv: En-tête 'Base' introuvable.
Erreur dans le fichier ./CSV3\bulletins\bulletins_propres\table_page_574.csv: En-tête '2068Base' introuvable.
Erreur dans le fichier ./CSV3\bulletins\bulletins_propres\table_page_574.csv: En-tête '2078Base' introuvable.
Erreur dans le fichier ./CSV3\bulletins\bulletins_propres\table_page_574.csv: En-tête '3006Base' introuvable.
Erreur dans le fichier ./CSV3\bulletins\bulletins_propres\table_page_574.csv: En-tête 'Base' introuvable.
Erreur dans le fichier ./CSV3\bulletins\bulletins_propres\table_page_574.csv: En-tête 'TOTAL BRUTBase' introuvable.
Erreur dans le fichier ./CSV3\bulletins\bulletins_propres\table_page_574.csv: En-tête '6S89Base' introuvable.
Erreur dans le fichier ./CSV3\bulletins\bulletins_propres\table_page_574.csv: En-tête '7001Base' introuvable.
Erreur dans le fichier ./CSV3\bulletins\bulletins_propres\table_page_574.csv: En-tête '7010Base' introuvable.
Erreur dans le fichier ./CSV3\bulletins\bulletins_propres\table_page_574.csv: En-tête '7015Base' introuvable.
Erreur dans le fichier ./CSV3\bulletins\bulletins_propres\table_page_574.csv: En-tête '7020Base' introuvable.
Erreur dans le fichier ./CSV3\bulletins\bulletins_propres\table_page_574.csv: En-tête '7030Base' introuvable.
Erreur dans le fichier ./CSV3\bulletins\bulletins_propres\table_page_574.csv: En-tête '7035Base' introuvable.
Erreur dans le fichier ./CSV3\bulletins\bulletins_propres\table_page_574.csv: En-tête '7040Base' introuvable.
Erreur dans le fichier ./CSV3\bulletins\bulletins_propres\table_page_574.csv: En-tête 'Base' introuvable.
Erreur dans le fichier ./CSV3\bulletins\bulletins_propres\table_page_574.csv: En-tête '7045Base' introuvable.
Erreur dans le fichier ./CSV3\bulletins\bulletins_propres\table_page_574.csv: En-tête 'Base' introuvable.
Erreur dans le fichier ./CSV3\bulletins\bulletins_propres\table_page_574.csv: En-tête '7050Base' introuvable.
Erreur dans le fichier ./CSV3\bulletins\bulletins_propres\table_page_574.csv: En-tête 'Base' introuvable.
Erreur dans le fichier ./CSV3\bulletins\bulletins_propres\table_page_574.csv: En-tête '7055Base' introuvable.
Erreur dans le fichier ./CSV3\bulletins\bulletins_propres\table_page_574.csv: En-tête 'Base' introuvable.
Erreur dans le fichier ./CSV3\bulletins\bulletins_propres\table_page_574.csv: En-tête '7C00Base' introuvable.
Erreur dans le fichier ./CSV3\bulletins\bulletins_propres\table_page_574.csv: En-tête '7C20Base' introuvable.
Erreur dans le fichier ./CSV3\bulletins\bulletins_propres\table_page_574.csv: En-tête '7M04Base' introuvable.
Erreur dans le fichier ./CSV3\bulletins\bulletins_propres\table_page_574.csv: En-tête '7P10Base' introuvable.
Erreur dans le fichier ./CSV3\bulletins\bulletins_propres\table_page_574.csv: En-tête '7R56Base' introuvable.
Erreur dans le fichier ./CSV3\bulletins\bulletins_propres\table_page_574.csv: En-tête '7R63Base' introuvable.
Erreur dans le fichier ./CSV3\bulletins\bulletins_propres\table_page_574.csv: En-tête '7T00Base' introuvable.
Erreur dans le fichier ./CSV3\bulletins\bulletins_propres\table_page_574.csv: En-tête '7T02Base' introuvable.
Erreur dans le fichier ./CSV3\bulletins\bulletins_propres\table_page_574.csv: En-tête '7T05Base' introuvable.
Erreur dans le fichier ./CSV3\bulletins\bulletins_propres\table_page_574.csv: En-tête '7T10Base' introuvable.
Erreur dans le fichier ./CSV3\bulletins\bulletins_propres\table_page_574.csv: En-tête '7T15Base' introuvable.
Erreur dans le fichier ./CSV3\bulletins\bulletins_propres\table_page_574.csv: En-tête 'Base' introuvable.
Erreur dans le fichier ./CSV3\bulletins\bulletins_propres\table_page_574.csv: En-tête '7T20Base' introuvable.
Erreur dans le fichier ./CSV3\bulletins\bulletins_propres\table_page_574.csv: En-tête '6082Base' introuvable.
Erreur dans le fichier ./CSV3\bulletins\bulletins_propres\table_page_574.csv: En-tête '6094Base' introuvable.
Erreur dans le fichier ./CSV3\bulletins\bulletins_propres\table_page_574.csv: En-tête 'PALCAllégement chômageBase' introuvable.
Erreur dans le fichier ./CSV3\bulletins\bulletins_propres\table_page_574.csv: En-tête 'PALFAllégement FillonBase' introuvable.
Erreur dans le fichier ./CSV3\bulletins\bulletins_propres\table_page_574.csv: En-tête 'PALRAllégement retraiteBase' introuvable.
Erreur dans le fichier ./CSV3\bulletins\bulletins_propres\table_page_574.csv: En-tête 'Total Charges Ded.Base' introuvable.
Erreur dans le fichier ./CSV3\bulletins\bulletins_propres\table_page_574.csv: En-tête '6070Base' introuvable.
Erreur dans le fichier ./CSV3\bulletins\bulletins_propres\table_page_574.csv: En-tête '6074Base' introuvable.
Erreur dans le fichier ./CSV3\bulletins\bulletins_propres\table_page_574.csv: En-tête '6080Base' introuvable.
Erreur dans le fichier ./CSV3\bulletins\bulletins_propres\table_page_574.csv: En-tête '6084Base' introuvable.
Erreur dans le fichier ./CSV3\bulletins\bulletins_propres\table_page_574.csv: En-tête '6092Base' introuvable.
Erreur dans le fichier ./CSV3\bulletins\bulletins_propres\table_page_574.csv: En-tête '6096Base' introuvable.
Erreur dans le fichier ./CSV3\bulletins\bulletins_propres\table_page_574.csv: En-tête 'Total Charges Non Ded.Base' introuvable.
Erreur dans le fichier ./CSV3\bulletins\bulletins_propres\table_page_574.csv: En-tête '8009Base' introuvable.
Erreur dans le fichier ./CSV3\bulletins\bulletins_propres\table_page_574.csv: En-tête '8010Base' introuvable.
Erreur dans le fichier ./CSV3\bulletins\bulletins_propres\table_page_574.csv: En-tête '8007Base' introuvable.
Erreur dans le fichier ./CSV3\bulletins\bulletins_propres\table_page_574.csv: En-tête '8190Base' introuvable.
Erreur dans le fichier ./CSV3\bulletins\bulletins_propres\table_page_574.csv: En-tête '8192Base' introuvable.
Erreur dans le fichier ./CSV3\bulletins\bulletins_propres\table_page_576.csv: En-tête '1001Base' introuvable.
Erreur dans le fichier ./CSV3\bulletins\bulletins_propres\table_page_576.csv: En-tête '1046Base' introuvable.
Erreur dans le fichier ./CSV3\bulletins\bulletins_propres\table_page_576.csv: En-tête 'Base' introuvable.
Erreur dans le fichier ./CSV3\bulletins\bulletins_propres\table_page_576.csv: En-tête '2068Base' introuvable.
Erreur dans le fichier ./CSV3\bulletins\bulletins_propres\table_page_576.csv: En-tête 'Base' introuvable.
Erreur dans le fichier ./CSV3\bulletins\bulletins_propres\table_page_576.csv: En-tête '2078Base' introuvable.
Erreur dans le fichier ./CSV3\bulletins\bulletins_propres\table_page_576.csv: En-tête '3250Base' introuvable.
Erreur dans le fichier ./CSV3\bulletins\bulletins_propres\table_page_576.csv: En-tête '3255Base' introuvable.
Erreur dans le fichier ./CSV3\bulletins\bulletins_propres\table_page_576.csv: En-tête '3310Base' introuvable.
Erreur dans le fichier ./CSV3\bulletins\bulletins_propres\table_page_576.csv: En-tête '3315Base' introuvable.
Erreur dans le fichier ./CSV3\bulletins\bulletins_propres\table_page_576.csv: En-tête '3350Base' introuvable.
Erreur dans le fichier ./CSV3\bulletins\bulletins_propres\table_page_576.csv: En-tête '3355Base' introuvable.
Erreur dans le fichier ./CSV3\bulletins\bulletins_propres\table_page_576.csv: En-tête '3505Base' introuvable.
Erreur dans le fichier ./CSV3\bulletins\bulletins_propres\table_page_576.csv: En-tête 'Base' introuvable.
Erreur dans le fichier ./CSV3\bulletins\bulletins_propres\table_page_576.csv: En-tête 'TOTAL BRUTBase' introuvable.
Erreur dans le fichier ./CSV3\bulletins\bulletins_propres\table_page_576.csv: En-tête '7001Base' introuvable.
Erreur dans le fichier ./CSV3\bulletins\bulletins_propres\table_page_576.csv: En-tête '7010Base' introuvable.
Erreur dans le fichier ./CSV3\bulletins\bulletins_propres\table_page_576.csv: En-tête '7015Base' introuvable.
Erreur dans le fichier ./CSV3\bulletins\bulletins_propres\table_page_576.csv: En-tête 'Base' introuvable.
Erreur dans le fichier ./CSV3\bulletins\bulletins_propres\table_page_576.csv: En-tête '7020Base' introuvable.
Erreur dans le fichier ./CSV3\bulletins\bulletins_propres\table_page_576.csv: En-tête 'Base' introuvable.
Erreur dans le fichier ./CSV3\bulletins\bulletins_propres\table_page_576.csv: En-tête '7030Base' introuvable.
Erreur dans le fichier ./CSV3\bulletins\bulletins_propres\table_page_576.csv: En-tête 'Base' introuvable.
Erreur dans le fichier ./CSV3\bulletins\bulletins_propres\table_page_576.csv: En-tête '7035Base' introuvable.
Erreur dans le fichier ./CSV3\bulletins\bulletins_propres\table_page_576.csv: En-tête 'Base' introuvable.
Erreur dans le fichier ./CSV3\bulletins\bulletins_propres\table_page_576.csv: En-tête '7040Base' introuvable.
Erreur dans le fichier ./CSV3\bulletins\bulletins_propres\table_page_576.csv: En-tête '7045Base' introuvable.
Erreur dans le fichier ./CSV3\bulletins\bulletins_propres\table_page_576.csv: En-tête '7050Base' introuvable.
Erreur dans le fichier ./CSV3\bulletins\bulletins_propres\table_page_576.csv: En-tête '7055Base' introuvable.
Erreur dans le fichier ./CSV3\bulletins\bulletins_propres\table_page_576.csv: En-tête '7C00Base' introuvable.
Erreur dans le fichier ./CSV3\bulletins\bulletins_propres\table_page_576.csv: En-tête '7C20Base' introuvable.
Erreur dans le fichier ./CSV3\bulletins\bulletins_propres\table_page_576.csv: En-tête '7M04Base' introuvable.
Erreur dans le fichier ./CSV3\bulletins\bulletins_propres\table_page_576.csv: En-tête '7P10Base' introuvable.
Erreur dans le fichier ./CSV3\bulletins\bulletins_propres\table_page_576.csv: En-tête '7R56Base' introuvable.
Erreur dans le fichier ./CSV3\bulletins\bulletins_propres\table_page_576.csv: En-tête '7R63Base' introuvable.
Erreur dans le fichier ./CSV3\bulletins\bulletins_propres\table_page_576.csv: En-tête '7T00Base' introuvable.
Erreur dans le fichier ./CSV3\bulletins\bulletins_propres\table_page_576.csv: En-tête 'Base' introuvable.
Erreur dans le fichier ./CSV3\bulletins\bulletins_propres\table_page_576.csv: En-tête '7T02Base' introuvable.
Erreur dans le fichier ./CSV3\bulletins\bulletins_propres\table_page_576.csv: En-tête 'Base' introuvable.
Erreur dans le fichier ./CSV3\bulletins\bulletins_propres\table_page_576.csv: En-tête '7T05Base' introuvable.
Erreur dans le fichier ./CSV3\bulletins\bulletins_propres\table_page_576.csv: En-tête 'Base' introuvable.
Erreur dans le fichier ./CSV3\bulletins\bulletins_propres\table_page_576.csv: En-tête '7T10Base' introuvable.
Erreur dans le fichier ./CSV3\bulletins\bulletins_propres\table_page_576.csv: En-tête 'Base' introuvable.
Erreur dans le fichier ./CSV3\bulletins\bulletins_propres\table_page_576.csv: En-tête '7T15Base' introuvable.
Erreur dans le fichier ./CSV3\bulletins\bulletins_propres\table_page_576.csv: En-tête 'Base' introuvable.
Erreur dans le fichier ./CSV3\bulletins\bulletins_propres\table_page_576.csv: En-tête '7T20Base' introuvable.
Erreur dans le fichier ./CSV3\bulletins\bulletins_propres\table_page_576.csv: En-tête '6082Base' introuvable.
Erreur dans le fichier ./CSV3\bulletins\bulletins_propres\table_page_576.csv: En-tête '6094Base' introuvable.
Erreur dans le fichier ./CSV3\bulletins\bulletins_propres\table_page_576.csv: En-tête 'PALCAllégement chômageBase' introuvable.
Erreur dans le fichier ./CSV3\bulletins\bulletins_propres\table_page_576.csv: En-tête 'PALFAllégement FillonBase' introuvable.
Erreur dans le fichier ./CSV3\bulletins\bulletins_propres\table_page_576.csv: En-tête 'PALRAllégement retraiteBase' introuvable.
Erreur dans le fichier ./CSV3\bulletins\bulletins_propres\table_page_576.csv: En-tête 'Total Charges Ded.Base' introuvable.
Erreur dans le fichier ./CSV3\bulletins\bulletins_propres\table_page_576.csv: En-tête '6080Base' introuvable.
Erreur dans le fichier ./CSV3\bulletins\bulletins_propres\table_page_576.csv: En-tête '6084Base' introuvable.
Erreur dans le fichier ./CSV3\bulletins\bulletins_propres\table_page_576.csv: En-tête '6092Base' introuvable.
Erreur dans le fichier ./CSV3\bulletins\bulletins_propres\table_page_576.csv: En-tête '6096Base' introuvable.
Erreur dans le fichier ./CSV3\bulletins\bulletins_propres\table_page_576.csv: En-tête 'Total Charges Non Ded.Base' introuvable.
Erreur dans le fichier ./CSV3\bulletins\bulletins_propres\table_page_576.csv: En-tête '8009Base' introuvable.
Erreur dans le fichier ./CSV3\bulletins\bulletins_propres\table_page_576.csv: En-tête '8010Base' introuvable.
Erreur dans le fichier ./CSV3\bulletins\bulletins_propres\table_page_576.csv: En-tête '8007Base' introuvable.
Erreur dans le fichier ./CSV3\bulletins\bulletins_propres\table_page_576.csv: En-tête '8192Base' introuvable.
Erreur dans le fichier ./CSV3\bulletins\bulletins_propres\table_page_578.csv: En-tête '1001Base' introuvable.
Erreur dans le fichier ./CSV3\bulletins\bulletins_propres\table_page_578.csv: En-tête '1046Base' introuvable.
Erreur dans le fichier ./CSV3\bulletins\bulletins_propres\table_page_578.csv: En-tête 'Base' introuvable.
Erreur dans le fichier ./CSV3\bulletins\bulletins_propres\table_page_578.csv: En-tête '2016Base' introuvable.
Erreur dans le fichier ./CSV3\bulletins\bulletins_propres\table_page_578.csv: En-tête 'Base' introuvable.
Erreur dans le fichier ./CSV3\bulletins\bulletins_propres\table_page_578.csv: En-tête '2050Base' introuvable.
Erreur dans le fichier ./CSV3\bulletins\bulletins_propres\table_page_578.csv: En-tête '2068Base' introuvable.
Erreur dans le fichier ./CSV3\bulletins\bulletins_propres\table_page_578.csv: En-tête '2078Base' introuvable.
Erreur dans le fichier ./CSV3\bulletins\bulletins_propres\table_page_578.csv: En-tête 'Base' introuvable.
Erreur dans le fichier ./CSV3\bulletins\bulletins_propres\table_page_578.csv: En-tête 'TOTAL BRUTBase' introuvable.
Erreur dans le fichier ./CSV3\bulletins\bulletins_propres\table_page_578.csv: En-tête '7001Base' introuvable.
Erreur dans le fichier ./CSV3\bulletins\bulletins_propres\table_page_578.csv: En-tête '7010Base' introuvable.
Erreur dans le fichier ./CSV3\bulletins\bulletins_propres\table_page_578.csv: En-tête '7015Base' introuvable.
Erreur dans le fichier ./CSV3\bulletins\bulletins_propres\table_page_578.csv: En-tête '7020Base' introuvable.
Erreur dans le fichier ./CSV3\bulletins\bulletins_propres\table_page_578.csv: En-tête '7030Base' introuvable.
Erreur dans le fichier ./CSV3\bulletins\bulletins_propres\table_page_578.csv: En-tête '7035Base' introuvable.
Erreur dans le fichier ./CSV3\bulletins\bulletins_propres\table_page_578.csv: En-tête '7040Base' introuvable.
Erreur dans le fichier ./CSV3\bulletins\bulletins_propres\table_page_578.csv: En-tête '7045Base' introuvable.
Erreur dans le fichier ./CSV3\bulletins\bulletins_propres\table_page_578.csv: En-tête 'Base' introuvable.
Erreur dans le fichier ./CSV3\bulletins\bulletins_propres\table_page_578.csv: En-tête '7050Base' introuvable.
Erreur dans le fichier ./CSV3\bulletins\bulletins_propres\table_page_578.csv: En-tête 'Base' introuvable.
Erreur dans le fichier ./CSV3\bulletins\bulletins_propres\table_page_578.csv: En-tête '7055Base' introuvable.
Erreur dans le fichier ./CSV3\bulletins\bulletins_propres\table_page_578.csv: En-tête 'Base' introuvable.
Erreur dans le fichier ./CSV3\bulletins\bulletins_propres\table_page_578.csv: En-tête '7C00Base' introuvable.
Erreur dans le fichier ./CSV3\bulletins\bulletins_propres\table_page_578.csv: En-tête 'Base' introuvable.
Erreur dans le fichier ./CSV3\bulletins\bulletins_propres\table_page_578.csv: En-tête '7C20Base' introuvable.
Erreur dans le fichier ./CSV3\bulletins\bulletins_propres\table_page_578.csv: En-tête '7M03Base' introuvable.
Erreur dans le fichier ./CSV3\bulletins\bulletins_propres\table_page_578.csv: En-tête '7P10Base' introuvable.
Erreur dans le fichier ./CSV3\bulletins\bulletins_propres\table_page_578.csv: En-tête '7R56Base' introuvable.
Erreur dans le fichier ./CSV3\bulletins\bulletins_propres\table_page_578.csv: En-tête '7R63Base' introuvable.
Erreur dans le fichier ./CSV3\bulletins\bulletins_propres\table_page_578.csv: En-tête '7T00Base' introuvable.
Erreur dans le fichier ./CSV3\bulletins\bulletins_propres\table_page_578.csv: En-tête '7T02Base' introuvable.
Erreur dans le fichier ./CSV3\bulletins\bulletins_propres\table_page_578.csv: En-tête '7T05Base' introuvable.
Erreur dans le fichier ./CSV3\bulletins\bulletins_propres\table_page_578.csv: En-tête '7T10Base' introuvable.
Erreur dans le fichier ./CSV3\bulletins\bulletins_propres\table_page_578.csv: En-tête '7T15Base' introuvable.
Erreur dans le fichier ./CSV3\bulletins\bulletins_propres\table_page_578.csv: En-tête '7T20Base' introuvable.
Erreur dans le fichier ./CSV3\bulletins\bulletins_propres\table_page_578.csv: En-tête 'Base' introuvable.
Erreur dans le fichier ./CSV3\bulletins\bulletins_propres\table_page_578.csv: En-tête '6082Base' introuvable.
Erreur dans le fichier ./CSV3\bulletins\bulletins_propres\table_page_578.csv: En-tête '6094Base' introuvable.
Erreur dans le fichier ./CSV3\bulletins\bulletins_propres\table_page_578.csv: En-tête 'PALCAllégement chômageBase' introuvable.
Erreur dans le fichier ./CSV3\bulletins\bulletins_propres\table_page_578.csv: En-tête 'PALCAllégement chômageBase' introuvable.
Erreur dans le fichier ./CSV3\bulletins\bulletins_propres\table_page_578.csv: En-tête 'PALFAllégement FillonBase' introuvable.
Erreur dans le fichier ./CSV3\bulletins\bulletins_propres\table_page_578.csv: En-tête 'PALFAllégement FillonBase' introuvable.
Erreur dans le fichier ./CSV3\bulletins\bulletins_propres\table_page_578.csv: En-tête 'PALRAllégement retraiteBase' introuvable.
Erreur dans le fichier ./CSV3\bulletins\bulletins_propres\table_page_578.csv: En-tête 'PALRAllégement retraiteBase' introuvable.
Erreur dans le fichier ./CSV3\bulletins\bulletins_propres\table_page_578.csv: En-tête 'Total Charges Ded.Base' introuvable.
Erreur dans le fichier ./CSV3\bulletins\bulletins_propres\table_page_578.csv: En-tête '6080Base' introuvable.
Erreur dans le fichier ./CSV3\bulletins\bulletins_propres\table_page_578.csv: En-tête '6084Base' introuvable.
Erreur dans le fichier ./CSV3\bulletins\bulletins_propres\table_page_578.csv: En-tête '6092Base' introuvable.
Erreur dans le fichier ./CSV3\bulletins\bulletins_propres\table_page_578.csv: En-tête '6096Base' introuvable.
Erreur dans le fichier ./CSV3\bulletins\bulletins_propres\table_page_578.csv: En-tête 'Total Charges Non Ded.Base' introuvable.
Erreur dans le fichier ./CSV3\bulletins\bulletins_propres\table_page_578.csv: En-tête '8009Base' introuvable.
Erreur dans le fichier ./CSV3\bulletins\bulletins_propres\table_page_578.csv: En-tête '8010Base' introuvable.
Erreur dans le fichier ./CSV3\bulletins\bulletins_propres\table_page_578.csv: En-tête '8007Base' introuvable.
Erreur dans le fichier ./CSV3\bulletins\bulletins_propres\table_page_578.csv: En-tête '8192Base' introuvable.
Erreur dans le fichier ./CSV3\bulletins\bulletins_propres\table_page_580.csv: En-tête '1001Base' introuvable.
Erreur dans le fichier ./CSV3\bulletins\bulletins_propres\table_page_580.csv: En-tête '1046Base' introuvable.
Erreur dans le fichier ./CSV3\bulletins\bulletins_propres\table_page_580.csv: En-tête 'Base' introuvable.
Erreur dans le fichier ./CSV3\bulletins\bulletins_propres\table_page_580.csv: En-tête '2018Base' introuvable.
Erreur dans le fichier ./CSV3\bulletins\bulletins_propres\table_page_580.csv: En-tête 'Base' introuvable.
Erreur dans le fichier ./CSV3\bulletins\bulletins_propres\table_page_580.csv: En-tête '2068Base' introuvable.
Erreur dans le fichier ./CSV3\bulletins\bulletins_propres\table_page_580.csv: En-tête '2078Base' introuvable.
Erreur dans le fichier ./CSV3\bulletins\bulletins_propres\table_page_580.csv: En-tête '3006Base' introuvable.
Erreur dans le fichier ./CSV3\bulletins\bulletins_propres\table_page_580.csv: En-tête 'Base' introuvable.
Erreur dans le fichier ./CSV3\bulletins\bulletins_propres\table_page_580.csv: En-tête 'TOTAL BRUTBase' introuvable.
Erreur dans le fichier ./CSV3\bulletins\bulletins_propres\table_page_580.csv: En-tête '6S89Base' introuvable.
Erreur dans le fichier ./CSV3\bulletins\bulletins_propres\table_page_580.csv: En-tête '7001Base' introuvable.
Erreur dans le fichier ./CSV3\bulletins\bulletins_propres\table_page_580.csv: En-tête '7010Base' introuvable.
Erreur dans le fichier ./CSV3\bulletins\bulletins_propres\table_page_580.csv: En-tête '7015Base' introuvable.
Erreur dans le fichier ./CSV3\bulletins\bulletins_propres\table_page_580.csv: En-tête '7020Base' introuvable.
Erreur dans le fichier ./CSV3\bulletins\bulletins_propres\table_page_580.csv: En-tête '7030Base' introuvable.
Erreur dans le fichier ./CSV3\bulletins\bulletins_propres\table_page_580.csv: En-tête '7035Base' introuvable.
Erreur dans le fichier ./CSV3\bulletins\bulletins_propres\table_page_580.csv: En-tête '7040Base' introuvable.
Erreur dans le fichier ./CSV3\bulletins\bulletins_propres\table_page_580.csv: En-tête 'Base' introuvable.
Erreur dans le fichier ./CSV3\bulletins\bulletins_propres\table_page_580.csv: En-tête '7045Base' introuvable.
Erreur dans le fichier ./CSV3\bulletins\bulletins_propres\table_page_580.csv: En-tête 'Base' introuvable.
Erreur dans le fichier ./CSV3\bulletins\bulletins_propres\table_page_580.csv: En-tête '7050Base' introuvable.
Erreur dans le fichier ./CSV3\bulletins\bulletins_propres\table_page_580.csv: En-tête 'Base' introuvable.
Erreur dans le fichier ./CSV3\bulletins\bulletins_propres\table_page_580.csv: En-tête '7055Base' introuvable.
Erreur dans le fichier ./CSV3\bulletins\bulletins_propres\table_page_580.csv: En-tête 'Base' introuvable.
Erreur dans le fichier ./CSV3\bulletins\bulletins_propres\table_page_580.csv: En-tête '7C00Base' introuvable.
Erreur dans le fichier ./CSV3\bulletins\bulletins_propres\table_page_580.csv: En-tête '7C20Base' introuvable.
Erreur dans le fichier ./CSV3\bulletins\bulletins_propres\table_page_580.csv: En-tête '7M03Base' introuvable.
Erreur dans le fichier ./CSV3\bulletins\bulletins_propres\table_page_580.csv: En-tête '7P10Base' introuvable.
Erreur dans le fichier ./CSV3\bulletins\bulletins_propres\table_page_580.csv: En-tête '7R56Base' introuvable.
Erreur dans le fichier ./CSV3\bulletins\bulletins_propres\table_page_580.csv: En-tête '7R63Base' introuvable.
Erreur dans le fichier ./CSV3\bulletins\bulletins_propres\table_page_580.csv: En-tête '7T00Base' introuvable.
Erreur dans le fichier ./CSV3\bulletins\bulletins_propres\table_page_580.csv: En-tête '7T02Base' introuvable.
Erreur dans le fichier ./CSV3\bulletins\bulletins_propres\table_page_580.csv: En-tête '7T05Base' introuvable.
Erreur dans le fichier ./CSV3\bulletins\bulletins_propres\table_page_580.csv: En-tête '7T10Base' introuvable.
Erreur dans le fichier ./CSV3\bulletins\bulletins_propres\table_page_580.csv: En-tête '7T15Base' introuvable.
Erreur dans le fichier ./CSV3\bulletins\bulletins_propres\table_page_580.csv: En-tête 'Base' introuvable.
Erreur dans le fichier ./CSV3\bulletins\bulletins_propres\table_page_580.csv: En-tête '7T20Base' introuvable.
Erreur dans le fichier ./CSV3\bulletins\bulletins_propres\table_page_580.csv: En-tête '6082Base' introuvable.
Erreur dans le fichier ./CSV3\bulletins\bulletins_propres\table_page_580.csv: En-tête '6094Base' introuvable.
Erreur dans le fichier ./CSV3\bulletins\bulletins_propres\table_page_580.csv: En-tête 'PALCAllégement chômageBase' introuvable.
Erreur dans le fichier ./CSV3\bulletins\bulletins_propres\table_page_580.csv: En-tête 'PALFAllégement FillonBase' introuvable.
Erreur dans le fichier ./CSV3\bulletins\bulletins_propres\table_page_580.csv: En-tête 'PALRAllégement retraiteBase' introuvable.
Erreur dans le fichier ./CSV3\bulletins\bulletins_propres\table_page_580.csv: En-tête 'Total Charges Ded.Base' introuvable.
Erreur dans le fichier ./CSV3\bulletins\bulletins_propres\table_page_580.csv: En-tête '6070Base' introuvable.
Erreur dans le fichier ./CSV3\bulletins\bulletins_propres\table_page_580.csv: En-tête '6074Base' introuvable.
Erreur dans le fichier ./CSV3\bulletins\bulletins_propres\table_page_580.csv: En-tête '6080Base' introuvable.
Erreur dans le fichier ./CSV3\bulletins\bulletins_propres\table_page_580.csv: En-tête '6084Base' introuvable.
Erreur dans le fichier ./CSV3\bulletins\bulletins_propres\table_page_580.csv: En-tête '6092Base' introuvable.
Erreur dans le fichier ./CSV3\bulletins\bulletins_propres\table_page_580.csv: En-tête '6096Base' introuvable.
Erreur dans le fichier ./CSV3\bulletins\bulletins_propres\table_page_580.csv: En-tête 'Total Charges Non Ded.Base' introuvable.
Erreur dans le fichier ./CSV3\bulletins\bulletins_propres\table_page_580.csv: En-tête '8009Base' introuvable.
Erreur dans le fichier ./CSV3\bulletins\bulletins_propres\table_page_580.csv: En-tête '8010Base' introuvable.
Erreur dans le fichier ./CSV3\bulletins\bulletins_propres\table_page_580.csv: En-tête '8007Base' introuvable.
Erreur dans le fichier ./CSV3\bulletins\bulletins_propres\table_page_580.csv: En-tête '8192Base' introuvable.
Erreur dans le fichier ./CSV3\bulletins\bulletins_propres\table_page_580.csv: En-tête '8190Base' introuvable.
Erreur dans le fichier ./CSV3\bulletins\bulletins_propres\table_page_582.csv: En-tête '1001Base' introuvable.
Erreur dans le fichier ./CSV3\bulletins\bulletins_propres\table_page_582.csv: En-tête '1046Base' introuvable.
Erreur dans le fichier ./CSV3\bulletins\bulletins_propres\table_page_582.csv: En-tête 'Base' introuvable.
Erreur dans le fichier ./CSV3\bulletins\bulletins_propres\table_page_582.csv: En-tête '2018Base' introuvable.
Erreur dans le fichier ./CSV3\bulletins\bulletins_propres\table_page_582.csv: En-tête 'Base' introuvable.
Erreur dans le fichier ./CSV3\bulletins\bulletins_propres\table_page_582.csv: En-tête '2068Base' introuvable.
Erreur dans le fichier ./CSV3\bulletins\bulletins_propres\table_page_582.csv: En-tête '2078Base' introuvable.
Erreur dans le fichier ./CSV3\bulletins\bulletins_propres\table_page_582.csv: En-tête 'Base' introuvable.
Erreur dans le fichier ./CSV3\bulletins\bulletins_propres\table_page_582.csv: En-tête 'TOTAL BRUTBase' introuvable.
Erreur dans le fichier ./CSV3\bulletins\bulletins_propres\table_page_582.csv: En-tête '7001Base' introuvable.
Erreur dans le fichier ./CSV3\bulletins\bulletins_propres\table_page_582.csv: En-tête '7010Base' introuvable.
Erreur dans le fichier ./CSV3\bulletins\bulletins_propres\table_page_582.csv: En-tête '7015Base' introuvable.
Erreur dans le fichier ./CSV3\bulletins\bulletins_propres\table_page_582.csv: En-tête '7020Base' introuvable.
Erreur dans le fichier ./CSV3\bulletins\bulletins_propres\table_page_582.csv: En-tête '7030Base' introuvable.
Erreur dans le fichier ./CSV3\bulletins\bulletins_propres\table_page_582.csv: En-tête '7035Base' introuvable.
Erreur dans le fichier ./CSV3\bulletins\bulletins_propres\table_page_582.csv: En-tête '7040Base' introuvable.
Erreur dans le fichier ./CSV3\bulletins\bulletins_propres\table_page_582.csv: En-tête '7045Base' introuvable.
Erreur dans le fichier ./CSV3\bulletins\bulletins_propres\table_page_582.csv: En-tête '7050Base' introuvable.
Erreur dans le fichier ./CSV3\bulletins\bulletins_propres\table_page_582.csv: En-tête 'Base' introuvable.
Erreur dans le fichier ./CSV3\bulletins\bulletins_propres\table_page_582.csv: En-tête '7055Base' introuvable.
Erreur dans le fichier ./CSV3\bulletins\bulletins_propres\table_page_582.csv: En-tête 'Base' introuvable.
Erreur dans le fichier ./CSV3\bulletins\bulletins_propres\table_page_582.csv: En-tête '7C00Base' introuvable.
Erreur dans le fichier ./CSV3\bulletins\bulletins_propres\table_page_582.csv: En-tête 'Base' introuvable.
Erreur dans le fichier ./CSV3\bulletins\bulletins_propres\table_page_582.csv: En-tête '7C20Base' introuvable.
Erreur dans le fichier ./CSV3\bulletins\bulletins_propres\table_page_582.csv: En-tête 'Base' introuvable.
Erreur dans le fichier ./CSV3\bulletins\bulletins_propres\table_page_582.csv: En-tête '7M03Base' introuvable.
Erreur dans le fichier ./CSV3\bulletins\bulletins_propres\table_page_582.csv: En-tête '7P10Base' introuvable.
Erreur dans le fichier ./CSV3\bulletins\bulletins_propres\table_page_582.csv: En-tête '7R56Base' introuvable.
Erreur dans le fichier ./CSV3\bulletins\bulletins_propres\table_page_582.csv: En-tête '7R63Base' introuvable.
Erreur dans le fichier ./CSV3\bulletins\bulletins_propres\table_page_582.csv: En-tête '7T00Base' introuvable.
Erreur dans le fichier ./CSV3\bulletins\bulletins_propres\table_page_582.csv: En-tête '7T02Base' introuvable.
Erreur dans le fichier ./CSV3\bulletins\bulletins_propres\table_page_582.csv: En-tête '7T05Base' introuvable.
Erreur dans le fichier ./CSV3\bulletins\bulletins_propres\table_page_582.csv: En-tête '7T10Base' introuvable.
Erreur dans le fichier ./CSV3\bulletins\bulletins_propres\table_page_582.csv: En-tête '7T15Base' introuvable.
Erreur dans le fichier ./CSV3\bulletins\bulletins_propres\table_page_582.csv: En-tête '7T20Base' introuvable.
Erreur dans le fichier ./CSV3\bulletins\bulletins_propres\table_page_582.csv: En-tête '6082Base' introuvable.
Erreur dans le fichier ./CSV3\bulletins\bulletins_propres\table_page_582.csv: En-tête 'Base' introuvable.
Erreur dans le fichier ./CSV3\bulletins\bulletins_propres\table_page_582.csv: En-tête '6094Base' introuvable.
Erreur dans le fichier ./CSV3\bulletins\bulletins_propres\table_page_582.csv: En-tête 'PALCAllégement chômageBase' introuvable.
Erreur dans le fichier ./CSV3\bulletins\bulletins_propres\table_page_582.csv: En-tête 'PALFAllégement FillonBase' introuvable.
Erreur dans le fichier ./CSV3\bulletins\bulletins_propres\table_page_582.csv: En-tête 'PALRAllégement retraiteBase' introuvable.
Erreur dans le fichier ./CSV3\bulletins\bulletins_propres\table_page_582.csv: En-tête 'Total Charges Ded.Base' introuvable.
Erreur dans le fichier ./CSV3\bulletins\bulletins_propres\table_page_582.csv: En-tête '6080Base' introuvable.
Erreur dans le fichier ./CSV3\bulletins\bulletins_propres\table_page_582.csv: En-tête '6084Base' introuvable.
Erreur dans le fichier ./CSV3\bulletins\bulletins_propres\table_page_582.csv: En-tête '6092Base' introuvable.
Erreur dans le fichier ./CSV3\bulletins\bulletins_propres\table_page_582.csv: En-tête '6096Base' introuvable.
Erreur dans le fichier ./CSV3\bulletins\bulletins_propres\table_page_582.csv: En-tête 'Total Charges Non Ded.Base' introuvable.
Erreur dans le fichier ./CSV3\bulletins\bulletins_propres\table_page_582.csv: En-tête '8009Base' introuvable.
Erreur dans le fichier ./CSV3\bulletins\bulletins_propres\table_page_582.csv: En-tête '8010Base' introuvable.
Erreur dans le fichier ./CSV3\bulletins\bulletins_propres\table_page_582.csv: En-tête '8007Base' introuvable.
Erreur dans le fichier ./CSV3\bulletins\bulletins_propres\table_page_582.csv: En-tête '8192Base' introuvable.
Erreur dans le fichier ./CSV3\bulletins\bulletins_propres\table_page_584.csv: En-tête '1002Base' introuvable.
Erreur dans le fichier ./CSV3\bulletins\bulletins_propres\table_page_584.csv: En-tête 'Base' introuvable.
Erreur dans le fichier ./CSV3\bulletins\bulletins_propres\table_page_584.csv: En-tête 'TOTAL BRUTBase' introuvable.
Erreur dans le fichier ./CSV3\bulletins\bulletins_propres\table_page_584.csv: En-tête 'Base' introuvable.
Erreur dans le fichier ./CSV3\bulletins\bulletins_propres\table_page_584.csv: En-tête '7001Base' introuvable.
Erreur dans le fichier ./CSV3\bulletins\bulletins_propres\table_page_584.csv: En-tête 'Base' introuvable.
Erreur dans le fichier ./CSV3\bulletins\bulletins_propres\table_page_584.csv: En-tête '7002Base' introuvable.
Erreur dans le fichier ./CSV3\bulletins\bulletins_propres\table_page_584.csv: En-tête 'Base' introuvable.
Erreur dans le fichier ./CSV3\bulletins\bulletins_propres\table_page_584.csv: En-tête '7010Base' introuvable.
Erreur dans le fichier ./CSV3\bulletins\bulletins_propres\table_page_584.csv: En-tête '7015Base' introuvable.
Erreur dans le fichier ./CSV3\bulletins\bulletins_propres\table_page_584.csv: En-tête '7020Base' introuvable.
Erreur dans le fichier ./CSV3\bulletins\bulletins_propres\table_page_584.csv: En-tête '7030Base' introuvable.
Erreur dans le fichier ./CSV3\bulletins\bulletins_propres\table_page_584.csv: En-tête '7035Base' introuvable.
Erreur dans le fichier ./CSV3\bulletins\bulletins_propres\table_page_584.csv: En-tête '7040Base' introuvable.
Erreur dans le fichier ./CSV3\bulletins\bulletins_propres\table_page_584.csv: En-tête '7045Base' introuvable.
Erreur dans le fichier ./CSV3\bulletins\bulletins_propres\table_page_584.csv: En-tête '7050Base' introuvable.
Erreur dans le fichier ./CSV3\bulletins\bulletins_propres\table_page_584.csv: En-tête '7055Base' introuvable.
Erreur dans le fichier ./CSV3\bulletins\bulletins_propres\table_page_584.csv: En-tête '7C00Base' introuvable.
Erreur dans le fichier ./CSV3\bulletins\bulletins_propres\table_page_584.csv: En-tête '7C10Base' introuvable.
Erreur dans le fichier ./CSV3\bulletins\bulletins_propres\table_page_584.csv: En-tête 'Base' introuvable.
Erreur dans le fichier ./CSV3\bulletins\bulletins_propres\table_page_584.csv: En-tête '7C20Base' introuvable.
Erreur dans le fichier ./CSV3\bulletins\bulletins_propres\table_page_584.csv: En-tête 'Base' introuvable.
Erreur dans le fichier ./CSV3\bulletins\bulletins_propres\table_page_584.csv: En-tête '7M05Base' introuvable.
Erreur dans le fichier ./CSV3\bulletins\bulletins_propres\table_page_584.csv: En-tête 'Base' introuvable.
Erreur dans le fichier ./CSV3\bulletins\bulletins_propres\table_page_584.csv: En-tête '7P20Base' introuvable.
Erreur dans le fichier ./CSV3\bulletins\bulletins_propres\table_page_584.csv: En-tête 'Base' introuvable.
Erreur dans le fichier ./CSV3\bulletins\bulletins_propres\table_page_584.csv: En-tête '7P25Base' introuvable.
Erreur dans le fichier ./CSV3\bulletins\bulletins_propres\table_page_584.csv: En-tête '7R44Base' introuvable.
Erreur dans le fichier ./CSV3\bulletins\bulletins_propres\table_page_584.csv: En-tête '7R45Base' introuvable.
Erreur dans le fichier ./CSV3\bulletins\bulletins_propres\table_page_584.csv: En-tête '7R53Base' introuvable.
Erreur dans le fichier ./CSV3\bulletins\bulletins_propres\table_page_584.csv: En-tête '7R54Base' introuvable.
Erreur dans le fichier ./CSV3\bulletins\bulletins_propres\table_page_584.csv: En-tête '7R63Base' introuvable.
Erreur dans le fichier ./CSV3\bulletins\bulletins_propres\table_page_584.csv: En-tête '7R64Base' introuvable.
Erreur dans le fichier ./CSV3\bulletins\bulletins_propres\table_page_584.csv: En-tête '7R70Base' introuvable.
Erreur dans le fichier ./CSV3\bulletins\bulletins_propres\table_page_584.csv: En-tête '7R71Base' introuvable.
Erreur dans le fichier ./CSV3\bulletins\bulletins_propres\table_page_584.csv: En-tête '7T00Base' introuvable.
Erreur dans le fichier ./CSV3\bulletins\bulletins_propres\table_page_584.csv: En-tête '7T02Base' introuvable.
Erreur dans le fichier ./CSV3\bulletins\bulletins_propres\table_page_584.csv: En-tête 'Base' introuvable.
Erreur dans le fichier ./CSV3\bulletins\bulletins_propres\table_page_584.csv: En-tête '7T05Base' introuvable.
Erreur dans le fichier ./CSV3\bulletins\bulletins_propres\table_page_584.csv: En-tête '7T10Base' introuvable.
Erreur dans le fichier ./CSV3\bulletins\bulletins_propres\table_page_584.csv: En-tête '7T15Base' introuvable.
Erreur dans le fichier ./CSV3\bulletins\bulletins_propres\table_page_584.csv: En-tête '7T20Base' introuvable.
Erreur dans le fichier ./CSV3\bulletins\bulletins_propres\table_page_584.csv: En-tête '6082Base' introuvable.
Erreur dans le fichier ./CSV3\bulletins\bulletins_propres\table_page_584.csv: En-tête '6094Base' introuvable.
Erreur dans le fichier ./CSV3\bulletins\bulletins_propres\table_page_584.csv: En-tête 'Total Charges Ded.Base' introuvable.
Erreur dans le fichier ./CSV3\bulletins\bulletins_propres\table_page_584.csv: En-tête '6080Base' introuvable.
Erreur dans le fichier ./CSV3\bulletins\bulletins_propres\table_page_584.csv: En-tête '6084Base' introuvable.
Erreur dans le fichier ./CSV3\bulletins\bulletins_propres\table_page_584.csv: En-tête '6092Base' introuvable.
Erreur dans le fichier ./CSV3\bulletins\bulletins_propres\table_page_584.csv: En-tête '6096Base' introuvable.
Erreur dans le fichier ./CSV3\bulletins\bulletins_propres\table_page_584.csv: En-tête 'Total Charges Non Ded.Base' introuvable.
Erreur dans le fichier ./CSV3\bulletins\bulletins_propres\table_page_584.csv: En-tête '8009Base' introuvable.
Erreur dans le fichier ./CSV3\bulletins\bulletins_propres\table_page_584.csv: En-tête '8010Base' introuvable.
Erreur dans le fichier ./CSV3\bulletins\bulletins_propres\table_page_584.csv: En-tête '8007Base' introuvable.
Erreur dans le fichier ./CSV3\bulletins\bulletins_propres\table_page_586.csv: En-tête '1001Base' introuvable.
Erreur dans le fichier ./CSV3\bulletins\bulletins_propres\table_page_586.csv: En-tête '3050Base' introuvable.
Erreur dans le fichier ./CSV3\bulletins\bulletins_propres\table_page_586.csv: En-tête 'Base' introuvable.
Erreur dans le fichier ./CSV3\bulletins\bulletins_propres\table_page_586.csv: En-tête '3360Base' introuvable.
Erreur dans le fichier ./CSV3\bulletins\bulletins_propres\table_page_586.csv: En-tête 'Base' introuvable.
Erreur dans le fichier ./CSV3\bulletins\bulletins_propres\table_page_586.csv: En-tête '3362Base' introuvable.
Erreur dans le fichier ./CSV3\bulletins\bulletins_propres\table_page_586.csv: En-tête '3416Base' introuvable.
Erreur dans le fichier ./CSV3\bulletins\bulletins_propres\table_page_586.csv: En-tête '3418Base' introuvable.
Erreur dans le fichier ./CSV3\bulletins\bulletins_propres\table_page_586.csv: En-tête 'Base' introuvable.
Erreur dans le fichier ./CSV3\bulletins\bulletins_propres\table_page_586.csv: En-tête 'TOTAL BRUTBase' introuvable.
Erreur dans le fichier ./CSV3\bulletins\bulletins_propres\table_page_586.csv: En-tête '7001Base' introuvable.
Erreur dans le fichier ./CSV3\bulletins\bulletins_propres\table_page_586.csv: En-tête '7010Base' introuvable.
Erreur dans le fichier ./CSV3\bulletins\bulletins_propres\table_page_586.csv: En-tête '7015Base' introuvable.
Erreur dans le fichier ./CSV3\bulletins\bulletins_propres\table_page_586.csv: En-tête '7020Base' introuvable.
Erreur dans le fichier ./CSV3\bulletins\bulletins_propres\table_page_586.csv: En-tête '7030Base' introuvable.
Erreur dans le fichier ./CSV3\bulletins\bulletins_propres\table_page_586.csv: En-tête '7035Base' introuvable.
Erreur dans le fichier ./CSV3\bulletins\bulletins_propres\table_page_586.csv: En-tête '7040Base' introuvable.
Erreur dans le fichier ./CSV3\bulletins\bulletins_propres\table_page_586.csv: En-tête '7045Base' introuvable.
Erreur dans le fichier ./CSV3\bulletins\bulletins_propres\table_page_586.csv: En-tête 'Base' introuvable.
Erreur dans le fichier ./CSV3\bulletins\bulletins_propres\table_page_586.csv: En-tête '7050Base' introuvable.
Erreur dans le fichier ./CSV3\bulletins\bulletins_propres\table_page_586.csv: En-tête 'Base' introuvable.
Erreur dans le fichier ./CSV3\bulletins\bulletins_propres\table_page_586.csv: En-tête '7055Base' introuvable.
Erreur dans le fichier ./CSV3\bulletins\bulletins_propres\table_page_586.csv: En-tête 'Base' introuvable.
Erreur dans le fichier ./CSV3\bulletins\bulletins_propres\table_page_586.csv: En-tête '7C00Base' introuvable.
Erreur dans le fichier ./CSV3\bulletins\bulletins_propres\table_page_586.csv: En-tête 'Base' introuvable.
Erreur dans le fichier ./CSV3\bulletins\bulletins_propres\table_page_586.csv: En-tête '7C20Base' introuvable.
Erreur dans le fichier ./CSV3\bulletins\bulletins_propres\table_page_586.csv: En-tête '7M05Base' introuvable.
Erreur dans le fichier ./CSV3\bulletins\bulletins_propres\table_page_586.csv: En-tête '7P20Base' introuvable.
Erreur dans le fichier ./CSV3\bulletins\bulletins_propres\table_page_586.csv: En-tête '7R44Base' introuvable.
Erreur dans le fichier ./CSV3\bulletins\bulletins_propres\table_page_586.csv: En-tête '7R53Base' introuvable.
Erreur dans le fichier ./CSV3\bulletins\bulletins_propres\table_page_586.csv: En-tête '7R63Base' introuvable.
Erreur dans le fichier ./CSV3\bulletins\bulletins_propres\table_page_586.csv: En-tête '7T00Base' introuvable.
Erreur dans le fichier ./CSV3\bulletins\bulletins_propres\table_page_586.csv: En-tête '7T02Base' introuvable.
Erreur dans le fichier ./CSV3\bulletins\bulletins_propres\table_page_586.csv: En-tête '7T05Base' introuvable.
Erreur dans le fichier ./CSV3\bulletins\bulletins_propres\table_page_586.csv: En-tête '7T10Base' introuvable.
Erreur dans le fichier ./CSV3\bulletins\bulletins_propres\table_page_586.csv: En-tête '7T15Base' introuvable.
Erreur dans le fichier ./CSV3\bulletins\bulletins_propres\table_page_586.csv: En-tête 'Base' introuvable.
Erreur dans le fichier ./CSV3\bulletins\bulletins_propres\table_page_586.csv: En-tête '7T20Base' introuvable.
Erreur dans le fichier ./CSV3\bulletins\bulletins_propres\table_page_586.csv: En-tête 'Base' introuvable.
Erreur dans le fichier ./CSV3\bulletins\bulletins_propres\table_page_586.csv: En-tête '6082Base' introuvable.
Erreur dans le fichier ./CSV3\bulletins\bulletins_propres\table_page_586.csv: En-tête 'Base' introuvable.
Erreur dans le fichier ./CSV3\bulletins\bulletins_propres\table_page_586.csv: En-tête '6094Base' introuvable.
Erreur dans le fichier ./CSV3\bulletins\bulletins_propres\table_page_586.csv: En-tête 'Base' introuvable.
Erreur dans le fichier ./CSV3\bulletins\bulletins_propres\table_page_586.csv: En-tête 'Total Charges Ded.Base' introuvable.
Erreur dans le fichier ./CSV3\bulletins\bulletins_propres\table_page_586.csv: En-tête '6080Base' introuvable.
Erreur dans le fichier ./CSV3\bulletins\bulletins_propres\table_page_586.csv: En-tête '6084Base' introuvable.
Erreur dans le fichier ./CSV3\bulletins\bulletins_propres\table_page_586.csv: En-tête '6092Base' introuvable.
Erreur dans le fichier ./CSV3\bulletins\bulletins_propres\table_page_586.csv: En-tête '6096Base' introuvable.
Erreur dans le fichier ./CSV3\bulletins\bulletins_propres\table_page_586.csv: En-tête 'Total Charges Non Ded.Base' introuvable.
Erreur dans le fichier ./CSV3\bulletins\bulletins_propres\table_page_586.csv: En-tête '8009Base' introuvable.
Erreur dans le fichier ./CSV3\bulletins\bulletins_propres\table_page_586.csv: En-tête '8010Base' introuvable.
Erreur dans le fichier ./CSV3\bulletins\bulletins_propres\table_page_586.csv: En-tête '8007Base' introuvable.
Erreur dans le fichier ./CSV3\bulletins\bulletins_propres\table_page_588.csv: En-tête '1001Base' introuvable.
Erreur dans le fichier ./CSV3\bulletins\bulletins_propres\table_page_588.csv: En-tête '1046Base' introuvable.
Erreur dans le fichier ./CSV3\bulletins\bulletins_propres\table_page_588.csv: En-tête 'Base' introuvable.
Erreur dans le fichier ./CSV3\bulletins\bulletins_propres\table_page_588.csv: En-tête '2018Base' introuvable.
Erreur dans le fichier ./CSV3\bulletins\bulletins_propres\table_page_588.csv: En-tête 'Base' introuvable.
Erreur dans le fichier ./CSV3\bulletins\bulletins_propres\table_page_588.csv: En-tête '2078Base' introuvable.
Erreur dans le fichier ./CSV3\bulletins\bulletins_propres\table_page_588.csv: En-tête '3006Base' introuvable.
Erreur dans le fichier ./CSV3\bulletins\bulletins_propres\table_page_588.csv: En-tête 'Base' introuvable.
Erreur dans le fichier ./CSV3\bulletins\bulletins_propres\table_page_588.csv: En-tête 'TOTAL BRUTBase' introuvable.
Erreur dans le fichier ./CSV3\bulletins\bulletins_propres\table_page_588.csv: En-tête '6S89Base' introuvable.
Erreur dans le fichier ./CSV3\bulletins\bulletins_propres\table_page_588.csv: En-tête '7001Base' introuvable.
Erreur dans le fichier ./CSV3\bulletins\bulletins_propres\table_page_588.csv: En-tête '7010Base' introuvable.
Erreur dans le fichier ./CSV3\bulletins\bulletins_propres\table_page_588.csv: En-tête '7015Base' introuvable.
Erreur dans le fichier ./CSV3\bulletins\bulletins_propres\table_page_588.csv: En-tête '7020Base' introuvable.
Erreur dans le fichier ./CSV3\bulletins\bulletins_propres\table_page_588.csv: En-tête '7030Base' introuvable.
Erreur dans le fichier ./CSV3\bulletins\bulletins_propres\table_page_588.csv: En-tête '7035Base' introuvable.
Erreur dans le fichier ./CSV3\bulletins\bulletins_propres\table_page_588.csv: En-tête '7040Base' introuvable.
Erreur dans le fichier ./CSV3\bulletins\bulletins_propres\table_page_588.csv: En-tête '7045Base' introuvable.
Erreur dans le fichier ./CSV3\bulletins\bulletins_propres\table_page_588.csv: En-tête 'Base' introuvable.
Erreur dans le fichier ./CSV3\bulletins\bulletins_propres\table_page_588.csv: En-tête '7050Base' introuvable.
Erreur dans le fichier ./CSV3\bulletins\bulletins_propres\table_page_588.csv: En-tête 'Base' introuvable.
Erreur dans le fichier ./CSV3\bulletins\bulletins_propres\table_page_588.csv: En-tête '7055Base' introuvable.
Erreur dans le fichier ./CSV3\bulletins\bulletins_propres\table_page_588.csv: En-tête 'Base' introuvable.
Erreur dans le fichier ./CSV3\bulletins\bulletins_propres\table_page_588.csv: En-tête '7C00Base' introuvable.
Erreur dans le fichier ./CSV3\bulletins\bulletins_propres\table_page_588.csv: En-tête 'Base' introuvable.
Erreur dans le fichier ./CSV3\bulletins\bulletins_propres\table_page_588.csv: En-tête '7C20Base' introuvable.
Erreur dans le fichier ./CSV3\bulletins\bulletins_propres\table_page_588.csv: En-tête '7M05Base' introuvable.
Erreur dans le fichier ./CSV3\bulletins\bulletins_propres\table_page_588.csv: En-tête '7P20Base' introuvable.
Erreur dans le fichier ./CSV3\bulletins\bulletins_propres\table_page_588.csv: En-tête '7R56Base' introuvable.
Erreur dans le fichier ./CSV3\bulletins\bulletins_propres\table_page_588.csv: En-tête '7R63Base' introuvable.
Erreur dans le fichier ./CSV3\bulletins\bulletins_propres\table_page_588.csv: En-tête '7T00Base' introuvable.
Erreur dans le fichier ./CSV3\bulletins\bulletins_propres\table_page_588.csv: En-tête '7T02Base' introuvable.
Erreur dans le fichier ./CSV3\bulletins\bulletins_propres\table_page_588.csv: En-tête '7T05Base' introuvable.
Erreur dans le fichier ./CSV3\bulletins\bulletins_propres\table_page_588.csv: En-tête '7T10Base' introuvable.
Erreur dans le fichier ./CSV3\bulletins\bulletins_propres\table_page_588.csv: En-tête '7T15Base' introuvable.
Erreur dans le fichier ./CSV3\bulletins\bulletins_propres\table_page_588.csv: En-tête '7T20Base' introuvable.
Erreur dans le fichier ./CSV3\bulletins\bulletins_propres\table_page_588.csv: En-tête 'Base' introuvable.
Erreur dans le fichier ./CSV3\bulletins\bulletins_propres\table_page_588.csv: En-tête '6082Base' introuvable.
Erreur dans le fichier ./CSV3\bulletins\bulletins_propres\table_page_588.csv: En-tête '6094Base' introuvable.
Erreur dans le fichier ./CSV3\bulletins\bulletins_propres\table_page_588.csv: En-tête 'PALCAllégement chômageBase' introuvable.
Erreur dans le fichier ./CSV3\bulletins\bulletins_propres\table_page_588.csv: En-tête 'PALFAllégement FillonBase' introuvable.
Erreur dans le fichier ./CSV3\bulletins\bulletins_propres\table_page_588.csv: En-tête 'PALRAllégement retraiteBase' introuvable.
Erreur dans le fichier ./CSV3\bulletins\bulletins_propres\table_page_588.csv: En-tête 'Total Charges Ded.Base' introuvable.
Erreur dans le fichier ./CSV3\bulletins\bulletins_propres\table_page_588.csv: En-tête '6070Base' introuvable.
Erreur dans le fichier ./CSV3\bulletins\bulletins_propres\table_page_588.csv: En-tête '6074Base' introuvable.
Erreur dans le fichier ./CSV3\bulletins\bulletins_propres\table_page_588.csv: En-tête '6080Base' introuvable.
Erreur dans le fichier ./CSV3\bulletins\bulletins_propres\table_page_588.csv: En-tête '6084Base' introuvable.
Erreur dans le fichier ./CSV3\bulletins\bulletins_propres\table_page_588.csv: En-tête '6092Base' introuvable.
Erreur dans le fichier ./CSV3\bulletins\bulletins_propres\table_page_588.csv: En-tête '6096Base' introuvable.
Erreur dans le fichier ./CSV3\bulletins\bulletins_propres\table_page_588.csv: En-tête 'Total Charges Non Ded.Base' introuvable.
Erreur dans le fichier ./CSV3\bulletins\bulletins_propres\table_page_588.csv: En-tête '8009Base' introuvable.
Erreur dans le fichier ./CSV3\bulletins\bulletins_propres\table_page_588.csv: En-tête '8010Base' introuvable.
Erreur dans le fichier ./CSV3\bulletins\bulletins_propres\table_page_588.csv: En-tête '8007Base' introuvable.
Erreur dans le fichier ./CSV3\bulletins\bulletins_propres\table_page_588.csv: En-tête '8190Base' introuvable.
Erreur dans le fichier ./CSV3\bulletins\bulletins_propres\table_page_588.csv: En-tête '8192Base' introuvable.
Erreur dans le fichier ./CSV3\bulletins\bulletins_propres\table_page_588.csv: En-tête 'Base' introuvable.
Erreur dans le fichier ./CSV3\bulletins\bulletins_propres\table_page_588.csv: En-tête 'Base' introuvable.
Erreur dans le fichier ./CSV3\bulletins\bulletins_propres\table_page_588.csv: En-tête 'Impôt sur le revenuBase' introuvable.
Erreur dans le fichier ./CSV3\bulletins\bulletins_propres\table_page_588.csv: En-tête 'Impôt sur le revenu à la sourceBase' introuvable.
Erreur dans le fichier ./CSV3\bulletins\bulletins_propres\table_page_59.csv: En-tête '1001Base' introuvable.
Erreur dans le fichier ./CSV3\bulletins\bulletins_propres\table_page_59.csv: En-tête '1046Base' introuvable.
Erreur dans le fichier ./CSV3\bulletins\bulletins_propres\table_page_59.csv: En-tête 'Base' introuvable.
Erreur dans le fichier ./CSV3\bulletins\bulletins_propres\table_page_59.csv: En-tête '2012Base' introuvable.
Erreur dans le fichier ./CSV3\bulletins\bulletins_propres\table_page_59.csv: En-tête 'Base' introuvable.
Erreur dans le fichier ./CSV3\bulletins\bulletins_propres\table_page_59.csv: En-tête '2018Base' introuvable.
Erreur dans le fichier ./CSV3\bulletins\bulletins_propres\table_page_59.csv: En-tête '2068Base' introuvable.
Erreur dans le fichier ./CSV3\bulletins\bulletins_propres\table_page_59.csv: En-tête '2078Base' introuvable.
Erreur dans le fichier ./CSV3\bulletins\bulletins_propres\table_page_59.csv: En-tête '3280Base' introuvable.
Erreur dans le fichier ./CSV3\bulletins\bulletins_propres\table_page_59.csv: En-tête '3285Base' introuvable.
Erreur dans le fichier ./CSV3\bulletins\bulletins_propres\table_page_59.csv: En-tête '3505Base' introuvable.
Erreur dans le fichier ./CSV3\bulletins\bulletins_propres\table_page_59.csv: En-tête 'Base' introuvable.
Erreur dans le fichier ./CSV3\bulletins\bulletins_propres\table_page_59.csv: En-tête 'TOTAL BRUTBase' introuvable.
Erreur dans le fichier ./CSV3\bulletins\bulletins_propres\table_page_59.csv: En-tête '7001Base' introuvable.
Erreur dans le fichier ./CSV3\bulletins\bulletins_propres\table_page_59.csv: En-tête '7010Base' introuvable.
Erreur dans le fichier ./CSV3\bulletins\bulletins_propres\table_page_59.csv: En-tête '7015Base' introuvable.
Erreur dans le fichier ./CSV3\bulletins\bulletins_propres\table_page_59.csv: En-tête '7020Base' introuvable.
Erreur dans le fichier ./CSV3\bulletins\bulletins_propres\table_page_59.csv: En-tête '7030Base' introuvable.
Erreur dans le fichier ./CSV3\bulletins\bulletins_propres\table_page_59.csv: En-tête 'Base' introuvable.
Erreur dans le fichier ./CSV3\bulletins\bulletins_propres\table_page_59.csv: En-tête '7035Base' introuvable.
Erreur dans le fichier ./CSV3\bulletins\bulletins_propres\table_page_59.csv: En-tête 'Base' introuvable.
Erreur dans le fichier ./CSV3\bulletins\bulletins_propres\table_page_59.csv: En-tête '7040Base' introuvable.
Erreur dans le fichier ./CSV3\bulletins\bulletins_propres\table_page_59.csv: En-tête 'Base' introuvable.
Erreur dans le fichier ./CSV3\bulletins\bulletins_propres\table_page_59.csv: En-tête '7045Base' introuvable.
Erreur dans le fichier ./CSV3\bulletins\bulletins_propres\table_page_59.csv: En-tête 'Base' introuvable.
Erreur dans le fichier ./CSV3\bulletins\bulletins_propres\table_page_59.csv: En-tête '7050Base' introuvable.
Erreur dans le fichier ./CSV3\bulletins\bulletins_propres\table_page_59.csv: En-tête '7055Base' introuvable.
Erreur dans le fichier ./CSV3\bulletins\bulletins_propres\table_page_59.csv: En-tête '7C00Base' introuvable.
Erreur dans le fichier ./CSV3\bulletins\bulletins_propres\table_page_59.csv: En-tête '7C20Base' introuvable.
Erreur dans le fichier ./CSV3\bulletins\bulletins_propres\table_page_59.csv: En-tête '7M04Base' introuvable.
Erreur dans le fichier ./CSV3\bulletins\bulletins_propres\table_page_59.csv: En-tête '7P10Base' introuvable.
Erreur dans le fichier ./CSV3\bulletins\bulletins_propres\table_page_59.csv: En-tête '7R56Base' introuvable.
Erreur dans le fichier ./CSV3\bulletins\bulletins_propres\table_page_59.csv: En-tête '7R63Base' introuvable.
Erreur dans le fichier ./CSV3\bulletins\bulletins_propres\table_page_59.csv: En-tête '7T00Base' introuvable.
Erreur dans le fichier ./CSV3\bulletins\bulletins_propres\table_page_59.csv: En-tête '7T02Base' introuvable.
Erreur dans le fichier ./CSV3\bulletins\bulletins_propres\table_page_59.csv: En-tête '7T05Base' introuvable.
Erreur dans le fichier ./CSV3\bulletins\bulletins_propres\table_page_59.csv: En-tête 'Base' introuvable.
Erreur dans le fichier ./CSV3\bulletins\bulletins_propres\table_page_59.csv: En-tête '7T10Base' introuvable.
Erreur dans le fichier ./CSV3\bulletins\bulletins_propres\table_page_59.csv: En-tête 'Base' introuvable.
Erreur dans le fichier ./CSV3\bulletins\bulletins_propres\table_page_59.csv: En-tête '7T15Base' introuvable.
Erreur dans le fichier ./CSV3\bulletins\bulletins_propres\table_page_59.csv: En-tête 'Base' introuvable.
Erreur dans le fichier ./CSV3\bulletins\bulletins_propres\table_page_59.csv: En-tête '7T20Base' introuvable.
Erreur dans le fichier ./CSV3\bulletins\bulletins_propres\table_page_59.csv: En-tête '6082Base' introuvable.
Erreur dans le fichier ./CSV3\bulletins\bulletins_propres\table_page_59.csv: En-tête '6094Base' introuvable.
Erreur dans le fichier ./CSV3\bulletins\bulletins_propres\table_page_59.csv: En-tête 'Total Charges Ded.Base' introuvable.
Erreur dans le fichier ./CSV3\bulletins\bulletins_propres\table_page_59.csv: En-tête '6080Base' introuvable.
Erreur dans le fichier ./CSV3\bulletins\bulletins_propres\table_page_59.csv: En-tête '6084Base' introuvable.
Erreur dans le fichier ./CSV3\bulletins\bulletins_propres\table_page_59.csv: En-tête '6092Base' introuvable.
Erreur dans le fichier ./CSV3\bulletins\bulletins_propres\table_page_59.csv: En-tête '6096Base' introuvable.
Erreur dans le fichier ./CSV3\bulletins\bulletins_propres\table_page_59.csv: En-tête 'Total Charges Non Ded.Base' introuvable.
Erreur dans le fichier ./CSV3\bulletins\bulletins_propres\table_page_59.csv: En-tête '8009Base' introuvable.
Erreur dans le fichier ./CSV3\bulletins\bulletins_propres\table_page_59.csv: En-tête '8010Base' introuvable.
Erreur dans le fichier ./CSV3\bulletins\bulletins_propres\table_page_590.csv: En-tête '1001Base' introuvable.
Erreur dans le fichier ./CSV3\bulletins\bulletins_propres\table_page_590.csv: En-tête '1046Base' introuvable.
Erreur dans le fichier ./CSV3\bulletins\bulletins_propres\table_page_590.csv: En-tête 'Base' introuvable.
Erreur dans le fichier ./CSV3\bulletins\bulletins_propres\table_page_590.csv: En-tête '2018Base' introuvable.
Erreur dans le fichier ./CSV3\bulletins\bulletins_propres\table_page_590.csv: En-tête 'Base' introuvable.
Erreur dans le fichier ./CSV3\bulletins\bulletins_propres\table_page_590.csv: En-tête '2078Base' introuvable.
Erreur dans le fichier ./CSV3\bulletins\bulletins_propres\table_page_590.csv: En-tête '2144Base' introuvable.
Erreur dans le fichier ./CSV3\bulletins\bulletins_propres\table_page_590.csv: En-tête '3250Base' introuvable.
Erreur dans le fichier ./CSV3\bulletins\bulletins_propres\table_page_590.csv: En-tête '3255Base' introuvable.
Erreur dans le fichier ./CSV3\bulletins\bulletins_propres\table_page_590.csv: En-tête 'Base' introuvable.
Erreur dans le fichier ./CSV3\bulletins\bulletins_propres\table_page_590.csv: En-tête 'TOTAL BRUTBase' introuvable.
Erreur dans le fichier ./CSV3\bulletins\bulletins_propres\table_page_590.csv: En-tête '7001Base' introuvable.
Erreur dans le fichier ./CSV3\bulletins\bulletins_propres\table_page_590.csv: En-tête '7010Base' introuvable.
Erreur dans le fichier ./CSV3\bulletins\bulletins_propres\table_page_590.csv: En-tête '7015Base' introuvable.
Erreur dans le fichier ./CSV3\bulletins\bulletins_propres\table_page_590.csv: En-tête '7020Base' introuvable.
Erreur dans le fichier ./CSV3\bulletins\bulletins_propres\table_page_590.csv: En-tête '7030Base' introuvable.
Erreur dans le fichier ./CSV3\bulletins\bulletins_propres\table_page_590.csv: En-tête '7035Base' introuvable.
Erreur dans le fichier ./CSV3\bulletins\bulletins_propres\table_page_590.csv: En-tête '7040Base' introuvable.
Erreur dans le fichier ./CSV3\bulletins\bulletins_propres\table_page_590.csv: En-tête 'Base' introuvable.
Erreur dans le fichier ./CSV3\bulletins\bulletins_propres\table_page_590.csv: En-tête '7045Base' introuvable.
Erreur dans le fichier ./CSV3\bulletins\bulletins_propres\table_page_590.csv: En-tête 'Base' introuvable.
Erreur dans le fichier ./CSV3\bulletins\bulletins_propres\table_page_590.csv: En-tête '7050Base' introuvable.
Erreur dans le fichier ./CSV3\bulletins\bulletins_propres\table_page_590.csv: En-tête 'Base' introuvable.
Erreur dans le fichier ./CSV3\bulletins\bulletins_propres\table_page_590.csv: En-tête '7055Base' introuvable.
Erreur dans le fichier ./CSV3\bulletins\bulletins_propres\table_page_590.csv: En-tête 'Base' introuvable.
Erreur dans le fichier ./CSV3\bulletins\bulletins_propres\table_page_590.csv: En-tête '7C00Base' introuvable.
Erreur dans le fichier ./CSV3\bulletins\bulletins_propres\table_page_590.csv: En-tête '7C20Base' introuvable.
Erreur dans le fichier ./CSV3\bulletins\bulletins_propres\table_page_590.csv: En-tête '7M04Base' introuvable.
Erreur dans le fichier ./CSV3\bulletins\bulletins_propres\table_page_590.csv: En-tête '7P10Base' introuvable.
Erreur dans le fichier ./CSV3\bulletins\bulletins_propres\table_page_590.csv: En-tête '7R56Base' introuvable.
Erreur dans le fichier ./CSV3\bulletins\bulletins_propres\table_page_590.csv: En-tête '7R63Base' introuvable.
Erreur dans le fichier ./CSV3\bulletins\bulletins_propres\table_page_590.csv: En-tête '7T00Base' introuvable.
Erreur dans le fichier ./CSV3\bulletins\bulletins_propres\table_page_590.csv: En-tête '7T02Base' introuvable.
Erreur dans le fichier ./CSV3\bulletins\bulletins_propres\table_page_590.csv: En-tête '7T05Base' introuvable.
Erreur dans le fichier ./CSV3\bulletins\bulletins_propres\table_page_590.csv: En-tête '7T10Base' introuvable.
Erreur dans le fichier ./CSV3\bulletins\bulletins_propres\table_page_590.csv: En-tête '7T15Base' introuvable.
Erreur dans le fichier ./CSV3\bulletins\bulletins_propres\table_page_590.csv: En-tête 'Base' introuvable.
Erreur dans le fichier ./CSV3\bulletins\bulletins_propres\table_page_590.csv: En-tête '7T20Base' introuvable.
Erreur dans le fichier ./CSV3\bulletins\bulletins_propres\table_page_590.csv: En-tête 'Base' introuvable.
Erreur dans le fichier ./CSV3\bulletins\bulletins_propres\table_page_590.csv: En-tête '6082Base' introuvable.
Erreur dans le fichier ./CSV3\bulletins\bulletins_propres\table_page_590.csv: En-tête '6094Base' introuvable.
Erreur dans le fichier ./CSV3\bulletins\bulletins_propres\table_page_590.csv: En-tête 'PALCAllégement chômageBase' introuvable.
Erreur dans le fichier ./CSV3\bulletins\bulletins_propres\table_page_590.csv: En-tête 'PALFAllégement FillonBase' introuvable.
Erreur dans le fichier ./CSV3\bulletins\bulletins_propres\table_page_590.csv: En-tête 'PALRAllégement retraiteBase' introuvable.
Erreur dans le fichier ./CSV3\bulletins\bulletins_propres\table_page_590.csv: En-tête 'Total Charges Ded.Base' introuvable.
Erreur dans le fichier ./CSV3\bulletins\bulletins_propres\table_page_590.csv: En-tête '6080Base' introuvable.
Erreur dans le fichier ./CSV3\bulletins\bulletins_propres\table_page_590.csv: En-tête '6084Base' introuvable.
Erreur dans le fichier ./CSV3\bulletins\bulletins_propres\table_page_590.csv: En-tête '6092Base' introuvable.
Erreur dans le fichier ./CSV3\bulletins\bulletins_propres\table_page_590.csv: En-tête '6096Base' introuvable.
Erreur dans le fichier ./CSV3\bulletins\bulletins_propres\table_page_590.csv: En-tête 'Total Charges Non Ded.Base' introuvable.
Erreur dans le fichier ./CSV3\bulletins\bulletins_propres\table_page_590.csv: En-tête '8009Base' introuvable.
Erreur dans le fichier ./CSV3\bulletins\bulletins_propres\table_page_590.csv: En-tête '8010Base' introuvable.
Erreur dans le fichier ./CSV3\bulletins\bulletins_propres\table_page_590.csv: En-tête '8007Base' introuvable.
Erreur dans le fichier ./CSV3\bulletins\bulletins_propres\table_page_590.csv: En-tête '8020Base' introuvable.
Erreur dans le fichier ./CSV3\bulletins\bulletins_propres\table_page_590.csv: En-tête '8192Base' introuvable.
Erreur dans le fichier ./CSV3\bulletins\bulletins_propres\table_page_590.csv: En-tête 'Base' introuvable.
Erreur dans le fichier ./CSV3\bulletins\bulletins_propres\table_page_590.csv: En-tête 'Base' introuvable.
Erreur dans le fichier ./CSV3\bulletins\bulletins_propres\table_page_590.csv: En-tête 'Impôt sur le revenuBase' introuvable.
Erreur dans le fichier ./CSV3\bulletins\bulletins_propres\table_page_590.csv: En-tête 'Impôt sur le revenu à la sourceBase' introuvable.
Erreur dans le fichier ./CSV3\bulletins\bulletins_propres\table_page_592.csv: En-tête '1001Base' introuvable.
Erreur dans le fichier ./CSV3\bulletins\bulletins_propres\table_page_592.csv: En-tête '2078Base' introuvable.
Erreur dans le fichier ./CSV3\bulletins\bulletins_propres\table_page_592.csv: En-tête 'Base' introuvable.
Erreur dans le fichier ./CSV3\bulletins\bulletins_propres\table_page_592.csv: En-tête '3506Base' introuvable.
Erreur dans le fichier ./CSV3\bulletins\bulletins_propres\table_page_592.csv: En-tête 'Base' introuvable.
Erreur dans le fichier ./CSV3\bulletins\bulletins_propres\table_page_592.csv: En-tête 'Base' introuvable.
Erreur dans le fichier ./CSV3\bulletins\bulletins_propres\table_page_592.csv: En-tête 'TOTAL BRUTBase' introuvable.
Erreur dans le fichier ./CSV3\bulletins\bulletins_propres\table_page_592.csv: En-tête 'Base' introuvable.
Erreur dans le fichier ./CSV3\bulletins\bulletins_propres\table_page_592.csv: En-tête '7001Base' introuvable.
Erreur dans le fichier ./CSV3\bulletins\bulletins_propres\table_page_592.csv: En-tête '7010Base' introuvable.
Erreur dans le fichier ./CSV3\bulletins\bulletins_propres\table_page_592.csv: En-tête '7015Base' introuvable.
Erreur dans le fichier ./CSV3\bulletins\bulletins_propres\table_page_592.csv: En-tête '7020Base' introuvable.
Erreur dans le fichier ./CSV3\bulletins\bulletins_propres\table_page_592.csv: En-tête '7030Base' introuvable.
Erreur dans le fichier ./CSV3\bulletins\bulletins_propres\table_page_592.csv: En-tête '7035Base' introuvable.
Erreur dans le fichier ./CSV3\bulletins\bulletins_propres\table_page_592.csv: En-tête '7040Base' introuvable.
Erreur dans le fichier ./CSV3\bulletins\bulletins_propres\table_page_592.csv: En-tête '7045Base' introuvable.
Erreur dans le fichier ./CSV3\bulletins\bulletins_propres\table_page_592.csv: En-tête '7050Base' introuvable.
Erreur dans le fichier ./CSV3\bulletins\bulletins_propres\table_page_592.csv: En-tête '7055Base' introuvable.
Erreur dans le fichier ./CSV3\bulletins\bulletins_propres\table_page_592.csv: En-tête '7C00Base' introuvable.
Erreur dans le fichier ./CSV3\bulletins\bulletins_propres\table_page_592.csv: En-tête 'Base' introuvable.
Erreur dans le fichier ./CSV3\bulletins\bulletins_propres\table_page_592.csv: En-tête '7C20Base' introuvable.
Erreur dans le fichier ./CSV3\bulletins\bulletins_propres\table_page_592.csv: En-tête 'Base' introuvable.
Erreur dans le fichier ./CSV3\bulletins\bulletins_propres\table_page_592.csv: En-tête '7M05Base' introuvable.
Erreur dans le fichier ./CSV3\bulletins\bulletins_propres\table_page_592.csv: En-tête 'Base' introuvable.
Erreur dans le fichier ./CSV3\bulletins\bulletins_propres\table_page_592.csv: En-tête '7P20Base' introuvable.
Erreur dans le fichier ./CSV3\bulletins\bulletins_propres\table_page_592.csv: En-tête 'Base' introuvable.
Erreur dans le fichier ./CSV3\bulletins\bulletins_propres\table_page_592.csv: En-tête '7R56Base' introuvable.
Erreur dans le fichier ./CSV3\bulletins\bulletins_propres\table_page_592.csv: En-tête '7R63Base' introuvable.
Erreur dans le fichier ./CSV3\bulletins\bulletins_propres\table_page_592.csv: En-tête '7T00Base' introuvable.
Erreur dans le fichier ./CSV3\bulletins\bulletins_propres\table_page_592.csv: En-tête '7T02Base' introuvable.
Erreur dans le fichier ./CSV3\bulletins\bulletins_propres\table_page_592.csv: En-tête '7T05Base' introuvable.
Erreur dans le fichier ./CSV3\bulletins\bulletins_propres\table_page_592.csv: En-tête '7T10Base' introuvable.
Erreur dans le fichier ./CSV3\bulletins\bulletins_propres\table_page_592.csv: En-tête '7T15Base' introuvable.
Erreur dans le fichier ./CSV3\bulletins\bulletins_propres\table_page_592.csv: En-tête '7T20Base' introuvable.
Erreur dans le fichier ./CSV3\bulletins\bulletins_propres\table_page_592.csv: En-tête '6082Base' introuvable.
Erreur dans le fichier ./CSV3\bulletins\bulletins_propres\table_page_592.csv: En-tête '6094Base' introuvable.
Erreur dans le fichier ./CSV3\bulletins\bulletins_propres\table_page_592.csv: En-tête 'PALCAllégement chômageBase' introuvable.
Erreur dans le fichier ./CSV3\bulletins\bulletins_propres\table_page_592.csv: En-tête 'Base' introuvable.
Erreur dans le fichier ./CSV3\bulletins\bulletins_propres\table_page_592.csv: En-tête 'PALFAllégement FillonBase' introuvable.
Erreur dans le fichier ./CSV3\bulletins\bulletins_propres\table_page_592.csv: En-tête 'Base' introuvable.
Erreur dans le fichier ./CSV3\bulletins\bulletins_propres\table_page_592.csv: En-tête 'PALRAllégement retraiteBase' introuvable.
Erreur dans le fichier ./CSV3\bulletins\bulletins_propres\table_page_592.csv: En-tête 'Total Charges Ded.Base' introuvable.
Erreur dans le fichier ./CSV3\bulletins\bulletins_propres\table_page_592.csv: En-tête '6080Base' introuvable.
Erreur dans le fichier ./CSV3\bulletins\bulletins_propres\table_page_592.csv: En-tête '6084Base' introuvable.
Erreur dans le fichier ./CSV3\bulletins\bulletins_propres\table_page_592.csv: En-tête '6092Base' introuvable.
Erreur dans le fichier ./CSV3\bulletins\bulletins_propres\table_page_592.csv: En-tête '6096Base' introuvable.
Erreur dans le fichier ./CSV3\bulletins\bulletins_propres\table_page_592.csv: En-tête 'Total Charges Non Ded.Base' introuvable.
Erreur dans le fichier ./CSV3\bulletins\bulletins_propres\table_page_592.csv: En-tête '8009Base' introuvable.
Erreur dans le fichier ./CSV3\bulletins\bulletins_propres\table_page_592.csv: En-tête '8010Base' introuvable.
Erreur dans le fichier ./CSV3\bulletins\bulletins_propres\table_page_592.csv: En-tête '8007Base' introuvable.
Erreur dans le fichier ./CSV3\bulletins\bulletins_propres\table_page_61.csv: En-tête '1001Base' introuvable.
Erreur dans le fichier ./CSV3\bulletins\bulletins_propres\table_page_61.csv: En-tête '2012Base' introuvable.
Erreur dans le fichier ./CSV3\bulletins\bulletins_propres\table_page_61.csv: En-tête 'Base' introuvable.
Erreur dans le fichier ./CSV3\bulletins\bulletins_propres\table_page_61.csv: En-tête '2068Base' introuvable.
Erreur dans le fichier ./CSV3\bulletins\bulletins_propres\table_page_61.csv: En-tête 'Base' introuvable.
Erreur dans le fichier ./CSV3\bulletins\bulletins_propres\table_page_61.csv: En-tête '2078Base' introuvable.
Erreur dans le fichier ./CSV3\bulletins\bulletins_propres\table_page_61.csv: En-tête '3310Base' introuvable.
Erreur dans le fichier ./CSV3\bulletins\bulletins_propres\table_page_61.csv: En-tête '3315Base' introuvable.
Erreur dans le fichier ./CSV3\bulletins\bulletins_propres\table_page_61.csv: En-tête 'Base' introuvable.
Erreur dans le fichier ./CSV3\bulletins\bulletins_propres\table_page_61.csv: En-tête 'TOTAL BRUTBase' introuvable.
Erreur dans le fichier ./CSV3\bulletins\bulletins_propres\table_page_61.csv: En-tête '7001Base' introuvable.
Erreur dans le fichier ./CSV3\bulletins\bulletins_propres\table_page_61.csv: En-tête '7010Base' introuvable.
Erreur dans le fichier ./CSV3\bulletins\bulletins_propres\table_page_61.csv: En-tête '7015Base' introuvable.
Erreur dans le fichier ./CSV3\bulletins\bulletins_propres\table_page_61.csv: En-tête '7020Base' introuvable.
Erreur dans le fichier ./CSV3\bulletins\bulletins_propres\table_page_61.csv: En-tête '7030Base' introuvable.
Erreur dans le fichier ./CSV3\bulletins\bulletins_propres\table_page_61.csv: En-tête '7035Base' introuvable.
Erreur dans le fichier ./CSV3\bulletins\bulletins_propres\table_page_61.csv: En-tête '7040Base' introuvable.
Erreur dans le fichier ./CSV3\bulletins\bulletins_propres\table_page_61.csv: En-tête '7045Base' introuvable.
Erreur dans le fichier ./CSV3\bulletins\bulletins_propres\table_page_61.csv: En-tête 'Base' introuvable.
Erreur dans le fichier ./CSV3\bulletins\bulletins_propres\table_page_61.csv: En-tête '7050Base' introuvable.
Erreur dans le fichier ./CSV3\bulletins\bulletins_propres\table_page_61.csv: En-tête 'Base' introuvable.
Erreur dans le fichier ./CSV3\bulletins\bulletins_propres\table_page_61.csv: En-tête '7055Base' introuvable.
Erreur dans le fichier ./CSV3\bulletins\bulletins_propres\table_page_61.csv: En-tête 'Base' introuvable.
Erreur dans le fichier ./CSV3\bulletins\bulletins_propres\table_page_61.csv: En-tête '7C00Base' introuvable.
Erreur dans le fichier ./CSV3\bulletins\bulletins_propres\table_page_61.csv: En-tête 'Base' introuvable.
Erreur dans le fichier ./CSV3\bulletins\bulletins_propres\table_page_61.csv: En-tête '7C10Base' introuvable.
Erreur dans le fichier ./CSV3\bulletins\bulletins_propres\table_page_61.csv: En-tête '7C20Base' introuvable.
Erreur dans le fichier ./CSV3\bulletins\bulletins_propres\table_page_61.csv: En-tête '7M05Base' introuvable.
Erreur dans le fichier ./CSV3\bulletins\bulletins_propres\table_page_61.csv: En-tête '7P20Base' introuvable.
Erreur dans le fichier ./CSV3\bulletins\bulletins_propres\table_page_61.csv: En-tête '7P25Base' introuvable.
Erreur dans le fichier ./CSV3\bulletins\bulletins_propres\table_page_61.csv: En-tête '7R56Base' introuvable.
Erreur dans le fichier ./CSV3\bulletins\bulletins_propres\table_page_61.csv: En-tête '7R57Base' introuvable.
Erreur dans le fichier ./CSV3\bulletins\bulletins_propres\table_page_61.csv: En-tête '7R63Base' introuvable.
Erreur dans le fichier ./CSV3\bulletins\bulletins_propres\table_page_61.csv: En-tête '7R64Base' introuvable.
Erreur dans le fichier ./CSV3\bulletins\bulletins_propres\table_page_61.csv: En-tête '7R70Base' introuvable.
Erreur dans le fichier ./CSV3\bulletins\bulletins_propres\table_page_61.csv: En-tête '7R71Base' introuvable.
Erreur dans le fichier ./CSV3\bulletins\bulletins_propres\table_page_61.csv: En-tête 'Base' introuvable.
Erreur dans le fichier ./CSV3\bulletins\bulletins_propres\table_page_61.csv: En-tête '7T00Base' introuvable.
Erreur dans le fichier ./CSV3\bulletins\bulletins_propres\table_page_61.csv: En-tête 'Base' introuvable.
Erreur dans le fichier ./CSV3\bulletins\bulletins_propres\table_page_61.csv: En-tête '7T02Base' introuvable.
Erreur dans le fichier ./CSV3\bulletins\bulletins_propres\table_page_61.csv: En-tête '7T05Base' introuvable.
Erreur dans le fichier ./CSV3\bulletins\bulletins_propres\table_page_61.csv: En-tête '7T10Base' introuvable.
Erreur dans le fichier ./CSV3\bulletins\bulletins_propres\table_page_61.csv: En-tête '7T15Base' introuvable.
Erreur dans le fichier ./CSV3\bulletins\bulletins_propres\table_page_61.csv: En-tête '7T20Base' introuvable.
Erreur dans le fichier ./CSV3\bulletins\bulletins_propres\table_page_61.csv: En-tête '6082Base' introuvable.
Erreur dans le fichier ./CSV3\bulletins\bulletins_propres\table_page_61.csv: En-tête '6094Base' introuvable.
Erreur dans le fichier ./CSV3\bulletins\bulletins_propres\table_page_61.csv: En-tête 'Total Charges Ded.Base' introuvable.
Erreur dans le fichier ./CSV3\bulletins\bulletins_propres\table_page_61.csv: En-tête '6080Base' introuvable.
Erreur dans le fichier ./CSV3\bulletins\bulletins_propres\table_page_61.csv: En-tête '6084Base' introuvable.
Erreur dans le fichier ./CSV3\bulletins\bulletins_propres\table_page_61.csv: En-tête '6092Base' introuvable.
Erreur dans le fichier ./CSV3\bulletins\bulletins_propres\table_page_61.csv: En-tête '6096Base' introuvable.
Erreur dans le fichier ./CSV3\bulletins\bulletins_propres\table_page_61.csv: En-tête 'Total Charges Non Ded.Base' introuvable.
Erreur dans le fichier ./CSV3\bulletins\bulletins_propres\table_page_61.csv: En-tête '8009Base' introuvable.
Erreur dans le fichier ./CSV3\bulletins\bulletins_propres\table_page_61.csv: En-tête '8010Base' introuvable.
Erreur dans le fichier ./CSV3\bulletins\bulletins_propres\table_page_63.csv: En-tête '1001Base' introuvable.
Erreur dans le fichier ./CSV3\bulletins\bulletins_propres\table_page_63.csv: En-tête '1046Base' introuvable.
Erreur dans le fichier ./CSV3\bulletins\bulletins_propres\table_page_63.csv: En-tête 'Base' introuvable.
Erreur dans le fichier ./CSV3\bulletins\bulletins_propres\table_page_63.csv: En-tête '2012Base' introuvable.
Erreur dans le fichier ./CSV3\bulletins\bulletins_propres\table_page_63.csv: En-tête 'Base' introuvable.
Erreur dans le fichier ./CSV3\bulletins\bulletins_propres\table_page_63.csv: En-tête '2016Base' introuvable.
Erreur dans le fichier ./CSV3\bulletins\bulletins_propres\table_page_63.csv: En-tête '2050Base' introuvable.
Erreur dans le fichier ./CSV3\bulletins\bulletins_propres\table_page_63.csv: En-tête '2068Base' introuvable.
Erreur dans le fichier ./CSV3\bulletins\bulletins_propres\table_page_63.csv: En-tête '2078Base' introuvable.
Erreur dans le fichier ./CSV3\bulletins\bulletins_propres\table_page_63.csv: En-tête '2088Base' introuvable.
Erreur dans le fichier ./CSV3\bulletins\bulletins_propres\table_page_63.csv: En-tête '2262Base' introuvable.
Erreur dans le fichier ./CSV3\bulletins\bulletins_propres\table_page_63.csv: En-tête '3B80Base' introuvable.
Erreur dans le fichier ./CSV3\bulletins\bulletins_propres\table_page_63.csv: En-tête '3B82Base' introuvable.
Erreur dans le fichier ./CSV3\bulletins\bulletins_propres\table_page_63.csv: En-tête 'Base' introuvable.
Erreur dans le fichier ./CSV3\bulletins\bulletins_propres\table_page_63.csv: En-tête 'TOTAL BRUTBase' introuvable.
Erreur dans le fichier ./CSV3\bulletins\bulletins_propres\table_page_63.csv: En-tête '60F2Base' introuvable.
Erreur dans le fichier ./CSV3\bulletins\bulletins_propres\table_page_63.csv: En-tête '7001Base' introuvable.
Erreur dans le fichier ./CSV3\bulletins\bulletins_propres\table_page_63.csv: En-tête '7002Base' introuvable.
Erreur dans le fichier ./CSV3\bulletins\bulletins_propres\table_page_63.csv: En-tête 'Base' introuvable.
Erreur dans le fichier ./CSV3\bulletins\bulletins_propres\table_page_63.csv: En-tête '7010Base' introuvable.
Erreur dans le fichier ./CSV3\bulletins\bulletins_propres\table_page_63.csv: En-tête 'Base' introuvable.
Erreur dans le fichier ./CSV3\bulletins\bulletins_propres\table_page_63.csv: En-tête '7015Base' introuvable.
Erreur dans le fichier ./CSV3\bulletins\bulletins_propres\table_page_63.csv: En-tête 'Base' introuvable.
Erreur dans le fichier ./CSV3\bulletins\bulletins_propres\table_page_63.csv: En-tête '7020Base' introuvable.
Erreur dans le fichier ./CSV3\bulletins\bulletins_propres\table_page_63.csv: En-tête 'Base' introuvable.
Erreur dans le fichier ./CSV3\bulletins\bulletins_propres\table_page_63.csv: En-tête '7030Base' introuvable.
Erreur dans le fichier ./CSV3\bulletins\bulletins_propres\table_page_63.csv: En-tête '7035Base' introuvable.
Erreur dans le fichier ./CSV3\bulletins\bulletins_propres\table_page_63.csv: En-tête '7040Base' introuvable.
Erreur dans le fichier ./CSV3\bulletins\bulletins_propres\table_page_63.csv: En-tête '7045Base' introuvable.
Erreur dans le fichier ./CSV3\bulletins\bulletins_propres\table_page_63.csv: En-tête '7050Base' introuvable.
Erreur dans le fichier ./CSV3\bulletins\bulletins_propres\table_page_63.csv: En-tête '7055Base' introuvable.
Erreur dans le fichier ./CSV3\bulletins\bulletins_propres\table_page_63.csv: En-tête '7C00Base' introuvable.
Erreur dans le fichier ./CSV3\bulletins\bulletins_propres\table_page_63.csv: En-tête '7C10Base' introuvable.
Erreur dans le fichier ./CSV3\bulletins\bulletins_propres\table_page_63.csv: En-tête '7C20Base' introuvable.
Erreur dans le fichier ./CSV3\bulletins\bulletins_propres\table_page_63.csv: En-tête '7P20Base' introuvable.
Erreur dans le fichier ./CSV3\bulletins\bulletins_propres\table_page_63.csv: En-tête '7P25Base' introuvable.
Erreur dans le fichier ./CSV3\bulletins\bulletins_propres\table_page_63.csv: En-tête 'Base' introuvable.
Erreur dans le fichier ./CSV3\bulletins\bulletins_propres\table_page_63.csv: En-tête '7R56Base' introuvable.
Erreur dans le fichier ./CSV3\bulletins\bulletins_propres\table_page_63.csv: En-tête '7R57Base' introuvable.
Erreur dans le fichier ./CSV3\bulletins\bulletins_propres\table_page_63.csv: En-tête '7R63Base' introuvable.
Erreur dans le fichier ./CSV3\bulletins\bulletins_propres\table_page_63.csv: En-tête '7R64Base' introuvable.
Erreur dans le fichier ./CSV3\bulletins\bulletins_propres\table_page_63.csv: En-tête '7R70Base' introuvable.
Erreur dans le fichier ./CSV3\bulletins\bulletins_propres\table_page_63.csv: En-tête '7R71Base' introuvable.
Erreur dans le fichier ./CSV3\bulletins\bulletins_propres\table_page_63.csv: En-tête '7T00Base' introuvable.
Erreur dans le fichier ./CSV3\bulletins\bulletins_propres\table_page_63.csv: En-tête '7T02Base' introuvable.
Erreur dans le fichier ./CSV3\bulletins\bulletins_propres\table_page_63.csv: En-tête '7T05Base' introuvable.
Erreur dans le fichier ./CSV3\bulletins\bulletins_propres\table_page_63.csv: En-tête '7T10Base' introuvable.
Erreur dans le fichier ./CSV3\bulletins\bulletins_propres\table_page_63.csv: En-tête '7T15Base' introuvable.
Erreur dans le fichier ./CSV3\bulletins\bulletins_propres\table_page_63.csv: En-tête '7T20Base' introuvable.
Erreur dans le fichier ./CSV3\bulletins\bulletins_propres\table_page_63.csv: En-tête '6082Base' introuvable.
Erreur dans le fichier ./CSV3\bulletins\bulletins_propres\table_page_63.csv: En-tête '6094Base' introuvable.
Erreur dans le fichier ./CSV3\bulletins\bulletins_propres\table_page_63.csv: En-tête 'Total Charges Ded.Base' introuvable.
Erreur dans le fichier ./CSV3\bulletins\bulletins_propres\table_page_63.csv: En-tête '6080Base' introuvable.
Erreur dans le fichier ./CSV3\bulletins\bulletins_propres\table_page_63.csv: En-tête '6084Base' introuvable.
Erreur dans le fichier ./CSV3\bulletins\bulletins_propres\table_page_63.csv: En-tête '6092Base' introuvable.
Erreur dans le fichier ./CSV3\bulletins\bulletins_propres\table_page_63.csv: En-tête '6096Base' introuvable.
Erreur dans le fichier ./CSV3\bulletins\bulletins_propres\table_page_63.csv: En-tête '60F1Base' introuvable.
Erreur dans le fichier ./CSV3\bulletins\bulletins_propres\table_page_63.csv: En-tête '60F3Base' introuvable.
Erreur dans le fichier ./CSV3\bulletins\bulletins_propres\table_page_63.csv: En-tête '60F4Base' introuvable.
Erreur dans le fichier ./CSV3\bulletins\bulletins_propres\table_page_63.csv: En-tête '60F8Base' introuvable.
Erreur dans le fichier ./CSV3\bulletins\bulletins_propres\table_page_63.csv: En-tête '60F9Base' introuvable.
Erreur dans le fichier ./CSV3\bulletins\bulletins_propres\table_page_63.csv: En-tête 'Total Charges Non Ded.Base' introuvable.
Erreur dans le fichier ./CSV3\bulletins\bulletins_propres\table_page_63.csv: En-tête '8009Base' introuvable.
Erreur dans le fichier ./CSV3\bulletins\bulletins_propres\table_page_63.csv: En-tête '8010Base' introuvable.
Erreur dans le fichier ./CSV3\bulletins\bulletins_propres\table_page_65.csv: En-tête '1001Base' introuvable.
Erreur dans le fichier ./CSV3\bulletins\bulletins_propres\table_page_65.csv: En-tête '1046Base' introuvable.
Erreur dans le fichier ./CSV3\bulletins\bulletins_propres\table_page_65.csv: En-tête 'Base' introuvable.
Erreur dans le fichier ./CSV3\bulletins\bulletins_propres\table_page_65.csv: En-tête '2012Base' introuvable.
Erreur dans le fichier ./CSV3\bulletins\bulletins_propres\table_page_65.csv: En-tête 'Base' introuvable.
Erreur dans le fichier ./CSV3\bulletins\bulletins_propres\table_page_65.csv: En-tête '2018Base' introuvable.
Erreur dans le fichier ./CSV3\bulletins\bulletins_propres\table_page_65.csv: En-tête '2068Base' introuvable.
Erreur dans le fichier ./CSV3\bulletins\bulletins_propres\table_page_65.csv: En-tête '2078Base' introuvable.
Erreur dans le fichier ./CSV3\bulletins\bulletins_propres\table_page_65.csv: En-tête '2088Base' introuvable.
Erreur dans le fichier ./CSV3\bulletins\bulletins_propres\table_page_65.csv: En-tête '2090Base' introuvable.
Erreur dans le fichier ./CSV3\bulletins\bulletins_propres\table_page_65.csv: En-tête '3006Base' introuvable.
Erreur dans le fichier ./CSV3\bulletins\bulletins_propres\table_page_65.csv: En-tête 'Base' introuvable.
Erreur dans le fichier ./CSV3\bulletins\bulletins_propres\table_page_65.csv: En-tête 'TOTAL BRUTBase' introuvable.
Erreur dans le fichier ./CSV3\bulletins\bulletins_propres\table_page_65.csv: En-tête '6S89Base' introuvable.
Erreur dans le fichier ./CSV3\bulletins\bulletins_propres\table_page_65.csv: En-tête '7001Base' introuvable.
Erreur dans le fichier ./CSV3\bulletins\bulletins_propres\table_page_65.csv: En-tête '7010Base' introuvable.
Erreur dans le fichier ./CSV3\bulletins\bulletins_propres\table_page_65.csv: En-tête '7015Base' introuvable.
Erreur dans le fichier ./CSV3\bulletins\bulletins_propres\table_page_65.csv: En-tête '7020Base' introuvable.
Erreur dans le fichier ./CSV3\bulletins\bulletins_propres\table_page_65.csv: En-tête 'Base' introuvable.
Erreur dans le fichier ./CSV3\bulletins\bulletins_propres\table_page_65.csv: En-tête '7030Base' introuvable.
Erreur dans le fichier ./CSV3\bulletins\bulletins_propres\table_page_65.csv: En-tête 'Base' introuvable.
Erreur dans le fichier ./CSV3\bulletins\bulletins_propres\table_page_65.csv: En-tête '7035Base' introuvable.
Erreur dans le fichier ./CSV3\bulletins\bulletins_propres\table_page_65.csv: En-tête 'Base' introuvable.
Erreur dans le fichier ./CSV3\bulletins\bulletins_propres\table_page_65.csv: En-tête '7040Base' introuvable.
Erreur dans le fichier ./CSV3\bulletins\bulletins_propres\table_page_65.csv: En-tête 'Base' introuvable.
Erreur dans le fichier ./CSV3\bulletins\bulletins_propres\table_page_65.csv: En-tête '7045Base' introuvable.
Erreur dans le fichier ./CSV3\bulletins\bulletins_propres\table_page_65.csv: En-tête '7050Base' introuvable.
Erreur dans le fichier ./CSV3\bulletins\bulletins_propres\table_page_65.csv: En-tête '7055Base' introuvable.
Erreur dans le fichier ./CSV3\bulletins\bulletins_propres\table_page_65.csv: En-tête '7C00Base' introuvable.
Erreur dans le fichier ./CSV3\bulletins\bulletins_propres\table_page_65.csv: En-tête '7C10Base' introuvable.
Erreur dans le fichier ./CSV3\bulletins\bulletins_propres\table_page_65.csv: En-tête '7C20Base' introuvable.
Erreur dans le fichier ./CSV3\bulletins\bulletins_propres\table_page_65.csv: En-tête '7M05Base' introuvable.
Erreur dans le fichier ./CSV3\bulletins\bulletins_propres\table_page_65.csv: En-tête '7P20Base' introuvable.
Erreur dans le fichier ./CSV3\bulletins\bulletins_propres\table_page_65.csv: En-tête '7P25Base' introuvable.
Erreur dans le fichier ./CSV3\bulletins\bulletins_propres\table_page_65.csv: En-tête '7R56Base' introuvable.
Erreur dans le fichier ./CSV3\bulletins\bulletins_propres\table_page_65.csv: En-tête '7R57Base' introuvable.
Erreur dans le fichier ./CSV3\bulletins\bulletins_propres\table_page_65.csv: En-tête 'Base' introuvable.
Erreur dans le fichier ./CSV3\bulletins\bulletins_propres\table_page_65.csv: En-tête '7R63Base' introuvable.
Erreur dans le fichier ./CSV3\bulletins\bulletins_propres\table_page_65.csv: En-tête '7R64Base' introuvable.
Erreur dans le fichier ./CSV3\bulletins\bulletins_propres\table_page_65.csv: En-tête '7R70Base' introuvable.
Erreur dans le fichier ./CSV3\bulletins\bulletins_propres\table_page_65.csv: En-tête '7R71Base' introuvable.
Erreur dans le fichier ./CSV3\bulletins\bulletins_propres\table_page_65.csv: En-tête '7T00Base' introuvable.
Erreur dans le fichier ./CSV3\bulletins\bulletins_propres\table_page_65.csv: En-tête '7T02Base' introuvable.
Erreur dans le fichier ./CSV3\bulletins\bulletins_propres\table_page_65.csv: En-tête '7T05Base' introuvable.
Erreur dans le fichier ./CSV3\bulletins\bulletins_propres\table_page_65.csv: En-tête '7T10Base' introuvable.
Erreur dans le fichier ./CSV3\bulletins\bulletins_propres\table_page_65.csv: En-tête '7T15Base' introuvable.
Erreur dans le fichier ./CSV3\bulletins\bulletins_propres\table_page_65.csv: En-tête '7T20Base' introuvable.
Erreur dans le fichier ./CSV3\bulletins\bulletins_propres\table_page_65.csv: En-tête '6082Base' introuvable.
Erreur dans le fichier ./CSV3\bulletins\bulletins_propres\table_page_65.csv: En-tête '6094Base' introuvable.
Erreur dans le fichier ./CSV3\bulletins\bulletins_propres\table_page_65.csv: En-tête 'Total Charges Ded.Base' introuvable.
Erreur dans le fichier ./CSV3\bulletins\bulletins_propres\table_page_65.csv: En-tête '6070Base' introuvable.
Erreur dans le fichier ./CSV3\bulletins\bulletins_propres\table_page_65.csv: En-tête '6074Base' introuvable.
Erreur dans le fichier ./CSV3\bulletins\bulletins_propres\table_page_65.csv: En-tête '6080Base' introuvable.
Erreur dans le fichier ./CSV3\bulletins\bulletins_propres\table_page_65.csv: En-tête '6084Base' introuvable.
Erreur dans le fichier ./CSV3\bulletins\bulletins_propres\table_page_65.csv: En-tête '6092Base' introuvable.
Erreur dans le fichier ./CSV3\bulletins\bulletins_propres\table_page_65.csv: En-tête '6096Base' introuvable.
Erreur dans le fichier ./CSV3\bulletins\bulletins_propres\table_page_65.csv: En-tête 'Total Charges Non Ded.Base' introuvable.
Erreur dans le fichier ./CSV3\bulletins\bulletins_propres\table_page_65.csv: En-tête '8009Base' introuvable.
Erreur dans le fichier ./CSV3\bulletins\bulletins_propres\table_page_65.csv: En-tête '8010Base' introuvable.
Erreur dans le fichier ./CSV3\bulletins\bulletins_propres\table_page_65.csv: En-tête '8007Base' introuvable.
Erreur dans le fichier ./CSV3\bulletins\bulletins_propres\table_page_67.csv: En-tête '1001Base' introuvable.
Erreur dans le fichier ./CSV3\bulletins\bulletins_propres\table_page_67.csv: En-tête '1046Base' introuvable.
Erreur dans le fichier ./CSV3\bulletins\bulletins_propres\table_page_67.csv: En-tête 'Base' introuvable.
Erreur dans le fichier ./CSV3\bulletins\bulletins_propres\table_page_67.csv: En-tête '2012Base' introuvable.
Erreur dans le fichier ./CSV3\bulletins\bulletins_propres\table_page_67.csv: En-tête 'Base' introuvable.
Erreur dans le fichier ./CSV3\bulletins\bulletins_propres\table_page_67.csv: En-tête '2018Base' introuvable.
Erreur dans le fichier ./CSV3\bulletins\bulletins_propres\table_page_67.csv: En-tête '2068Base' introuvable.
Erreur dans le fichier ./CSV3\bulletins\bulletins_propres\table_page_67.csv: En-tête '2078Base' introuvable.
Erreur dans le fichier ./CSV3\bulletins\bulletins_propres\table_page_67.csv: En-tête '3250Base' introuvable.
Erreur dans le fichier ./CSV3\bulletins\bulletins_propres\table_page_67.csv: En-tête '3255Base' introuvable.
Erreur dans le fichier ./CSV3\bulletins\bulletins_propres\table_page_67.csv: En-tête 'Base' introuvable.
Erreur dans le fichier ./CSV3\bulletins\bulletins_propres\table_page_67.csv: En-tête 'TOTAL BRUTBase' introuvable.
Erreur dans le fichier ./CSV3\bulletins\bulletins_propres\table_page_67.csv: En-tête '7001Base' introuvable.
Erreur dans le fichier ./CSV3\bulletins\bulletins_propres\table_page_67.csv: En-tête '7010Base' introuvable.
Erreur dans le fichier ./CSV3\bulletins\bulletins_propres\table_page_67.csv: En-tête '7015Base' introuvable.
Erreur dans le fichier ./CSV3\bulletins\bulletins_propres\table_page_67.csv: En-tête '7020Base' introuvable.
Erreur dans le fichier ./CSV3\bulletins\bulletins_propres\table_page_67.csv: En-tête '7030Base' introuvable.
Erreur dans le fichier ./CSV3\bulletins\bulletins_propres\table_page_67.csv: En-tête '7035Base' introuvable.
Erreur dans le fichier ./CSV3\bulletins\bulletins_propres\table_page_67.csv: En-tête 'Base' introuvable.
Erreur dans le fichier ./CSV3\bulletins\bulletins_propres\table_page_67.csv: En-tête '7040Base' introuvable.
Erreur dans le fichier ./CSV3\bulletins\bulletins_propres\table_page_67.csv: En-tête 'Base' introuvable.
Erreur dans le fichier ./CSV3\bulletins\bulletins_propres\table_page_67.csv: En-tête '7045Base' introuvable.
Erreur dans le fichier ./CSV3\bulletins\bulletins_propres\table_page_67.csv: En-tête 'Base' introuvable.
Erreur dans le fichier ./CSV3\bulletins\bulletins_propres\table_page_67.csv: En-tête '7050Base' introuvable.
Erreur dans le fichier ./CSV3\bulletins\bulletins_propres\table_page_67.csv: En-tête 'Base' introuvable.
Erreur dans le fichier ./CSV3\bulletins\bulletins_propres\table_page_67.csv: En-tête '7055Base' introuvable.
Erreur dans le fichier ./CSV3\bulletins\bulletins_propres\table_page_67.csv: En-tête '7C00Base' introuvable.
Erreur dans le fichier ./CSV3\bulletins\bulletins_propres\table_page_67.csv: En-tête '7C20Base' introuvable.
Erreur dans le fichier ./CSV3\bulletins\bulletins_propres\table_page_67.csv: En-tête '7M04Base' introuvable.
Erreur dans le fichier ./CSV3\bulletins\bulletins_propres\table_page_67.csv: En-tête '7P10Base' introuvable.
Erreur dans le fichier ./CSV3\bulletins\bulletins_propres\table_page_67.csv: En-tête '7R56Base' introuvable.
Erreur dans le fichier ./CSV3\bulletins\bulletins_propres\table_page_67.csv: En-tête '7R63Base' introuvable.
Erreur dans le fichier ./CSV3\bulletins\bulletins_propres\table_page_67.csv: En-tête '7T00Base' introuvable.
Erreur dans le fichier ./CSV3\bulletins\bulletins_propres\table_page_67.csv: En-tête '7T02Base' introuvable.
Erreur dans le fichier ./CSV3\bulletins\bulletins_propres\table_page_67.csv: En-tête '7T05Base' introuvable.
Erreur dans le fichier ./CSV3\bulletins\bulletins_propres\table_page_67.csv: En-tête '7T10Base' introuvable.
Erreur dans le fichier ./CSV3\bulletins\bulletins_propres\table_page_67.csv: En-tête 'Base' introuvable.
Erreur dans le fichier ./CSV3\bulletins\bulletins_propres\table_page_67.csv: En-tête '7T15Base' introuvable.
Erreur dans le fichier ./CSV3\bulletins\bulletins_propres\table_page_67.csv: En-tête 'Base' introuvable.
Erreur dans le fichier ./CSV3\bulletins\bulletins_propres\table_page_67.csv: En-tête '7T20Base' introuvable.
Erreur dans le fichier ./CSV3\bulletins\bulletins_propres\table_page_67.csv: En-tête '6082Base' introuvable.
Erreur dans le fichier ./CSV3\bulletins\bulletins_propres\table_page_67.csv: En-tête '6094Base' introuvable.
Erreur dans le fichier ./CSV3\bulletins\bulletins_propres\table_page_67.csv: En-tête 'PALCAllégement chômageBase' introuvable.
Erreur dans le fichier ./CSV3\bulletins\bulletins_propres\table_page_67.csv: En-tête 'PALFAllégement FillonBase' introuvable.
Erreur dans le fichier ./CSV3\bulletins\bulletins_propres\table_page_67.csv: En-tête 'PALRAllégement retraiteBase' introuvable.
Erreur dans le fichier ./CSV3\bulletins\bulletins_propres\table_page_67.csv: En-tête 'Total Charges Ded.Base' introuvable.
Erreur dans le fichier ./CSV3\bulletins\bulletins_propres\table_page_67.csv: En-tête '6080Base' introuvable.
Erreur dans le fichier ./CSV3\bulletins\bulletins_propres\table_page_67.csv: En-tête '6084Base' introuvable.
Erreur dans le fichier ./CSV3\bulletins\bulletins_propres\table_page_67.csv: En-tête '6092Base' introuvable.
Erreur dans le fichier ./CSV3\bulletins\bulletins_propres\table_page_67.csv: En-tête '6096Base' introuvable.
Erreur dans le fichier ./CSV3\bulletins\bulletins_propres\table_page_67.csv: En-tête 'Total Charges Non Ded.Base' introuvable.
Erreur dans le fichier ./CSV3\bulletins\bulletins_propres\table_page_67.csv: En-tête '8009Base' introuvable.
Erreur dans le fichier ./CSV3\bulletins\bulletins_propres\table_page_67.csv: En-tête '8010Base' introuvable.
Erreur dans le fichier ./CSV3\bulletins\bulletins_propres\table_page_67.csv: En-tête '8007Base' introuvable.
Erreur dans le fichier ./CSV3\bulletins\bulletins_propres\table_page_67.csv: En-tête '8020Base' introuvable.
Erreur dans le fichier ./CSV3\bulletins\bulletins_propres\table_page_67.csv: En-tête '8192Base' introuvable.
Erreur dans le fichier ./CSV3\bulletins\bulletins_propres\table_page_67.csv: En-tête 'Base' introuvable.
Erreur dans le fichier ./CSV3\bulletins\bulletins_propres\table_page_67.csv: En-tête 'Base' introuvable.
Erreur dans le fichier ./CSV3\bulletins\bulletins_propres\table_page_67.csv: En-tête 'Impôt sur le revenuBase' introuvable.
Erreur dans le fichier ./CSV3\bulletins\bulletins_propres\table_page_67.csv: En-tête 'Impôt sur le revenu à la sourceBase' introuvable.
Erreur dans le fichier ./CSV3\bulletins\bulletins_propres\table_page_69.csv: En-tête '1001Base' introuvable.
Erreur dans le fichier ./CSV3\bulletins\bulletins_propres\table_page_69.csv: En-tête '1046Base' introuvable.
Erreur dans le fichier ./CSV3\bulletins\bulletins_propres\table_page_69.csv: En-tête 'Base' introuvable.
Erreur dans le fichier ./CSV3\bulletins\bulletins_propres\table_page_69.csv: En-tête '2012Base' introuvable.
Erreur dans le fichier ./CSV3\bulletins\bulletins_propres\table_page_69.csv: En-tête 'Base' introuvable.
Erreur dans le fichier ./CSV3\bulletins\bulletins_propres\table_page_69.csv: En-tête '2016Base' introuvable.
Erreur dans le fichier ./CSV3\bulletins\bulletins_propres\table_page_69.csv: En-tête '2050Base' introuvable.
Erreur dans le fichier ./CSV3\bulletins\bulletins_propres\table_page_69.csv: En-tête '2068Base' introuvable.
Erreur dans le fichier ./CSV3\bulletins\bulletins_propres\table_page_69.csv: En-tête '2078Base' introuvable.
Erreur dans le fichier ./CSV3\bulletins\bulletins_propres\table_page_69.csv: En-tête '2082Base' introuvable.
Erreur dans le fichier ./CSV3\bulletins\bulletins_propres\table_page_69.csv: En-tête '2084Base' introuvable.
Erreur dans le fichier ./CSV3\bulletins\bulletins_propres\table_page_69.csv: En-tête 'Base' introuvable.
Erreur dans le fichier ./CSV3\bulletins\bulletins_propres\table_page_69.csv: En-tête 'TOTAL BRUTBase' introuvable.
Erreur dans le fichier ./CSV3\bulletins\bulletins_propres\table_page_69.csv: En-tête '7001Base' introuvable.
Erreur dans le fichier ./CSV3\bulletins\bulletins_propres\table_page_69.csv: En-tête '7010Base' introuvable.
Erreur dans le fichier ./CSV3\bulletins\bulletins_propres\table_page_69.csv: En-tête '7015Base' introuvable.
Erreur dans le fichier ./CSV3\bulletins\bulletins_propres\table_page_69.csv: En-tête '7020Base' introuvable.
Erreur dans le fichier ./CSV3\bulletins\bulletins_propres\table_page_69.csv: En-tête '7030Base' introuvable.
Erreur dans le fichier ./CSV3\bulletins\bulletins_propres\table_page_69.csv: En-tête 'Base' introuvable.
Erreur dans le fichier ./CSV3\bulletins\bulletins_propres\table_page_69.csv: En-tête '7035Base' introuvable.
Erreur dans le fichier ./CSV3\bulletins\bulletins_propres\table_page_69.csv: En-tête 'Base' introuvable.
Erreur dans le fichier ./CSV3\bulletins\bulletins_propres\table_page_69.csv: En-tête '7040Base' introuvable.
Erreur dans le fichier ./CSV3\bulletins\bulletins_propres\table_page_69.csv: En-tête 'Base' introuvable.
Erreur dans le fichier ./CSV3\bulletins\bulletins_propres\table_page_69.csv: En-tête '7045Base' introuvable.
Erreur dans le fichier ./CSV3\bulletins\bulletins_propres\table_page_69.csv: En-tête 'Base' introuvable.
Erreur dans le fichier ./CSV3\bulletins\bulletins_propres\table_page_69.csv: En-tête '7050Base' introuvable.
Erreur dans le fichier ./CSV3\bulletins\bulletins_propres\table_page_69.csv: En-tête '7055Base' introuvable.
Erreur dans le fichier ./CSV3\bulletins\bulletins_propres\table_page_69.csv: En-tête '7C00Base' introuvable.
Erreur dans le fichier ./CSV3\bulletins\bulletins_propres\table_page_69.csv: En-tête '7C10Base' introuvable.
Erreur dans le fichier ./CSV3\bulletins\bulletins_propres\table_page_69.csv: En-tête '7C20Base' introuvable.
Erreur dans le fichier ./CSV3\bulletins\bulletins_propres\table_page_69.csv: En-tête '7M03Base' introuvable.
Erreur dans le fichier ./CSV3\bulletins\bulletins_propres\table_page_69.csv: En-tête '7P10Base' introuvable.
Erreur dans le fichier ./CSV3\bulletins\bulletins_propres\table_page_69.csv: En-tête '7P11Base' introuvable.
Erreur dans le fichier ./CSV3\bulletins\bulletins_propres\table_page_69.csv: En-tête '7R56Base' introuvable.
Erreur dans le fichier ./CSV3\bulletins\bulletins_propres\table_page_69.csv: En-tête '7R57Base' introuvable.
Erreur dans le fichier ./CSV3\bulletins\bulletins_propres\table_page_69.csv: En-tête '7R63Base' introuvable.
Erreur dans le fichier ./CSV3\bulletins\bulletins_propres\table_page_69.csv: En-tête 'Base' introuvable.
Erreur dans le fichier ./CSV3\bulletins\bulletins_propres\table_page_69.csv: En-tête '7R64Base' introuvable.
Erreur dans le fichier ./CSV3\bulletins\bulletins_propres\table_page_69.csv: En-tête 'Base' introuvable.
Erreur dans le fichier ./CSV3\bulletins\bulletins_propres\table_page_69.csv: En-tête '7R70Base' introuvable.
Erreur dans le fichier ./CSV3\bulletins\bulletins_propres\table_page_69.csv: En-tête '7R71Base' introuvable.
Erreur dans le fichier ./CSV3\bulletins\bulletins_propres\table_page_69.csv: En-tête '7T00Base' introuvable.
Erreur dans le fichier ./CSV3\bulletins\bulletins_propres\table_page_69.csv: En-tête '7T02Base' introuvable.
Erreur dans le fichier ./CSV3\bulletins\bulletins_propres\table_page_69.csv: En-tête '7T05Base' introuvable.
Erreur dans le fichier ./CSV3\bulletins\bulletins_propres\table_page_69.csv: En-tête '7T10Base' introuvable.
Erreur dans le fichier ./CSV3\bulletins\bulletins_propres\table_page_69.csv: En-tête '7T15Base' introuvable.
Erreur dans le fichier ./CSV3\bulletins\bulletins_propres\table_page_69.csv: En-tête '7T20Base' introuvable.
Erreur dans le fichier ./CSV3\bulletins\bulletins_propres\table_page_69.csv: En-tête '6082Base' introuvable.
Erreur dans le fichier ./CSV3\bulletins\bulletins_propres\table_page_69.csv: En-tête '6094Base' introuvable.
Erreur dans le fichier ./CSV3\bulletins\bulletins_propres\table_page_69.csv: En-tête 'Total Charges Ded.Base' introuvable.
Erreur dans le fichier ./CSV3\bulletins\bulletins_propres\table_page_69.csv: En-tête '6080Base' introuvable.
Erreur dans le fichier ./CSV3\bulletins\bulletins_propres\table_page_69.csv: En-tête '6084Base' introuvable.
Erreur dans le fichier ./CSV3\bulletins\bulletins_propres\table_page_69.csv: En-tête '6092Base' introuvable.
Erreur dans le fichier ./CSV3\bulletins\bulletins_propres\table_page_69.csv: En-tête '6096Base' introuvable.
Erreur dans le fichier ./CSV3\bulletins\bulletins_propres\table_page_69.csv: En-tête 'Total Charges Non Ded.Base' introuvable.
Erreur dans le fichier ./CSV3\bulletins\bulletins_propres\table_page_69.csv: En-tête '8009Base' introuvable.
Erreur dans le fichier ./CSV3\bulletins\bulletins_propres\table_page_69.csv: En-tête '8010Base' introuvable.
Erreur dans le fichier ./CSV3\bulletins\bulletins_propres\table_page_7.csv: En-tête '1001Base' introuvable.
Erreur dans le fichier ./CSV3\bulletins\bulletins_propres\table_page_7.csv: En-tête '2012Base' introuvable.
Erreur dans le fichier ./CSV3\bulletins\bulletins_propres\table_page_7.csv: En-tête 'Base' introuvable.
Erreur dans le fichier ./CSV3\bulletins\bulletins_propres\table_page_7.csv: En-tête '2068Base' introuvable.
Erreur dans le fichier ./CSV3\bulletins\bulletins_propres\table_page_7.csv: En-tête 'Base' introuvable.
Erreur dans le fichier ./CSV3\bulletins\bulletins_propres\table_page_7.csv: En-tête '2078Base' introuvable.
Erreur dans le fichier ./CSV3\bulletins\bulletins_propres\table_page_7.csv: En-tête '3404Base' introuvable.
Erreur dans le fichier ./CSV3\bulletins\bulletins_propres\table_page_7.csv: En-tête '3406Base' introuvable.
Erreur dans le fichier ./CSV3\bulletins\bulletins_propres\table_page_7.csv: En-tête '3B80Base' introuvable.
Erreur dans le fichier ./CSV3\bulletins\bulletins_propres\table_page_7.csv: En-tête '3B82Base' introuvable.
Erreur dans le fichier ./CSV3\bulletins\bulletins_propres\table_page_7.csv: En-tête 'Base' introuvable.
Erreur dans le fichier ./CSV3\bulletins\bulletins_propres\table_page_7.csv: En-tête 'TOTAL BRUTBase' introuvable.
Erreur dans le fichier ./CSV3\bulletins\bulletins_propres\table_page_7.csv: En-tête '60F2Base' introuvable.
Erreur dans le fichier ./CSV3\bulletins\bulletins_propres\table_page_7.csv: En-tête '7001Base' introuvable.
Erreur dans le fichier ./CSV3\bulletins\bulletins_propres\table_page_7.csv: En-tête '7010Base' introuvable.
Erreur dans le fichier ./CSV3\bulletins\bulletins_propres\table_page_7.csv: En-tête '7015Base' introuvable.
Erreur dans le fichier ./CSV3\bulletins\bulletins_propres\table_page_7.csv: En-tête '7020Base' introuvable.
Erreur dans le fichier ./CSV3\bulletins\bulletins_propres\table_page_7.csv: En-tête '7030Base' introuvable.
Erreur dans le fichier ./CSV3\bulletins\bulletins_propres\table_page_7.csv: En-tête 'Base' introuvable.
Erreur dans le fichier ./CSV3\bulletins\bulletins_propres\table_page_7.csv: En-tête '7035Base' introuvable.
Erreur dans le fichier ./CSV3\bulletins\bulletins_propres\table_page_7.csv: En-tête 'Base' introuvable.
Erreur dans le fichier ./CSV3\bulletins\bulletins_propres\table_page_7.csv: En-tête '7040Base' introuvable.
Erreur dans le fichier ./CSV3\bulletins\bulletins_propres\table_page_7.csv: En-tête 'Base' introuvable.
Erreur dans le fichier ./CSV3\bulletins\bulletins_propres\table_page_7.csv: En-tête '7045Base' introuvable.
Erreur dans le fichier ./CSV3\bulletins\bulletins_propres\table_page_7.csv: En-tête 'Base' introuvable.
Erreur dans le fichier ./CSV3\bulletins\bulletins_propres\table_page_7.csv: En-tête '7050Base' introuvable.
Erreur dans le fichier ./CSV3\bulletins\bulletins_propres\table_page_7.csv: En-tête '7055Base' introuvable.
Erreur dans le fichier ./CSV3\bulletins\bulletins_propres\table_page_7.csv: En-tête '7C00Base' introuvable.
Erreur dans le fichier ./CSV3\bulletins\bulletins_propres\table_page_7.csv: En-tête '7C20Base' introuvable.
Erreur dans le fichier ./CSV3\bulletins\bulletins_propres\table_page_7.csv: En-tête '7M05Base' introuvable.
Erreur dans le fichier ./CSV3\bulletins\bulletins_propres\table_page_7.csv: En-tête '7P20Base' introuvable.
Erreur dans le fichier ./CSV3\bulletins\bulletins_propres\table_page_7.csv: En-tête '7R44Base' introuvable.
Erreur dans le fichier ./CSV3\bulletins\bulletins_propres\table_page_7.csv: En-tête '7R53Base' introuvable.
Erreur dans le fichier ./CSV3\bulletins\bulletins_propres\table_page_7.csv: En-tête '7R63Base' introuvable.
Erreur dans le fichier ./CSV3\bulletins\bulletins_propres\table_page_7.csv: En-tête '7T00Base' introuvable.
Erreur dans le fichier ./CSV3\bulletins\bulletins_propres\table_page_7.csv: En-tête '7T02Base' introuvable.
Erreur dans le fichier ./CSV3\bulletins\bulletins_propres\table_page_7.csv: En-tête 'Base' introuvable.
Erreur dans le fichier ./CSV3\bulletins\bulletins_propres\table_page_7.csv: En-tête '7T05Base' introuvable.
Erreur dans le fichier ./CSV3\bulletins\bulletins_propres\table_page_7.csv: En-tête 'Base' introuvable.
Erreur dans le fichier ./CSV3\bulletins\bulletins_propres\table_page_7.csv: En-tête '7T10Base' introuvable.
Erreur dans le fichier ./CSV3\bulletins\bulletins_propres\table_page_7.csv: En-tête '7T15Base' introuvable.
Erreur dans le fichier ./CSV3\bulletins\bulletins_propres\table_page_7.csv: En-tête '7T20Base' introuvable.
Erreur dans le fichier ./CSV3\bulletins\bulletins_propres\table_page_7.csv: En-tête '6082Base' introuvable.
Erreur dans le fichier ./CSV3\bulletins\bulletins_propres\table_page_7.csv: En-tête '6094Base' introuvable.
Erreur dans le fichier ./CSV3\bulletins\bulletins_propres\table_page_7.csv: En-tête 'Total Charges Ded.Base' introuvable.
Erreur dans le fichier ./CSV3\bulletins\bulletins_propres\table_page_7.csv: En-tête '6080Base' introuvable.
Erreur dans le fichier ./CSV3\bulletins\bulletins_propres\table_page_7.csv: En-tête '6084Base' introuvable.
Erreur dans le fichier ./CSV3\bulletins\bulletins_propres\table_page_7.csv: En-tête '6092Base' introuvable.
Erreur dans le fichier ./CSV3\bulletins\bulletins_propres\table_page_7.csv: En-tête '6096Base' introuvable.
Erreur dans le fichier ./CSV3\bulletins\bulletins_propres\table_page_7.csv: En-tête '60F1Base' introuvable.
Erreur dans le fichier ./CSV3\bulletins\bulletins_propres\table_page_7.csv: En-tête '60F3Base' introuvable.
Erreur dans le fichier ./CSV3\bulletins\bulletins_propres\table_page_7.csv: En-tête '60F4Base' introuvable.
Erreur dans le fichier ./CSV3\bulletins\bulletins_propres\table_page_7.csv: En-tête '60F8Base' introuvable.
Erreur dans le fichier ./CSV3\bulletins\bulletins_propres\table_page_7.csv: En-tête '60F9Base' introuvable.
Erreur dans le fichier ./CSV3\bulletins\bulletins_propres\table_page_7.csv: En-tête 'Total Charges Non Ded.Base' introuvable.
Erreur dans le fichier ./CSV3\bulletins\bulletins_propres\table_page_7.csv: En-tête '8009Base' introuvable.
Erreur dans le fichier ./CSV3\bulletins\bulletins_propres\table_page_7.csv: En-tête '8010Base' introuvable.
Erreur dans le fichier ./CSV3\bulletins\bulletins_propres\table_page_7.csv: En-tête '8017Base' introuvable.
Erreur dans le fichier ./CSV3\bulletins\bulletins_propres\table_page_71.csv: En-tête '1001Base' introuvable.
Erreur dans le fichier ./CSV3\bulletins\bulletins_propres\table_page_71.csv: En-tête '1046Base' introuvable.
Erreur dans le fichier ./CSV3\bulletins\bulletins_propres\table_page_71.csv: En-tête 'Base' introuvable.
Erreur dans le fichier ./CSV3\bulletins\bulletins_propres\table_page_71.csv: En-tête '2012Base' introuvable.
Erreur dans le fichier ./CSV3\bulletins\bulletins_propres\table_page_71.csv: En-tête 'Base' introuvable.
Erreur dans le fichier ./CSV3\bulletins\bulletins_propres\table_page_71.csv: En-tête '2016Base' introuvable.
Erreur dans le fichier ./CSV3\bulletins\bulletins_propres\table_page_71.csv: En-tête '2050Base' introuvable.
Erreur dans le fichier ./CSV3\bulletins\bulletins_propres\table_page_71.csv: En-tête '2068Base' introuvable.
Erreur dans le fichier ./CSV3\bulletins\bulletins_propres\table_page_71.csv: En-tête '2078Base' introuvable.
Erreur dans le fichier ./CSV3\bulletins\bulletins_propres\table_page_71.csv: En-tête '2082Base' introuvable.
Erreur dans le fichier ./CSV3\bulletins\bulletins_propres\table_page_71.csv: En-tête '3280Base' introuvable.
Erreur dans le fichier ./CSV3\bulletins\bulletins_propres\table_page_71.csv: En-tête '3285Base' introuvable.
Erreur dans le fichier ./CSV3\bulletins\bulletins_propres\table_page_71.csv: En-tête '3B80Base' introuvable.
Erreur dans le fichier ./CSV3\bulletins\bulletins_propres\table_page_71.csv: En-tête '3B82Base' introuvable.
Erreur dans le fichier ./CSV3\bulletins\bulletins_propres\table_page_71.csv: En-tête 'Base' introuvable.
Erreur dans le fichier ./CSV3\bulletins\bulletins_propres\table_page_71.csv: En-tête 'TOTAL BRUTBase' introuvable.
Erreur dans le fichier ./CSV3\bulletins\bulletins_propres\table_page_71.csv: En-tête '60F2Base' introuvable.
Erreur dans le fichier ./CSV3\bulletins\bulletins_propres\table_page_71.csv: En-tête '7001Base' introuvable.
Erreur dans le fichier ./CSV3\bulletins\bulletins_propres\table_page_71.csv: En-tête 'Base' introuvable.
Erreur dans le fichier ./CSV3\bulletins\bulletins_propres\table_page_71.csv: En-tête '7010Base' introuvable.
Erreur dans le fichier ./CSV3\bulletins\bulletins_propres\table_page_71.csv: En-tête 'Base' introuvable.
Erreur dans le fichier ./CSV3\bulletins\bulletins_propres\table_page_71.csv: En-tête '7015Base' introuvable.
Erreur dans le fichier ./CSV3\bulletins\bulletins_propres\table_page_71.csv: En-tête 'Base' introuvable.
Erreur dans le fichier ./CSV3\bulletins\bulletins_propres\table_page_71.csv: En-tête '7020Base' introuvable.
Erreur dans le fichier ./CSV3\bulletins\bulletins_propres\table_page_71.csv: En-tête 'Base' introuvable.
Erreur dans le fichier ./CSV3\bulletins\bulletins_propres\table_page_71.csv: En-tête '7030Base' introuvable.
Erreur dans le fichier ./CSV3\bulletins\bulletins_propres\table_page_71.csv: En-tête '7035Base' introuvable.
Erreur dans le fichier ./CSV3\bulletins\bulletins_propres\table_page_71.csv: En-tête '7040Base' introuvable.
Erreur dans le fichier ./CSV3\bulletins\bulletins_propres\table_page_71.csv: En-tête '7045Base' introuvable.
Erreur dans le fichier ./CSV3\bulletins\bulletins_propres\table_page_71.csv: En-tête '7050Base' introuvable.
Erreur dans le fichier ./CSV3\bulletins\bulletins_propres\table_page_71.csv: En-tête '7055Base' introuvable.
Erreur dans le fichier ./CSV3\bulletins\bulletins_propres\table_page_71.csv: En-tête '7C00Base' introuvable.
Erreur dans le fichier ./CSV3\bulletins\bulletins_propres\table_page_71.csv: En-tête '7C20Base' introuvable.
Erreur dans le fichier ./CSV3\bulletins\bulletins_propres\table_page_71.csv: En-tête '7M03Base' introuvable.
Erreur dans le fichier ./CSV3\bulletins\bulletins_propres\table_page_71.csv: En-tête '7P10Base' introuvable.
Erreur dans le fichier ./CSV3\bulletins\bulletins_propres\table_page_71.csv: En-tête '7R56Base' introuvable.
Erreur dans le fichier ./CSV3\bulletins\bulletins_propres\table_page_71.csv: En-tête 'Base' introuvable.
Erreur dans le fichier ./CSV3\bulletins\bulletins_propres\table_page_71.csv: En-tête '7R63Base' introuvable.
Erreur dans le fichier ./CSV3\bulletins\bulletins_propres\table_page_71.csv: En-tête 'Base' introuvable.
Erreur dans le fichier ./CSV3\bulletins\bulletins_propres\table_page_71.csv: En-tête '7T00Base' introuvable.
Erreur dans le fichier ./CSV3\bulletins\bulletins_propres\table_page_71.csv: En-tête '7T02Base' introuvable.
Erreur dans le fichier ./CSV3\bulletins\bulletins_propres\table_page_71.csv: En-tête '7T05Base' introuvable.
Erreur dans le fichier ./CSV3\bulletins\bulletins_propres\table_page_71.csv: En-tête '7T10Base' introuvable.
Erreur dans le fichier ./CSV3\bulletins\bulletins_propres\table_page_71.csv: En-tête '7T15Base' introuvable.
Erreur dans le fichier ./CSV3\bulletins\bulletins_propres\table_page_71.csv: En-tête '7T20Base' introuvable.
Erreur dans le fichier ./CSV3\bulletins\bulletins_propres\table_page_71.csv: En-tête '6082Base' introuvable.
Erreur dans le fichier ./CSV3\bulletins\bulletins_propres\table_page_71.csv: En-tête '6094Base' introuvable.
Erreur dans le fichier ./CSV3\bulletins\bulletins_propres\table_page_71.csv: En-tête 'Total Charges Ded.Base' introuvable.
Erreur dans le fichier ./CSV3\bulletins\bulletins_propres\table_page_71.csv: En-tête '6080Base' introuvable.
Erreur dans le fichier ./CSV3\bulletins\bulletins_propres\table_page_71.csv: En-tête '6084Base' introuvable.
Erreur dans le fichier ./CSV3\bulletins\bulletins_propres\table_page_71.csv: En-tête '6092Base' introuvable.
Erreur dans le fichier ./CSV3\bulletins\bulletins_propres\table_page_71.csv: En-tête '6096Base' introuvable.
Erreur dans le fichier ./CSV3\bulletins\bulletins_propres\table_page_71.csv: En-tête '60F1Base' introuvable.
Erreur dans le fichier ./CSV3\bulletins\bulletins_propres\table_page_71.csv: En-tête '60F3Base' introuvable.
Erreur dans le fichier ./CSV3\bulletins\bulletins_propres\table_page_71.csv: En-tête '60F4Base' introuvable.
Erreur dans le fichier ./CSV3\bulletins\bulletins_propres\table_page_71.csv: En-tête '60F8Base' introuvable.
Erreur dans le fichier ./CSV3\bulletins\bulletins_propres\table_page_71.csv: En-tête '60F9Base' introuvable.
Erreur dans le fichier ./CSV3\bulletins\bulletins_propres\table_page_71.csv: En-tête 'Total Charges Non Ded.Base' introuvable.
Erreur dans le fichier ./CSV3\bulletins\bulletins_propres\table_page_71.csv: En-tête '8009Base' introuvable.
Erreur dans le fichier ./CSV3\bulletins\bulletins_propres\table_page_71.csv: En-tête '8010Base' introuvable.
Erreur dans le fichier ./CSV3\bulletins\bulletins_propres\table_page_71.csv: En-tête '8007Base' introuvable.
Erreur dans le fichier ./CSV3\bulletins\bulletins_propres\table_page_73.csv: En-tête '1001Base' introuvable.
Erreur dans le fichier ./CSV3\bulletins\bulletins_propres\table_page_73.csv: En-tête '1046Base' introuvable.
Erreur dans le fichier ./CSV3\bulletins\bulletins_propres\table_page_73.csv: En-tête 'Base' introuvable.
Erreur dans le fichier ./CSV3\bulletins\bulletins_propres\table_page_73.csv: En-tête '2012Base' introuvable.
Erreur dans le fichier ./CSV3\bulletins\bulletins_propres\table_page_73.csv: En-tête 'Base' introuvable.
Erreur dans le fichier ./CSV3\bulletins\bulletins_propres\table_page_73.csv: En-tête '2018Base' introuvable.
Erreur dans le fichier ./CSV3\bulletins\bulletins_propres\table_page_73.csv: En-tête '2068Base' introuvable.
Erreur dans le fichier ./CSV3\bulletins\bulletins_propres\table_page_73.csv: En-tête '2078Base' introuvable.
Erreur dans le fichier ./CSV3\bulletins\bulletins_propres\table_page_73.csv: En-tête '3350Base' introuvable.
Erreur dans le fichier ./CSV3\bulletins\bulletins_propres\table_page_73.csv: En-tête '3355Base' introuvable.
Erreur dans le fichier ./CSV3\bulletins\bulletins_propres\table_page_73.csv: En-tête 'Base' introuvable.
Erreur dans le fichier ./CSV3\bulletins\bulletins_propres\table_page_73.csv: En-tête 'TOTAL BRUTBase' introuvable.
Erreur dans le fichier ./CSV3\bulletins\bulletins_propres\table_page_73.csv: En-tête '7001Base' introuvable.
Erreur dans le fichier ./CSV3\bulletins\bulletins_propres\table_page_73.csv: En-tête '7010Base' introuvable.
Erreur dans le fichier ./CSV3\bulletins\bulletins_propres\table_page_73.csv: En-tête '7015Base' introuvable.
Erreur dans le fichier ./CSV3\bulletins\bulletins_propres\table_page_73.csv: En-tête '7020Base' introuvable.
Erreur dans le fichier ./CSV3\bulletins\bulletins_propres\table_page_73.csv: En-tête '7030Base' introuvable.
Erreur dans le fichier ./CSV3\bulletins\bulletins_propres\table_page_73.csv: En-tête '7035Base' introuvable.
Erreur dans le fichier ./CSV3\bulletins\bulletins_propres\table_page_73.csv: En-tête 'Base' introuvable.
Erreur dans le fichier ./CSV3\bulletins\bulletins_propres\table_page_73.csv: En-tête '7040Base' introuvable.
Erreur dans le fichier ./CSV3\bulletins\bulletins_propres\table_page_73.csv: En-tête 'Base' introuvable.
Erreur dans le fichier ./CSV3\bulletins\bulletins_propres\table_page_73.csv: En-tête '7045Base' introuvable.
Erreur dans le fichier ./CSV3\bulletins\bulletins_propres\table_page_73.csv: En-tête 'Base' introuvable.
Erreur dans le fichier ./CSV3\bulletins\bulletins_propres\table_page_73.csv: En-tête '7050Base' introuvable.
Erreur dans le fichier ./CSV3\bulletins\bulletins_propres\table_page_73.csv: En-tête 'Base' introuvable.
Erreur dans le fichier ./CSV3\bulletins\bulletins_propres\table_page_73.csv: En-tête '7055Base' introuvable.
Erreur dans le fichier ./CSV3\bulletins\bulletins_propres\table_page_73.csv: En-tête '7C00Base' introuvable.
Erreur dans le fichier ./CSV3\bulletins\bulletins_propres\table_page_73.csv: En-tête '7C20Base' introuvable.
Erreur dans le fichier ./CSV3\bulletins\bulletins_propres\table_page_73.csv: En-tête '7M03Base' introuvable.
Erreur dans le fichier ./CSV3\bulletins\bulletins_propres\table_page_73.csv: En-tête '7P10Base' introuvable.
Erreur dans le fichier ./CSV3\bulletins\bulletins_propres\table_page_73.csv: En-tête '7R56Base' introuvable.
Erreur dans le fichier ./CSV3\bulletins\bulletins_propres\table_page_73.csv: En-tête '7R63Base' introuvable.
Erreur dans le fichier ./CSV3\bulletins\bulletins_propres\table_page_73.csv: En-tête '7T00Base' introuvable.
Erreur dans le fichier ./CSV3\bulletins\bulletins_propres\table_page_73.csv: En-tête '7T02Base' introuvable.
Erreur dans le fichier ./CSV3\bulletins\bulletins_propres\table_page_73.csv: En-tête '7T05Base' introuvable.
Erreur dans le fichier ./CSV3\bulletins\bulletins_propres\table_page_73.csv: En-tête '7T10Base' introuvable.
Erreur dans le fichier ./CSV3\bulletins\bulletins_propres\table_page_73.csv: En-tête 'Base' introuvable.
Erreur dans le fichier ./CSV3\bulletins\bulletins_propres\table_page_73.csv: En-tête '7T15Base' introuvable.
Erreur dans le fichier ./CSV3\bulletins\bulletins_propres\table_page_73.csv: En-tête 'Base' introuvable.
Erreur dans le fichier ./CSV3\bulletins\bulletins_propres\table_page_73.csv: En-tête '7T20Base' introuvable.
Erreur dans le fichier ./CSV3\bulletins\bulletins_propres\table_page_73.csv: En-tête '6082Base' introuvable.
Erreur dans le fichier ./CSV3\bulletins\bulletins_propres\table_page_73.csv: En-tête '6094Base' introuvable.
Erreur dans le fichier ./CSV3\bulletins\bulletins_propres\table_page_73.csv: En-tête 'Total Charges Ded.Base' introuvable.
Erreur dans le fichier ./CSV3\bulletins\bulletins_propres\table_page_73.csv: En-tête '6080Base' introuvable.
Erreur dans le fichier ./CSV3\bulletins\bulletins_propres\table_page_73.csv: En-tête '6084Base' introuvable.
Erreur dans le fichier ./CSV3\bulletins\bulletins_propres\table_page_73.csv: En-tête '6092Base' introuvable.
Erreur dans le fichier ./CSV3\bulletins\bulletins_propres\table_page_73.csv: En-tête '6096Base' introuvable.
Erreur dans le fichier ./CSV3\bulletins\bulletins_propres\table_page_73.csv: En-tête 'Total Charges Non Ded.Base' introuvable.
Erreur dans le fichier ./CSV3\bulletins\bulletins_propres\table_page_73.csv: En-tête '8009Base' introuvable.
Erreur dans le fichier ./CSV3\bulletins\bulletins_propres\table_page_73.csv: En-tête '8010Base' introuvable.
Erreur dans le fichier ./CSV3\bulletins\bulletins_propres\table_page_73.csv: En-tête '8017Base' introuvable.
Erreur dans le fichier ./CSV3\bulletins\bulletins_propres\table_page_73.csv: En-tête '8020Base' introuvable.
Erreur dans le fichier ./CSV3\bulletins\bulletins_propres\table_page_75.csv: En-tête '1001Base' introuvable.
Erreur dans le fichier ./CSV3\bulletins\bulletins_propres\table_page_75.csv: En-tête '1046Base' introuvable.
Erreur dans le fichier ./CSV3\bulletins\bulletins_propres\table_page_75.csv: En-tête 'Base' introuvable.
Erreur dans le fichier ./CSV3\bulletins\bulletins_propres\table_page_75.csv: En-tête '2012Base' introuvable.
Erreur dans le fichier ./CSV3\bulletins\bulletins_propres\table_page_75.csv: En-tête 'Base' introuvable.
Erreur dans le fichier ./CSV3\bulletins\bulletins_propres\table_page_75.csv: En-tête '2018Base' introuvable.
Erreur dans le fichier ./CSV3\bulletins\bulletins_propres\table_page_75.csv: En-tête '2078Base' introuvable.
Erreur dans le fichier ./CSV3\bulletins\bulletins_propres\table_page_75.csv: En-tête '2088Base' introuvable.
Erreur dans le fichier ./CSV3\bulletins\bulletins_propres\table_page_75.csv: En-tête '3050Base' introuvable.
Erreur dans le fichier ./CSV3\bulletins\bulletins_propres\table_page_75.csv: En-tête '3060Base' introuvable.
Erreur dans le fichier ./CSV3\bulletins\bulletins_propres\table_page_75.csv: En-tête '3200Base' introuvable.
Erreur dans le fichier ./CSV3\bulletins\bulletins_propres\table_page_75.csv: En-tête '3230Base' introuvable.
Erreur dans le fichier ./CSV3\bulletins\bulletins_propres\table_page_75.csv: En-tête '3250Base' introuvable.
Erreur dans le fichier ./CSV3\bulletins\bulletins_propres\table_page_75.csv: En-tête '3255Base' introuvable.
Erreur dans le fichier ./CSV3\bulletins\bulletins_propres\table_page_75.csv: En-tête 'Base' introuvable.
Erreur dans le fichier ./CSV3\bulletins\bulletins_propres\table_page_75.csv: En-tête 'TOTAL BRUTBase' introuvable.
Erreur dans le fichier ./CSV3\bulletins\bulletins_propres\table_page_75.csv: En-tête '7001Base' introuvable.
Erreur dans le fichier ./CSV3\bulletins\bulletins_propres\table_page_75.csv: En-tête '7010Base' introuvable.
Erreur dans le fichier ./CSV3\bulletins\bulletins_propres\table_page_75.csv: En-tête 'Base' introuvable.
Erreur dans le fichier ./CSV3\bulletins\bulletins_propres\table_page_75.csv: En-tête '7015Base' introuvable.
Erreur dans le fichier ./CSV3\bulletins\bulletins_propres\table_page_75.csv: En-tête 'Base' introuvable.
Erreur dans le fichier ./CSV3\bulletins\bulletins_propres\table_page_75.csv: En-tête '7020Base' introuvable.
Erreur dans le fichier ./CSV3\bulletins\bulletins_propres\table_page_75.csv: En-tête 'Base' introuvable.
Erreur dans le fichier ./CSV3\bulletins\bulletins_propres\table_page_75.csv: En-tête '7030Base' introuvable.
Erreur dans le fichier ./CSV3\bulletins\bulletins_propres\table_page_75.csv: En-tête 'Base' introuvable.
Erreur dans le fichier ./CSV3\bulletins\bulletins_propres\table_page_75.csv: En-tête '7035Base' introuvable.
Erreur dans le fichier ./CSV3\bulletins\bulletins_propres\table_page_75.csv: En-tête '7040Base' introuvable.
Erreur dans le fichier ./CSV3\bulletins\bulletins_propres\table_page_75.csv: En-tête '7045Base' introuvable.
Erreur dans le fichier ./CSV3\bulletins\bulletins_propres\table_page_75.csv: En-tête '7050Base' introuvable.
Erreur dans le fichier ./CSV3\bulletins\bulletins_propres\table_page_75.csv: En-tête '7055Base' introuvable.
Erreur dans le fichier ./CSV3\bulletins\bulletins_propres\table_page_75.csv: En-tête '7C00Base' introuvable.
Erreur dans le fichier ./CSV3\bulletins\bulletins_propres\table_page_75.csv: En-tête '7C20Base' introuvable.
Erreur dans le fichier ./CSV3\bulletins\bulletins_propres\table_page_75.csv: En-tête '7M05Base' introuvable.
Erreur dans le fichier ./CSV3\bulletins\bulletins_propres\table_page_75.csv: En-tête '7P20Base' introuvable.
Erreur dans le fichier ./CSV3\bulletins\bulletins_propres\table_page_75.csv: En-tête '7R56Base' introuvable.
Erreur dans le fichier ./CSV3\bulletins\bulletins_propres\table_page_75.csv: En-tête '7R63Base' introuvable.
Erreur dans le fichier ./CSV3\bulletins\bulletins_propres\table_page_75.csv: En-tête 'Base' introuvable.
Erreur dans le fichier ./CSV3\bulletins\bulletins_propres\table_page_75.csv: En-tête '7T00Base' introuvable.
Erreur dans le fichier ./CSV3\bulletins\bulletins_propres\table_page_75.csv: En-tête 'Base' introuvable.
Erreur dans le fichier ./CSV3\bulletins\bulletins_propres\table_page_75.csv: En-tête '7T02Base' introuvable.
Erreur dans le fichier ./CSV3\bulletins\bulletins_propres\table_page_75.csv: En-tête 'Base' introuvable.
Erreur dans le fichier ./CSV3\bulletins\bulletins_propres\table_page_75.csv: En-tête '7T05Base' introuvable.
Erreur dans le fichier ./CSV3\bulletins\bulletins_propres\table_page_75.csv: En-tête '7T10Base' introuvable.
Erreur dans le fichier ./CSV3\bulletins\bulletins_propres\table_page_75.csv: En-tête '7T15Base' introuvable.
Erreur dans le fichier ./CSV3\bulletins\bulletins_propres\table_page_75.csv: En-tête '7T20Base' introuvable.
Erreur dans le fichier ./CSV3\bulletins\bulletins_propres\table_page_75.csv: En-tête '6082Base' introuvable.
Erreur dans le fichier ./CSV3\bulletins\bulletins_propres\table_page_75.csv: En-tête '6094Base' introuvable.
Erreur dans le fichier ./CSV3\bulletins\bulletins_propres\table_page_75.csv: En-tête 'Total Charges Ded.Base' introuvable.
Erreur dans le fichier ./CSV3\bulletins\bulletins_propres\table_page_75.csv: En-tête '6080Base' introuvable.
Erreur dans le fichier ./CSV3\bulletins\bulletins_propres\table_page_75.csv: En-tête '6084Base' introuvable.
Erreur dans le fichier ./CSV3\bulletins\bulletins_propres\table_page_75.csv: En-tête '6092Base' introuvable.
Erreur dans le fichier ./CSV3\bulletins\bulletins_propres\table_page_75.csv: En-tête '6096Base' introuvable.
Erreur dans le fichier ./CSV3\bulletins\bulletins_propres\table_page_75.csv: En-tête 'Total Charges Non Ded.Base' introuvable.
Erreur dans le fichier ./CSV3\bulletins\bulletins_propres\table_page_75.csv: En-tête '/5I2IJ nette - Maladie 0624Base' introuvable.
Erreur dans le fichier ./CSV3\bulletins\bulletins_propres\table_page_75.csv: En-tête '8009Base' introuvable.
Erreur dans le fichier ./CSV3\bulletins\bulletins_propres\table_page_75.csv: En-tête '8010Base' introuvable.
Erreur dans le fichier ./CSV3\bulletins\bulletins_propres\table_page_75.csv: En-tête '8007Base' introuvable.
Erreur dans le fichier ./CSV3\bulletins\bulletins_propres\table_page_75.csv: En-tête '8192Base' introuvable.
Erreur dans le fichier ./CSV3\bulletins\bulletins_propres\table_page_77.csv: En-tête '1001Base' introuvable.
Erreur dans le fichier ./CSV3\bulletins\bulletins_propres\table_page_77.csv: En-tête '2012Base' introuvable.
Erreur dans le fichier ./CSV3\bulletins\bulletins_propres\table_page_77.csv: En-tête 'Base' introuvable.
Erreur dans le fichier ./CSV3\bulletins\bulletins_propres\table_page_77.csv: En-tête '3050Base' introuvable.
Erreur dans le fichier ./CSV3\bulletins\bulletins_propres\table_page_77.csv: En-tête 'Base' introuvable.
Erreur dans le fichier ./CSV3\bulletins\bulletins_propres\table_page_77.csv: En-tête '3060Base' introuvable.
Erreur dans le fichier ./CSV3\bulletins\bulletins_propres\table_page_77.csv: En-tête '3200Base' introuvable.
Erreur dans le fichier ./CSV3\bulletins\bulletins_propres\table_page_77.csv: En-tête '3230Base' introuvable.
Erreur dans le fichier ./CSV3\bulletins\bulletins_propres\table_page_77.csv: En-tête '3B80Base' introuvable.
Erreur dans le fichier ./CSV3\bulletins\bulletins_propres\table_page_77.csv: En-tête '3B82Base' introuvable.
Erreur dans le fichier ./CSV3\bulletins\bulletins_propres\table_page_77.csv: En-tête 'Base' introuvable.
Erreur dans le fichier ./CSV3\bulletins\bulletins_propres\table_page_77.csv: En-tête 'TOTAL BRUTBase' introuvable.
Erreur dans le fichier ./CSV3\bulletins\bulletins_propres\table_page_77.csv: En-tête '60F2Base' introuvable.
Erreur dans le fichier ./CSV3\bulletins\bulletins_propres\table_page_77.csv: En-tête '7001Base' introuvable.
Erreur dans le fichier ./CSV3\bulletins\bulletins_propres\table_page_77.csv: En-tête '7010Base' introuvable.
Erreur dans le fichier ./CSV3\bulletins\bulletins_propres\table_page_77.csv: En-tête '7015Base' introuvable.
Erreur dans le fichier ./CSV3\bulletins\bulletins_propres\table_page_77.csv: En-tête '7020Base' introuvable.
Erreur dans le fichier ./CSV3\bulletins\bulletins_propres\table_page_77.csv: En-tête '7030Base' introuvable.
Erreur dans le fichier ./CSV3\bulletins\bulletins_propres\table_page_77.csv: En-tête 'Base' introuvable.
Erreur dans le fichier ./CSV3\bulletins\bulletins_propres\table_page_77.csv: En-tête '7035Base' introuvable.
Erreur dans le fichier ./CSV3\bulletins\bulletins_propres\table_page_77.csv: En-tête 'Base' introuvable.
Erreur dans le fichier ./CSV3\bulletins\bulletins_propres\table_page_77.csv: En-tête '7040Base' introuvable.
Erreur dans le fichier ./CSV3\bulletins\bulletins_propres\table_page_77.csv: En-tête 'Base' introuvable.
Erreur dans le fichier ./CSV3\bulletins\bulletins_propres\table_page_77.csv: En-tête '7045Base' introuvable.
Erreur dans le fichier ./CSV3\bulletins\bulletins_propres\table_page_77.csv: En-tête 'Base' introuvable.
Erreur dans le fichier ./CSV3\bulletins\bulletins_propres\table_page_77.csv: En-tête '7050Base' introuvable.
Erreur dans le fichier ./CSV3\bulletins\bulletins_propres\table_page_77.csv: En-tête '7055Base' introuvable.
Erreur dans le fichier ./CSV3\bulletins\bulletins_propres\table_page_77.csv: En-tête '7C00Base' introuvable.
Erreur dans le fichier ./CSV3\bulletins\bulletins_propres\table_page_77.csv: En-tête '7C20Base' introuvable.
Erreur dans le fichier ./CSV3\bulletins\bulletins_propres\table_page_77.csv: En-tête '7M05Base' introuvable.
Erreur dans le fichier ./CSV3\bulletins\bulletins_propres\table_page_77.csv: En-tête '7P20Base' introuvable.
Erreur dans le fichier ./CSV3\bulletins\bulletins_propres\table_page_77.csv: En-tête '7R44Base' introuvable.
Erreur dans le fichier ./CSV3\bulletins\bulletins_propres\table_page_77.csv: En-tête '7R53Base' introuvable.
Erreur dans le fichier ./CSV3\bulletins\bulletins_propres\table_page_77.csv: En-tête '7R63Base' introuvable.
Erreur dans le fichier ./CSV3\bulletins\bulletins_propres\table_page_77.csv: En-tête '7T00Base' introuvable.
Erreur dans le fichier ./CSV3\bulletins\bulletins_propres\table_page_77.csv: En-tête '7T02Base' introuvable.
Erreur dans le fichier ./CSV3\bulletins\bulletins_propres\table_page_77.csv: En-tête 'Base' introuvable.
Erreur dans le fichier ./CSV3\bulletins\bulletins_propres\table_page_77.csv: En-tête '7T05Base' introuvable.
Erreur dans le fichier ./CSV3\bulletins\bulletins_propres\table_page_77.csv: En-tête 'Base' introuvable.
Erreur dans le fichier ./CSV3\bulletins\bulletins_propres\table_page_77.csv: En-tête '7T10Base' introuvable.
Erreur dans le fichier ./CSV3\bulletins\bulletins_propres\table_page_77.csv: En-tête '7T15Base' introuvable.
Erreur dans le fichier ./CSV3\bulletins\bulletins_propres\table_page_77.csv: En-tête '7T20Base' introuvable.
Erreur dans le fichier ./CSV3\bulletins\bulletins_propres\table_page_77.csv: En-tête '6082Base' introuvable.
Erreur dans le fichier ./CSV3\bulletins\bulletins_propres\table_page_77.csv: En-tête '6094Base' introuvable.
Erreur dans le fichier ./CSV3\bulletins\bulletins_propres\table_page_77.csv: En-tête 'Total Charges Ded.Base' introuvable.
Erreur dans le fichier ./CSV3\bulletins\bulletins_propres\table_page_77.csv: En-tête '6080Base' introuvable.
Erreur dans le fichier ./CSV3\bulletins\bulletins_propres\table_page_77.csv: En-tête '6084Base' introuvable.
Erreur dans le fichier ./CSV3\bulletins\bulletins_propres\table_page_77.csv: En-tête '6092Base' introuvable.
Erreur dans le fichier ./CSV3\bulletins\bulletins_propres\table_page_77.csv: En-tête '6096Base' introuvable.
Erreur dans le fichier ./CSV3\bulletins\bulletins_propres\table_page_77.csv: En-tête '60F1Base' introuvable.
Erreur dans le fichier ./CSV3\bulletins\bulletins_propres\table_page_77.csv: En-tête '60F3Base' introuvable.
Erreur dans le fichier ./CSV3\bulletins\bulletins_propres\table_page_77.csv: En-tête '60F4Base' introuvable.
Erreur dans le fichier ./CSV3\bulletins\bulletins_propres\table_page_77.csv: En-tête '60F8Base' introuvable.
Erreur dans le fichier ./CSV3\bulletins\bulletins_propres\table_page_77.csv: En-tête '60F9Base' introuvable.
Erreur dans le fichier ./CSV3\bulletins\bulletins_propres\table_page_77.csv: En-tête 'Total Charges Non Ded.Base' introuvable.
Erreur dans le fichier ./CSV3\bulletins\bulletins_propres\table_page_77.csv: En-tête '/5I2IJ nette - Maladie 0624Base' introuvable.
Erreur dans le fichier ./CSV3\bulletins\bulletins_propres\table_page_79.csv: En-tête '1001Base' introuvable.
Erreur dans le fichier ./CSV3\bulletins\bulletins_propres\table_page_79.csv: En-tête '1046Base' introuvable.
Erreur dans le fichier ./CSV3\bulletins\bulletins_propres\table_page_79.csv: En-tête 'Base' introuvable.
Erreur dans le fichier ./CSV3\bulletins\bulletins_propres\table_page_79.csv: En-tête '2012Base' introuvable.
Erreur dans le fichier ./CSV3\bulletins\bulletins_propres\table_page_79.csv: En-tête 'Base' introuvable.
Erreur dans le fichier ./CSV3\bulletins\bulletins_propres\table_page_79.csv: En-tête '2068Base' introuvable.
Erreur dans le fichier ./CSV3\bulletins\bulletins_propres\table_page_79.csv: En-tête '2078Base' introuvable.
Erreur dans le fichier ./CSV3\bulletins\bulletins_propres\table_page_79.csv: En-tête '2084Base' introuvable.
Erreur dans le fichier ./CSV3\bulletins\bulletins_propres\table_page_79.csv: En-tête 'Base' introuvable.
Erreur dans le fichier ./CSV3\bulletins\bulletins_propres\table_page_79.csv: En-tête 'TOTAL BRUTBase' introuvable.
Erreur dans le fichier ./CSV3\bulletins\bulletins_propres\table_page_79.csv: En-tête '7001Base' introuvable.
Erreur dans le fichier ./CSV3\bulletins\bulletins_propres\table_page_79.csv: En-tête '7010Base' introuvable.
Erreur dans le fichier ./CSV3\bulletins\bulletins_propres\table_page_79.csv: En-tête '7015Base' introuvable.
Erreur dans le fichier ./CSV3\bulletins\bulletins_propres\table_page_79.csv: En-tête '7020Base' introuvable.
Erreur dans le fichier ./CSV3\bulletins\bulletins_propres\table_page_79.csv: En-tête '7030Base' introuvable.
Erreur dans le fichier ./CSV3\bulletins\bulletins_propres\table_page_79.csv: En-tête '7035Base' introuvable.
Erreur dans le fichier ./CSV3\bulletins\bulletins_propres\table_page_79.csv: En-tête '7040Base' introuvable.
Erreur dans le fichier ./CSV3\bulletins\bulletins_propres\table_page_79.csv: En-tête '7045Base' introuvable.
Erreur dans le fichier ./CSV3\bulletins\bulletins_propres\table_page_79.csv: En-tête 'Base' introuvable.
Erreur dans le fichier ./CSV3\bulletins\bulletins_propres\table_page_79.csv: En-tête '7050Base' introuvable.
Erreur dans le fichier ./CSV3\bulletins\bulletins_propres\table_page_79.csv: En-tête 'Base' introuvable.
Erreur dans le fichier ./CSV3\bulletins\bulletins_propres\table_page_79.csv: En-tête '7055Base' introuvable.
Erreur dans le fichier ./CSV3\bulletins\bulletins_propres\table_page_79.csv: En-tête 'Base' introuvable.
Erreur dans le fichier ./CSV3\bulletins\bulletins_propres\table_page_79.csv: En-tête '7C00Base' introuvable.
Erreur dans le fichier ./CSV3\bulletins\bulletins_propres\table_page_79.csv: En-tête 'Base' introuvable.
Erreur dans le fichier ./CSV3\bulletins\bulletins_propres\table_page_79.csv: En-tête '7C20Base' introuvable.
Erreur dans le fichier ./CSV3\bulletins\bulletins_propres\table_page_79.csv: En-tête '7M04Base' introuvable.
Erreur dans le fichier ./CSV3\bulletins\bulletins_propres\table_page_79.csv: En-tête '7P10Base' introuvable.
Erreur dans le fichier ./CSV3\bulletins\bulletins_propres\table_page_79.csv: En-tête '7R56Base' introuvable.
Erreur dans le fichier ./CSV3\bulletins\bulletins_propres\table_page_79.csv: En-tête '7R63Base' introuvable.
Erreur dans le fichier ./CSV3\bulletins\bulletins_propres\table_page_79.csv: En-tête '7T00Base' introuvable.
Erreur dans le fichier ./CSV3\bulletins\bulletins_propres\table_page_79.csv: En-tête '7T02Base' introuvable.
Erreur dans le fichier ./CSV3\bulletins\bulletins_propres\table_page_79.csv: En-tête '7T05Base' introuvable.
Erreur dans le fichier ./CSV3\bulletins\bulletins_propres\table_page_79.csv: En-tête '7T10Base' introuvable.
Erreur dans le fichier ./CSV3\bulletins\bulletins_propres\table_page_79.csv: En-tête '7T15Base' introuvable.
Erreur dans le fichier ./CSV3\bulletins\bulletins_propres\table_page_79.csv: En-tête '7T20Base' introuvable.
Erreur dans le fichier ./CSV3\bulletins\bulletins_propres\table_page_79.csv: En-tête 'Base' introuvable.
Erreur dans le fichier ./CSV3\bulletins\bulletins_propres\table_page_79.csv: En-tête '6082Base' introuvable.
Erreur dans le fichier ./CSV3\bulletins\bulletins_propres\table_page_79.csv: En-tête '6094Base' introuvable.
Erreur dans le fichier ./CSV3\bulletins\bulletins_propres\table_page_79.csv: En-tête 'Total Charges Ded.Base' introuvable.
Erreur dans le fichier ./CSV3\bulletins\bulletins_propres\table_page_79.csv: En-tête '6080Base' introuvable.
Erreur dans le fichier ./CSV3\bulletins\bulletins_propres\table_page_79.csv: En-tête '6084Base' introuvable.
Erreur dans le fichier ./CSV3\bulletins\bulletins_propres\table_page_79.csv: En-tête '6092Base' introuvable.
Erreur dans le fichier ./CSV3\bulletins\bulletins_propres\table_page_79.csv: En-tête '6096Base' introuvable.
Erreur dans le fichier ./CSV3\bulletins\bulletins_propres\table_page_79.csv: En-tête 'Total Charges Non Ded.Base' introuvable.
Erreur dans le fichier ./CSV3\bulletins\bulletins_propres\table_page_79.csv: En-tête '8009Base' introuvable.
Erreur dans le fichier ./CSV3\bulletins\bulletins_propres\table_page_79.csv: En-tête '8010Base' introuvable.
Erreur dans le fichier ./CSV3\bulletins\bulletins_propres\table_page_79.csv: En-tête '8007Base' introuvable.
Erreur dans le fichier ./CSV3\bulletins\bulletins_propres\table_page_79.csv: En-tête '8192Base' introuvable.
Erreur dans le fichier ./CSV3\bulletins\bulletins_propres\table_page_79.csv: En-tête 'Base' introuvable.
Erreur dans le fichier ./CSV3\bulletins\bulletins_propres\table_page_79.csv: En-tête 'Base' introuvable.
Erreur dans le fichier ./CSV3\bulletins\bulletins_propres\table_page_79.csv: En-tête 'Impôt sur le revenuBase' introuvable.
Erreur dans le fichier ./CSV3\bulletins\bulletins_propres\table_page_79.csv: En-tête 'Impôt sur le revenu à la sourceBase' introuvable.
Erreur dans le fichier ./CSV3\bulletins\bulletins_propres\table_page_81.csv: En-tête '1001Base' introuvable.
Erreur dans le fichier ./CSV3\bulletins\bulletins_propres\table_page_81.csv: En-tête '2012Base' introuvable.
Erreur dans le fichier ./CSV3\bulletins\bulletins_propres\table_page_81.csv: En-tête '2068Base' introuvable.
Erreur dans le fichier ./CSV3\bulletins\bulletins_propres\table_page_81.csv: En-tête 'TOTAL BRUTBase' introuvable.
Erreur dans le fichier ./CSV3\bulletins\bulletins_propres\table_page_81.csv: En-tête '7001Base' introuvable.
Erreur dans le fichier ./CSV3\bulletins\bulletins_propres\table_page_81.csv: En-tête 'Base' introuvable.
Erreur dans le fichier ./CSV3\bulletins\bulletins_propres\table_page_81.csv: En-tête '7002Base' introuvable.
Erreur dans le fichier ./CSV3\bulletins\bulletins_propres\table_page_81.csv: En-tête '7010Base' introuvable.
Erreur dans le fichier ./CSV3\bulletins\bulletins_propres\table_page_81.csv: En-tête '7015Base' introuvable.
Erreur dans le fichier ./CSV3\bulletins\bulletins_propres\table_page_81.csv: En-tête '7020Base' introuvable.
Erreur dans le fichier ./CSV3\bulletins\bulletins_propres\table_page_81.csv: En-tête '7030Base' introuvable.
Erreur dans le fichier ./CSV3\bulletins\bulletins_propres\table_page_81.csv: En-tête '7035Base' introuvable.
Erreur dans le fichier ./CSV3\bulletins\bulletins_propres\table_page_81.csv: En-tête '7040Base' introuvable.
Erreur dans le fichier ./CSV3\bulletins\bulletins_propres\table_page_81.csv: En-tête '7045Base' introuvable.
Erreur dans le fichier ./CSV3\bulletins\bulletins_propres\table_page_81.csv: En-tête '7050Base' introuvable.
Erreur dans le fichier ./CSV3\bulletins\bulletins_propres\table_page_81.csv: En-tête '7055Base' introuvable.
Erreur dans le fichier ./CSV3\bulletins\bulletins_propres\table_page_81.csv: En-tête '7C00Base' introuvable.
Erreur dans le fichier ./CSV3\bulletins\bulletins_propres\table_page_81.csv: En-tête '7C10Base' introuvable.
Erreur dans le fichier ./CSV3\bulletins\bulletins_propres\table_page_81.csv: En-tête '7C20Base' introuvable.
Erreur dans le fichier ./CSV3\bulletins\bulletins_propres\table_page_81.csv: En-tête '7M05Base' introuvable.
Erreur dans le fichier ./CSV3\bulletins\bulletins_propres\table_page_81.csv: En-tête '7P20Base' introuvable.
Erreur dans le fichier ./CSV3\bulletins\bulletins_propres\table_page_81.csv: En-tête 'Base' introuvable.
Erreur dans le fichier ./CSV3\bulletins\bulletins_propres\table_page_81.csv: En-tête '7P25Base' introuvable.
Erreur dans le fichier ./CSV3\bulletins\bulletins_propres\table_page_81.csv: En-tête '7R44Base' introuvable.
Erreur dans le fichier ./CSV3\bulletins\bulletins_propres\table_page_81.csv: En-tête '7R45Base' introuvable.
Erreur dans le fichier ./CSV3\bulletins\bulletins_propres\table_page_81.csv: En-tête '7R53Base' introuvable.
Erreur dans le fichier ./CSV3\bulletins\bulletins_propres\table_page_81.csv: En-tête '7R54Base' introuvable.
Erreur dans le fichier ./CSV3\bulletins\bulletins_propres\table_page_81.csv: En-tête '7R63Base' introuvable.
Erreur dans le fichier ./CSV3\bulletins\bulletins_propres\table_page_81.csv: En-tête '7R64Base' introuvable.
Erreur dans le fichier ./CSV3\bulletins\bulletins_propres\table_page_81.csv: En-tête '7R70Base' introuvable.
Erreur dans le fichier ./CSV3\bulletins\bulletins_propres\table_page_81.csv: En-tête '7R71Base' introuvable.
Erreur dans le fichier ./CSV3\bulletins\bulletins_propres\table_page_81.csv: En-tête '7T00Base' introuvable.
Erreur dans le fichier ./CSV3\bulletins\bulletins_propres\table_page_81.csv: En-tête '7T02Base' introuvable.
Erreur dans le fichier ./CSV3\bulletins\bulletins_propres\table_page_81.csv: En-tête '7T05Base' introuvable.
Erreur dans le fichier ./CSV3\bulletins\bulletins_propres\table_page_81.csv: En-tête '7T10Base' introuvable.
Erreur dans le fichier ./CSV3\bulletins\bulletins_propres\table_page_81.csv: En-tête '7T15Base' introuvable.
Erreur dans le fichier ./CSV3\bulletins\bulletins_propres\table_page_81.csv: En-tête '7T20Base' introuvable.
Erreur dans le fichier ./CSV3\bulletins\bulletins_propres\table_page_81.csv: En-tête '6082Base' introuvable.
Erreur dans le fichier ./CSV3\bulletins\bulletins_propres\table_page_81.csv: En-tête '6094Base' introuvable.
Erreur dans le fichier ./CSV3\bulletins\bulletins_propres\table_page_81.csv: En-tête 'Total Charges Ded.Base' introuvable.
Erreur dans le fichier ./CSV3\bulletins\bulletins_propres\table_page_81.csv: En-tête '6080Base' introuvable.
Erreur dans le fichier ./CSV3\bulletins\bulletins_propres\table_page_81.csv: En-tête '6084Base' introuvable.
Erreur dans le fichier ./CSV3\bulletins\bulletins_propres\table_page_81.csv: En-tête '6092Base' introuvable.
Erreur dans le fichier ./CSV3\bulletins\bulletins_propres\table_page_81.csv: En-tête '6096Base' introuvable.
Erreur dans le fichier ./CSV3\bulletins\bulletins_propres\table_page_81.csv: En-tête 'Total Charges Non Ded.Base' introuvable.
Erreur dans le fichier ./CSV3\bulletins\bulletins_propres\table_page_81.csv: En-tête '8009Base' introuvable.
Erreur dans le fichier ./CSV3\bulletins\bulletins_propres\table_page_81.csv: En-tête '8010Base' introuvable.
Erreur dans le fichier ./CSV3\bulletins\bulletins_propres\table_page_81.csv: En-tête '8007Base' introuvable.
Erreur dans le fichier ./CSV3\bulletins\bulletins_propres\table_page_83.csv: En-tête '1001Base' introuvable.
Erreur dans le fichier ./CSV3\bulletins\bulletins_propres\table_page_83.csv: En-tête '2012Base' introuvable.
Erreur dans le fichier ./CSV3\bulletins\bulletins_propres\table_page_83.csv: En-tête 'Base' introuvable.
Erreur dans le fichier ./CSV3\bulletins\bulletins_propres\table_page_83.csv: En-tête '2068Base' introuvable.
Erreur dans le fichier ./CSV3\bulletins\bulletins_propres\table_page_83.csv: En-tête 'Base' introuvable.
Erreur dans le fichier ./CSV3\bulletins\bulletins_propres\table_page_83.csv: En-tête '3310Base' introuvable.
Erreur dans le fichier ./CSV3\bulletins\bulletins_propres\table_page_83.csv: En-tête '3315Base' introuvable.
Erreur dans le fichier ./CSV3\bulletins\bulletins_propres\table_page_83.csv: En-tête 'Base' introuvable.
Erreur dans le fichier ./CSV3\bulletins\bulletins_propres\table_page_83.csv: En-tête 'TOTAL BRUTBase' introuvable.
Erreur dans le fichier ./CSV3\bulletins\bulletins_propres\table_page_83.csv: En-tête '7001Base' introuvable.
Erreur dans le fichier ./CSV3\bulletins\bulletins_propres\table_page_83.csv: En-tête '7010Base' introuvable.
Erreur dans le fichier ./CSV3\bulletins\bulletins_propres\table_page_83.csv: En-tête '7015Base' introuvable.
Erreur dans le fichier ./CSV3\bulletins\bulletins_propres\table_page_83.csv: En-tête '7020Base' introuvable.
Erreur dans le fichier ./CSV3\bulletins\bulletins_propres\table_page_83.csv: En-tête '7030Base' introuvable.
Erreur dans le fichier ./CSV3\bulletins\bulletins_propres\table_page_83.csv: En-tête '7035Base' introuvable.
Erreur dans le fichier ./CSV3\bulletins\bulletins_propres\table_page_83.csv: En-tête '7040Base' introuvable.
Erreur dans le fichier ./CSV3\bulletins\bulletins_propres\table_page_83.csv: En-tête '7045Base' introuvable.
Erreur dans le fichier ./CSV3\bulletins\bulletins_propres\table_page_83.csv: En-tête '7050Base' introuvable.
Erreur dans le fichier ./CSV3\bulletins\bulletins_propres\table_page_83.csv: En-tête 'Base' introuvable.
Erreur dans le fichier ./CSV3\bulletins\bulletins_propres\table_page_83.csv: En-tête '7055Base' introuvable.
Erreur dans le fichier ./CSV3\bulletins\bulletins_propres\table_page_83.csv: En-tête 'Base' introuvable.
Erreur dans le fichier ./CSV3\bulletins\bulletins_propres\table_page_83.csv: En-tête '7C00Base' introuvable.
Erreur dans le fichier ./CSV3\bulletins\bulletins_propres\table_page_83.csv: En-tête 'Base' introuvable.
Erreur dans le fichier ./CSV3\bulletins\bulletins_propres\table_page_83.csv: En-tête '7C20Base' introuvable.
Erreur dans le fichier ./CSV3\bulletins\bulletins_propres\table_page_83.csv: En-tête 'Base' introuvable.
Erreur dans le fichier ./CSV3\bulletins\bulletins_propres\table_page_83.csv: En-tête '7M05Base' introuvable.
Erreur dans le fichier ./CSV3\bulletins\bulletins_propres\table_page_83.csv: En-tête '7P20Base' introuvable.
Erreur dans le fichier ./CSV3\bulletins\bulletins_propres\table_page_83.csv: En-tête '7R44Base' introuvable.
Erreur dans le fichier ./CSV3\bulletins\bulletins_propres\table_page_83.csv: En-tête '7R53Base' introuvable.
Erreur dans le fichier ./CSV3\bulletins\bulletins_propres\table_page_83.csv: En-tête '7R63Base' introuvable.
Erreur dans le fichier ./CSV3\bulletins\bulletins_propres\table_page_83.csv: En-tête '7T00Base' introuvable.
Erreur dans le fichier ./CSV3\bulletins\bulletins_propres\table_page_83.csv: En-tête '7T02Base' introuvable.
Erreur dans le fichier ./CSV3\bulletins\bulletins_propres\table_page_83.csv: En-tête '7T05Base' introuvable.
Erreur dans le fichier ./CSV3\bulletins\bulletins_propres\table_page_83.csv: En-tête '7T10Base' introuvable.
Erreur dans le fichier ./CSV3\bulletins\bulletins_propres\table_page_83.csv: En-tête '7T15Base' introuvable.
Erreur dans le fichier ./CSV3\bulletins\bulletins_propres\table_page_83.csv: En-tête '7T20Base' introuvable.
Erreur dans le fichier ./CSV3\bulletins\bulletins_propres\table_page_83.csv: En-tête 'Base' introuvable.
Erreur dans le fichier ./CSV3\bulletins\bulletins_propres\table_page_83.csv: En-tête '6082Base' introuvable.
Erreur dans le fichier ./CSV3\bulletins\bulletins_propres\table_page_83.csv: En-tête 'Base' introuvable.
Erreur dans le fichier ./CSV3\bulletins\bulletins_propres\table_page_83.csv: En-tête '6094Base' introuvable.
Erreur dans le fichier ./CSV3\bulletins\bulletins_propres\table_page_83.csv: En-tête 'Total Charges Ded.Base' introuvable.
Erreur dans le fichier ./CSV3\bulletins\bulletins_propres\table_page_83.csv: En-tête '6080Base' introuvable.
Erreur dans le fichier ./CSV3\bulletins\bulletins_propres\table_page_83.csv: En-tête '6084Base' introuvable.
Erreur dans le fichier ./CSV3\bulletins\bulletins_propres\table_page_83.csv: En-tête '6092Base' introuvable.
Erreur dans le fichier ./CSV3\bulletins\bulletins_propres\table_page_83.csv: En-tête '6096Base' introuvable.
Erreur dans le fichier ./CSV3\bulletins\bulletins_propres\table_page_83.csv: En-tête 'Total Charges Non Ded.Base' introuvable.
Erreur dans le fichier ./CSV3\bulletins\bulletins_propres\table_page_83.csv: En-tête '8009Base' introuvable.
Erreur dans le fichier ./CSV3\bulletins\bulletins_propres\table_page_83.csv: En-tête '8010Base' introuvable.
Erreur dans le fichier ./CSV3\bulletins\bulletins_propres\table_page_83.csv: En-tête '8007Base' introuvable.
Erreur dans le fichier ./CSV3\bulletins\bulletins_propres\table_page_83.csv: En-tête 'Base' introuvable.
Erreur dans le fichier ./CSV3\bulletins\bulletins_propres\table_page_83.csv: En-tête 'Base' introuvable.
Erreur dans le fichier ./CSV3\bulletins\bulletins_propres\table_page_83.csv: En-tête 'Impôt sur le revenuBase' introuvable.
Erreur dans le fichier ./CSV3\bulletins\bulletins_propres\table_page_83.csv: En-tête 'Impôt sur le revenu à la sourceBase' introuvable.
Erreur dans le fichier ./CSV3\bulletins\bulletins_propres\table_page_85.csv: En-tête '1002Base' introuvable.
Erreur dans le fichier ./CSV3\bulletins\bulletins_propres\table_page_85.csv: En-tête '2068Base' introuvable.
Erreur dans le fichier ./CSV3\bulletins\bulletins_propres\table_page_85.csv: En-tête 'Base' introuvable.
Erreur dans le fichier ./CSV3\bulletins\bulletins_propres\table_page_85.csv: En-tête '2144Base' introuvable.
Erreur dans le fichier ./CSV3\bulletins\bulletins_propres\table_page_85.csv: En-tête 'Base' introuvable.
Erreur dans le fichier ./CSV3\bulletins\bulletins_propres\table_page_85.csv: En-tête '3310Base' introuvable.
Erreur dans le fichier ./CSV3\bulletins\bulletins_propres\table_page_85.csv: En-tête '3315Base' introuvable.
Erreur dans le fichier ./CSV3\bulletins\bulletins_propres\table_page_85.csv: En-tête '3404Base' introuvable.
Erreur dans le fichier ./CSV3\bulletins\bulletins_propres\table_page_85.csv: En-tête '3406Base' introuvable.
Erreur dans le fichier ./CSV3\bulletins\bulletins_propres\table_page_85.csv: En-tête 'Base' introuvable.
Erreur dans le fichier ./CSV3\bulletins\bulletins_propres\table_page_85.csv: En-tête 'TOTAL BRUTBase' introuvable.
Erreur dans le fichier ./CSV3\bulletins\bulletins_propres\table_page_85.csv: En-tête '7001Base' introuvable.
Erreur dans le fichier ./CSV3\bulletins\bulletins_propres\table_page_85.csv: En-tête '7002Base' introuvable.
Erreur dans le fichier ./CSV3\bulletins\bulletins_propres\table_page_85.csv: En-tête '7010Base' introuvable.
Erreur dans le fichier ./CSV3\bulletins\bulletins_propres\table_page_85.csv: En-tête '7015Base' introuvable.
Erreur dans le fichier ./CSV3\bulletins\bulletins_propres\table_page_85.csv: En-tête '7020Base' introuvable.
Erreur dans le fichier ./CSV3\bulletins\bulletins_propres\table_page_85.csv: En-tête '7030Base' introuvable.
Erreur dans le fichier ./CSV3\bulletins\bulletins_propres\table_page_85.csv: En-tête '7035Base' introuvable.
Erreur dans le fichier ./CSV3\bulletins\bulletins_propres\table_page_85.csv: En-tête 'Base' introuvable.
Erreur dans le fichier ./CSV3\bulletins\bulletins_propres\table_page_85.csv: En-tête '7040Base' introuvable.
Erreur dans le fichier ./CSV3\bulletins\bulletins_propres\table_page_85.csv: En-tête 'Base' introuvable.
Erreur dans le fichier ./CSV3\bulletins\bulletins_propres\table_page_85.csv: En-tête '7045Base' introuvable.
Erreur dans le fichier ./CSV3\bulletins\bulletins_propres\table_page_85.csv: En-tête 'Base' introuvable.
Erreur dans le fichier ./CSV3\bulletins\bulletins_propres\table_page_85.csv: En-tête '7050Base' introuvable.
Erreur dans le fichier ./CSV3\bulletins\bulletins_propres\table_page_85.csv: En-tête 'Base' introuvable.
Erreur dans le fichier ./CSV3\bulletins\bulletins_propres\table_page_85.csv: En-tête '7055Base' introuvable.
Erreur dans le fichier ./CSV3\bulletins\bulletins_propres\table_page_85.csv: En-tête '7C00Base' introuvable.
Erreur dans le fichier ./CSV3\bulletins\bulletins_propres\table_page_85.csv: En-tête '7C10Base' introuvable.
Erreur dans le fichier ./CSV3\bulletins\bulletins_propres\table_page_85.csv: En-tête '7C20Base' introuvable.
Erreur dans le fichier ./CSV3\bulletins\bulletins_propres\table_page_85.csv: En-tête '7M05Base' introuvable.
Erreur dans le fichier ./CSV3\bulletins\bulletins_propres\table_page_85.csv: En-tête '7P20Base' introuvable.
Erreur dans le fichier ./CSV3\bulletins\bulletins_propres\table_page_85.csv: En-tête '7P25Base' introuvable.
Erreur dans le fichier ./CSV3\bulletins\bulletins_propres\table_page_85.csv: En-tête '7R44Base' introuvable.
Erreur dans le fichier ./CSV3\bulletins\bulletins_propres\table_page_85.csv: En-tête '7R45Base' introuvable.
Erreur dans le fichier ./CSV3\bulletins\bulletins_propres\table_page_85.csv: En-tête '7R53Base' introuvable.
Erreur dans le fichier ./CSV3\bulletins\bulletins_propres\table_page_85.csv: En-tête '7R54Base' introuvable.
Erreur dans le fichier ./CSV3\bulletins\bulletins_propres\table_page_85.csv: En-tête 'Base' introuvable.
Erreur dans le fichier ./CSV3\bulletins\bulletins_propres\table_page_85.csv: En-tête '7R63Base' introuvable.
Erreur dans le fichier ./CSV3\bulletins\bulletins_propres\table_page_85.csv: En-tête 'Base' introuvable.
Erreur dans le fichier ./CSV3\bulletins\bulletins_propres\table_page_85.csv: En-tête '7R64Base' introuvable.
Erreur dans le fichier ./CSV3\bulletins\bulletins_propres\table_page_85.csv: En-tête 'Base' introuvable.
Erreur dans le fichier ./CSV3\bulletins\bulletins_propres\table_page_85.csv: En-tête '7R70Base' introuvable.
Erreur dans le fichier ./CSV3\bulletins\bulletins_propres\table_page_85.csv: En-tête 'Base' introuvable.
Erreur dans le fichier ./CSV3\bulletins\bulletins_propres\table_page_85.csv: En-tête '7R71Base' introuvable.
Erreur dans le fichier ./CSV3\bulletins\bulletins_propres\table_page_85.csv: En-tête '7T00Base' introuvable.
Erreur dans le fichier ./CSV3\bulletins\bulletins_propres\table_page_85.csv: En-tête '7T02Base' introuvable.
Erreur dans le fichier ./CSV3\bulletins\bulletins_propres\table_page_85.csv: En-tête '7T05Base' introuvable.
Erreur dans le fichier ./CSV3\bulletins\bulletins_propres\table_page_85.csv: En-tête '7T10Base' introuvable.
Erreur dans le fichier ./CSV3\bulletins\bulletins_propres\table_page_85.csv: En-tête '7T15Base' introuvable.
Erreur dans le fichier ./CSV3\bulletins\bulletins_propres\table_page_85.csv: En-tête '7T20Base' introuvable.
Erreur dans le fichier ./CSV3\bulletins\bulletins_propres\table_page_85.csv: En-tête '6082Base' introuvable.
Erreur dans le fichier ./CSV3\bulletins\bulletins_propres\table_page_85.csv: En-tête '6094Base' introuvable.
Erreur dans le fichier ./CSV3\bulletins\bulletins_propres\table_page_85.csv: En-tête 'Total Charges Ded.Base' introuvable.
Erreur dans le fichier ./CSV3\bulletins\bulletins_propres\table_page_85.csv: En-tête '6080Base' introuvable.
Erreur dans le fichier ./CSV3\bulletins\bulletins_propres\table_page_85.csv: En-tête '6084Base' introuvable.
Erreur dans le fichier ./CSV3\bulletins\bulletins_propres\table_page_85.csv: En-tête '6092Base' introuvable.
Erreur dans le fichier ./CSV3\bulletins\bulletins_propres\table_page_85.csv: En-tête '6096Base' introuvable.
Erreur dans le fichier ./CSV3\bulletins\bulletins_propres\table_page_85.csv: En-tête 'Total Charges Non Ded.Base' introuvable.
Erreur dans le fichier ./CSV3\bulletins\bulletins_propres\table_page_85.csv: En-tête '8009Base' introuvable.
Erreur dans le fichier ./CSV3\bulletins\bulletins_propres\table_page_85.csv: En-tête '8010Base' introuvable.
Erreur dans le fichier ./CSV3\bulletins\bulletins_propres\table_page_85.csv: En-tête '8007Base' introuvable.
Erreur dans le fichier ./CSV3\bulletins\bulletins_propres\table_page_87.csv: En-tête '1001Base' introuvable.
Erreur dans le fichier ./CSV3\bulletins\bulletins_propres\table_page_87.csv: En-tête '2012Base' introuvable.
Erreur dans le fichier ./CSV3\bulletins\bulletins_propres\table_page_87.csv: En-tête 'Base' introuvable.
Erreur dans le fichier ./CSV3\bulletins\bulletins_propres\table_page_87.csv: En-tête '2068Base' introuvable.
Erreur dans le fichier ./CSV3\bulletins\bulletins_propres\table_page_87.csv: En-tête 'Base' introuvable.
Erreur dans le fichier ./CSV3\bulletins\bulletins_propres\table_page_87.csv: En-tête '2078Base' introuvable.
Erreur dans le fichier ./CSV3\bulletins\bulletins_propres\table_page_87.csv: En-tête '3006Base' introuvable.
Erreur dans le fichier ./CSV3\bulletins\bulletins_propres\table_page_87.csv: En-tête '3270Base' introuvable.
Erreur dans le fichier ./CSV3\bulletins\bulletins_propres\table_page_87.csv: En-tête '3275Base' introuvable.
Erreur dans le fichier ./CSV3\bulletins\bulletins_propres\table_page_87.csv: En-tête '3280Base' introuvable.
Erreur dans le fichier ./CSV3\bulletins\bulletins_propres\table_page_87.csv: En-tête '3285Base' introuvable.
Erreur dans le fichier ./CSV3\bulletins\bulletins_propres\table_page_87.csv: En-tête 'Base' introuvable.
Erreur dans le fichier ./CSV3\bulletins\bulletins_propres\table_page_87.csv: En-tête 'TOTAL BRUTBase' introuvable.
Erreur dans le fichier ./CSV3\bulletins\bulletins_propres\table_page_87.csv: En-tête '6S89Base' introuvable.
Erreur dans le fichier ./CSV3\bulletins\bulletins_propres\table_page_87.csv: En-tête '7001Base' introuvable.
Erreur dans le fichier ./CSV3\bulletins\bulletins_propres\table_page_87.csv: En-tête '7010Base' introuvable.
Erreur dans le fichier ./CSV3\bulletins\bulletins_propres\table_page_87.csv: En-tête '7015Base' introuvable.
Erreur dans le fichier ./CSV3\bulletins\bulletins_propres\table_page_87.csv: En-tête '7020Base' introuvable.
Erreur dans le fichier ./CSV3\bulletins\bulletins_propres\table_page_87.csv: En-tête 'Base' introuvable.
Erreur dans le fichier ./CSV3\bulletins\bulletins_propres\table_page_87.csv: En-tête '7030Base' introuvable.
Erreur dans le fichier ./CSV3\bulletins\bulletins_propres\table_page_87.csv: En-tête 'Base' introuvable.
Erreur dans le fichier ./CSV3\bulletins\bulletins_propres\table_page_87.csv: En-tête '7035Base' introuvable.
Erreur dans le fichier ./CSV3\bulletins\bulletins_propres\table_page_87.csv: En-tête 'Base' introuvable.
Erreur dans le fichier ./CSV3\bulletins\bulletins_propres\table_page_87.csv: En-tête '7040Base' introuvable.
Erreur dans le fichier ./CSV3\bulletins\bulletins_propres\table_page_87.csv: En-tête 'Base' introuvable.
Erreur dans le fichier ./CSV3\bulletins\bulletins_propres\table_page_87.csv: En-tête '7045Base' introuvable.
Erreur dans le fichier ./CSV3\bulletins\bulletins_propres\table_page_87.csv: En-tête '7050Base' introuvable.
Erreur dans le fichier ./CSV3\bulletins\bulletins_propres\table_page_87.csv: En-tête '7055Base' introuvable.
Erreur dans le fichier ./CSV3\bulletins\bulletins_propres\table_page_87.csv: En-tête '7C00Base' introuvable.
Erreur dans le fichier ./CSV3\bulletins\bulletins_propres\table_page_87.csv: En-tête '7C20Base' introuvable.
Erreur dans le fichier ./CSV3\bulletins\bulletins_propres\table_page_87.csv: En-tête '7M05Base' introuvable.
Erreur dans le fichier ./CSV3\bulletins\bulletins_propres\table_page_87.csv: En-tête '7P20Base' introuvable.
Erreur dans le fichier ./CSV3\bulletins\bulletins_propres\table_page_87.csv: En-tête '7R56Base' introuvable.
Erreur dans le fichier ./CSV3\bulletins\bulletins_propres\table_page_87.csv: En-tête '7R63Base' introuvable.
Erreur dans le fichier ./CSV3\bulletins\bulletins_propres\table_page_87.csv: En-tête '7T00Base' introuvable.
Erreur dans le fichier ./CSV3\bulletins\bulletins_propres\table_page_87.csv: En-tête '7T02Base' introuvable.
Erreur dans le fichier ./CSV3\bulletins\bulletins_propres\table_page_87.csv: En-tête 'Base' introuvable.
Erreur dans le fichier ./CSV3\bulletins\bulletins_propres\table_page_87.csv: En-tête '7T05Base' introuvable.
Erreur dans le fichier ./CSV3\bulletins\bulletins_propres\table_page_87.csv: En-tête 'Base' introuvable.
Erreur dans le fichier ./CSV3\bulletins\bulletins_propres\table_page_87.csv: En-tête '7T10Base' introuvable.
Erreur dans le fichier ./CSV3\bulletins\bulletins_propres\table_page_87.csv: En-tête '7T15Base' introuvable.
Erreur dans le fichier ./CSV3\bulletins\bulletins_propres\table_page_87.csv: En-tête '7T20Base' introuvable.
Erreur dans le fichier ./CSV3\bulletins\bulletins_propres\table_page_87.csv: En-tête '6082Base' introuvable.
Erreur dans le fichier ./CSV3\bulletins\bulletins_propres\table_page_87.csv: En-tête '6094Base' introuvable.
Erreur dans le fichier ./CSV3\bulletins\bulletins_propres\table_page_87.csv: En-tête 'Total Charges Ded.Base' introuvable.
Erreur dans le fichier ./CSV3\bulletins\bulletins_propres\table_page_87.csv: En-tête '6070Base' introuvable.
Erreur dans le fichier ./CSV3\bulletins\bulletins_propres\table_page_87.csv: En-tête '6074Base' introuvable.
Erreur dans le fichier ./CSV3\bulletins\bulletins_propres\table_page_87.csv: En-tête '6080Base' introuvable.
Erreur dans le fichier ./CSV3\bulletins\bulletins_propres\table_page_87.csv: En-tête '6084Base' introuvable.
Erreur dans le fichier ./CSV3\bulletins\bulletins_propres\table_page_87.csv: En-tête '6092Base' introuvable.
Erreur dans le fichier ./CSV3\bulletins\bulletins_propres\table_page_87.csv: En-tête '6096Base' introuvable.
Erreur dans le fichier ./CSV3\bulletins\bulletins_propres\table_page_87.csv: En-tête 'Total Charges Non Ded.Base' introuvable.
Erreur dans le fichier ./CSV3\bulletins\bulletins_propres\table_page_87.csv: En-tête '8009Base' introuvable.
Erreur dans le fichier ./CSV3\bulletins\bulletins_propres\table_page_87.csv: En-tête '8010Base' introuvable.
Erreur dans le fichier ./CSV3\bulletins\bulletins_propres\table_page_87.csv: En-tête '8192Base' introuvable.
Erreur dans le fichier ./CSV3\bulletins\bulletins_propres\table_page_87.csv: En-tête '8190Base' introuvable.
Erreur dans le fichier ./CSV3\bulletins\bulletins_propres\table_page_89.csv: En-tête '1001Base' introuvable.
Erreur dans le fichier ./CSV3\bulletins\bulletins_propres\table_page_89.csv: En-tête '2012Base' introuvable.
Erreur dans le fichier ./CSV3\bulletins\bulletins_propres\table_page_89.csv: En-tête 'Base' introuvable.
Erreur dans le fichier ./CSV3\bulletins\bulletins_propres\table_page_89.csv: En-tête '2068Base' introuvable.
Erreur dans le fichier ./CSV3\bulletins\bulletins_propres\table_page_89.csv: En-tête 'Base' introuvable.
Erreur dans le fichier ./CSV3\bulletins\bulletins_propres\table_page_89.csv: En-tête '2262Base' introuvable.
Erreur dans le fichier ./CSV3\bulletins\bulletins_propres\table_page_89.csv: En-tête '3270Base' introuvable.
Erreur dans le fichier ./CSV3\bulletins\bulletins_propres\table_page_89.csv: En-tête '3275Base' introuvable.
Erreur dans le fichier ./CSV3\bulletins\bulletins_propres\table_page_89.csv: En-tête '3280Base' introuvable.
Erreur dans le fichier ./CSV3\bulletins\bulletins_propres\table_page_89.csv: En-tête '3285Base' introuvable.
Erreur dans le fichier ./CSV3\bulletins\bulletins_propres\table_page_89.csv: En-tête '3310Base' introuvable.
Erreur dans le fichier ./CSV3\bulletins\bulletins_propres\table_page_89.csv: En-tête '3315Base' introuvable.
Erreur dans le fichier ./CSV3\bulletins\bulletins_propres\table_page_89.csv: En-tête '3404Base' introuvable.
Erreur dans le fichier ./CSV3\bulletins\bulletins_propres\table_page_89.csv: En-tête '3406Base' introuvable.
Erreur dans le fichier ./CSV3\bulletins\bulletins_propres\table_page_89.csv: En-tête 'Base' introuvable.
Erreur dans le fichier ./CSV3\bulletins\bulletins_propres\table_page_89.csv: En-tête 'TOTAL BRUTBase' introuvable.
Erreur dans le fichier ./CSV3\bulletins\bulletins_propres\table_page_89.csv: En-tête '7001Base' introuvable.
Erreur dans le fichier ./CSV3\bulletins\bulletins_propres\table_page_89.csv: En-tête '7010Base' introuvable.
Erreur dans le fichier ./CSV3\bulletins\bulletins_propres\table_page_89.csv: En-tête 'Base' introuvable.
Erreur dans le fichier ./CSV3\bulletins\bulletins_propres\table_page_89.csv: En-tête '7015Base' introuvable.
Erreur dans le fichier ./CSV3\bulletins\bulletins_propres\table_page_89.csv: En-tête 'Base' introuvable.
Erreur dans le fichier ./CSV3\bulletins\bulletins_propres\table_page_89.csv: En-tête '7020Base' introuvable.
Erreur dans le fichier ./CSV3\bulletins\bulletins_propres\table_page_89.csv: En-tête 'Base' introuvable.
Erreur dans le fichier ./CSV3\bulletins\bulletins_propres\table_page_89.csv: En-tête '7030Base' introuvable.
Erreur dans le fichier ./CSV3\bulletins\bulletins_propres\table_page_89.csv: En-tête 'Base' introuvable.
Erreur dans le fichier ./CSV3\bulletins\bulletins_propres\table_page_89.csv: En-tête '7035Base' introuvable.
Erreur dans le fichier ./CSV3\bulletins\bulletins_propres\table_page_89.csv: En-tête '7040Base' introuvable.
Erreur dans le fichier ./CSV3\bulletins\bulletins_propres\table_page_89.csv: En-tête '7045Base' introuvable.
Erreur dans le fichier ./CSV3\bulletins\bulletins_propres\table_page_89.csv: En-tête '7050Base' introuvable.
Erreur dans le fichier ./CSV3\bulletins\bulletins_propres\table_page_89.csv: En-tête '7055Base' introuvable.
Erreur dans le fichier ./CSV3\bulletins\bulletins_propres\table_page_89.csv: En-tête '7C00Base' introuvable.
Erreur dans le fichier ./CSV3\bulletins\bulletins_propres\table_page_89.csv: En-tête '7C20Base' introuvable.
Erreur dans le fichier ./CSV3\bulletins\bulletins_propres\table_page_89.csv: En-tête '7P20Base' introuvable.
Erreur dans le fichier ./CSV3\bulletins\bulletins_propres\table_page_89.csv: En-tête '7R44Base' introuvable.
Erreur dans le fichier ./CSV3\bulletins\bulletins_propres\table_page_89.csv: En-tête '7R53Base' introuvable.
Erreur dans le fichier ./CSV3\bulletins\bulletins_propres\table_page_89.csv: En-tête '7R63Base' introuvable.
Erreur dans le fichier ./CSV3\bulletins\bulletins_propres\table_page_89.csv: En-tête 'Base' introuvable.
Erreur dans le fichier ./CSV3\bulletins\bulletins_propres\table_page_89.csv: En-tête '7T00Base' introuvable.
Erreur dans le fichier ./CSV3\bulletins\bulletins_propres\table_page_89.csv: En-tête 'Base' introuvable.
Erreur dans le fichier ./CSV3\bulletins\bulletins_propres\table_page_89.csv: En-tête '7T02Base' introuvable.
Erreur dans le fichier ./CSV3\bulletins\bulletins_propres\table_page_89.csv: En-tête 'Base' introuvable.
Erreur dans le fichier ./CSV3\bulletins\bulletins_propres\table_page_89.csv: En-tête '7T05Base' introuvable.
Erreur dans le fichier ./CSV3\bulletins\bulletins_propres\table_page_89.csv: En-tête 'Base' introuvable.
Erreur dans le fichier ./CSV3\bulletins\bulletins_propres\table_page_89.csv: En-tête '7T10Base' introuvable.
Erreur dans le fichier ./CSV3\bulletins\bulletins_propres\table_page_89.csv: En-tête '7T15Base' introuvable.
Erreur dans le fichier ./CSV3\bulletins\bulletins_propres\table_page_89.csv: En-tête '7T20Base' introuvable.
Erreur dans le fichier ./CSV3\bulletins\bulletins_propres\table_page_89.csv: En-tête '6082Base' introuvable.
Erreur dans le fichier ./CSV3\bulletins\bulletins_propres\table_page_89.csv: En-tête '6094Base' introuvable.
Erreur dans le fichier ./CSV3\bulletins\bulletins_propres\table_page_89.csv: En-tête 'Total Charges Ded.Base' introuvable.
Erreur dans le fichier ./CSV3\bulletins\bulletins_propres\table_page_89.csv: En-tête '6080Base' introuvable.
Erreur dans le fichier ./CSV3\bulletins\bulletins_propres\table_page_89.csv: En-tête '6084Base' introuvable.
Erreur dans le fichier ./CSV3\bulletins\bulletins_propres\table_page_89.csv: En-tête '6092Base' introuvable.
Erreur dans le fichier ./CSV3\bulletins\bulletins_propres\table_page_89.csv: En-tête '6096Base' introuvable.
Erreur dans le fichier ./CSV3\bulletins\bulletins_propres\table_page_89.csv: En-tête 'Total Charges Non Ded.Base' introuvable.
Erreur dans le fichier ./CSV3\bulletins\bulletins_propres\table_page_89.csv: En-tête '8009Base' introuvable.
Erreur dans le fichier ./CSV3\bulletins\bulletins_propres\table_page_89.csv: En-tête '8010Base' introuvable.
Erreur dans le fichier ./CSV3\bulletins\bulletins_propres\table_page_89.csv: En-tête '8007Base' introuvable.
Erreur dans le fichier ./CSV3\bulletins\bulletins_propres\table_page_9.csv: En-tête '1001Base' introuvable.
Erreur dans le fichier ./CSV3\bulletins\bulletins_propres\table_page_9.csv: En-tête '2012Base' introuvable.
Erreur dans le fichier ./CSV3\bulletins\bulletins_propres\table_page_9.csv: En-tête 'Base' introuvable.
Erreur dans le fichier ./CSV3\bulletins\bulletins_propres\table_page_9.csv: En-tête '2068Base' introuvable.
Erreur dans le fichier ./CSV3\bulletins\bulletins_propres\table_page_9.csv: En-tête 'Base' introuvable.
Erreur dans le fichier ./CSV3\bulletins\bulletins_propres\table_page_9.csv: En-tête '3002Base' introuvable.
Erreur dans le fichier ./CSV3\bulletins\bulletins_propres\table_page_9.csv: En-tête '3006Base' introuvable.
Erreur dans le fichier ./CSV3\bulletins\bulletins_propres\table_page_9.csv: En-tête '3250Base' introuvable.
Erreur dans le fichier ./CSV3\bulletins\bulletins_propres\table_page_9.csv: En-tête '3255Base' introuvable.
Erreur dans le fichier ./CSV3\bulletins\bulletins_propres\table_page_9.csv: En-tête '3404Base' introuvable.
Erreur dans le fichier ./CSV3\bulletins\bulletins_propres\table_page_9.csv: En-tête '3406Base' introuvable.
Erreur dans le fichier ./CSV3\bulletins\bulletins_propres\table_page_9.csv: En-tête 'Base' introuvable.
Erreur dans le fichier ./CSV3\bulletins\bulletins_propres\table_page_9.csv: En-tête 'TOTAL BRUTBase' introuvable.
Erreur dans le fichier ./CSV3\bulletins\bulletins_propres\table_page_9.csv: En-tête '6S89Base' introuvable.
Erreur dans le fichier ./CSV3\bulletins\bulletins_propres\table_page_9.csv: En-tête '7001Base' introuvable.
Erreur dans le fichier ./CSV3\bulletins\bulletins_propres\table_page_9.csv: En-tête '7010Base' introuvable.
Erreur dans le fichier ./CSV3\bulletins\bulletins_propres\table_page_9.csv: En-tête '7015Base' introuvable.
Erreur dans le fichier ./CSV3\bulletins\bulletins_propres\table_page_9.csv: En-tête '7020Base' introuvable.
Erreur dans le fichier ./CSV3\bulletins\bulletins_propres\table_page_9.csv: En-tête 'Base' introuvable.
Erreur dans le fichier ./CSV3\bulletins\bulletins_propres\table_page_9.csv: En-tête '7030Base' introuvable.
Erreur dans le fichier ./CSV3\bulletins\bulletins_propres\table_page_9.csv: En-tête 'Base' introuvable.
Erreur dans le fichier ./CSV3\bulletins\bulletins_propres\table_page_9.csv: En-tête '7035Base' introuvable.
Erreur dans le fichier ./CSV3\bulletins\bulletins_propres\table_page_9.csv: En-tête 'Base' introuvable.
Erreur dans le fichier ./CSV3\bulletins\bulletins_propres\table_page_9.csv: En-tête '7040Base' introuvable.
Erreur dans le fichier ./CSV3\bulletins\bulletins_propres\table_page_9.csv: En-tête 'Base' introuvable.
Erreur dans le fichier ./CSV3\bulletins\bulletins_propres\table_page_9.csv: En-tête '7045Base' introuvable.
Erreur dans le fichier ./CSV3\bulletins\bulletins_propres\table_page_9.csv: En-tête '7050Base' introuvable.
Erreur dans le fichier ./CSV3\bulletins\bulletins_propres\table_page_9.csv: En-tête '7055Base' introuvable.
Erreur dans le fichier ./CSV3\bulletins\bulletins_propres\table_page_9.csv: En-tête '7C00Base' introuvable.
Erreur dans le fichier ./CSV3\bulletins\bulletins_propres\table_page_9.csv: En-tête '7C10Base' introuvable.
Erreur dans le fichier ./CSV3\bulletins\bulletins_propres\table_page_9.csv: En-tête '7C20Base' introuvable.
Erreur dans le fichier ./CSV3\bulletins\bulletins_propres\table_page_9.csv: En-tête '7M05Base' introuvable.
Erreur dans le fichier ./CSV3\bulletins\bulletins_propres\table_page_9.csv: En-tête '7P20Base' introuvable.
Erreur dans le fichier ./CSV3\bulletins\bulletins_propres\table_page_9.csv: En-tête '7P25Base' introuvable.
Erreur dans le fichier ./CSV3\bulletins\bulletins_propres\table_page_9.csv: En-tête '7R44Base' introuvable.
Erreur dans le fichier ./CSV3\bulletins\bulletins_propres\table_page_9.csv: En-tête '7R45Base' introuvable.
Erreur dans le fichier ./CSV3\bulletins\bulletins_propres\table_page_9.csv: En-tête 'Base' introuvable.
Erreur dans le fichier ./CSV3\bulletins\bulletins_propres\table_page_9.csv: En-tête '7R53Base' introuvable.
Erreur dans le fichier ./CSV3\bulletins\bulletins_propres\table_page_9.csv: En-tête 'Base' introuvable.
Erreur dans le fichier ./CSV3\bulletins\bulletins_propres\table_page_9.csv: En-tête '7R54Base' introuvable.
Erreur dans le fichier ./CSV3\bulletins\bulletins_propres\table_page_9.csv: En-tête 'Base' introuvable.
Erreur dans le fichier ./CSV3\bulletins\bulletins_propres\table_page_9.csv: En-tête '7R63Base' introuvable.
Erreur dans le fichier ./CSV3\bulletins\bulletins_propres\table_page_9.csv: En-tête '7R64Base' introuvable.
Erreur dans le fichier ./CSV3\bulletins\bulletins_propres\table_page_9.csv: En-tête '7R70Base' introuvable.
Erreur dans le fichier ./CSV3\bulletins\bulletins_propres\table_page_9.csv: En-tête '7R71Base' introuvable.
Erreur dans le fichier ./CSV3\bulletins\bulletins_propres\table_page_9.csv: En-tête '7T00Base' introuvable.
Erreur dans le fichier ./CSV3\bulletins\bulletins_propres\table_page_9.csv: En-tête '7T02Base' introuvable.
Erreur dans le fichier ./CSV3\bulletins\bulletins_propres\table_page_9.csv: En-tête '7T05Base' introuvable.
Erreur dans le fichier ./CSV3\bulletins\bulletins_propres\table_page_9.csv: En-tête '7T10Base' introuvable.
Erreur dans le fichier ./CSV3\bulletins\bulletins_propres\table_page_9.csv: En-tête '7T15Base' introuvable.
Erreur dans le fichier ./CSV3\bulletins\bulletins_propres\table_page_9.csv: En-tête '7T20Base' introuvable.
Erreur dans le fichier ./CSV3\bulletins\bulletins_propres\table_page_9.csv: En-tête '6082Base' introuvable.
Erreur dans le fichier ./CSV3\bulletins\bulletins_propres\table_page_9.csv: En-tête '6094Base' introuvable.
Erreur dans le fichier ./CSV3\bulletins\bulletins_propres\table_page_9.csv: En-tête 'Total Charges Ded.Base' introuvable.
Erreur dans le fichier ./CSV3\bulletins\bulletins_propres\table_page_9.csv: En-tête '6070Base' introuvable.
Erreur dans le fichier ./CSV3\bulletins\bulletins_propres\table_page_9.csv: En-tête '6074Base' introuvable.
Erreur dans le fichier ./CSV3\bulletins\bulletins_propres\table_page_9.csv: En-tête '6080Base' introuvable.
Erreur dans le fichier ./CSV3\bulletins\bulletins_propres\table_page_9.csv: En-tête '6084Base' introuvable.
Erreur dans le fichier ./CSV3\bulletins\bulletins_propres\table_page_9.csv: En-tête '6092Base' introuvable.
Erreur dans le fichier ./CSV3\bulletins\bulletins_propres\table_page_9.csv: En-tête '6096Base' introuvable.
Erreur dans le fichier ./CSV3\bulletins\bulletins_propres\table_page_9.csv: En-tête 'Total Charges Non Ded.Base' introuvable.
Erreur dans le fichier ./CSV3\bulletins\bulletins_propres\table_page_9.csv: En-tête '8009Base' introuvable.
Erreur dans le fichier ./CSV3\bulletins\bulletins_propres\table_page_91.csv: En-tête '1001Base' introuvable.
Erreur dans le fichier ./CSV3\bulletins\bulletins_propres\table_page_91.csv: En-tête '2012Base' introuvable.
Erreur dans le fichier ./CSV3\bulletins\bulletins_propres\table_page_91.csv: En-tête 'Base' introuvable.
Erreur dans le fichier ./CSV3\bulletins\bulletins_propres\table_page_91.csv: En-tête '2068Base' introuvable.
Erreur dans le fichier ./CSV3\bulletins\bulletins_propres\table_page_91.csv: En-tête 'Base' introuvable.
Erreur dans le fichier ./CSV3\bulletins\bulletins_propres\table_page_91.csv: En-tête '3404Base' introuvable.
Erreur dans le fichier ./CSV3\bulletins\bulletins_propres\table_page_91.csv: En-tête '3406Base' introuvable.
Erreur dans le fichier ./CSV3\bulletins\bulletins_propres\table_page_91.csv: En-tête 'Base' introuvable.
Erreur dans le fichier ./CSV3\bulletins\bulletins_propres\table_page_91.csv: En-tête 'TOTAL BRUTBase' introuvable.
Erreur dans le fichier ./CSV3\bulletins\bulletins_propres\table_page_91.csv: En-tête '7001Base' introuvable.
Erreur dans le fichier ./CSV3\bulletins\bulletins_propres\table_page_91.csv: En-tête '7002Base' introuvable.
Erreur dans le fichier ./CSV3\bulletins\bulletins_propres\table_page_91.csv: En-tête '7010Base' introuvable.
Erreur dans le fichier ./CSV3\bulletins\bulletins_propres\table_page_91.csv: En-tête '7015Base' introuvable.
Erreur dans le fichier ./CSV3\bulletins\bulletins_propres\table_page_91.csv: En-tête '7020Base' introuvable.
Erreur dans le fichier ./CSV3\bulletins\bulletins_propres\table_page_91.csv: En-tête '7030Base' introuvable.
Erreur dans le fichier ./CSV3\bulletins\bulletins_propres\table_page_91.csv: En-tête '7035Base' introuvable.
Erreur dans le fichier ./CSV3\bulletins\bulletins_propres\table_page_91.csv: En-tête '7040Base' introuvable.
Erreur dans le fichier ./CSV3\bulletins\bulletins_propres\table_page_91.csv: En-tête '7045Base' introuvable.
Erreur dans le fichier ./CSV3\bulletins\bulletins_propres\table_page_91.csv: En-tête 'Base' introuvable.
Erreur dans le fichier ./CSV3\bulletins\bulletins_propres\table_page_91.csv: En-tête '7050Base' introuvable.
Erreur dans le fichier ./CSV3\bulletins\bulletins_propres\table_page_91.csv: En-tête 'Base' introuvable.
Erreur dans le fichier ./CSV3\bulletins\bulletins_propres\table_page_91.csv: En-tête '7055Base' introuvable.
Erreur dans le fichier ./CSV3\bulletins\bulletins_propres\table_page_91.csv: En-tête 'Base' introuvable.
Erreur dans le fichier ./CSV3\bulletins\bulletins_propres\table_page_91.csv: En-tête '7C00Base' introuvable.
Erreur dans le fichier ./CSV3\bulletins\bulletins_propres\table_page_91.csv: En-tête 'Base' introuvable.
Erreur dans le fichier ./CSV3\bulletins\bulletins_propres\table_page_91.csv: En-tête '7C10Base' introuvable.
Erreur dans le fichier ./CSV3\bulletins\bulletins_propres\table_page_91.csv: En-tête '7C20Base' introuvable.
Erreur dans le fichier ./CSV3\bulletins\bulletins_propres\table_page_91.csv: En-tête '7M05Base' introuvable.
Erreur dans le fichier ./CSV3\bulletins\bulletins_propres\table_page_91.csv: En-tête '7P20Base' introuvable.
Erreur dans le fichier ./CSV3\bulletins\bulletins_propres\table_page_91.csv: En-tête '7P25Base' introuvable.
Erreur dans le fichier ./CSV3\bulletins\bulletins_propres\table_page_91.csv: En-tête '7R44Base' introuvable.
Erreur dans le fichier ./CSV3\bulletins\bulletins_propres\table_page_91.csv: En-tête '7R45Base' introuvable.
Erreur dans le fichier ./CSV3\bulletins\bulletins_propres\table_page_91.csv: En-tête '7R53Base' introuvable.
Erreur dans le fichier ./CSV3\bulletins\bulletins_propres\table_page_91.csv: En-tête '7R54Base' introuvable.
Erreur dans le fichier ./CSV3\bulletins\bulletins_propres\table_page_91.csv: En-tête '7R63Base' introuvable.
Erreur dans le fichier ./CSV3\bulletins\bulletins_propres\table_page_91.csv: En-tête '7R64Base' introuvable.
Erreur dans le fichier ./CSV3\bulletins\bulletins_propres\table_page_91.csv: En-tête 'Base' introuvable.
Erreur dans le fichier ./CSV3\bulletins\bulletins_propres\table_page_91.csv: En-tête '7R70Base' introuvable.
Erreur dans le fichier ./CSV3\bulletins\bulletins_propres\table_page_91.csv: En-tête 'Base' introuvable.
Erreur dans le fichier ./CSV3\bulletins\bulletins_propres\table_page_91.csv: En-tête '7R71Base' introuvable.
Erreur dans le fichier ./CSV3\bulletins\bulletins_propres\table_page_91.csv: En-tête 'Base' introuvable.
Erreur dans le fichier ./CSV3\bulletins\bulletins_propres\table_page_91.csv: En-tête '7T00Base' introuvable.
Erreur dans le fichier ./CSV3\bulletins\bulletins_propres\table_page_91.csv: En-tête '7T02Base' introuvable.
Erreur dans le fichier ./CSV3\bulletins\bulletins_propres\table_page_91.csv: En-tête '7T05Base' introuvable.
Erreur dans le fichier ./CSV3\bulletins\bulletins_propres\table_page_91.csv: En-tête '7T10Base' introuvable.
Erreur dans le fichier ./CSV3\bulletins\bulletins_propres\table_page_91.csv: En-tête '7T15Base' introuvable.
Erreur dans le fichier ./CSV3\bulletins\bulletins_propres\table_page_91.csv: En-tête '7T20Base' introuvable.
Erreur dans le fichier ./CSV3\bulletins\bulletins_propres\table_page_91.csv: En-tête '6082Base' introuvable.
Erreur dans le fichier ./CSV3\bulletins\bulletins_propres\table_page_91.csv: En-tête '6094Base' introuvable.
Erreur dans le fichier ./CSV3\bulletins\bulletins_propres\table_page_91.csv: En-tête 'Total Charges Ded.Base' introuvable.
Erreur dans le fichier ./CSV3\bulletins\bulletins_propres\table_page_91.csv: En-tête '6080Base' introuvable.
Erreur dans le fichier ./CSV3\bulletins\bulletins_propres\table_page_91.csv: En-tête '6084Base' introuvable.
Erreur dans le fichier ./CSV3\bulletins\bulletins_propres\table_page_91.csv: En-tête '6092Base' introuvable.
Erreur dans le fichier ./CSV3\bulletins\bulletins_propres\table_page_91.csv: En-tête '6096Base' introuvable.
Erreur dans le fichier ./CSV3\bulletins\bulletins_propres\table_page_91.csv: En-tête 'Total Charges Non Ded.Base' introuvable.
Erreur dans le fichier ./CSV3\bulletins\bulletins_propres\table_page_91.csv: En-tête '8009Base' introuvable.
Erreur dans le fichier ./CSV3\bulletins\bulletins_propres\table_page_91.csv: En-tête '8010Base' introuvable.
Erreur dans le fichier ./CSV3\bulletins\bulletins_propres\table_page_91.csv: En-tête '8007Base' introuvable.
Erreur dans le fichier ./CSV3\bulletins\bulletins_propres\table_page_93.csv: En-tête '1001Base' introuvable.
Erreur dans le fichier ./CSV3\bulletins\bulletins_propres\table_page_93.csv: En-tête '1046Base' introuvable.
Erreur dans le fichier ./CSV3\bulletins\bulletins_propres\table_page_93.csv: En-tête 'Base' introuvable.
Erreur dans le fichier ./CSV3\bulletins\bulletins_propres\table_page_93.csv: En-tête '2012Base' introuvable.
Erreur dans le fichier ./CSV3\bulletins\bulletins_propres\table_page_93.csv: En-tête 'Base' introuvable.
Erreur dans le fichier ./CSV3\bulletins\bulletins_propres\table_page_93.csv: En-tête '2018Base' introuvable.
Erreur dans le fichier ./CSV3\bulletins\bulletins_propres\table_page_93.csv: En-tête '2068Base' introuvable.
Erreur dans le fichier ./CSV3\bulletins\bulletins_propres\table_page_93.csv: En-tête '2078Base' introuvable.
Erreur dans le fichier ./CSV3\bulletins\bulletins_propres\table_page_93.csv: En-tête '3006Base' introuvable.
Erreur dans le fichier ./CSV3\bulletins\bulletins_propres\table_page_93.csv: En-tête 'Base' introuvable.
Erreur dans le fichier ./CSV3\bulletins\bulletins_propres\table_page_93.csv: En-tête 'TOTAL BRUTBase' introuvable.
Erreur dans le fichier ./CSV3\bulletins\bulletins_propres\table_page_93.csv: En-tête '6S89Base' introuvable.
Erreur dans le fichier ./CSV3\bulletins\bulletins_propres\table_page_93.csv: En-tête '7001Base' introuvable.
Erreur dans le fichier ./CSV3\bulletins\bulletins_propres\table_page_93.csv: En-tête '7010Base' introuvable.
Erreur dans le fichier ./CSV3\bulletins\bulletins_propres\table_page_93.csv: En-tête '7015Base' introuvable.
Erreur dans le fichier ./CSV3\bulletins\bulletins_propres\table_page_93.csv: En-tête '7020Base' introuvable.
Erreur dans le fichier ./CSV3\bulletins\bulletins_propres\table_page_93.csv: En-tête '7030Base' introuvable.
Erreur dans le fichier ./CSV3\bulletins\bulletins_propres\table_page_93.csv: En-tête '7035Base' introuvable.
Erreur dans le fichier ./CSV3\bulletins\bulletins_propres\table_page_93.csv: En-tête 'Base' introuvable.
Erreur dans le fichier ./CSV3\bulletins\bulletins_propres\table_page_93.csv: En-tête '7040Base' introuvable.
Erreur dans le fichier ./CSV3\bulletins\bulletins_propres\table_page_93.csv: En-tête 'Base' introuvable.
Erreur dans le fichier ./CSV3\bulletins\bulletins_propres\table_page_93.csv: En-tête '7045Base' introuvable.
Erreur dans le fichier ./CSV3\bulletins\bulletins_propres\table_page_93.csv: En-tête 'Base' introuvable.
Erreur dans le fichier ./CSV3\bulletins\bulletins_propres\table_page_93.csv: En-tête '7050Base' introuvable.
Erreur dans le fichier ./CSV3\bulletins\bulletins_propres\table_page_93.csv: En-tête 'Base' introuvable.
Erreur dans le fichier ./CSV3\bulletins\bulletins_propres\table_page_93.csv: En-tête '7055Base' introuvable.
Erreur dans le fichier ./CSV3\bulletins\bulletins_propres\table_page_93.csv: En-tête '7C00Base' introuvable.
Erreur dans le fichier ./CSV3\bulletins\bulletins_propres\table_page_93.csv: En-tête '7C20Base' introuvable.
Erreur dans le fichier ./CSV3\bulletins\bulletins_propres\table_page_93.csv: En-tête '7M05Base' introuvable.
Erreur dans le fichier ./CSV3\bulletins\bulletins_propres\table_page_93.csv: En-tête '7P20Base' introuvable.
Erreur dans le fichier ./CSV3\bulletins\bulletins_propres\table_page_93.csv: En-tête '7R56Base' introuvable.
Erreur dans le fichier ./CSV3\bulletins\bulletins_propres\table_page_93.csv: En-tête '7R63Base' introuvable.
Erreur dans le fichier ./CSV3\bulletins\bulletins_propres\table_page_93.csv: En-tête '7T00Base' introuvable.
Erreur dans le fichier ./CSV3\bulletins\bulletins_propres\table_page_93.csv: En-tête '7T02Base' introuvable.
Erreur dans le fichier ./CSV3\bulletins\bulletins_propres\table_page_93.csv: En-tête '7T05Base' introuvable.
Erreur dans le fichier ./CSV3\bulletins\bulletins_propres\table_page_93.csv: En-tête '7T10Base' introuvable.
Erreur dans le fichier ./CSV3\bulletins\bulletins_propres\table_page_93.csv: En-tête 'Base' introuvable.
Erreur dans le fichier ./CSV3\bulletins\bulletins_propres\table_page_93.csv: En-tête '7T15Base' introuvable.
Erreur dans le fichier ./CSV3\bulletins\bulletins_propres\table_page_93.csv: En-tête '7T20Base' introuvable.
Erreur dans le fichier ./CSV3\bulletins\bulletins_propres\table_page_93.csv: En-tête '6082Base' introuvable.
Erreur dans le fichier ./CSV3\bulletins\bulletins_propres\table_page_93.csv: En-tête '6094Base' introuvable.
Erreur dans le fichier ./CSV3\bulletins\bulletins_propres\table_page_93.csv: En-tête 'Total Charges Ded.Base' introuvable.
Erreur dans le fichier ./CSV3\bulletins\bulletins_propres\table_page_93.csv: En-tête '6070Base' introuvable.
Erreur dans le fichier ./CSV3\bulletins\bulletins_propres\table_page_93.csv: En-tête '6074Base' introuvable.
Erreur dans le fichier ./CSV3\bulletins\bulletins_propres\table_page_93.csv: En-tête '6080Base' introuvable.
Erreur dans le fichier ./CSV3\bulletins\bulletins_propres\table_page_93.csv: En-tête '6084Base' introuvable.
Erreur dans le fichier ./CSV3\bulletins\bulletins_propres\table_page_93.csv: En-tête '6092Base' introuvable.
Erreur dans le fichier ./CSV3\bulletins\bulletins_propres\table_page_93.csv: En-tête '6096Base' introuvable.
Erreur dans le fichier ./CSV3\bulletins\bulletins_propres\table_page_93.csv: En-tête 'Total Charges Non Ded.Base' introuvable.
Erreur dans le fichier ./CSV3\bulletins\bulletins_propres\table_page_93.csv: En-tête '8009Base' introuvable.
Erreur dans le fichier ./CSV3\bulletins\bulletins_propres\table_page_93.csv: En-tête '8010Base' introuvable.
Erreur dans le fichier ./CSV3\bulletins\bulletins_propres\table_page_93.csv: En-tête '8007Base' introuvable.
Erreur dans le fichier ./CSV3\bulletins\bulletins_propres\table_page_93.csv: En-tête '8192Base' introuvable.
Erreur dans le fichier ./CSV3\bulletins\bulletins_propres\table_page_93.csv: En-tête '8190Base' introuvable.
Erreur dans le fichier ./CSV3\bulletins\bulletins_propres\table_page_93.csv: En-tête 'Base' introuvable.
Erreur dans le fichier ./CSV3\bulletins\bulletins_propres\table_page_93.csv: En-tête 'Base' introuvable.
Erreur dans le fichier ./CSV3\bulletins\bulletins_propres\table_page_93.csv: En-tête 'Impôt sur le revenuBase' introuvable.
Erreur dans le fichier ./CSV3\bulletins\bulletins_propres\table_page_93.csv: En-tête 'Impôt sur le revenu à la sourceBase' introuvable.
Erreur dans le fichier ./CSV3\bulletins\bulletins_propres\table_page_95.csv: En-tête '1700Base' introuvable.
Erreur dans le fichier ./CSV3\bulletins\bulletins_propres\table_page_95.csv: En-tête '3B80Base' introuvable.
Erreur dans le fichier ./CSV3\bulletins\bulletins_propres\table_page_95.csv: En-tête '3B82Base' introuvable.
Erreur dans le fichier ./CSV3\bulletins\bulletins_propres\table_page_95.csv: En-tête 'TOTAL BRUTBase' introuvable.
Erreur dans le fichier ./CSV3\bulletins\bulletins_propres\table_page_95.csv: En-tête '6000Base' introuvable.
Erreur dans le fichier ./CSV3\bulletins\bulletins_propres\table_page_95.csv: En-tête 'Base' introuvable.
Erreur dans le fichier ./CSV3\bulletins\bulletins_propres\table_page_95.csv: En-tête '7001Base' introuvable.
Erreur dans le fichier ./CSV3\bulletins\bulletins_propres\table_page_95.csv: En-tête '7002Base' introuvable.
Erreur dans le fichier ./CSV3\bulletins\bulletins_propres\table_page_95.csv: En-tête '7010Base' introuvable.
Erreur dans le fichier ./CSV3\bulletins\bulletins_propres\table_page_95.csv: En-tête '7015Base' introuvable.
Erreur dans le fichier ./CSV3\bulletins\bulletins_propres\table_page_95.csv: En-tête '7020Base' introuvable.
Erreur dans le fichier ./CSV3\bulletins\bulletins_propres\table_page_95.csv: En-tête '7025Base' introuvable.
Erreur dans le fichier ./CSV3\bulletins\bulletins_propres\table_page_95.csv: En-tête '7030Base' introuvable.
Erreur dans le fichier ./CSV3\bulletins\bulletins_propres\table_page_95.csv: En-tête '7035Base' introuvable.
Erreur dans le fichier ./CSV3\bulletins\bulletins_propres\table_page_95.csv: En-tête '7040Base' introuvable.
Erreur dans le fichier ./CSV3\bulletins\bulletins_propres\table_page_95.csv: En-tête '7050Base' introuvable.
Erreur dans le fichier ./CSV3\bulletins\bulletins_propres\table_page_95.csv: En-tête '7C00Base' introuvable.
Erreur dans le fichier ./CSV3\bulletins\bulletins_propres\table_page_95.csv: En-tête '7C10Base' introuvable.
Erreur dans le fichier ./CSV3\bulletins\bulletins_propres\table_page_95.csv: En-tête '7C20Base' introuvable.
Erreur dans le fichier ./CSV3\bulletins\bulletins_propres\table_page_95.csv: En-tête '7M05Base' introuvable.
Erreur dans le fichier ./CSV3\bulletins\bulletins_propres\table_page_95.csv: En-tête '7P20Base' introuvable.
Erreur dans le fichier ./CSV3\bulletins\bulletins_propres\table_page_95.csv: En-tête 'Base' introuvable.
Erreur dans le fichier ./CSV3\bulletins\bulletins_propres\table_page_95.csv: En-tête '7P25Base' introuvable.
Erreur dans le fichier ./CSV3\bulletins\bulletins_propres\table_page_95.csv: En-tête '7R44Base' introuvable.
Erreur dans le fichier ./CSV3\bulletins\bulletins_propres\table_page_95.csv: En-tête '7R45Base' introuvable.
Erreur dans le fichier ./CSV3\bulletins\bulletins_propres\table_page_95.csv: En-tête '7R53Base' introuvable.
Erreur dans le fichier ./CSV3\bulletins\bulletins_propres\table_page_95.csv: En-tête '7R54Base' introuvable.
Erreur dans le fichier ./CSV3\bulletins\bulletins_propres\table_page_95.csv: En-tête '7R63Base' introuvable.
Erreur dans le fichier ./CSV3\bulletins\bulletins_propres\table_page_95.csv: En-tête '7R64Base' introuvable.
Erreur dans le fichier ./CSV3\bulletins\bulletins_propres\table_page_95.csv: En-tête '7R70Base' introuvable.
Erreur dans le fichier ./CSV3\bulletins\bulletins_propres\table_page_95.csv: En-tête '7R71Base' introuvable.
Erreur dans le fichier ./CSV3\bulletins\bulletins_propres\table_page_95.csv: En-tête '7T00Base' introuvable.
Erreur dans le fichier ./CSV3\bulletins\bulletins_propres\table_page_95.csv: En-tête '7T02Base' introuvable.
Erreur dans le fichier ./CSV3\bulletins\bulletins_propres\table_page_95.csv: En-tête '7T05Base' introuvable.
Erreur dans le fichier ./CSV3\bulletins\bulletins_propres\table_page_95.csv: En-tête '7T10Base' introuvable.
Erreur dans le fichier ./CSV3\bulletins\bulletins_propres\table_page_95.csv: En-tête '7T15Base' introuvable.
Erreur dans le fichier ./CSV3\bulletins\bulletins_propres\table_page_95.csv: En-tête '7T20Base' introuvable.
Erreur dans le fichier ./CSV3\bulletins\bulletins_propres\table_page_95.csv: En-tête 'Total Charges Ded.Base' introuvable.
Erreur dans le fichier ./CSV3\bulletins\bulletins_propres\table_page_95.csv: En-tête 'Total Charges Non Ded.Base' introuvable.
Erreur dans le fichier ./CSV3\bulletins\bulletins_propres\table_page_95.csv: En-tête '8681Base' introuvable.
Erreur dans le fichier ./CSV3\bulletins\bulletins_propres\table_page_95.csv: En-tête '8683Base' introuvable.
Erreur dans le fichier ./CSV3\bulletins\bulletins_propres\table_page_95.csv: En-tête 'Base' introuvable.
Erreur dans le fichier ./CSV3\bulletins\bulletins_propres\table_page_95.csv: En-tête 'Base' introuvable.
Erreur dans le fichier ./CSV3\bulletins\bulletins_propres\table_page_95.csv: En-tête 'Impôt sur le revenuBase' introuvable.
Erreur dans le fichier ./CSV3\bulletins\bulletins_propres\table_page_95.csv: En-tête 'Impôt sur le revenu à la sourceBase' introuvable.
Erreur dans le fichier ./CSV3\bulletins\bulletins_propres\table_page_97.csv: En-tête '1001Base' introuvable.
Erreur dans le fichier ./CSV3\bulletins\bulletins_propres\table_page_97.csv: En-tête '2012Base' introuvable.
Erreur dans le fichier ./CSV3\bulletins\bulletins_propres\table_page_97.csv: En-tête 'Base' introuvable.
Erreur dans le fichier ./CSV3\bulletins\bulletins_propres\table_page_97.csv: En-tête '2068Base' introuvable.
Erreur dans le fichier ./CSV3\bulletins\bulletins_propres\table_page_97.csv: En-tête 'Base' introuvable.
Erreur dans le fichier ./CSV3\bulletins\bulletins_propres\table_page_97.csv: En-tête '2084Base' introuvable.
Erreur dans le fichier ./CSV3\bulletins\bulletins_propres\table_page_97.csv: En-tête '3404Base' introuvable.
Erreur dans le fichier ./CSV3\bulletins\bulletins_propres\table_page_97.csv: En-tête '3406Base' introuvable.
Erreur dans le fichier ./CSV3\bulletins\bulletins_propres\table_page_97.csv: En-tête 'Base' introuvable.
Erreur dans le fichier ./CSV3\bulletins\bulletins_propres\table_page_97.csv: En-tête 'TOTAL BRUTBase' introuvable.
Erreur dans le fichier ./CSV3\bulletins\bulletins_propres\table_page_97.csv: En-tête '7001Base' introuvable.
Erreur dans le fichier ./CSV3\bulletins\bulletins_propres\table_page_97.csv: En-tête '7010Base' introuvable.
Erreur dans le fichier ./CSV3\bulletins\bulletins_propres\table_page_97.csv: En-tête '7015Base' introuvable.
Erreur dans le fichier ./CSV3\bulletins\bulletins_propres\table_page_97.csv: En-tête '7020Base' introuvable.
Erreur dans le fichier ./CSV3\bulletins\bulletins_propres\table_page_97.csv: En-tête '7030Base' introuvable.
Erreur dans le fichier ./CSV3\bulletins\bulletins_propres\table_page_97.csv: En-tête '7035Base' introuvable.
Erreur dans le fichier ./CSV3\bulletins\bulletins_propres\table_page_97.csv: En-tête '7040Base' introuvable.
Erreur dans le fichier ./CSV3\bulletins\bulletins_propres\table_page_97.csv: En-tête '7045Base' introuvable.
Erreur dans le fichier ./CSV3\bulletins\bulletins_propres\table_page_97.csv: En-tête 'Base' introuvable.
Erreur dans le fichier ./CSV3\bulletins\bulletins_propres\table_page_97.csv: En-tête '7050Base' introuvable.
Erreur dans le fichier ./CSV3\bulletins\bulletins_propres\table_page_97.csv: En-tête 'Base' introuvable.
Erreur dans le fichier ./CSV3\bulletins\bulletins_propres\table_page_97.csv: En-tête '7055Base' introuvable.
Erreur dans le fichier ./CSV3\bulletins\bulletins_propres\table_page_97.csv: En-tête 'Base' introuvable.
Erreur dans le fichier ./CSV3\bulletins\bulletins_propres\table_page_97.csv: En-tête '7C00Base' introuvable.
Erreur dans le fichier ./CSV3\bulletins\bulletins_propres\table_page_97.csv: En-tête 'Base' introuvable.
Erreur dans le fichier ./CSV3\bulletins\bulletins_propres\table_page_97.csv: En-tête '7C20Base' introuvable.
Erreur dans le fichier ./CSV3\bulletins\bulletins_propres\table_page_97.csv: En-tête '7M05Base' introuvable.
Erreur dans le fichier ./CSV3\bulletins\bulletins_propres\table_page_97.csv: En-tête '7P20Base' introuvable.
Erreur dans le fichier ./CSV3\bulletins\bulletins_propres\table_page_97.csv: En-tête '7R56Base' introuvable.
Erreur dans le fichier ./CSV3\bulletins\bulletins_propres\table_page_97.csv: En-tête '7R63Base' introuvable.
Erreur dans le fichier ./CSV3\bulletins\bulletins_propres\table_page_97.csv: En-tête '7T00Base' introuvable.
Erreur dans le fichier ./CSV3\bulletins\bulletins_propres\table_page_97.csv: En-tête '7T02Base' introuvable.
Erreur dans le fichier ./CSV3\bulletins\bulletins_propres\table_page_97.csv: En-tête '7T05Base' introuvable.
Erreur dans le fichier ./CSV3\bulletins\bulletins_propres\table_page_97.csv: En-tête '7T10Base' introuvable.
Erreur dans le fichier ./CSV3\bulletins\bulletins_propres\table_page_97.csv: En-tête '7T15Base' introuvable.
Erreur dans le fichier ./CSV3\bulletins\bulletins_propres\table_page_97.csv: En-tête '7T20Base' introuvable.
Erreur dans le fichier ./CSV3\bulletins\bulletins_propres\table_page_97.csv: En-tête 'Base' introuvable.
Erreur dans le fichier ./CSV3\bulletins\bulletins_propres\table_page_97.csv: En-tête '6082Base' introuvable.
Erreur dans le fichier ./CSV3\bulletins\bulletins_propres\table_page_97.csv: En-tête 'Base' introuvable.
Erreur dans le fichier ./CSV3\bulletins\bulletins_propres\table_page_97.csv: En-tête '6094Base' introuvable.
Erreur dans le fichier ./CSV3\bulletins\bulletins_propres\table_page_97.csv: En-tête 'Total Charges Ded.Base' introuvable.
Erreur dans le fichier ./CSV3\bulletins\bulletins_propres\table_page_97.csv: En-tête '6080Base' introuvable.
Erreur dans le fichier ./CSV3\bulletins\bulletins_propres\table_page_97.csv: En-tête '6084Base' introuvable.
Erreur dans le fichier ./CSV3\bulletins\bulletins_propres\table_page_97.csv: En-tête '6092Base' introuvable.
Erreur dans le fichier ./CSV3\bulletins\bulletins_propres\table_page_97.csv: En-tête '6096Base' introuvable.
Erreur dans le fichier ./CSV3\bulletins\bulletins_propres\table_page_97.csv: En-tête 'Total Charges Non Ded.Base' introuvable.
Erreur dans le fichier ./CSV3\bulletins\bulletins_propres\table_page_97.csv: En-tête '8009Base' introuvable.
Erreur dans le fichier ./CSV3\bulletins\bulletins_propres\table_page_97.csv: En-tête '8010Base' introuvable.
Erreur dans le fichier ./CSV3\bulletins\bulletins_propres\table_page_97.csv: En-tête '8007Base' introuvable.
Erreur dans le fichier ./CSV3\bulletins\bulletins_propres\table_page_97.csv: En-tête '8020Base' introuvable.
Erreur dans le fichier ./CSV3\bulletins\bulletins_propres\table_page_97.csv: En-tête 'Base' introuvable.
Erreur dans le fichier ./CSV3\bulletins\bulletins_propres\table_page_97.csv: En-tête 'Base' introuvable.
Erreur dans le fichier ./CSV3\bulletins\bulletins_propres\table_page_97.csv: En-tête 'Impôt sur le revenuBase' introuvable.
Erreur dans le fichier ./CSV3\bulletins\bulletins_propres\table_page_97.csv: En-tête 'Impôt sur le revenu à la sourceBase' introuvable.
Erreur dans le fichier ./CSV3\bulletins\bulletins_propres\table_page_99.csv: En-tête '1001Base' introuvable.
Erreur dans le fichier ./CSV3\bulletins\bulletins_propres\table_page_99.csv: En-tête '1046Base' introuvable.
Erreur dans le fichier ./CSV3\bulletins\bulletins_propres\table_page_99.csv: En-tête 'Base' introuvable.
Erreur dans le fichier ./CSV3\bulletins\bulletins_propres\table_page_99.csv: En-tête '2012Base' introuvable.
Erreur dans le fichier ./CSV3\bulletins\bulletins_propres\table_page_99.csv: En-tête 'Base' introuvable.
Erreur dans le fichier ./CSV3\bulletins\bulletins_propres\table_page_99.csv: En-tête '2016Base' introuvable.
Erreur dans le fichier ./CSV3\bulletins\bulletins_propres\table_page_99.csv: En-tête '2050Base' introuvable.
Erreur dans le fichier ./CSV3\bulletins\bulletins_propres\table_page_99.csv: En-tête '2068Base' introuvable.
Erreur dans le fichier ./CSV3\bulletins\bulletins_propres\table_page_99.csv: En-tête '2078Base' introuvable.
Erreur dans le fichier ./CSV3\bulletins\bulletins_propres\table_page_99.csv: En-tête '3280Base' introuvable.
Erreur dans le fichier ./CSV3\bulletins\bulletins_propres\table_page_99.csv: En-tête '3285Base' introuvable.
Erreur dans le fichier ./CSV3\bulletins\bulletins_propres\table_page_99.csv: En-tête 'Base' introuvable.
Erreur dans le fichier ./CSV3\bulletins\bulletins_propres\table_page_99.csv: En-tête 'TOTAL BRUTBase' introuvable.
Erreur dans le fichier ./CSV3\bulletins\bulletins_propres\table_page_99.csv: En-tête '7001Base' introuvable.
Erreur dans le fichier ./CSV3\bulletins\bulletins_propres\table_page_99.csv: En-tête '7010Base' introuvable.
Erreur dans le fichier ./CSV3\bulletins\bulletins_propres\table_page_99.csv: En-tête '7015Base' introuvable.
Erreur dans le fichier ./CSV3\bulletins\bulletins_propres\table_page_99.csv: En-tête '7020Base' introuvable.
Erreur dans le fichier ./CSV3\bulletins\bulletins_propres\table_page_99.csv: En-tête '7030Base' introuvable.
Erreur dans le fichier ./CSV3\bulletins\bulletins_propres\table_page_99.csv: En-tête 'Base' introuvable.
Erreur dans le fichier ./CSV3\bulletins\bulletins_propres\table_page_99.csv: En-tête '7035Base' introuvable.
Erreur dans le fichier ./CSV3\bulletins\bulletins_propres\table_page_99.csv: En-tête 'Base' introuvable.
Erreur dans le fichier ./CSV3\bulletins\bulletins_propres\table_page_99.csv: En-tête '7040Base' introuvable.
Erreur dans le fichier ./CSV3\bulletins\bulletins_propres\table_page_99.csv: En-tête 'Base' introuvable.
Erreur dans le fichier ./CSV3\bulletins\bulletins_propres\table_page_99.csv: En-tête '7045Base' introuvable.
Erreur dans le fichier ./CSV3\bulletins\bulletins_propres\table_page_99.csv: En-tête 'Base' introuvable.
Erreur dans le fichier ./CSV3\bulletins\bulletins_propres\table_page_99.csv: En-tête '7050Base' introuvable.
Erreur dans le fichier ./CSV3\bulletins\bulletins_propres\table_page_99.csv: En-tête '7055Base' introuvable.
Erreur dans le fichier ./CSV3\bulletins\bulletins_propres\table_page_99.csv: En-tête '7C00Base' introuvable.
Erreur dans le fichier ./CSV3\bulletins\bulletins_propres\table_page_99.csv: En-tête '7C20Base' introuvable.
Erreur dans le fichier ./CSV3\bulletins\bulletins_propres\table_page_99.csv: En-tête '7M03Base' introuvable.
Erreur dans le fichier ./CSV3\bulletins\bulletins_propres\table_page_99.csv: En-tête '7P10Base' introuvable.
Erreur dans le fichier ./CSV3\bulletins\bulletins_propres\table_page_99.csv: En-tête '7R56Base' introuvable.
Erreur dans le fichier ./CSV3\bulletins\bulletins_propres\table_page_99.csv: En-tête '7R63Base' introuvable.
Erreur dans le fichier ./CSV3\bulletins\bulletins_propres\table_page_99.csv: En-tête '7T00Base' introuvable.
Erreur dans le fichier ./CSV3\bulletins\bulletins_propres\table_page_99.csv: En-tête '7T02Base' introuvable.
Erreur dans le fichier ./CSV3\bulletins\bulletins_propres\table_page_99.csv: En-tête '7T05Base' introuvable.
Erreur dans le fichier ./CSV3\bulletins\bulletins_propres\table_page_99.csv: En-tête 'Base' introuvable.
Erreur dans le fichier ./CSV3\bulletins\bulletins_propres\table_page_99.csv: En-tête '7T10Base' introuvable.
Erreur dans le fichier ./CSV3\bulletins\bulletins_propres\table_page_99.csv: En-tête 'Base' introuvable.
Erreur dans le fichier ./CSV3\bulletins\bulletins_propres\table_page_99.csv: En-tête '7T15Base' introuvable.
Erreur dans le fichier ./CSV3\bulletins\bulletins_propres\table_page_99.csv: En-tête '7T20Base' introuvable.
Erreur dans le fichier ./CSV3\bulletins\bulletins_propres\table_page_99.csv: En-tête '6082Base' introuvable.
Erreur dans le fichier ./CSV3\bulletins\bulletins_propres\table_page_99.csv: En-tête '6094Base' introuvable.
Erreur dans le fichier ./CSV3\bulletins\bulletins_propres\table_page_99.csv: En-tête 'Total Charges Ded.Base' introuvable.
Erreur dans le fichier ./CSV3\bulletins\bulletins_propres\table_page_99.csv: En-tête '6080Base' introuvable.
Erreur dans le fichier ./CSV3\bulletins\bulletins_propres\table_page_99.csv: En-tête '6084Base' introuvable.
Erreur dans le fichier ./CSV3\bulletins\bulletins_propres\table_page_99.csv: En-tête '6092Base' introuvable.
Erreur dans le fichier ./CSV3\bulletins\bulletins_propres\table_page_99.csv: En-tête '6096Base' introuvable.
Erreur dans le fichier ./CSV3\bulletins\bulletins_propres\table_page_99.csv: En-tête 'Total Charges Non Ded.Base' introuvable.
Erreur dans le fichier ./CSV3\bulletins\bulletins_propres\table_page_99.csv: En-tête '8009Base' introuvable.
Erreur dans le fichier ./CSV3\bulletins\bulletins_propres\table_page_99.csv: En-tête '8010Base' introuvable.
